Time=4461 X=-22432 Y=16466
Time=5496 X=-22040.4 Y=16404
Time=6584 X=-21628.8 Y=16338.9
Time=7554 X=-21261.6 Y=16280.7
Time=8688 X=-21213.9 Y=16273.2
Time=9725 X=-21381.4 Y=15929.1
Time=10748 X=-21553 Y=15576.8
Time=11787 X=-21727.2 Y=15219
Time=12831 X=-21887.1 Y=14890.6
Time=13874 X=-22051.3 Y=14553.3
Time=14933 X=-21958.9 Y=14464.4
Time=15976 X=-21588.8 Y=14599.9
Time=17033 X=-21336.2 Y=14491.5
Time=18041 X=-21555.4 Y=14170.2
Time=19115 X=-21788.9 Y=13827.7
Time=20144 X=-22012.7 Y=13499.7
Time=21206 X=-22243.6 Y=13161.1
Time=22241 X=-22467.2 Y=12833.2
Time=23240 X=-22692.7 Y=12524.1
Time=24269 X=-22919 Y=12238.2
Time=25239 X=-22620.1 Y=12186.9
Time=26285 X=-22311.6 Y=12044.3
Time=27296 X=-21962 Y=11878
Time=28321 X=-21620.4 Y=11684.5
Time=29337 X=-21281.7 Y=11492.7
Time=30431 X=-20917.1 Y=11286.2
Time=31459 X=-20574.5 Y=11092.1
Time=32456 X=-20249.7 Y=10891.9
Time=33494 X=-19919 Y=10671.2
Time=34513 X=-19634.6 Y=10491.6
Time=35547 X=-19295.1 Y=10287.7
Time=36531 X=-18971.9 Y=10093.8
Time=37599 X=-18841.8 Y=10015.7
Time=38607 X=-18841.8 Y=10015.7
Time=39596 X=-18841.8 Y=10015.7
Time=40651 X=-18841.8 Y=10015.7
Time=41653 X=-18841.8 Y=10015.7
Time=42683 X=-18747.9 Y=9968.92
Time=43707 X=-18473 Y=9902
Time=44717 X=-18473 Y=9902
Time=45730 X=-18473 Y=9902
Time=46734 X=-18473 Y=9902
Time=47774 X=-18473 Y=9902
Time=48808 X=-18473 Y=9902
Time=49790 X=-18473 Y=9902
Time=50828 X=-18473 Y=9902
Time=51835 X=-18473 Y=9902
Time=52842 X=-18473 Y=9902
Time=53860 X=-18473 Y=9902
Time=54872 X=-18473 Y=9902
Time=55895 X=-18473 Y=9902
Time=56877 X=-18273.3 Y=10203.9
Time=57951 X=-18250.9 Y=10237.7
Time=58957 X=-18250.9 Y=10237.7
Time=59989 X=-18250.9 Y=10237.7
Time=61009 X=-18250.9 Y=10237.7
Time=62029 X=-18250.9 Y=10237.7
Time=63032 X=-18250.9 Y=10237.7
Time=64052 X=-18250.9 Y=10237.7
Time=65059 X=-18250.9 Y=10237.7
Time=66096 X=-18250.9 Y=10237.7
Time=67120 X=-18250.9 Y=10237.7
Time=68128 X=-18250.9 Y=10237.7
Time=69135 X=-18089.9 Y=10306.5
Time=70165 X=-17727.1 Y=10461.6
Time=71185 X=-17367.9 Y=10615.2
Time=72185 X=-17015.6 Y=10765.7
Time=73182 X=-16664.5 Y=10915.8
Time=74223 X=-16359.8 Y=11046
Time=75243 X=-16359.8 Y=11046
Time=76268 X=-16321.8 Y=11166.4
Time=77284 X=-16258.6 Y=11478.3
Time=78248 X=-16191.8 Y=11807.8
Time=79370 X=-16106.4 Y=12229
Time=80386 X=-16029 Y=12610.4
Time=81401 X=-16106.1 Y=12608.5
Time=82441 X=-16366.8 Y=12307.3
Time=83451 X=-16620 Y=12014.8
Time=84497 X=-16882.2 Y=11711.9
Time=85521 X=-17138.9 Y=11415.3
Time=86565 X=-17385.6 Y=11130.3
Time=87603 X=-17645.9 Y=10829.6
Time=88630 X=-17903.3 Y=10532.2
Time=89682 X=-18167.1 Y=10227.6
Time=90702 X=-18422.8 Y=9932.16
Time=91730 X=-18599.8 Y=9727.7
Time=92739 X=-18521.3 Y=9793.33
Time=93765 X=-18219.9 Y=10045.5
Time=94817 X=-17972.5 Y=10252.5
Time=95842 X=-17669.1 Y=10506.4
Time=96879 X=-17362.2 Y=10763.2
Time=98051 X=-17015.3 Y=11053.5
Time=99063 X=-16715.8 Y=11304.1
Time=100147 X=-16394.9 Y=11572.5
Time=101173 X=-16091.3 Y=11826.6
Time=102205 X=-15785.8 Y=12082.2
Time=103145 X=-15539 Y=12288.7
Time=104237 X=-15375.8 Y=12633.3
Time=105342 X=-15206.2 Y=13021.1
Time=106383 X=-15034.6 Y=13383.7
Time=107383 X=-14840.6 Y=13717.2
Time=108418 X=-14604.5 Y=14039
Time=109444 X=-14344.4 Y=14289.3
Time=110431 X=-14328 Y=14299
Time=111497 X=-14328 Y=14299
Time=112506 X=-14328 Y=14299
Time=113530 X=-14328 Y=14299
Time=114576 X=-14328 Y=14299
Time=115594 X=-14376.1 Y=14159.4
Time=116618 X=-14536.5 Y=13914.8
Time=117653 X=-14667.8 Y=13764.5
Time=118707 X=-14667.8 Y=13764.5
Time=119735 X=-14673.5 Y=13753.5
Time=120761 X=-14623.3 Y=13722.1
Time=121823 X=-14347.4 Y=13854.1
Time=122826 X=-14129.6 Y=13999.9
Time=123877 X=-14048.1 Y=14035.6
Time=124945 X=-14048.1 Y=14035.6
Time=125944 X=-14048.1 Y=14035.6
Time=126961 X=-14048.1 Y=14035.6
Time=127998 X=-14048.1 Y=14035.6
Time=129005 X=-14048.1 Y=14035.6
Time=130021 X=-13788.9 Y=14148.5
Time=131066 X=-13428.9 Y=14292.5
Time=132135 X=-13084.4 Y=14449.6
Time=133165 X=-12814.5 Y=14572.8
Time=134164 X=-12951 Y=14506.4
Time=135185 X=-13215.7 Y=14378.4
Time=136220 X=-13484.1 Y=14248.6
Time=137256 X=-13752.7 Y=14118.6
Time=138247 X=-13776 Y=14107.4
Time=139343 X=-14100.4 Y=14019.2
Time=140377 X=-14440.9 Y=13816.9
Time=141396 X=-14776.4 Y=13617.5
Time=142411 X=-14781 Y=13614.8
Time=143450 X=-14402.7 Y=13677.6
Time=144448 X=-14025.6 Y=13740.1
Time=145513 X=-13638.2 Y=13809.9
Time=146542 X=-13304.4 Y=13864.5
Time=147569 X=-12916.2 Y=13928
Time=148607 X=-12523.8 Y=13992.3
Time=149634 X=-12135.6 Y=14055.8
Time=150697 X=-11754.9 Y=14118.1
Time=151707 X=-11373.1 Y=14180.6
Time=152725 X=-10992.7 Y=14095
Time=153761 X=-10607.6 Y=14000.1
Time=154818 X=-10301.2 Y=13853.6
Time=155867 X=-9958.24 Y=13644.2
Time=156896 X=-9621.85 Y=13438.8
Time=157921 X=-9402.5 Y=13304.8
Time=158943 X=-9402.5 Y=13304.8
Time=159992 X=-9402.5 Y=13304.8
Time=161004 X=-9402.5 Y=13304.8
Time=162034 X=-9402.5 Y=13304.8
Time=163011 X=-9402.5 Y=13304.8
Time=164118 X=-9402.5 Y=13304.8
Time=165125 X=-9402.5 Y=13304.8
Time=166166 X=-9402.5 Y=13304.8
Time=167177 X=-9553.2 Y=13376.4
Time=168206 X=-9915.41 Y=13528.6
Time=169229 X=-10235.6 Y=13635.2
Time=170226 X=-10235.6 Y=13635.2
Time=171295 X=-10235.6 Y=13635.2
Time=172317 X=-10235.6 Y=13635.2
Time=173371 X=-10520.8 Y=13813.5
Time=174402 X=-10855.8 Y=14023
Time=175440 X=-11163 Y=14215
Time=176490 X=-10886.9 Y=14077.7
Time=177538 X=-10524.7 Y=13897.7
Time=178576 X=-10166 Y=13719.3
Time=179610 X=-9808.72 Y=13541.7
Time=180662 X=-9447.76 Y=13362.3
Time=181691 X=-9417.58 Y=13347.2
Time=182725 X=-9652.12 Y=13087.6
Time=183752 X=-9929.04 Y=12808.2
Time=184820 X=-10217 Y=12517.6
Time=185810 X=-10483.9 Y=12248.3
Time=186828 X=-10633.7 Y=11920.5
Time=187903 X=-10630.6 Y=11508.7
Time=188868 X=-10606.6 Y=11140.1
Time=189936 X=-10537.4 Y=10737
Time=190939 X=-10473.8 Y=10386.8
Time=192013 X=-10400.2 Y=9982.01
Time=193034 X=-10330.2 Y=9597.23
Time=194079 X=-10287.1 Y=9360.19
Time=195104 X=-10287.1 Y=9360.19
Time=196138 X=-10287.1 Y=9360.19
Time=197170 X=-10287.1 Y=9360.19
Time=198193 X=-10287.1 Y=9360.19
Time=199258 X=-10287.1 Y=9360.19
Time=200268 X=-10287.1 Y=9360.19
Time=201299 X=-10287.1 Y=9360.19
Time=202352 X=-10287.1 Y=9360.19
Time=203385 X=-10287.1 Y=9360.19
Time=204440 X=-10287.1 Y=9360.19
Time=205427 X=-10287.1 Y=9360.19
Time=206492 X=-10287.1 Y=9360.19
Time=207547 X=-10335 Y=9578.5
Time=208605 X=-10400.2 Y=9876.14
Time=209560 X=-10595.7 Y=9724.82
Time=210650 X=-10921.2 Y=9463.27
Time=211720 X=-11230.7 Y=9195
Time=212667 X=-11411 Y=9018
Time=213745 X=-11411 Y=9018
Time=214805 X=-11411 Y=9018
Time=215842 X=-11411 Y=9018
Time=216893 X=-11411 Y=9018
Time=217902 X=-11372.6 Y=9211.17
Time=218924 X=-11296.4 Y=9595.14
Time=220018 X=-11185.8 Y=9968.58
Time=221022 X=-10825.4 Y=9960.11
Time=222079 X=-10569.1 Y=9932.95
Time=223038 X=-10569.1 Y=9932.95
Time=224107 X=-10569.1 Y=9932.95
Time=225138 X=-10569.1 Y=9932.95
Time=226177 X=-10562.6 Y=9918.02
Time=227214 X=-10600.3 Y=10260.8
Time=228254 X=-10898 Y=9996.01
Time=229306 X=-11097.3 Y=9735.34
Time=230281 X=-11396.1 Y=9511.32
Time=231387 X=-11694 Y=9288
Time=232355 X=-11421.7 Y=9209.54
Time=233403 X=-11261.7 Y=9111.83
Time=234399 X=-11142.3 Y=9212.24
Time=235389 X=-10886.1 Y=9491.79
Time=236399 X=-10624.7 Y=9776.99
Time=237405 X=-10498 Y=9915.21
Time=238484 X=-10394.4 Y=9877.35
Time=239495 X=-10071.2 Y=9755.08
Time=240482 X=-9805.38 Y=9654.49
Time=241508 X=-9572.58 Y=9566.42
Time=242506 X=-9572.58 Y=9566.42
Time=243556 X=-9737.39 Y=9877.28
Time=244576 X=-9925.38 Y=10219.8
Time=245621 X=-10118 Y=10570.7
Time=246632 X=-10211.5 Y=10871.1
Time=247681 X=-10423 Y=11212.7
Time=248689 X=-10626.2 Y=11541
Time=249709 X=-10831.8 Y=11873.2
Time=250713 X=-10790.5 Y=12144.4
Time=251722 X=-10734.6 Y=12511.3
Time=252723 X=-10676.9 Y=12890.3
Time=253750 X=-10589.8 Y=13237.4
Time=254742 X=-10536.6 Y=13613.6
Time=255780 X=-10481 Y=14007.3
Time=256795 X=-10426.6 Y=14392.2
Time=257807 X=-10372.4 Y=14776.1
Time=258856 X=-10316.1 Y=15173.9
Time=259885 X=-10320.4 Y=15443.6
Time=260878 X=-10250.5 Y=15817.5
Time=261894 X=-10179 Y=16200
Time=262877 X=-10069.5 Y=16256.5
Time=263950 X=-9837.39 Y=15917.3
Time=264927 X=-9626.04 Y=15608.5
Time=266036 X=-9386.13 Y=15257.9
Time=267026 X=-9171.42 Y=14944.2
Time=268038 X=-8951.22 Y=14622.4
Time=268994 X=-8759.02 Y=14323.9
Time=270074 X=-8656.54 Y=13992.6
Time=271137 X=-8505.06 Y=13636.6
Time=272188 X=-8383.71 Y=13304.1
Time=273356 X=-8230.33 Y=12883.8
Time=274350 X=-8070.44 Y=12541.6
Time=275356 X=-8066.62 Y=12536.3
Time=276341 X=-8066.62 Y=12536.3
Time=277433 X=-8066.62 Y=12536.3
Time=278469 X=-8066.62 Y=12536.3
Time=279460 X=-8066.62 Y=12536.3
Time=280505 X=-8066.62 Y=12536.3
Time=281541 X=-8066.62 Y=12536.3
Time=282564 X=-8066.62 Y=12536.3
Time=283576 X=-8066.62 Y=12536.3
Time=284600 X=-8066.62 Y=12536.3
Time=285606 X=-8230.04 Y=12881.7
Time=286620 X=-8363.79 Y=13246.4
Time=287646 X=-8499.12 Y=13615.3
Time=288681 X=-8632.6 Y=13979.2
Time=289696 X=-8757.77 Y=14298.3
Time=290711 X=-8716.54 Y=14208.1
Time=291713 X=-8611.95 Y=13930.3
Time=292756 X=-8474.04 Y=13552.2
Time=293776 X=-8339.17 Y=13182.4
Time=294810 X=-8202.44 Y=12807.5
Time=295852 X=-8006.76 Y=12460.8
Time=296814 X=-7998.44 Y=12449.8
Time=297902 X=-7881.35 Y=12156
Time=298881 X=-7742.53 Y=11807.6
Time=299913 X=-7596.2 Y=11440.4
Time=300943 X=-7450.16 Y=11073.9
Time=301958 X=-7306.24 Y=10712.7
Time=303002 X=-7158.21 Y=10341.2
Time=304015 X=-7014.57 Y=9980.77
Time=305049 X=-6867.96 Y=9612.84
Time=306089 X=-6733.76 Y=9276.06
Time=307104 X=-6599.66 Y=8939.53
Time=308113 X=-6583.43 Y=8625.77
Time=309137 X=-6926.52 Y=8435.67
Time=310171 X=-7279.09 Y=8255.43
Time=311128 X=-7618.06 Y=8116.21
Time=312235 X=-8024.22 Y=7995.02
Time=313230 X=-8374.82 Y=7847.66
Time=314251 X=-8492 Y=7789
Time=315281 X=-8260.25 Y=7724.09
Time=316296 X=-8070.86 Y=7667.42
Time=317315 X=-8052 Y=7671
Time=318290 X=-8052 Y=7671
Time=319395 X=-8052 Y=7671
Time=320411 X=-8052 Y=7671
Time=321410 X=-8052 Y=7671
Time=322453 X=-8052 Y=7671
Time=323443 X=-8052 Y=7671
Time=324475 X=-8052 Y=7671
Time=325488 X=-8052 Y=7671
Time=326514 X=-7949.92 Y=7601.71
Time=327541 X=-7720 Y=7517.18
Time=328552 X=-7940.22 Y=7547.41
Time=329538 X=-8216.6 Y=7482.62
Time=330643 X=-8518.66 Y=7402.58
Time=331638 X=-8518.66 Y=7402.58
Time=332646 X=-8518.66 Y=7402.58
Time=333675 X=-8518.66 Y=7402.58
Time=334684 X=-8518.66 Y=7402.58
Time=335717 X=-8518.66 Y=7402.58
Time=336784 X=-8347.19 Y=7314.87
Time=337808 X=-7991.86 Y=7148.77
Time=338795 X=-7649.38 Y=6988.66
Time=339786 X=-7383.16 Y=6864.21
Time=340803 X=-7030.27 Y=6699.24
Time=341806 X=-6682.23 Y=6536.54
Time=342811 X=-6333.5 Y=6373.52
Time=343858 X=-5970.19 Y=6203.68
Time=344829 X=-5633.26 Y=6046.17
Time=345899 X=-5435.67 Y=5959.15
Time=346894 X=-5757.33 Y=6163.58
Time=347909 X=-6071.07 Y=6339.09
Time=348933 X=-6369.27 Y=6484.75
Time=349948 X=-6678.9 Y=6635.21
Time=351020 X=-7007.76 Y=6853.46
Time=352032 X=-7321.96 Y=7080.48
Time=353057 X=-7640.2 Y=7310.42
Time=354093 X=-7881.77 Y=7471.17
Time=355113 X=-8115.18 Y=7649.54
Time=356143 X=-8176.51 Y=7696.4
Time=357125 X=-7958.43 Y=7875.66
Time=358227 X=-7632.33 Y=8143.69
Time=359233 X=-7334.65 Y=8388.37
Time=360264 X=-7029.56 Y=8639.13
Time=361294 X=-6724.77 Y=8889.64
Time=362308 X=-6424.72 Y=9136.27
Time=363324 X=-6124.08 Y=9383.38
Time=364340 X=-5849.72 Y=9594.57
Time=365356 X=-5586.53 Y=9812.51
Time=366347 X=-5294.16 Y=10054.6
Time=367406 X=-4981.73 Y=10313.3
Time=368415 X=-4689.36 Y=10555.4
Time=369431 X=-4389.62 Y=10803.6
Time=370440 X=-4091.94 Y=11050.1
Time=371454 X=-3792.79 Y=11297.8
Time=372463 X=-3510 Y=11532
Time=373473 X=-3253.44 Y=11426.1
Time=374509 X=-2973.1 Y=11324
Time=375516 X=-2700.6 Y=11224.7
Time=376567 X=-2406.46 Y=11117.5
Time=377609 X=-2031.45 Y=10980.9
Time=378582 X=-1681.26 Y=10853.3
Time=379631 X=-1303.72 Y=10715.8
Time=380661 X=-933.025 Y=10580.8
Time=381710 X=-555.488 Y=10443.2
Time=382710 X=-195.586 Y=10312.1
Time=383729 X=171.155 Y=10178.5
Time=384756 X=516.485 Y=10052.7
Time=385790 X=855.761 Y=9929.12
Time=386783 X=1213.14 Y=9798.92
Time=387807 X=1581.68 Y=9664.67
Time=388815 X=1944.47 Y=9532.5
Time=389885 X=2278 Y=9411
Time=390897 X=2490.4 Y=9674.62
Time=391911 X=2727.99 Y=9981.87
Time=392907 X=2964.72 Y=10281.3
Time=393935 X=3182.58 Y=10517
Time=394957 X=3382.38 Y=10733.2
Time=395976 X=3581.58 Y=10948.7
Time=397030 X=3811.82 Y=11197.7
Time=398048 X=4076.5 Y=11484.1
Time=399043 X=4335.2 Y=11764
Time=400078 X=4604.3 Y=12055.1
Time=401079 X=4864.56 Y=12336.7
Time=402083 X=5125.6 Y=12619.1
Time=403054 X=5378.06 Y=12892.2
Time=404134 X=5573.34 Y=13056.1
Time=405137 X=5727.3 Y=12754.6
Time=406147 X=5889.57 Y=12436.8
Time=407159 X=6065.85 Y=12091.5
Time=408187 X=6244.91 Y=11740.8
Time=409214 X=6423.98 Y=11390.3
Time=410226 X=6606.3 Y=11048.2
Time=411268 X=6823.67 Y=10723.4
Time=412301 X=7181.98 Y=10561.4
Time=413324 X=7483.13 Y=10310.7
Time=414342 X=7719.55 Y=10113.9
Time=415386 X=7932 Y=9937
Time=416398 X=8013.06 Y=9674.54
Time=417404 X=8123.44 Y=9356.07
Time=418453 X=8255.04 Y=8976.42
Time=419460 X=8381.37 Y=8611.97
Time=420495 X=8511.2 Y=8237.39
Time=421532 X=8725.88 Y=7908.11
Time=422525 X=9006.95 Y=7670.99
Time=423526 X=9364.32 Y=7532.07
Time=424554 X=9731.33 Y=7389.4
Time=425574 X=10039.8 Y=7269.51
Time=426548 X=10380.6 Y=7137.02
Time=427584 X=10726.9 Y=6947.7
Time=428614 X=11054 Y=6727.21
Time=429615 X=11232.6 Y=6492.97
Time=430629 X=11481.4 Y=6201.8
Time=431635 X=11747.3 Y=5924.09
Time=432660 X=11990.4 Y=5615.88
Time=433674 X=12221.8 Y=5303.69
Time=434674 X=12402 Y=5079.08
Time=435731 X=12606.4 Y=4853.49
Time=436756 X=12805.3 Y=4635.34
Time=437777 X=13064.1 Y=4351.44
Time=438837 X=13064.1 Y=4351.44
Time=439853 X=13064.1 Y=4351.44
Time=440836 X=13064.1 Y=4351.44
Time=441900 X=13064.1 Y=4351.44
Time=442902 X=13064.1 Y=4351.44
Time=443942 X=13064.1 Y=4351.44
Time=444971 X=13064.1 Y=4351.44
Time=446065 X=13064.1 Y=4351.44
Time=447082 X=13064.1 Y=4351.44
Time=448110 X=13064.1 Y=4351.44
Time=449077 X=12985 Y=4593.04
Time=450255 X=12715.7 Y=4938.95
Time=451270 X=12553.8 Y=5146.88
Time=452305 X=12553.8 Y=5146.88
Time=453315 X=12553.8 Y=5146.88
Time=454351 X=12553.8 Y=5146.88
Time=455373 X=12553.8 Y=5146.88
Time=456409 X=12573.6 Y=5135.98
Time=457459 X=12925.9 Y=4942.02
Time=458493 X=12995.2 Y=4706.42
Time=459508 X=12796.2 Y=4387.88
Time=460562 X=12582.3 Y=4045.46
Time=461605 X=12330.1 Y=3735.62
Time=462633 X=12084.7 Y=3427.79
Time=463680 X=11861.4 Y=3094.84
Time=464704 X=11649.2 Y=2765.14
Time=465700 X=11378.2 Y=2589.09
Time=466727 X=11312 Y=2438
Time=467746 X=11312 Y=2438
Time=468754 X=11312 Y=2438
Time=469788 X=11312 Y=2438
Time=470817 X=11312 Y=2438
Time=471844 X=11312 Y=2438
Time=472838 X=11312 Y=2438
Time=473906 X=11312 Y=2438
Time=474942 X=11312 Y=2438
Time=476031 X=11312 Y=2438
Time=476968 X=11312 Y=2438
Time=478076 X=11312 Y=2438
Time=479046 X=11312 Y=2438
Time=480116 X=11312 Y=2438
Time=481154 X=11312 Y=2438
Time=482182 X=11312 Y=2438
Time=483207 X=11312 Y=2438
Time=484206 X=11312 Y=2438
Time=485312 X=11312 Y=2438
Time=486295 X=11345 Y=2495.96
Time=487348 X=11589.3 Y=2809.58
Time=488362 X=11828 Y=3115.99
Time=489387 X=12069.2 Y=3425.72
Time=490458 X=12321.3 Y=3749.36
Time=491518 X=12199.3 Y=3514.72
Time=492568 X=12059.4 Y=3246.66
Time=493577 X=11885.5 Y=2952.26
Time=494618 X=11682.4 Y=2608.43
Time=495669 X=11608.3 Y=2215.25
Time=496719 X=11658.4 Y=1831.55
Time=497773 X=11915.5 Y=1524.35
Time=498835 X=12224.5 Y=1255.22
Time=499849 X=12503.5 Y=980.912
Time=500862 X=12783.6 Y=708.184
Time=501918 X=12889.6 Y=604.994
Time=502954 X=12889.6 Y=604.994
Time=504002 X=12889.6 Y=604.994
Time=505012 X=12889.6 Y=604.994
Time=506144 X=12889.6 Y=604.994
Time=507150 X=12889.6 Y=604.994
Time=508200 X=12802.7 Y=937.642
Time=509136 X=12796.3 Y=995.129
Time=510292 X=12703.3 Y=1033
Time=511320 X=12477.7 Y=1159.16
Time=512363 X=12253.7 Y=1379.26
Time=513373 X=11972.6 Y=1510.4
Time=514415 X=12158.6 Y=1390.08
Time=515441 X=12520.1 Y=1235.78
Time=516483 X=12882.1 Y=1068.42
Time=517524 X=13043.1 Y=959.114
Time=518572 X=13043.1 Y=959.114
Time=519632 X=13043.1 Y=959.114
Time=520650 X=12876.6 Y=1044.17
Time=521691 X=12545.7 Y=1213.28
Time=522724 X=12190.7 Y=1394.69
Time=523740 X=11845.3 Y=1579.62
Time=524809 X=11608.7 Y=1912.69
Time=525860 X=11618.2 Y=2310.18
Time=526892 X=11734.6 Y=2679.56
Time=527907 X=11951.2 Y=3005.94
Time=528912 X=12125.1 Y=3268.01
Time=529920 X=11954.5 Y=3010.88
Time=530960 X=11734.2 Y=2678.96
Time=531947 X=11620.1 Y=2328.57
Time=532950 X=11589.4 Y=1944.11
Time=534001 X=11810.7 Y=1606.46
Time=535023 X=12162.4 Y=1432.18
Time=536082 X=12558.9 Y=1348.81
Time=537049 X=12918.3 Y=1416.23
Time=538157 X=13291.4 Y=1532.36
Time=539153 X=13565.5 Y=1467.89
Time=540170 X=13845.4 Y=1381.8
Time=541247 X=14147.1 Y=1309.98
Time=542262 X=14516.9 Y=1225.76
Time=543180 X=14853.9 Y=1125.37
Time=544323 X=15273.4 Y=1000.34
Time=545391 X=15486 Y=937
Time=546401 X=15486 Y=937
Time=547456 X=15486 Y=937
Time=548451 X=15486 Y=937
Time=549493 X=15486 Y=937
Time=550502 X=15247.1 Y=956.004
Time=551502 X=14995.8 Y=1090.69
Time=552563 X=14735 Y=1250
Time=553567 X=14710.2 Y=1265.17
Time=554632 X=14710.2 Y=1265.17
Time=555628 X=14710.2 Y=1265.17
Time=556639 X=14710.2 Y=1265.17
Time=557678 X=14710.2 Y=1265.17
Time=558698 X=14710.2 Y=1265.17
Time=559691 X=14721.8 Y=1250.42
Time=560692 X=14338.7 Y=1266.75
Time=561687 X=13957.9 Y=1282.98
Time=562694 X=13572.6 Y=1299.4
Time=563721 X=13179.5 Y=1316.15
Time=564765 X=12830 Y=1331.05
Time=565836 X=12444.4 Y=1360.26
Time=566798 X=12093.5 Y=1461.83
Time=567823 X=11763 Y=1660.67
Time=568873 X=11588.4 Y=2012.59
Time=569881 X=11627.2 Y=2396.99
Time=570946 X=11788.1 Y=2760.22
Time=571982 X=12007.6 Y=3090.87
Time=572968 X=12216.4 Y=3405.56
Time=574011 X=12384.9 Y=3659.5
Time=575005 X=12543.2 Y=3898.03
Time=575988 X=12699.7 Y=4133.92
Time=577043 X=12905 Y=4443.31
Time=578078 X=13124.2 Y=4773.64
Time=579088 X=13199.2 Y=4638.66
Time=580121 X=13299.2 Y=4255.8
Time=581155 X=13302.7 Y=4242.37
Time=582200 X=12984.9 Y=4485.74
Time=583191 X=12683.6 Y=4716.61
Time=584270 X=12355.5 Y=4967.99
Time=585379 X=12337 Y=4982.19
Time=586393 X=12260.6 Y=4661.37
Time=587400 X=12171.2 Y=4286.14
Time=588400 X=12082.5 Y=3913.52
Time=589415 X=11992.4 Y=3535.31
Time=590353 X=11909.2 Y=3185.79
Time=591465 X=11833.6 Y=2868.33
Time=592461 X=11791.4 Y=2691.26
Time=593500 X=11678.3 Y=2676.48
Time=594516 X=11388.2 Y=2638.57
Time=595531 X=11243.6 Y=2619.68
Time=596558 X=11288.8 Y=2490.56
Time=597594 X=11336.9 Y=2352.56
Time=598591 X=11259.5 Y=2252.28
Time=599611 X=11253 Y=2243.83
Time=600610 X=11493.6 Y=1964.26
Time=601649 X=11753.2 Y=1662.62
Time=602686 X=12037.2 Y=1385.08
Time=603675 X=12311.1 Y=1123.36
Time=604731 X=12603.6 Y=843.921
Time=605698 X=12871.4 Y=588.03
Time=606717 X=12910.3 Y=550.843
Time=607715 X=13200.8 Y=678.502
Time=608728 X=13556 Y=834.617
Time=609730 X=13907.4 Y=989.036
Time=610777 X=14274.6 Y=1150.39
Time=611808 X=14615.7 Y=1300.32
Time=612836 X=14615.7 Y=1300.32
Time=613856 X=14659.9 Y=1688.45
Time=614838 X=14686 Y=2063.68
Time=615897 X=14708.1 Y=2468.72
Time=616908 X=14767.5 Y=2850.99
Time=617885 X=14895.8 Y=3201.4
Time=618945 X=15008 Y=3419
Time=619945 X=15008 Y=3419
Time=620987 X=15008 Y=3419
Time=622035 X=15008 Y=3419
Time=623055 X=15008 Y=3419
Time=624093 X=15008 Y=3419
Time=625087 X=14943.6 Y=3202.78
Time=626202 X=14781.7 Y=2807.81
Time=627581 X=14746.7 Y=2727.38
Time=628617 X=14746.7 Y=2727.38
Time=629667 X=14746.7 Y=2727.38
Time=630920 X=14746.7 Y=2727.38
Time=631936 X=14746.7 Y=2727.38
Time=632926 X=14746.7 Y=2727.38
Time=634004 X=14746.7 Y=2727.38
Time=635029 X=14746.7 Y=2727.38
Time=636056 X=14746.7 Y=2727.38
Time=637162 X=14818.3 Y=2672.82
Time=638231 X=15000.1 Y=2534.23
Time=639255 X=15000.1 Y=2534.23
Time=640326 X=15000.1 Y=2534.23
Time=641351 X=15000.1 Y=2534.23
Time=642385 X=15000.1 Y=2534.23
Time=643422 X=15000.1 Y=2534.23
Time=644519 X=15000.1 Y=2534.23
Time=645505 X=15000.1 Y=2534.23
Time=646572 X=15000.1 Y=2534.23
Time=647601 X=15000.1 Y=2534.23
Time=648629 X=15000.1 Y=2534.23
Time=649732 X=14980.1 Y=2377.7
Time=650783 X=14972.2 Y=2191.16
Time=651806 X=14958.5 Y=2057.03
Time=652802 X=14958.5 Y=2057.03
Time=653845 X=14958.5 Y=2057.03
Time=654869 X=14958.5 Y=2057.03
Time=655971 X=15027.6 Y=2140.44
Time=656976 X=15212.2 Y=2363.39
Time=658013 X=15402.6 Y=2593.43
Time=659085 X=15549.9 Y=2771.35
Time=660157 X=15549.9 Y=2771.35
Time=661183 X=15372.3 Y=2666.48
Time=662231 X=15035.1 Y=2448.61
Time=663266 X=14702.1 Y=2233.44
Time=664235 X=14390.4 Y=2031.98
Time=665340 X=14034.9 Y=1802.26
Time=666393 X=13665.4 Y=1648.77
Time=667479 X=13268.3 Y=1525.14
Time=668513 X=12890.1 Y=1407.44
Time=669567 X=12550.9 Y=1349.61
Time=670559 X=12197.6 Y=1417.4
Time=671590 X=11838 Y=1585.3
Time=672619 X=11558.4 Y=1866.57
Time=673678 X=11278.3 Y=2164.16
Time=674752 X=11013 Y=2446
Time=675763 X=11143.4 Y=2307.46
Time=676830 X=11425.6 Y=2007.63
Time=677864 X=11698.9 Y=1717.33
Time=678874 X=12010.7 Y=1497.45
Time=679900 X=12379 Y=1366.8
Time=680911 X=12760.6 Y=1367.14
Time=681970 X=13147.9 Y=1487.69
Time=682962 X=13504.1 Y=1598.56
Time=684047 X=13888.1 Y=1718.06
Time=685034 X=14161.6 Y=1974.31
Time=686126 X=14443.6 Y=2283.21
Time=687192 X=14718.9 Y=2584.75
Time=688194 X=14729.7 Y=2596.55
Time=689182 X=15054.7 Y=2464.43
Time=690254 X=15056 Y=2463.9
Time=691311 X=15345.9 Y=2635.19
Time=692302 X=15591.7 Y=2780.28
Time=693326 X=15617.8 Y=2795.72
Time=694397 X=15392.4 Y=2653.97
Time=695526 X=15026.3 Y=2423.75
Time=696539 X=14697.9 Y=2217.18
Time=697570 X=14363.6 Y=2006.95
Time=698577 X=14037 Y=1801.6
Time=699620 X=13670.2 Y=1650.25
Time=700656 X=13291.3 Y=1532.32
Time=701673 X=12919.4 Y=1416.55
Time=702720 X=12601.1 Y=1344.59
Time=703748 X=12231.9 Y=1403.8
Time=704755 X=11876.7 Y=1555.2
Time=705685 X=11574 Y=1743.12
Time=706808 X=11208.6 Y=1970.04
Time=707796 X=10887.1 Y=2169.69
Time=708843 X=10546.4 Y=2381.25
Time=709867 X=10213.2 Y=2588.17
Time=710911 X=9872.84 Y=2798.03
Time=712003 X=9595.77 Y=2946.98
Time=712997 X=9343.24 Y=3081.81
Time=714042 X=9077.76 Y=3223.56
Time=715066 X=8756.91 Y=3394.88
Time=716117 X=8401.78 Y=3584.49
Time=717196 X=8133 Y=3728
Time=718296 X=7768.55 Y=3580.01
Time=719309 X=7399.61 Y=3460.44
Time=720369 X=7014.58 Y=3331.8
Time=721368 X=6661.76 Y=3183.94
Time=722389 X=6320.4 Y=3007.58
Time=723405 X=6016.58 Y=2818.25
Time=724390 X=5693.77 Y=3011.57
Time=725514 X=5687 Y=3016
Time=726539 X=5687 Y=3016
Time=727585 X=5687 Y=3016
Time=728639 X=5687 Y=3016
Time=729689 X=5941.67 Y=3013.2
Time=730724 X=6224.23 Y=3028.42
Time=731813 X=6224.23 Y=3028.42
Time=732863 X=6224.23 Y=3028.42
Time=733917 X=6224.23 Y=3028.42
Time=734978 X=6224.23 Y=3028.42
Time=736030 X=6224.23 Y=3028.42
Time=737064 X=6224.23 Y=3028.42
Time=738099 X=6224.23 Y=3028.42
Time=739222 X=6224.23 Y=3028.42
Time=740262 X=5950.07 Y=2825.51
Time=741264 X=5643.39 Y=2589.97
Time=742310 X=5426 Y=2423
Time=743369 X=5674.77 Y=2581.25
Time=744351 X=5994.63 Y=2784.51
Time=745373 X=6311.9 Y=2986.13
Time=746472 X=6311.9 Y=2986.13
Time=747528 X=6297.51 Y=3028.15
Time=748593 X=6050.23 Y=2861.15
Time=749623 X=5723.28 Y=2640.35
Time=750654 X=5397 Y=2420
Time=751732 X=5237.04 Y=2630.25
Time=752782 X=5029.84 Y=2974.96
Time=753842 X=4857.43 Y=3261.78
Time=754931 X=4642.53 Y=3619.29
Time=755985 X=4434.53 Y=3965.31
Time=757037 X=4225.54 Y=4309.79
Time=758077 X=4008.13 Y=4643.53
Time=759094 X=3792.4 Y=4967.88
Time=760160 X=3513.84 Y=5266.42
Time=761213 X=3238.67 Y=5561.32
Time=762222 X=3006.31 Y=5791.01
Time=763238 X=2794.45 Y=5992.84
Time=764358 X=2669.13 Y=6112.23
Time=765398 X=2669.13 Y=6112.23
Time=766411 X=2669.13 Y=6112.23
Time=767428 X=2669.13 Y=6112.23
Time=768482 X=2669.13 Y=6112.23
Time=769481 X=2669.13 Y=6112.23
Time=770509 X=2669.13 Y=6112.23
Time=771612 X=2669.13 Y=6112.23
Time=772575 X=2669.13 Y=6112.23
Time=773649 X=2669.13 Y=6112.23
Time=774702 X=2669.13 Y=6112.23
Time=775753 X=2669.13 Y=6112.23
Time=776768 X=2669.13 Y=6112.23
Time=777871 X=2669.13 Y=6112.23
Time=778890 X=2669.13 Y=6112.23
Time=779881 X=2709.51 Y=6107.99
Time=780864 X=3070.28 Y=6070.1
Time=781895 X=3114.92 Y=6181.22
Time=782932 X=2998.76 Y=6561.07
Time=784060 X=2872.41 Y=6974.25
Time=785101 X=2757.83 Y=7348.93
Time=786156 X=2664.56 Y=7653.94
Time=787212 X=2506.33 Y=8024.58
Time=788303 X=2313.25 Y=8395.19
Time=789382 X=2122.28 Y=8761.73
Time=790415 X=1939.46 Y=9112.64
Time=791434 X=1796 Y=9388
Time=792529 X=1911.92 Y=9165.5
Time=793580 X=2097.93 Y=8808.47
Time=794651 X=2259.24 Y=8498.85
Time=795645 X=2421.94 Y=8186.55
Time=796676 X=2604.41 Y=7836.32
Time=797722 X=2702.45 Y=7449.87
Time=798777 X=2719.59 Y=7046.13
Time=799822 X=2736.58 Y=6646.21
Time=800801 X=2742.91 Y=6497.26
Time=801848 X=2535.01 Y=6412.64
Time=802842 X=2443.26 Y=6374.74
Time=803918 X=2466.96 Y=6463.93
Time=804938 X=2574.85 Y=6839.44
Time=806009 X=2680.78 Y=7235.53
Time=807008 X=2674.63 Y=7613.67
Time=808037 X=2520.79 Y=7973.46
Time=809049 X=2226.32 Y=8219.03
Time=810129 X=1891.26 Y=8461.65
Time=811149 X=1574.81 Y=8690.79
Time=812224 X=1229.52 Y=8846.38
Time=813227 X=878.109 Y=9002.57
Time=814243 X=522.463 Y=9160.58
Time=815287 X=239.033 Y=9188.15
Time=816335 X=-161.785 Y=9166.07
Time=817394 X=-529.887 Y=9124.55
Time=818463 X=-867.128 Y=9108.56
Time=819538 X=-1278.43 Y=9089.05
Time=820579 X=-1676.73 Y=9070.17
Time=821599 X=-2066.99 Y=9051.66
Time=822621 X=-2458.02 Y=9033.12
Time=823621 X=-2840.63 Y=9014.97
Time=824648 X=-3233.57 Y=8996.34
Time=825705 X=-3488.79 Y=9022.02
Time=826769 X=-3827.65 Y=9112.84
Time=827769 X=-4184.77 Y=9208.56
Time=828820 X=-4573.63 Y=9312.78
Time=829892 X=-4970.25 Y=9419.08
Time=830933 X=-5355.4 Y=9522.31
Time=831984 X=-5744.25 Y=9626.53
Time=833005 X=-6122 Y=9727.77
Time=834052 X=-6509.37 Y=9831.59
Time=835044 X=-6863.17 Y=9926.42
Time=836121 X=-7198.03 Y=10016.2
Time=837071 X=-7549.51 Y=10110.4
Time=838119 X=-7682.78 Y=10023.6
Time=839210 X=-7797.98 Y=9621.92
Time=840275 X=-7910.44 Y=9229.79
Time=841295 X=-8003.7 Y=8904.56
Time=842391 X=-8109.11 Y=8537.01
Time=843324 X=-8207.62 Y=8193.48
Time=844484 X=-8330.11 Y=7766.37
Time=845518 X=-8439.29 Y=7385.66
Time=846507 X=-8493.59 Y=7072.06
Time=847546 X=-8649.17 Y=7012.05
Time=848595 X=-8857 Y=7355.93
Time=849657 X=-9067.41 Y=7704.08
Time=850688 X=-9224.29 Y=7963.65
Time=851706 X=-9419.1 Y=8285.98
Time=852759 X=-9627.73 Y=8631.18
Time=853766 X=-9844.75 Y=8890.29
Time=854768 X=-10018.9 Y=9219.36
Time=855838 X=-10177 Y=9540
Time=856900 X=-10427.2 Y=9705.33
Time=857973 X=-10676 Y=9875
Time=859027 X=-10954.7 Y=9962.83
Time=860018 X=-11234.7 Y=10022.8
Time=861053 X=-11624 Y=10097.9
Time=862127 X=-12027.9 Y=10175.9
Time=863140 X=-12408.9 Y=10249.4
Time=864195 X=-12805.7 Y=10326
Time=865212 X=-13168 Y=10396
Time=866284 X=-13522.7 Y=10464.5
Time=867307 X=-13580.5 Y=10304.9
Time=868367 X=-13591.1 Y=9899.01
Time=869338 X=-13600.9 Y=9527.21
Time=870482 X=-13635.4 Y=9090.39
Time=871460 X=-13669.1 Y=8717.29
Time=872563 X=-13707.2 Y=8296.52
Time=873606 X=-13748.6 Y=7899.17
Time=874627 X=-13790.6 Y=7510.35
Time=875651 X=-13816.8 Y=7268.14
Time=876712 X=-13816.8 Y=7268.14
Time=877770 X=-13816.8 Y=7268.14
Time=878802 X=-13816.8 Y=7268.14
Time=879846 X=-13816.8 Y=7268.14
Time=880908 X=-13816.8 Y=7268.14
Time=881963 X=-13816.8 Y=7268.14
Time=882993 X=-13816.8 Y=7268.14
Time=884104 X=-13816.8 Y=7268.14
Time=885156 X=-13789.8 Y=7508.06
Time=886182 X=-13745.2 Y=7878.71
Time=887215 X=-13697.9 Y=8271.56
Time=888231 X=-13624.2 Y=8459.72
Time=889220 X=-13479.3 Y=8109.74
Time=890213 X=-13333.7 Y=7758.33
Time=891264 X=-13409.9 Y=7419.28
Time=892319 X=-13662.8 Y=7104.14
Time=893326 X=-13870 Y=6846.04
Time=894358 X=-13870 Y=6846.04
Time=895442 X=-14103.8 Y=6716.08
Time=896481 X=-14451.6 Y=6522.69
Time=897495 X=-14791.1 Y=6333.96
Time=898565 X=-14917.3 Y=5966.92
Time=899552 X=-14763.2 Y=5639.01
Time=900607 X=-14515 Y=5373.8
Time=901644 X=-14487.6 Y=5163.11
Time=902676 X=-14344 Y=5133
Time=903713 X=-14344 Y=5133
Time=904795 X=-14344 Y=5133
Time=905822 X=-14344 Y=5133
Time=906872 X=-14344 Y=5133
Time=907918 X=-14344 Y=5133
Time=908908 X=-14402.2 Y=5217.74
Time=909974 X=-14677.1 Y=5518.42
Time=910993 X=-14796.7 Y=5662.51
Time=912104 X=-14796.7 Y=5662.51
Time=913199 X=-14796.7 Y=5662.51
Time=914252 X=-14796.7 Y=5662.51
Time=915274 X=-14796.7 Y=5662.51
Time=916386 X=-14796.7 Y=5662.51
Time=917438 X=-14796.7 Y=5662.51
Time=918458 X=-14882.5 Y=5773.6
Time=919561 X=-14929.3 Y=6086.21
Time=920627 X=-14774.5 Y=6424.08
Time=921631 X=-14614.4 Y=6773.71
Time=922687 X=-14445.9 Y=7141.45
Time=923732 X=-14279.2 Y=7505.36
Time=924787 X=-14110.9 Y=7872.75
Time=925858 X=-13940 Y=8245.71
Time=926896 X=-13774.4 Y=8607.18
Time=927910 X=-13616 Y=8953
Time=928968 X=-13636.7 Y=8798.86
Time=930048 X=-13678 Y=8490.58
Time=931066 X=-13717 Y=8200
Time=932094 X=-13756.4 Y=7906.57
Time=933166 X=-13808.6 Y=7517.88
Time=934186 X=-13860.6 Y=7130.65
Time=935258 X=-13902.4 Y=6819.18
Time=936288 X=-13957.8 Y=6788.88
Time=937394 X=-14329.6 Y=6585.79
Time=938412 X=-14671.8 Y=6398.85
Time=939470 X=-14921 Y=6103.3
Time=940475 X=-14941 Y=5854.42
Time=941537 X=-14941 Y=5854.42
Time=942563 X=-15004.7 Y=5823.21
Time=943572 X=-15096.7 Y=6007.55
Time=944642 X=-15310 Y=6357.53
Time=945668 X=-15514.5 Y=6693.12
Time=946674 X=-15558.6 Y=6769.48
Time=947700 X=-15450.7 Y=6391.59
Time=948709 X=-15344.6 Y=6019.95
Time=949719 X=-15238.4 Y=5647.95
Time=950777 X=-15127.1 Y=5258.27
Time=951785 X=-15021.1 Y=4887
Time=952846 X=-14845 Y=4744.19
Time=953913 X=-14533.5 Y=4691.73
Time=954941 X=-14218.8 Y=4611.82
Time=955939 X=-13836.7 Y=4602.04
Time=956965 X=-13443.8 Y=4591.98
Time=957967 X=-13189.6 Y=4608.36
Time=959030 X=-12915.3 Y=4909.24
Time=960090 X=-12641.7 Y=5209.28
Time=961136 X=-12371.8 Y=5505.35
Time=962170 X=-12131.3 Y=5769.08
Time=963165 X=-11916.4 Y=6004.79
Time=964295 X=-11624.8 Y=6324.63
Time=965310 X=-11362.8 Y=6611.93
Time=966337 X=-11333.1 Y=6735.23
Time=967396 X=-11730.8 Y=6815.37
Time=968402 X=-12108.5 Y=6891.49
Time=969430 X=-12494.5 Y=6969.28
Time=970445 X=-12875.6 Y=7046.09
Time=971481 X=-13202.3 Y=7111.92
Time=972540 X=-13501.3 Y=7172.18
Time=973568 X=-13791.5 Y=7230.66
Time=974581 X=-14094.8 Y=7291.79
Time=975560 X=-14462.5 Y=7365.87
Time=976595 X=-14851.1 Y=7444.19
Time=977658 X=-15167.3 Y=7263.11
Time=978694 X=-15437.8 Y=6972.77
Time=979751 X=-15704.8 Y=6668.47
Time=980777 X=-15944.4 Y=6357.04
Time=981767 X=-16174.3 Y=6055.41
Time=982793 X=-16321 Y=5862.85
Time=983838 X=-16321 Y=5862.85
Time=984870 X=-16321 Y=5862.85
Time=985965 X=-16321 Y=5862.85
Time=986996 X=-16128 Y=6108.68
Time=988015 X=-15900.2 Y=6425.62
Time=988983 X=-15682.4 Y=6728.65
Time=990041 X=-15444.1 Y=7060.2
Time=991066 X=-15213.2 Y=7381.4
Time=992060 X=-15128 Y=7500
Time=993098 X=-15128 Y=7500
Time=994087 X=-15128 Y=7500
Time=995103 X=-15128 Y=7500
Time=996176 X=-15128 Y=7500
Time=997190 X=-15128 Y=7500
Time=998232 X=-15128 Y=7500
Time=999292 X=-15128 Y=7500
Time=1000316 X=-15128 Y=7500
Time=1001384 X=-15198.5 Y=7451.03
Time=1002447 X=-15540.3 Y=7232
Time=1003458 X=-15860.1 Y=7013.55
Time=1004468 X=-16179.6 Y=6795.32
Time=1005494 X=-16504.1 Y=6573.64
Time=1006513 X=-16795.6 Y=6374.48
Time=1007591 X=-17136.5 Y=6141.55
Time=1008615 X=-17164.4 Y=6122.54
Time=1009692 X=-17164.4 Y=6122.54
Time=1010723 X=-17498.4 Y=6057.21
Time=1011757 X=-17892.1 Y=6014.78
Time=1012783 X=-18282.9 Y=5972.68
Time=1013826 X=-18680.1 Y=5929.89
Time=1014843 X=-18999.3 Y=5895.5
Time=1015879 X=-19370.4 Y=5763.5
Time=1016915 X=-19747.1 Y=5639.28
Time=1017929 X=-20122.7 Y=5541.17
Time=1018990 X=-20441.4 Y=5464.9
Time=1020050 X=-20505 Y=5411
Time=1021117 X=-20505 Y=5411
Time=1022128 X=-20505 Y=5411
Time=1023172 X=-20505 Y=5411
Time=1024214 X=-20505 Y=5411
Time=1025270 X=-20505 Y=5411
Time=1026284 X=-20505 Y=5411
Time=1027278 X=-20505 Y=5411
Time=1028354 X=-20505 Y=5411
Time=1029414 X=-20505 Y=5411
Time=1030470 X=-20505 Y=5411
Time=1031482 X=-20505 Y=5411
Time=1032510 X=-20505 Y=5411
Time=1033546 X=-20505 Y=5411
Time=1034602 X=-20505 Y=5411
Time=1035685 X=-20505 Y=5411
Time=1036700 X=-20505 Y=5411
Time=1037807 X=-20505 Y=5411
Time=1038833 X=-20505 Y=5411
Time=1039878 X=-20505 Y=5411
Time=1040926 X=-20505 Y=5411
Time=1041998 X=-20378.2 Y=5440.25
Time=1043066 X=-20187.6 Y=5682.21
Time=1044092 X=-20187.6 Y=5682.21
Time=1045173 X=-20187.6 Y=5682.21
Time=1046237 X=-20187.6 Y=5682.21
Time=1047308 X=-19894.6 Y=5727.84
Time=1048346 X=-19504.6 Y=5805.07
Time=1049280 X=-19153.7 Y=5874.56
Time=1050428 X=-19214 Y=5871.36
Time=1051486 X=-19616.6 Y=5824.78
Time=1052514 X=-19956.1 Y=5785.49
Time=1053540 X=-20134.9 Y=5764.81
Time=1054582 X=-20320.6 Y=5713.41
Time=1055595 X=-20694.5 Y=5609.74
Time=1056677 X=-20897.3 Y=5553.53
Time=1057729 X=-20710.5 Y=5546.2
Time=1058809 X=-20297.1 Y=5530.04
Time=1059861 X=-19894.5 Y=5514.3
Time=1060922 X=-19547 Y=5500.72
Time=1061968 X=-19246 Y=5488.95
Time=1063013 X=-18945.2 Y=5477.19
Time=1064080 X=-18638.2 Y=5465.19
Time=1065088 X=-18348.1 Y=5453.85
Time=1066157 X=-18040.4 Y=5441.82
Time=1067221 X=-17734.2 Y=5429.85
Time=1068262 X=-17434.7 Y=5418.14
Time=1069310 X=-17217.6 Y=5409.66
Time=1070350 X=-17214.5 Y=5471.63
Time=1071439 X=-17196.3 Y=5888.36
Time=1072398 X=-17192.4 Y=5977.15
Time=1073498 X=-17203 Y=6138.11
Time=1074538 X=-17203 Y=6138.11
Time=1075566 X=-17499.7 Y=6066.54
Time=1076573 X=-17877.3 Y=5987.97
Time=1077602 X=-18263.2 Y=5907.67
Time=1078614 X=-18642.7 Y=5828.71
Time=1079632 X=-19024.5 Y=5749.27
Time=1080678 X=-19416.7 Y=5667.65
Time=1081715 X=-19805.6 Y=5586.73
Time=1082767 X=-20200.1 Y=5504.64
Time=1083757 X=-20506.5 Y=5440.89
Time=1084801 X=-20900.4 Y=5358.94
Time=1085838 X=-21292.2 Y=5277.42
Time=1086877 X=-21645 Y=5204
Time=1087920 X=-21507.8 Y=4908.68
Time=1088937 X=-21363.2 Y=4543.83
Time=1090027 X=-21208.2 Y=4152.78
Time=1091022 X=-21083.7 Y=3789.27
Time=1092099 X=-20951.6 Y=3396.65
Time=1093114 X=-20889.2 Y=3013.1
Time=1094135 X=-20911.8 Y=2667.61
Time=1095141 X=-20603.9 Y=2435.94
Time=1096183 X=-20377.7 Y=2107.84
Time=1097165 X=-20256.3 Y=1767.66
Time=1098169 X=-20173 Y=1483.9
Time=1099305 X=-19930.9 Y=1138.1
Time=1100336 X=-19684 Y=989
Time=1101378 X=-19684 Y=989
Time=1102474 X=-19684 Y=989
Time=1103494 X=-19760.7 Y=1185.39
Time=1104482 X=-19790.3 Y=1259.06
Time=1105590 X=-19970.9 Y=1522.15
Time=1106578 X=-20046.6 Y=1731.68
Time=1107610 X=-20222.6 Y=1947.17
Time=1108632 X=-20072.1 Y=1650.25
Time=1109554 X=-20072.1 Y=1650.25
Time=1110756 X=-20072.1 Y=1650.25
Time=1111764 X=-20072.1 Y=1650.25
Time=1112756 X=-20072.1 Y=1650.25
Time=1113789 X=-20209.6 Y=1874.7
Time=1114848 X=-20440.5 Y=2208.21
Time=1115866 X=-20346.2 Y=2056.55
Time=1116899 X=-20196.4 Y=1690.78
Time=1117956 X=-20138.7 Y=1543.91
Time=1118993 X=-20138.7 Y=1543.91
Time=1120035 X=-20138.7 Y=1543.91
Time=1121091 X=-20138.7 Y=1543.91
Time=1122110 X=-20138.7 Y=1543.91
Time=1123135 X=-20138.7 Y=1543.91
Time=1124198 X=-20127.3 Y=1519.2
Time=1125246 X=-20275.3 Y=1892.38
Time=1126316 X=-20474 Y=2248.87
Time=1127340 X=-20254.2 Y=1924
Time=1128385 X=-20029.9 Y=1592.46
Time=1129389 X=-19814.4 Y=1273.94
Time=1130327 X=-19613.1 Y=976.353
Time=1131515 X=-19590.8 Y=943.358
Time=1132574 X=-19590.8 Y=943.358
Time=1133518 X=-19590.8 Y=943.358
Time=1134500 X=-19590.8 Y=943.358
Time=1135551 X=-19590.8 Y=943.358
Time=1136546 X=-19590.8 Y=943.358
Time=1137547 X=-19590.8 Y=943.358
Time=1138574 X=-19590.8 Y=943.358
Time=1139568 X=-19590.8 Y=943.358
Time=1140606 X=-19590.8 Y=943.358
Time=1141615 X=-19647.5 Y=1027.38
Time=1142625 X=-19785.1 Y=1089.43
Time=1143659 X=-19941.8 Y=827.256
Time=1144657 X=-19882 Y=714
Time=1145685 X=-19882 Y=714
Time=1146657 X=-19882 Y=714
Time=1147617 X=-19882 Y=714
Time=1148689 X=-19882 Y=714
Time=1149796 X=-19882 Y=714
Time=1150796 X=-19882 Y=714
Time=1151802 X=-19882 Y=714
Time=1152825 X=-19976.9 Y=920.606
Time=1153849 X=-20095.9 Y=1294.36
Time=1154867 X=-20214.2 Y=1665.93
Time=1155910 X=-20339 Y=2045.13
Time=1156923 X=-20553.3 Y=2368.62
Time=1157966 X=-20906 Y=2527.78
Time=1159034 X=-20939.5 Y=2538.53
Time=1160059 X=-20576.6 Y=2403.69
Time=1161083 X=-20372.4 Y=2095.47
Time=1162088 X=-20249.6 Y=1765.95
Time=1163100 X=-20140.9 Y=1393.85
Time=1164119 X=-20031.5 Y=1019.19
Time=1165100 X=-19926.2 Y=658.49
Time=1166181 X=-19810.1 Y=261.026
Time=1167182 X=-19702.6 Y=-107.023
Time=1168184 X=-19439.9 Y=17.2353
Time=1169139 X=-19136.7 Y=221.873
Time=1170195 X=-18818.5 Y=436.616
Time=1171246 X=-18435 Y=558.638
Time=1172265 X=-18046.2 Y=589.371
Time=1173273 X=-17660.2 Y=598.174
Time=1174296 X=-17268.4 Y=607.109
Time=1175296 X=-16937.8 Y=614.648
Time=1176258 X=-16569.3 Y=623.053
Time=1177338 X=-16177 Y=632
Time=1178322 X=-15847.4 Y=731.654
Time=1179360 X=-15447.8 Y=758.887
Time=1180371 X=-15108.8 Y=753.075
Time=1181377 X=-14751.6 Y=880.479
Time=1182413 X=-14359 Y=940.47
Time=1183454 X=-13969.9 Y=1036.05
Time=1184474 X=-13658.8 Y=1217.29
Time=1185501 X=-13650.7 Y=1317.21
Time=1186503 X=-13674.4 Y=1363.03
Time=1187526 X=-13674.4 Y=1363.03
Time=1188532 X=-13674.4 Y=1363.03
Time=1189566 X=-13674.4 Y=1363.03
Time=1190597 X=-13444.6 Y=1555.95
Time=1191613 X=-13554.2 Y=1489.74
Time=1192612 X=-13602.9 Y=1629.64
Time=1193626 X=-13602.9 Y=1629.64
Time=1194642 X=-13602.9 Y=1629.64
Time=1195648 X=-13602.9 Y=1629.64
Time=1196655 X=-13602.9 Y=1629.64
Time=1197711 X=-13602.9 Y=1629.64
Time=1198716 X=-13602.9 Y=1629.64
Time=1199712 X=-13602.9 Y=1629.64
Time=1200717 X=-13602.9 Y=1629.64
Time=1201738 X=-13602.9 Y=1629.64
Time=1202767 X=-13471.5 Y=1669.89
Time=1203799 X=-13190.5 Y=1766.8
Time=1204843 X=-12906.3 Y=1864.84
Time=1205863 X=-12900 Y=1867
Time=1206855 X=-12900 Y=1867
Time=1207891 X=-12900 Y=1867
Time=1208886 X=-12700.9 Y=1793.52
Time=1209907 X=-12332.8 Y=1661.49
Time=1210898 X=-11960.1 Y=1605.97
Time=1211923 X=-11568.5 Y=1578.21
Time=1212929 X=-11183.9 Y=1555.31
Time=1213943 X=-10797.1 Y=1526.44
Time=1214969 X=-10565.7 Y=1509.98
Time=1215999 X=-10565.7 Y=1509.98
Time=1217013 X=-10565.7 Y=1509.98
Time=1217976 X=-10565.7 Y=1509.98
Time=1219055 X=-10565.7 Y=1509.98
Time=1220053 X=-10565.7 Y=1509.98
Time=1221072 X=-10565.7 Y=1509.98
Time=1222104 X=-10565.7 Y=1509.98
Time=1223113 X=-10721.2 Y=1480.5
Time=1224124 X=-11020.6 Y=1396.97
Time=1225090 X=-11021.7 Y=1396.67
Time=1226195 X=-11021.7 Y=1396.67
Time=1227181 X=-11021.7 Y=1396.67
Time=1228213 X=-11021.7 Y=1396.67
Time=1229181 X=-11233.6 Y=1445.51
Time=1230246 X=-11431.7 Y=1491.18
Time=1231261 X=-11431.7 Y=1491.18
Time=1232291 X=-11431.7 Y=1491.18
Time=1233293 X=-11431.7 Y=1491.18
Time=1234336 X=-11049.6 Y=1503.78
Time=1235349 X=-10664 Y=1460.1
Time=1236376 X=-10597.1 Y=1452.52
Time=1237392 X=-10596.7 Y=1496.46
Time=1238395 X=-10957 Y=1494.7
Time=1239394 X=-11287.3 Y=1493.08
Time=1240427 X=-11683 Y=1491.15
Time=1241453 X=-12076 Y=1489.23
Time=1242490 X=-12473.2 Y=1487.28
Time=1243523 X=-12868.9 Y=1485.35
Time=1244539 X=-13241.9 Y=1383.98
Time=1245570 X=-13485.5 Y=1291.3
Time=1246563 X=-13473.6 Y=1295.53
Time=1247592 X=-13161.3 Y=1406.43
Time=1248605 X=-12829.5 Y=1487.83
Time=1249606 X=-12446.5 Y=1505.12
Time=1250629 X=-12055 Y=1522.79
Time=1251643 X=-11667 Y=1540.3
Time=1252655 X=-11279.8 Y=1557.78
Time=1253673 X=-10890.2 Y=1575.36
Time=1254700 X=-10497.2 Y=1593.1
Time=1255721 X=-10154.5 Y=1426.57
Time=1256758 X=-9863.44 Y=1246.28
Time=1257832 X=-9513.71 Y=1029.66
Time=1258849 X=-9182.55 Y=824.528
Time=1259868 X=-8837.44 Y=670.185
Time=1260892 X=-8618.78 Y=961.332
Time=1261907 X=-8475.56 Y=1237.13
Time=1262915 X=-8416 Y=1436.12
Time=1263948 X=-8416 Y=1436.12
Time=1264974 X=-8416 Y=1436.12
Time=1266013 X=-8416 Y=1436.12
Time=1266996 X=-8416 Y=1436.12
Time=1268028 X=-8416 Y=1436.12
Time=1269024 X=-8416 Y=1436.12
Time=1270047 X=-8416 Y=1436.12
Time=1271056 X=-8416 Y=1436.12
Time=1272123 X=-8416 Y=1436.12
Time=1273136 X=-8416 Y=1436.12
Time=1274129 X=-8416 Y=1436.12
Time=1275151 X=-8416 Y=1436.12
Time=1276190 X=-8416 Y=1436.12
Time=1277217 X=-8416 Y=1436.12
Time=1278177 X=-8416 Y=1436.12
Time=1279249 X=-8416 Y=1436.12
Time=1280254 X=-8416 Y=1436.12
Time=1281283 X=-8416 Y=1436.12
Time=1282304 X=-8420.94 Y=1383.02
Time=1283315 X=-8470.07 Y=1275.33
Time=1284332 X=-8595.57 Y=1000.2
Time=1285315 X=-8767.72 Y=681.528
Time=1286364 X=-9102.86 Y=800.039
Time=1287381 X=-9413.11 Y=1035.6
Time=1288398 X=-9723.37 Y=1271.17
Time=1289376 X=-10007.1 Y=1486.58
Time=1290477 X=-10107.2 Y=1562.6
Time=1291500 X=-9795.12 Y=1325.65
Time=1292525 X=-9504.45 Y=1104.95
Time=1293557 X=-9216.94 Y=886.659
Time=1294566 X=-8904.73 Y=666.2
Time=1295568 X=-8680.39 Y=899.65
Time=1296602 X=-8677.27 Y=931.673
Time=1297606 X=-8641.63 Y=589.649
Time=1298628 X=-8629 Y=244
Time=1299648 X=-8510.6 Y=567.579
Time=1300677 X=-8388.04 Y=942.187
Time=1301702 X=-8270.86 Y=1300.34
Time=1302690 X=-8153.18 Y=1660.03
Time=1303727 X=-8029.35 Y=2037.65
Time=1304753 X=-7897.39 Y=2407.54
Time=1305643 X=-7760.76 Y=2719.87
Time=1306812 X=-7610.32 Y=3063.76
Time=1307803 X=-7458.19 Y=3411.53
Time=1308814 X=-7302.98 Y=3766.32
Time=1309852 X=-7314.21 Y=3686.72
Time=1310905 X=-7481.15 Y=3319.55
Time=1311883 X=-7636.21 Y=2978.53
Time=1312900 X=-7797.45 Y=2623.91
Time=1313947 X=-7957.08 Y=2256.26
Time=1314961 X=-8070.3 Y=1884.94
Time=1315983 X=-8139.53 Y=1499.64
Time=1316977 X=-8206.86 Y=1124.9
Time=1318039 X=-8278.8 Y=724.524
Time=1319024 X=-8345.52 Y=353.176
Time=1320044 X=-8414.61 Y=-31.3676
Time=1321064 X=-8479.01 Y=-389.812
Time=1322065 X=-8538.77 Y=-722.385
Time=1323083 X=-8607.72 Y=-1106.17
Time=1324056 X=-8673.63 Y=-1473
Time=1325097 X=-8744.15 Y=-1865.46
Time=1326115 X=-8687.85 Y=-2145.68
Time=1327125 X=-8442.56 Y=-2444.84
Time=1328164 X=-8153.01 Y=-2717.88
Time=1329162 X=-7874.34 Y=-2979.56
Time=1330188 X=-7631.91 Y=-3208.72
Time=1331179 X=-7356.58 Y=-3470.04
Time=1332220 X=-7067.37 Y=-3744.54
Time=1333235 X=-7013.19 Y=-3795.96
Time=1334253 X=-7013.19 Y=-3795.96
Time=1335273 X=-7013.19 Y=-3795.96
Time=1336294 X=-7013.19 Y=-3795.96
Time=1337325 X=-7013.19 Y=-3795.96
Time=1338339 X=-7013.19 Y=-3795.96
Time=1339379 X=-7013.19 Y=-3795.96
Time=1340388 X=-7013.19 Y=-3795.96
Time=1341402 X=-7013.19 Y=-3795.96
Time=1342410 X=-7013.19 Y=-3795.96
Time=1343422 X=-7013.19 Y=-3795.96
Time=1344432 X=-7013.19 Y=-3795.96
Time=1345448 X=-7013.19 Y=-3795.96
Time=1346473 X=-7013.19 Y=-3795.96
Time=1347481 X=-7013.19 Y=-3795.96
Time=1348504 X=-7093.88 Y=-3985.13
Time=1349509 X=-7218.35 Y=-4349.35
Time=1350551 X=-7334.38 Y=-4700.73
Time=1351594 X=-7361.11 Y=-4781.68
Time=1352580 X=-7361.11 Y=-4781.68
Time=1353576 X=-7361.11 Y=-4781.68
Time=1354615 X=-7361.11 Y=-4781.68
Time=1355623 X=-7361.11 Y=-4781.68
Time=1356635 X=-7361.11 Y=-4781.68
Time=1357663 X=-7361.11 Y=-4781.68
Time=1358687 X=-7361.11 Y=-4781.68
Time=1359702 X=-7361.11 Y=-4781.68
Time=1360723 X=-7361.11 Y=-4781.68
Time=1361751 X=-7361.11 Y=-4781.68
Time=1362766 X=-7361.11 Y=-4781.68
Time=1363795 X=-7361.11 Y=-4781.68
Time=1364794 X=-7361.11 Y=-4781.68
Time=1365825 X=-7361.11 Y=-4781.68
Time=1366849 X=-7116.12 Y=-4773.02
Time=1367865 X=-6727.19 Y=-4759.27
Time=1368873 X=-6600.47 Y=-4759.92
Time=1369861 X=-6978.07 Y=-4812.82
Time=1370900 X=-7351.58 Y=-4865.21
Time=1371880 X=-7351.58 Y=-4865.21
Time=1372857 X=-7227.16 Y=-4555.85
Time=1373918 X=-7084.81 Y=-4202.4
Time=1374935 X=-6939.81 Y=-3842.37
Time=1375974 X=-6947.02 Y=-3832.94
Time=1376978 X=-7099.85 Y=-3643.99
Time=1378040 X=-7158.31 Y=-3735.27
Time=1379060 X=-7369.03 Y=-4064.28
Time=1380103 X=-7584.49 Y=-4400.71
Time=1381141 X=-7798.92 Y=-4735.52
Time=1382165 X=-7986.99 Y=-5029.17
Time=1383193 X=-8180.5 Y=-5331.97
Time=1384150 X=-8378.47 Y=-5640.48
Time=1385230 X=-8602.43 Y=-5966.92
Time=1386249 X=-8823.85 Y=-6288.36
Time=1387261 X=-9069.02 Y=-6575.12
Time=1388265 X=-9412.42 Y=-6735.5
Time=1389294 X=-9240.11 Y=-6954.68
Time=1390294 X=-9071.64 Y=-7298.01
Time=1391293 X=-8958.88 Y=-7585.03
Time=1392344 X=-8841.6 Y=-7972.8
Time=1393357 X=-8955.77 Y=-8345.93
Time=1394354 X=-9071.55 Y=-8712.86
Time=1395363 X=-9212.41 Y=-9076.02
Time=1396378 X=-9088.13 Y=-9237.69
Time=1397408 X=-8701.04 Y=-9313.96
Time=1398426 X=-8318.46 Y=-9389.33
Time=1399466 X=-7947.01 Y=-9462.52
Time=1400481 X=-7660.2 Y=-9519.03
Time=1401469 X=-7381.03 Y=-9574.04
Time=1402551 X=-7033.62 Y=-9676.64
Time=1403551 X=-6661.13 Y=-9765.52
Time=1404601 X=-6265.03 Y=-9835.1
Time=1405589 X=-5888.4 Y=-9865.76
Time=1406563 X=-5620 Y=-9844
Time=1407581 X=-5620 Y=-9844
Time=1408590 X=-5620 Y=-9844
Time=1409585 X=-5620 Y=-9844
Time=1410657 X=-5620 Y=-9844
Time=1411679 X=-5620 Y=-9844
Time=1412698 X=-5620 Y=-9844
Time=1413720 X=-5620 Y=-9844
Time=1414737 X=-5620 Y=-9844
Time=1415754 X=-5620 Y=-9844
Time=1416768 X=-5620 Y=-9844
Time=1417789 X=-5620 Y=-9844
Time=1418818 X=-5620 Y=-9844
Time=1419841 X=-5620 Y=-9844
Time=1420841 X=-5620 Y=-9844
Time=1421865 X=-5620 Y=-9844
Time=1422870 X=-5620 Y=-9844
Time=1423911 X=-5620 Y=-9844
Time=1424921 X=-5620 Y=-9844
Time=1425937 X=-5620 Y=-9844
Time=1426930 X=-5454 Y=-10006
Time=1427959 X=-5549.9 Y=-9887.54
Time=1428954 X=-5318.55 Y=-9885.63
Time=1429963 X=-4937.15 Y=-9884.62
Time=1431032 X=-4524.62 Y=-9880.86
Time=1432034 X=-4140.36 Y=-9877.36
Time=1433021 X=-3762.31 Y=-9873.91
Time=1434058 X=-3365.12 Y=-9870.29
Time=1435056 X=-2982.86 Y=-9866.8
Time=1436088 X=-2601.3 Y=-9940.07
Time=1437051 X=-2367.71 Y=-9892.3
Time=1438111 X=-2321.89 Y=-9530.89
Time=1439102 X=-2162.41 Y=-9560.69
Time=1440075 X=-2178.33 Y=-9280.92
Time=1441126 X=-2083.56 Y=-9312.06
Time=1442133 X=-1993.1 Y=-9377.96
Time=1443106 X=-2076.44 Y=-9110.41
Time=1444173 X=-2036.6 Y=-9129.43
Time=1445236 X=-2170.76 Y=-8781.54
Time=1446236 X=-2019.71 Y=-9049.43
Time=1447238 X=-1834.64 Y=-9385.58
Time=1448240 X=-1641.2 Y=-9717.08
Time=1449256 X=-1445.06 Y=-10053.2
Time=1450272 X=-1415.91 Y=-10103.2
Time=1451204 X=-1415.91 Y=-10103.2
Time=1452307 X=-1415.91 Y=-10103.2
Time=1453330 X=-1415.91 Y=-10103.2
Time=1454338 X=-1415.91 Y=-10103.2
Time=1455330 X=-1415.91 Y=-10103.2
Time=1456375 X=-1415.91 Y=-10103.2
Time=1457392 X=-1415.91 Y=-10103.2
Time=1458343 X=-1415.91 Y=-10103.2
Time=1459443 X=-1415.91 Y=-10103.2
Time=1460447 X=-1404.5 Y=-10113.9
Time=1461484 X=-1790.77 Y=-10021.4
Time=1462504 X=-2170.72 Y=-9930.35
Time=1463544 X=-2456 Y=-9862
Time=1464503 X=-2239.57 Y=-9920.04
Time=1465945 X=-1706.1 Y=-10063.2
Time=1466941 X=-1354.1 Y=-10157.6
Time=1468008 X=-1354.1 Y=-10157.6
Time=1468971 X=-1366.51 Y=-10348.7
Time=1469994 X=-1244.8 Y=-10343.8
Time=1471047 X=-1170.4 Y=-10340.8
Time=1472055 X=-1146.27 Y=-10358.1
Time=1473042 X=-978.068 Y=-10485
Time=1474093 X=-656.652 Y=-10727.4
Time=1475086 X=-436.442 Y=-10860.4
Time=1476078 X=-167.172 Y=-11127.7
Time=1477158 X=188.237 Y=-11339.4
Time=1478106 X=504.521 Y=-11517.3
Time=1479195 X=858.109 Y=-11668.2
Time=1480221 X=1194.73 Y=-11806.8
Time=1481230 X=1552.13 Y=-11953.9
Time=1482270 X=1920.51 Y=-12105.5
Time=1483224 X=2045.55 Y=-12156.9
Time=1484310 X=2045.55 Y=-12156.9
Time=1485321 X=2045.55 Y=-12156.9
Time=1486344 X=2045.55 Y=-12156.9
Time=1487353 X=2045.55 Y=-12156.9
Time=1488400 X=2045.55 Y=-12156.9
Time=1489382 X=2045.55 Y=-12156.9
Time=1490363 X=2045.55 Y=-12156.9
Time=1491422 X=2045.55 Y=-12156.9
Time=1492461 X=2045.55 Y=-12156.9
Time=1493448 X=2045.55 Y=-12156.9
Time=1494493 X=2045.55 Y=-12156.9
Time=1495548 X=2045.55 Y=-12156.9
Time=1496510 X=1769.41 Y=-12249.6
Time=1497607 X=1504.38 Y=-12158.2
Time=1498607 X=1783.82 Y=-12160.7
Time=1499622 X=2157.84 Y=-12266.8
Time=1500645 X=2308.55 Y=-12309.6
Time=1501636 X=2308.55 Y=-12309.6
Time=1502621 X=2308.55 Y=-12309.6
Time=1503656 X=2308.55 Y=-12309.6
Time=1504674 X=2308.55 Y=-12309.6
Time=1505685 X=2308.55 Y=-12309.6
Time=1506701 X=2308.55 Y=-12309.6
Time=1507724 X=2308.55 Y=-12309.6
Time=1508732 X=2308.55 Y=-12309.6
Time=1509726 X=2308.55 Y=-12309.6
Time=1510776 X=2308.55 Y=-12309.6
Time=1511826 X=2125.66 Y=-12331
Time=1512858 X=1733.03 Y=-12376.9
Time=1513881 X=1343.84 Y=-12422.4
Time=1514926 X=1179.55 Y=-12381.8
Time=1515966 X=1561.67 Y=-12269.2
Time=1516958 X=1926.16 Y=-12161.8
Time=1517971 X=2298.36 Y=-12052.1
Time=1519029 X=2415.67 Y=-11949.5
Time=1520044 X=2436.64 Y=-11810.5
Time=1521056 X=2494.45 Y=-11427.2
Time=1522092 X=2555.75 Y=-11044.8
Time=1523077 X=2560.13 Y=-10667.6
Time=1524121 X=2532 Y=-10269.4
Time=1525088 X=2430.4 Y=-9913.84
Time=1526176 X=2244.85 Y=-9541.07
Time=1527157 X=2065.67 Y=-9210.78
Time=1528234 X=1893.15 Y=-8892.78
Time=1529184 X=1762.69 Y=-8652.29
Time=1530308 X=1723.27 Y=-8579.64
Time=1531308 X=1723.27 Y=-8579.64
Time=1532285 X=1723.27 Y=-8579.64
Time=1533332 X=1723.27 Y=-8579.64
Time=1534347 X=1723.27 Y=-8579.64
Time=1535376 X=1723.27 Y=-8579.64
Time=1536422 X=1723.27 Y=-8579.64
Time=1537455 X=1723.27 Y=-8579.64
Time=1538465 X=1723.27 Y=-8579.64
Time=1539499 X=1723.27 Y=-8579.64
Time=1540498 X=1723.27 Y=-8579.64
Time=1541512 X=1723.27 Y=-8579.64
Time=1542511 X=1723.27 Y=-8579.64
Time=1543527 X=1723.27 Y=-8579.64
Time=1544572 X=1723.27 Y=-8579.64
Time=1545601 X=1729.54 Y=-8559.39
Time=1546623 X=2018.61 Y=-8614.82
Time=1547636 X=2358.13 Y=-8707.41
Time=1548644 X=2241.41 Y=-9075.45
Time=1549673 X=2148 Y=-9370
Time=1550696 X=2148 Y=-9370
Time=1551715 X=2148 Y=-9370
Time=1552736 X=2148 Y=-9370
Time=1553771 X=2435.08 Y=-9139.67
Time=1554787 X=2801.97 Y=-9033.49
Time=1555803 X=3144.67 Y=-8934.32
Time=1556824 X=3321.36 Y=-8873.96
Time=1557858 X=2925.82 Y=-8894.33
Time=1558863 X=2541.38 Y=-8914.12
Time=1559893 X=2147.37 Y=-8934.41
Time=1560895 X=1910.61 Y=-8946.6
Time=1561891 X=1896.07 Y=-8856.65
Time=1562908 X=1833.92 Y=-8472.09
Time=1563935 X=1771.15 Y=-8083.75
Time=1564980 X=1579.86 Y=-7753.38
Time=1565980 X=1262.54 Y=-7538.83
Time=1566992 X=944.274 Y=-7317.71
Time=1568030 X=660.508 Y=-7040.48
Time=1569027 X=373.128 Y=-6786.5
Time=1570050 X=152.406 Y=-6591.43
Time=1571057 X=152.406 Y=-6591.43
Time=1572127 X=152.406 Y=-6591.43
Time=1573130 X=152.406 Y=-6591.43
Time=1574155 X=152.406 Y=-6591.43
Time=1575177 X=152.406 Y=-6591.43
Time=1576200 X=152.406 Y=-6591.43
Time=1577198 X=152.406 Y=-6591.43
Time=1578163 X=152.406 Y=-6591.43
Time=1579265 X=152.406 Y=-6591.43
Time=1580281 X=152.406 Y=-6591.43
Time=1581297 X=152.406 Y=-6591.43
Time=1582309 X=152.406 Y=-6591.43
Time=1583328 X=152.406 Y=-6591.43
Time=1584352 X=152.406 Y=-6591.43
Time=1585320 X=152.406 Y=-6591.43
Time=1586367 X=152.406 Y=-6591.43
Time=1587416 X=152.406 Y=-6591.43
Time=1588445 X=152.406 Y=-6591.43
Time=1589328 X=152.406 Y=-6591.43
Time=1590475 X=152.406 Y=-6591.43
Time=1591536 X=152.406 Y=-6591.43
Time=1592514 X=152.406 Y=-6591.43
Time=1593542 X=152.406 Y=-6591.43
Time=1594554 X=152.406 Y=-6591.43
Time=1595547 X=152.406 Y=-6591.43
Time=1596595 X=152.406 Y=-6591.43
Time=1597613 X=152.406 Y=-6591.43
Time=1598635 X=152.406 Y=-6591.43
Time=1599636 X=152.406 Y=-6591.43
Time=1600659 X=152.406 Y=-6591.43
Time=1601663 X=152.406 Y=-6591.43
Time=1602681 X=152.406 Y=-6591.43
Time=1603712 X=152.406 Y=-6591.43
Time=1604754 X=152.406 Y=-6591.43
Time=1605749 X=152.406 Y=-6591.43
Time=1606779 X=152.406 Y=-6591.43
Time=1607804 X=152.406 Y=-6591.43
Time=1608824 X=152.406 Y=-6591.43
Time=1609824 X=152.406 Y=-6591.43
Time=1610854 X=152.406 Y=-6591.43
Time=1611851 X=152.406 Y=-6591.43
Time=1612844 X=152.406 Y=-6591.43
Time=1613890 X=152.406 Y=-6591.43
Time=1614912 X=152.406 Y=-6591.43
Time=1615936 X=152.406 Y=-6591.43
Time=1616959 X=152.406 Y=-6591.43
Time=1618021 X=152.406 Y=-6591.43
Time=1619004 X=152.406 Y=-6591.43
Time=1620047 X=152.406 Y=-6591.43
Time=1621063 X=152.406 Y=-6591.43
Time=1622093 X=152.406 Y=-6591.43
Time=1623107 X=152.406 Y=-6591.43
Time=1624112 X=152.406 Y=-6591.43
Time=1625172 X=152.406 Y=-6591.43
Time=1626200 X=152.406 Y=-6591.43
Time=1627209 X=152.406 Y=-6591.43
Time=1628247 X=152.406 Y=-6591.43
Time=1629263 X=152.406 Y=-6591.43
Time=1630308 X=152.406 Y=-6591.43
Time=1631332 X=152.406 Y=-6591.43
Time=1632362 X=152.406 Y=-6591.43
Time=1633385 X=152.406 Y=-6591.43
Time=1634416 X=152.406 Y=-6591.43
Time=1635440 X=-2318.12 Y=-8290.09
Time=1636471 X=-1967.64 Y=-8212.17
Time=1637500 X=-1630.16 Y=-8040.36
Time=1638530 X=-1261.77 Y=-7957.99
Time=1639532 X=-880.848 Y=-7911.05
Time=1640555 X=-537.152 Y=-7828.24
Time=1641595 X=-140.971 Y=-7786.61
Time=1642611 X=246.066 Y=-7745.94
Time=1643625 X=632.342 Y=-7705.35
Time=1644660 X=633.254 Y=-7458.64
Time=1645709 X=562.65 Y=-7164.89
Time=1646712 X=489.434 Y=-6860.28
Time=1647750 X=454.254 Y=-6713.91
Time=1648768 X=454.254 Y=-6713.91
Time=1649743 X=454.254 Y=-6713.91
Time=1650838 X=454.254 Y=-6713.91
Time=1651846 X=454.254 Y=-6713.91
Time=1652849 X=454.254 Y=-6713.91
Time=1653878 X=454.254 Y=-6713.91
Time=1654904 X=454.254 Y=-6713.91
Time=1655923 X=454.254 Y=-6713.91
Time=1656928 X=454.254 Y=-6713.91
Time=1657932 X=454.254 Y=-6713.91
Time=1658941 X=454.254 Y=-6713.91
Time=1659970 X=454.254 Y=-6713.91
Time=1660980 X=454.254 Y=-6713.91
Time=1662017 X=454.254 Y=-6713.91
Time=1663015 X=454.254 Y=-6713.91
Time=1664075 X=454.254 Y=-6713.91
Time=1665063 X=454.254 Y=-6713.91
Time=1666074 X=454.254 Y=-6713.91
Time=1667085 X=454.254 Y=-6713.91
Time=1668119 X=454.254 Y=-6713.91
Time=1669105 X=454.254 Y=-6713.91
Time=1670083 X=454.254 Y=-6713.91
Time=1671147 X=454.254 Y=-6713.91
Time=1672165 X=454.254 Y=-6713.91
Time=1673167 X=454.254 Y=-6713.91
Time=1674199 X=454.254 Y=-6713.91
Time=1675198 X=454.254 Y=-6713.91
Time=1676213 X=454.254 Y=-6713.91
Time=1677172 X=454.254 Y=-6713.91
Time=1678248 X=454.254 Y=-6713.91
Time=1679246 X=454.254 Y=-6713.91
Time=1680274 X=454.254 Y=-6713.91
Time=1681284 X=454.254 Y=-6713.91
Time=1682299 X=454.254 Y=-6713.91
Time=1683312 X=454.254 Y=-6713.91
Time=1684312 X=454.254 Y=-6713.91
Time=1685346 X=454.254 Y=-6713.91
Time=1686361 X=454.254 Y=-6713.91
Time=1687374 X=454.254 Y=-6713.91
Time=1688369 X=454.254 Y=-6713.91
Time=1689369 X=454.254 Y=-6713.91
Time=1690379 X=454.254 Y=-6713.91
Time=1691411 X=454.254 Y=-6713.91
Time=1692417 X=454.254 Y=-6713.91
Time=1693433 X=454.254 Y=-6713.91
Time=1694438 X=454.254 Y=-6713.91
Time=1695454 X=454.254 Y=-6713.91
Time=1696463 X=-2311.74 Y=-8364.43
Time=1697483 X=-2311.74 Y=-8364.43
Time=1698513 X=-2038.94 Y=-8206
Time=1699518 X=-1705.8 Y=-8012.49
Time=1700524 X=-1372.6 Y=-7818.94
Time=1701546 X=-1099.54 Y=-7735.09
Time=1702551 X=-1059.76 Y=-7935.47
Time=1703553 X=-1037.45 Y=-7865.71
Time=1704571 X=-1129.26 Y=-7896.48
Time=1705602 X=-1194.93 Y=-7792.03
Time=1706597 X=-1340.44 Y=-7741.09
Time=1707619 X=-1526.13 Y=-7795.51
Time=1708651 X=-1599.78 Y=-7928.76
Time=1709654 X=-1597.82 Y=-8124.44
Time=1710655 X=-1616.09 Y=-8335.12
Time=1711701 X=-1609.95 Y=-8570.6
Time=1712717 X=-1318.54 Y=-8312.66
Time=1713746 X=-1023.41 Y=-8051.41
Time=1714750 X=-756.081 Y=-7814.78
Time=1715774 X=-573.22 Y=-7619.49
Time=1716792 X=-349.842 Y=-7429.6
Time=1717784 X=-97.9196 Y=-7215.44
Time=1718791 X=-215.676 Y=-7162.81
Time=1719798 X=-327.489 Y=-7139.49
Time=1720803 X=-149.207 Y=-7121.46
Time=1721812 X=-220.72 Y=-7314.49
Time=1722813 X=-258.676 Y=-7431.03
Time=1723836 X=-330.921 Y=-7581.49
Time=1724855 X=-330.73 Y=-7632.01
Time=1725835 X=-455.28 Y=-7840.25
Time=1726873 X=-488.172 Y=-7966.44
Time=1727880 X=-573.97 Y=-8113.28
Time=1728896 X=-454.376 Y=-7956.59
Time=1729933 X=-222.188 Y=-7634.31
Time=1730965 X=8.88 Y=-7313.58
Time=1731961 X=195.444 Y=-7054.63
Time=1732968 X=296.447 Y=-6916.19
Time=1734002 X=357.149 Y=-6833.21
Time=1735008 X=357.149 Y=-6833.21
Time=1736064 X=357.149 Y=-6833.21
Time=1737070 X=357.149 Y=-6833.21
Time=1738159 X=357.149 Y=-6833.21
Time=1739184 X=357.149 Y=-6833.21
Time=1740209 X=357.149 Y=-6833.21
Time=1741201 X=357.149 Y=-6833.21
Time=1742276 X=357.149 Y=-6833.21
Time=1743290 X=357.149 Y=-6833.21
Time=1744288 X=357.149 Y=-6833.21
Time=1745315 X=357.149 Y=-6833.21
Time=1746352 X=357.149 Y=-6833.21
Time=1747383 X=357.149 Y=-6833.21
Time=1748429 X=357.149 Y=-6833.21
Time=1749445 X=357.149 Y=-6833.21
Time=1750470 X=357.149 Y=-6833.21
Time=1751604 X=357.149 Y=-6833.21
Time=1752596 X=357.149 Y=-6833.21
Time=1753613 X=357.149 Y=-6833.21
Time=1754644 X=357.149 Y=-6833.21
Time=1755669 X=357.149 Y=-6833.21
Time=1756682 X=357.149 Y=-6833.21
Time=1757706 X=357.149 Y=-6833.21
Time=1758749 X=357.149 Y=-6833.21
Time=1759750 X=357.149 Y=-6833.21
Time=1760765 X=357.149 Y=-6833.21
Time=1761783 X=357.149 Y=-6833.21
Time=1762812 X=357.149 Y=-6833.21
Time=1763828 X=357.149 Y=-6833.21
Time=1764849 X=357.149 Y=-6833.21
Time=1765861 X=357.149 Y=-6833.21
Time=1766884 X=357.149 Y=-6833.21
Time=1767903 X=357.149 Y=-6833.21
Time=1768935 X=357.149 Y=-6833.21
Time=1769949 X=357.149 Y=-6833.21
Time=1770987 X=357.149 Y=-6833.21
Time=1772021 X=357.149 Y=-6833.21
Time=1773042 X=357.149 Y=-6833.21
Time=1774087 X=357.149 Y=-6833.21
Time=1775125 X=357.149 Y=-6833.21
Time=1776161 X=357.149 Y=-6833.21
Time=1777157 X=357.149 Y=-6833.21
Time=1778225 X=357.149 Y=-6833.21
Time=1779210 X=357.149 Y=-6833.21
Time=1780236 X=357.149 Y=-6833.21
Time=1781237 X=357.149 Y=-6833.21
Time=1782258 X=357.149 Y=-6833.21
Time=1783239 X=357.149 Y=-6833.21
Time=1784279 X=357.149 Y=-6833.21
Time=1785297 X=357.149 Y=-6833.21
Time=1786326 X=357.149 Y=-6833.21
Time=1787332 X=357.149 Y=-6833.21
Time=1788326 X=357.149 Y=-6833.21
Time=1789344 X=357.149 Y=-6833.21
Time=1790323 X=357.149 Y=-6833.21
Time=1791372 X=357.149 Y=-6833.21
Time=1792387 X=357.149 Y=-6833.21
Time=1793389 X=357.149 Y=-6833.21
Time=1794404 X=-2114.01 Y=-8225.1
Time=1795420 X=-1827.63 Y=-8004.36
Time=1796439 X=-1509.49 Y=-7778.22
Time=1797453 X=-1192.92 Y=-7553.2
Time=1798486 X=-870.413 Y=-7323.95
Time=1799494 X=-555.713 Y=-7100.25
Time=1800506 X=-239.764 Y=-6875.67
Time=1801502 X=55.945 Y=-6665.47
Time=1802519 X=55.945 Y=-6665.47
Time=1803541 X=55.945 Y=-6665.47
Time=1804566 X=55.945 Y=-6665.47
Time=1805546 X=55.945 Y=-6665.47
Time=1806548 X=55.945 Y=-6665.47
Time=1807592 X=55.945 Y=-6665.47
Time=1808604 X=55.945 Y=-6665.47
Time=1809627 X=55.945 Y=-6665.47
Time=1810649 X=55.945 Y=-6665.47
Time=1811698 X=55.945 Y=-6665.47
Time=1812693 X=55.945 Y=-6665.47
Time=1813705 X=55.945 Y=-6665.47
Time=1814701 X=55.945 Y=-6665.47
Time=1815730 X=55.945 Y=-6665.47
Time=1816743 X=55.945 Y=-6665.47
Time=1817779 X=55.945 Y=-6665.47
Time=1818805 X=55.945 Y=-6665.47
Time=1819809 X=55.945 Y=-6665.47
Time=1820804 X=55.945 Y=-6665.47
Time=1821818 X=55.945 Y=-6665.47
Time=1822838 X=55.945 Y=-6665.47
Time=1823869 X=55.945 Y=-6665.47
Time=1824897 X=55.945 Y=-6665.47
Time=1825930 X=55.945 Y=-6665.47
Time=1826925 X=55.945 Y=-6665.47
Time=1827939 X=55.945 Y=-6665.47
Time=1828944 X=163.888 Y=-6318.19
Time=1829966 X=244.797 Y=-6058.29
Time=1830981 X=244.797 Y=-6058.29
Time=1831985 X=244.797 Y=-6058.29
Time=1833012 X=244.797 Y=-6058.29
Time=1834046 X=244.797 Y=-6058.29
Time=1835039 X=486.504 Y=-6295.87
Time=1836069 X=754.974 Y=-6584.97
Time=1837128 X=1031 Y=-6882.21
Time=1838095 X=1283.05 Y=-7153.63
Time=1839164 X=1546.04 Y=-7436.82
Time=1840205 X=1668.07 Y=-7485.92
Time=1841203 X=1585.59 Y=-7112.65
Time=1842211 X=1502.28 Y=-6735.64
Time=1843192 X=1421.2 Y=-6368.73
Time=1844258 X=1159.33 Y=-6256.97
Time=1845272 X=775.492 Y=-6197.57
Time=1846274 X=396.201 Y=-6138.87
Time=1847308 X=55.8903 Y=-6086.2
Time=1848322 X=-321.46 Y=-6027.81
Time=1849331 X=-695 Y=-5970
Time=1850342 X=-491.277 Y=-6182.79
Time=1851370 X=-233.136 Y=-6484.05
Time=1852396 X=24.504 Y=-6784.71
Time=1853420 X=281.641 Y=-7084.8
Time=1854439 X=537.523 Y=-7383.41
Time=1855442 X=789.329 Y=-7677.27
Time=1856452 X=1001.48 Y=-7924.85
Time=1857469 X=1124.37 Y=-8167.05
Time=1858488 X=1165.63 Y=-8555.18
Time=1859486 X=1206.05 Y=-8935.31
Time=1860508 X=1247.44 Y=-9324.58
Time=1861539 X=1289.19 Y=-9717.28
Time=1862546 X=1329.97 Y=-10100.8
Time=1863569 X=1277.75 Y=-10481.3
Time=1864583 X=1106.76 Y=-10774
Time=1865592 X=955.595 Y=-11022.2
Time=1866595 X=805.326 Y=-11268.9
Time=1867628 X=650.562 Y=-11523
Time=1868667 X=443.531 Y=-11862.8
Time=1869704 X=236.898 Y=-12202.1
Time=1870728 X=32.856 Y=-12537.1
Time=1871749 X=253.783 Y=-12582.5
Time=1872779 X=648.077 Y=-12596.2
Time=1873805 X=1040.84 Y=-12609.8
Time=1874822 X=1430.16 Y=-12623.3
Time=1875844 X=1799.92 Y=-12636.1
Time=1876871 X=2157.64 Y=-12648.5
Time=1877897 X=2550.4 Y=-12662.1
Time=1878930 X=2945.84 Y=-12675.9
Time=1879948 X=3335.55 Y=-12689.4
Time=1880982 X=3731.37 Y=-12703.1
Time=1882011 X=4125.28 Y=-12716.8
Time=1883025 X=4301.62 Y=-12936.9
Time=1884040 X=4534.95 Y=-13248.3
Time=1885059 X=4756.27 Y=-13541.8
Time=1886134 X=4940.93 Y=-13781.4
Time=1887133 X=4711.5 Y=-13475.8
Time=1888158 X=4473.02 Y=-13163.9
Time=1889165 X=4381.78 Y=-12822.3
Time=1890291 X=4510.06 Y=-12414.5
Time=1891276 X=4699.19 Y=-12091.3
Time=1892311 X=4963.35 Y=-11795.7
Time=1893340 X=5190.37 Y=-11537.5
Time=1894365 X=5467.4 Y=-11259.4
Time=1895378 X=5743.84 Y=-10987.3
Time=1896406 X=5993.83 Y=-10683.4
Time=1897443 X=6153 Y=-10450
Time=1898469 X=6153 Y=-10450
Time=1899493 X=6153 Y=-10450
Time=1900512 X=6153 Y=-10450
Time=1901324 X=6153 Y=-10450
Time=1902677 X=6153 Y=-10450
Time=1903740 X=6153 Y=-10450
Time=1904701 X=6153 Y=-10450
Time=1905747 X=6153 Y=-10450
Time=1906749 X=6153 Y=-10450
Time=1907768 X=6153 Y=-10450
Time=1908754 X=6153 Y=-10450
Time=1909795 X=6153 Y=-10450
Time=1910798 X=6153 Y=-10450
Time=1911828 X=6153 Y=-10450
Time=1912836 X=6169.72 Y=-10387.9
Time=1913850 X=6434.67 Y=-10103.9
Time=1914870 X=6679 Y=-9842
Time=1915875 X=6496.6 Y=-10069.9
Time=1916898 X=6251.76 Y=-10375.8
Time=1917933 X=6049.25 Y=-10628.9
Time=1918926 X=5906.84 Y=-10806.8
Time=1919932 X=6010.15 Y=-10716.3
Time=1920979 X=6319.01 Y=-10516
Time=1922013 X=6669.65 Y=-10331.8
Time=1923021 X=7011.48 Y=-10152.3
Time=1924030 X=7354.64 Y=-9974.43
Time=1925091 X=7728.11 Y=-9814.16
Time=1926116 X=8084.46 Y=-9661.25
Time=1927173 X=8456.52 Y=-9501.58
Time=1928157 X=8802.88 Y=-9352.95
Time=1929152 X=9153.12 Y=-9202.65
Time=1930176 X=9513.57 Y=-9047.98
Time=1931185 X=9713.07 Y=-8921.34
Time=1932273 X=10038.4 Y=-8691.64
Time=1933216 X=10335.7 Y=-8481.76
Time=1934275 X=10658.2 Y=-8233
Time=1935307 X=10929.4 Y=-7941.38
Time=1936303 X=11200.1 Y=-7668.5
Time=1937318 X=11481.2 Y=-7396.03
Time=1938269 X=11650.2 Y=-7132.86
Time=1939389 X=11953.5 Y=-6824.95
Time=1940313 X=12154.6 Y=-6620.66
Time=1941356 X=12366 Y=-6428
Time=1942439 X=12366 Y=-6428
Time=1943440 X=12366 Y=-6428
Time=1944448 X=12366 Y=-6428
Time=1945478 X=12366 Y=-6428
Time=1946520 X=12366 Y=-6428
Time=1947564 X=12366 Y=-6428
Time=1948553 X=12366 Y=-6428
Time=1949578 X=12366 Y=-6428
Time=1950742 X=12366 Y=-6428
Time=1951737 X=12366 Y=-6428
Time=1952717 X=12366 Y=-6428
Time=1953753 X=12366 Y=-6428
Time=1954772 X=12350 Y=-6419.7
Time=1955790 X=12287.2 Y=-6797
Time=1956850 X=12302 Y=-7007
Time=1957845 X=12302 Y=-7007
Time=1958865 X=12302 Y=-7007
Time=1959891 X=12302 Y=-7007
Time=1960878 X=12302 Y=-7007
Time=1961931 X=12302 Y=-7007
Time=1962927 X=12302 Y=-7007
Time=1963964 X=12302 Y=-7007
Time=1964998 X=12302 Y=-7007
Time=1966016 X=12251 Y=-7014.42
Time=1967066 X=11855.8 Y=-7088.91
Time=1968024 X=11841.8 Y=-7091.58
Time=1969122 X=11841.8 Y=-7091.58
Time=1970082 X=11841.8 Y=-7091.58
Time=1971214 X=11841.8 Y=-7091.58
Time=1972224 X=11841.8 Y=-7091.58
Time=1973241 X=11841.8 Y=-7091.58
Time=1974270 X=11841.8 Y=-7091.58
Time=1975310 X=11841.8 Y=-7091.58
Time=1976323 X=11841.8 Y=-7091.58
Time=1977298 X=11841.8 Y=-7091.58
Time=1978404 X=11841.8 Y=-7091.58
Time=1979404 X=11841.8 Y=-7091.58
Time=1980424 X=11911.9 Y=-6928.51
Time=1981414 X=11996.4 Y=-6812.39
Time=1982408 X=11996.4 Y=-6812.39
Time=1983472 X=12170.9 Y=-6917.75
Time=1984536 X=12500.8 Y=-7121.64
Time=1985566 X=12715.5 Y=-7287.07
Time=1986556 X=12842 Y=-7295.2
Time=1987580 X=12891.7 Y=-7298.6
Time=1988591 X=12623.9 Y=-7161.13
Time=1989630 X=12326 Y=-7008.1
Time=1990634 X=12100.7 Y=-6892.43
Time=1991669 X=12191.9 Y=-6809.98
Time=1992663 X=12474.3 Y=-6554.5
Time=1993712 X=12655.1 Y=-6390.83
Time=1994706 X=12643.8 Y=-6361.86
Time=1995732 X=12652.9 Y=-6407.89
Time=1996762 X=12776 Y=-6770.45
Time=1997813 X=12862.7 Y=-7166.6
Time=1998759 X=12999.6 Y=-7458.33
Time=1999909 X=13314.2 Y=-7549.36
Time=2000890 X=13284.4 Y=-7926.72
Time=2001930 X=13275.7 Y=-8327.97
Time=2002955 X=13565.8 Y=-8396.99
Time=2003948 X=13622.5 Y=-8631.56
Time=2004958 X=13539.9 Y=-8802.42
Time=2006062 X=13539.9 Y=-8802.42
Time=2007027 X=13539.9 Y=-8802.42
Time=2008089 X=13493.2 Y=-8708.8
Time=2009060 X=13372.5 Y=-8456.52
Time=2010080 X=13353.3 Y=-8416.25
Time=2011133 X=13353.3 Y=-8416.25
Time=2012232 X=13353.3 Y=-8416.25
Time=2013209 X=13353.3 Y=-8416.25
Time=2014260 X=13353.3 Y=-8416.25
Time=2015303 X=13353.3 Y=-8416.25
Time=2016288 X=13353.3 Y=-8416.25
Time=2017342 X=13466 Y=-8101.48
Time=2018360 X=13478 Y=-8052
Time=2019417 X=13503.7 Y=-8253.3
Time=2020444 X=13573 Y=-8640.52
Time=2021466 X=13642 Y=-9025.86
Time=2022498 X=13666 Y=-9160
Time=2023534 X=13666 Y=-9160
Time=2024558 X=13666 Y=-9160
Time=2025506 X=13801.5 Y=-9300.29
Time=2026638 X=13837.4 Y=-9133.5
Time=2027629 X=13693.6 Y=-8886.96
Time=2028637 X=13514.5 Y=-8579.86
Time=2029677 X=13382.5 Y=-8353.44
Time=2030713 X=13449.5 Y=-8399.32
Time=2031730 X=13771.8 Y=-8618.08
Time=2032766 X=14100.1 Y=-8840.93
Time=2033818 X=14433.5 Y=-9067.22
Time=2034824 X=14752.4 Y=-9283.61
Time=2035814 X=15066.2 Y=-9496.57
Time=2036814 X=15296.1 Y=-9652.63
Time=2037882 X=15296.1 Y=-9652.63
Time=2038850 X=15296.1 Y=-9652.63
Time=2039884 X=15296.1 Y=-9652.63
Time=2040898 X=15296.1 Y=-9652.63
Time=2041930 X=15296.1 Y=-9652.63
Time=2042949 X=15296.1 Y=-9652.63
Time=2044009 X=15296.1 Y=-9652.63
Time=2045011 X=15271.8 Y=-9680.23
Time=2046043 X=15010.7 Y=-9976.98
Time=2047027 X=14985.3 Y=-10005.7
Time=2048077 X=14985.3 Y=-10005.7
Time=2049080 X=14985.3 Y=-10005.7
Time=2050128 X=14985.3 Y=-10005.7
Time=2051162 X=14985.3 Y=-10005.7
Time=2052230 X=14985.3 Y=-10005.7
Time=2053275 X=14985.3 Y=-10005.7
Time=2054298 X=14985.3 Y=-10005.7
Time=2055312 X=14935.2 Y=-9944.45
Time=2056374 X=14721.3 Y=-9726.22
Time=2057410 X=14491.5 Y=-9536.2
Time=2058410 X=14300 Y=-9387
Time=2059499 X=14300 Y=-9387
Time=2060497 X=14591 Y=-9558.24
Time=2061540 X=14691.5 Y=-9617.39
Time=2062573 X=14691.5 Y=-9617.39
Time=2063609 X=14691.5 Y=-9617.39
Time=2064637 X=14691.5 Y=-9617.39
Time=2065650 X=14691.5 Y=-9617.39
Time=2066709 X=14403.6 Y=-9425.1
Time=2067731 X=14218 Y=-9397.43
Time=2068767 X=14218 Y=-9397.43
Time=2069780 X=14218 Y=-9397.43
Time=2070855 X=14218 Y=-9397.43
Time=2071866 X=14218 Y=-9397.43
Time=2072905 X=14218 Y=-9397.43
Time=2073931 X=14515.8 Y=-9513.88
Time=2074941 X=14880.7 Y=-9642.38
Time=2075999 X=15263.1 Y=-9776.48
Time=2077067 X=15648.5 Y=-9913.83
Time=2078059 X=15960.3 Y=-10041.3
Time=2079099 X=16077 Y=-10038
Time=2080114 X=16077 Y=-10038
Time=2081140 X=16077 Y=-10038
Time=2082193 X=16077 Y=-10038
Time=2083159 X=16077 Y=-10038
Time=2084259 X=16077 Y=-10038
Time=2085286 X=16077 Y=-10038
Time=2086314 X=16077 Y=-10038
Time=2087327 X=16077 Y=-10038
Time=2088365 X=16053 Y=-10030.8
Time=2089424 X=16053 Y=-10030.8
Time=2090364 X=16053 Y=-10030.8
Time=2091468 X=16053 Y=-10030.8
Time=2092469 X=16053 Y=-10030.8
Time=2093477 X=15889.2 Y=-10050.3
Time=2094479 X=15512.6 Y=-10124.1
Time=2095522 X=15120.5 Y=-10200.8
Time=2096544 X=14901.8 Y=-10200.5
Time=2097562 X=14814 Y=-10148.1
Time=2098583 X=14806.8 Y=-9882.6
Time=2099604 X=14780 Y=-9649.23
Time=2100601 X=14671.2 Y=-9550.32
Time=2101612 X=14384.8 Y=-9289.65
Time=2102645 X=14236.7 Y=-9154.89
Time=2103668 X=14417 Y=-9250.01
Time=2104699 X=14766.2 Y=-9434.35
Time=2105719 X=15111.7 Y=-9616.73
Time=2106734 X=15455.6 Y=-9798.21
Time=2107761 X=15716.9 Y=-9936.16
Time=2108741 X=15742.2 Y=-9975.71
Time=2109773 X=15955.3 Y=-10308.7
Time=2110791 X=16165.4 Y=-10637.1
Time=2111845 X=16383 Y=-10977.2
Time=2112861 X=16512.1 Y=-11339
Time=2113888 X=16599.6 Y=-11722.6
Time=2114881 X=16672.3 Y=-12095.9
Time=2115884 X=16771.2 Y=-12466.2
Time=2116912 X=16962.4 Y=-12791.1
Time=2117957 X=17174.6 Y=-12945.3
Time=2118972 X=17378 Y=-13094.5
Time=2119968 X=17576.4 Y=-13301.7
Time=2120983 X=17778.5 Y=-13512.8
Time=2122013 X=17793 Y=-13528
Time=2123033 X=17793 Y=-13528
Time=2124029 X=17793 Y=-13528
Time=2125042 X=17793 Y=-13528
Time=2126122 X=17723.4 Y=-13417.8
Time=2127114 X=17527.5 Y=-13097.4
Time=2128137 X=17462.8 Y=-13029.4
Time=2129120 X=17462.8 Y=-13029.4
Time=2130249 X=17462.8 Y=-13029.4
Time=2131244 X=17462.8 Y=-13029.4
Time=2132211 X=17462.8 Y=-13029.4
Time=2133246 X=17462.8 Y=-13029.4
Time=2134287 X=17462.8 Y=-13029.4
Time=2135302 X=17462.8 Y=-13029.4
Time=2136327 X=17462.8 Y=-13029.4
Time=2137345 X=17462.8 Y=-13029.4
Time=2138373 X=17462.8 Y=-13029.4
Time=2139389 X=17452.2 Y=-13021.5
Time=2140437 X=17720.4 Y=-12804.4
Time=2141474 X=18019.3 Y=-12576.2
Time=2142467 X=18291.5 Y=-12359
Time=2143509 X=18567.3 Y=-12070.6
Time=2144504 X=18831.3 Y=-11796.1
Time=2145547 X=19099 Y=-11612
Time=2146556 X=19099 Y=-11612
Time=2147561 X=19099 Y=-11612
Time=2148570 X=19099 Y=-11612
Time=2149606 X=19099 Y=-11612
Time=2150632 X=19099 Y=-11612
Time=2151679 X=19099 Y=-11612
Time=2152649 X=19099 Y=-11612
Time=2153694 X=19099 Y=-11612
Time=2154719 X=19099 Y=-11612
Time=2155756 X=19099 Y=-11612
Time=2156774 X=19099 Y=-11612
Time=2157794 X=19099 Y=-11612
Time=2158820 X=18835 Y=-11738.6
Time=2159853 X=18514.9 Y=-11877.6
Time=2160849 X=18189.9 Y=-12077.4
Time=2161892 X=17849.6 Y=-12204.1
Time=2162905 X=17501.9 Y=-12170.9
Time=2163942 X=17111 Y=-12115
Time=2164960 X=17328.3 Y=-12146.1
Time=2165946 X=17702.1 Y=-12199.6
Time=2166952 X=18087.3 Y=-12194.1
Time=2167962 X=18411.4 Y=-12169.1
Time=2168975 X=18411.4 Y=-12169.1
Time=2169995 X=18648.4 Y=-11922.9
Time=2170989 X=18912.4 Y=-11648.5
Time=2172050 X=19036.5 Y=-11519.5
Time=2173069 X=18963.7 Y=-11681.6
Time=2174088 X=18803.9 Y=-12037.7
Time=2175128 X=18640.8 Y=-12401.2
Time=2176165 X=18478.2 Y=-12763.6
Time=2177204 X=18315.3 Y=-13126.7
Time=2178162 X=18244.9 Y=-13364.3
Time=2179259 X=18227.4 Y=-13360.8
Time=2180264 X=17871.7 Y=-13317.8
Time=2181284 X=17486.4 Y=-13237.5
Time=2182319 X=17153.3 Y=-13123.7
Time=2183344 X=16804.6 Y=-13039.4
Time=2184349 X=16421.4 Y=-12979.4
Time=2185294 X=16061.1 Y=-12923
Time=2186382 X=15755.3 Y=-12879.8
Time=2187373 X=16037.1 Y=-12976.4
Time=2188420 X=16319.7 Y=-13081.8
Time=2189433 X=16506 Y=-13223.4
Time=2190505 X=16895.3 Y=-13353.9
Time=2191549 X=17274.5 Y=-13481.1
Time=2192562 X=17642.3 Y=-13604.5
Time=2193593 X=18016.7 Y=-13730.1
Time=2194639 X=18396.6 Y=-13857.5
Time=2195672 X=18661.2 Y=-13701.9
Time=2196726 X=19002.7 Y=-13486.5
Time=2197724 X=19307.6 Y=-13294.2
Time=2198752 X=19613 Y=-13101.6
Time=2199821 X=19942.9 Y=-12940.5
Time=2200831 X=20265.3 Y=-12726.6
Time=2201859 X=20593.4 Y=-12508.9
Time=2202875 X=20917.7 Y=-12293.8
Time=2203927 X=21232.7 Y=-12084.8
Time=2204960 X=21384.5 Y=-11825.5
Time=2205978 X=21451.4 Y=-11441.3
Time=2207015 X=21519.6 Y=-11050
Time=2208070 X=21589 Y=-10651.9
Time=2209053 X=21653.6 Y=-10281
Time=2210112 X=21418.2 Y=-10101
Time=2211170 X=21063.1 Y=-9905.67
Time=2212170 X=20745.3 Y=-9730.83
Time=2213192 X=20402.3 Y=-9542.13
Time=2214216 X=20058.7 Y=-9353.05
Time=2215232 X=19717.7 Y=-9165.45
Time=2216249 X=19376.4 Y=-8977.67
Time=2217255 X=19038.8 Y=-8791.92
Time=2218276 X=18696.1 Y=-8603.4
Time=2219303 X=18434.1 Y=-8406.75
Time=2220316 X=18144.9 Y=-8273.32
Time=2221323 X=17843 Y=-8134
Time=2222364 X=17550.6 Y=-7886.15
Time=2223370 X=17312.6 Y=-7583.12
Time=2224400 X=17066.1 Y=-7275.12
Time=2225405 X=16860.3 Y=-6966.39
Time=2226413 X=16706.2 Y=-6662.26
Time=2227430 X=16475.8 Y=-6348.23
Time=2228447 X=16254 Y=-6052.07
Time=2229481 X=16096 Y=-5841
Time=2230498 X=16096 Y=-5841
Time=2231546 X=16096 Y=-5841
Time=2232547 X=16096 Y=-5841
Time=2233566 X=16096 Y=-5841
Time=2234577 X=16096 Y=-5841
Time=2235601 X=16096 Y=-5841
Time=2236633 X=16096 Y=-5841
Time=2237656 X=16096 Y=-5841
Time=2238658 X=16096 Y=-5841
Time=2239660 X=16096 Y=-5841
Time=2240695 X=15774 Y=-5942.38
Time=2241723 X=15640 Y=-6054.39
Time=2242705 X=15640 Y=-6054.39
Time=2243751 X=15618 Y=-6046.39
Time=2244770 X=15427.1 Y=-5987.54
Time=2245852 X=15185.3 Y=-5911.64
Time=2246820 X=15462.5 Y=-5983.7
Time=2247869 X=15851.4 Y=-6084.76
Time=2248850 X=16215.1 Y=-6179.28
Time=2249861 X=16135.4 Y=-6153.93
Time=2250888 X=15755 Y=-6051.13
Time=2251901 X=15378 Y=-5949.28
Time=2252877 X=15017.1 Y=-5851.77
Time=2253928 X=14770 Y=-5785
Time=2254946 X=15154 Y=-5852.73
Time=2255989 X=15547.4 Y=-5922.13
Time=2257018 X=15696 Y=-5948.34
Time=2258024 X=15894.1 Y=-5907.24
Time=2259041 X=16223.2 Y=-5854.98
Time=2260074 X=16575.8 Y=-5779.74
Time=2261109 X=16963.5 Y=-5697.03
Time=2262128 X=17345.2 Y=-5615.59
Time=2263175 X=17737.4 Y=-5531.92
Time=2264197 X=18120.3 Y=-5450.25
Time=2265229 X=18506.9 Y=-5367.77
Time=2266233 X=18883 Y=-5287.54
Time=2267231 X=18968.8 Y=-5076.54
Time=2268282 X=18942.2 Y=-4709.9
Time=2269279 X=18914.7 Y=-4329
Time=2270239 X=18843.6 Y=-3968.06
Time=2271319 X=18762.5 Y=-3562.4
Time=2272310 X=18688.1 Y=-3190.17
Time=2273335 X=18624.4 Y=-2871.25
Time=2274381 X=18549.3 Y=-2495.89
Time=2275392 X=18473.4 Y=-2116.15
Time=2276426 X=18527.9 Y=-1743.62
Time=2277445 X=18705.9 Y=-1396.31
Time=2278504 X=18910.8 Y=-1046.29
Time=2279528 X=19129.1 Y=-720.473
Time=2280497 X=19262.7 Y=-437.559
Time=2281538 X=19534.5 Y=-146.47
Time=2282541 X=19768.6 Y=22.4521
Time=2283542 X=19900 Y=112
Time=2284576 X=19900 Y=112
Time=2285600 X=19900 Y=112
Time=2286610 X=19900 Y=112
Time=2287633 X=19900 Y=112
Time=2288649 X=19900 Y=112
Time=2289693 X=19900 Y=112
Time=2290706 X=19900 Y=112
Time=2291751 X=19900 Y=112
Time=2292775 X=19900 Y=112
Time=2293776 X=19823.3 Y=56.3163
Time=2294786 X=19548.1 Y=-145.973
Time=2295889 X=19173.8 Y=-337.46
Time=2296918 X=19153 Y=-350
Time=2297944 X=19153 Y=-350
Time=2298942 X=19153 Y=-350
Time=2299997 X=19153 Y=-350
Time=2301002 X=19018.3 Y=-560.278
Time=2302071 X=18852.3 Y=-819.547
Time=2303083 X=18695.1 Y=-1064.99
Time=2304135 X=18531.8 Y=-1320.14
Time=2305101 X=18366 Y=-1579
Time=2306240 X=18512.3 Y=-1348.38
Time=2307229 X=18715.2 Y=-1028.45
Time=2308233 X=18921.1 Y=-703.664
Time=2309202 X=19005 Y=-571.302
Time=2310306 X=19147.9 Y=-393.231
Time=2311315 X=19389.7 Y=-91.7692
Time=2312355 X=19631 Y=208.946
Time=2313359 X=19601.3 Y=171.919
Time=2314366 X=19770.8 Y=108.779
Time=2315376 X=19910.8 Y=182.425
Time=2316382 X=20251.8 Y=361.815
Time=2317449 X=20613.5 Y=552.082
Time=2318456 X=20954.9 Y=731.648
Time=2319484 X=21079.2 Y=1078.26
Time=2320484 X=21074.7 Y=1289.99
Time=2321565 X=21074.7 Y=1289.99
Time=2322591 X=21074.7 Y=1289.99
Time=2323537 X=21074.7 Y=1289.99
Time=2324635 X=21074.7 Y=1289.99
Time=2325731 X=21074.7 Y=1289.99
Time=2326704 X=21074.7 Y=1289.99
Time=2327716 X=21074.7 Y=1289.99
Time=2328780 X=21074.7 Y=1289.99
Time=2329802 X=21074.7 Y=1289.99
Time=2330834 X=21074.7 Y=1289.99
Time=2331852 X=21074.7 Y=1289.99
Time=2332827 X=21074.7 Y=1289.99
Time=2333900 X=21074.7 Y=1289.99
Time=2334911 X=21074.7 Y=1289.99
Time=2335941 X=21074.7 Y=1289.99
Time=2336938 X=21074.7 Y=1289.99
Time=2337981 X=21074.7 Y=1289.99
Time=2338924 X=21060.1 Y=1263.75
Time=2340013 X=20965.6 Y=1420.96
Time=2341053 X=20844.6 Y=1622.12
Time=2342104 X=20844.6 Y=1622.12
Time=2343140 X=20844.6 Y=1622.12
Time=2344180 X=20844.6 Y=1622.12
Time=2345205 X=20844.6 Y=1622.12
Time=2346236 X=20844.6 Y=1622.12
Time=2347308 X=20844.6 Y=1622.12
Time=2348313 X=20844.6 Y=1622.12
Time=2349327 X=20844.6 Y=1622.12
Time=2350348 X=20873.3 Y=1523.58
Time=2351390 X=21042.2 Y=1168.44
Time=2352495 X=21006.9 Y=763.605
Time=2353516 X=20628.2 Y=666.048
Time=2354539 X=20248.8 Y=568.301
Time=2355539 X=19877.8 Y=472.751
Time=2356534 X=19508.7 Y=377.68
Time=2357569 X=19124.8 Y=278.786
Time=2358589 X=18768.9 Y=187.11
Time=2359607 X=18555 Y=132
Time=2360629 X=18934.1 Y=229.652
Time=2361649 X=19312.4 Y=327.112
Time=2362682 X=19695.6 Y=425.815
Time=2363714 X=20078.4 Y=524.423
Time=2364746 X=20461.2 Y=623.03
Time=2365758 X=20836.6 Y=719.726
Time=2366794 X=21043.5 Y=971.862
Time=2367804 X=20957.8 Y=1335.07
Time=2368798 X=20787.3 Y=1675.52
Time=2369822 X=20738.3 Y=1773.32
Time=2370882 X=20897.5 Y=1558.5
Time=2371921 X=21078.4 Y=1314.71
Time=2372932 X=21078.4 Y=1314.71
Time=2373953 X=21071.6 Y=1266.84
Time=2374978 X=21254.1 Y=980.542
Time=2375967 X=21457.6 Y=661.074
Time=2377027 X=21675.9 Y=318.671
Time=2378056 X=21887.7 Y=-13.7183
Time=2379077 X=22097.9 Y=-343.523
Time=2380098 X=22203 Y=-522.526
Time=2381143 X=22030.3 Y=-161.411
Time=2382145 X=21864.8 Y=184.843
Time=2383156 X=21711.5 Y=505.313
Time=2384219 X=21540.1 Y=863.816
Time=2385233 X=21372.5 Y=1214.22
Time=2386223 X=21220.9 Y=1375.3
Time=2387282 X=21095.8 Y=989.438
Time=2388320 X=20858.9 Y=768
Time=2389343 X=20514.2 Y=934.526
Time=2390342 X=20221.2 Y=1180.7
Time=2391399 X=19918.6 Y=1435
Time=2392458 X=19674.2 Y=1708.39
Time=2393440 X=19434 Y=1997.05
Time=2394469 X=19233 Y=2205
Time=2395492 X=19233 Y=2205
Time=2396504 X=19233 Y=2205
Time=2397585 X=19233 Y=2205
Time=2398629 X=19233 Y=2205
Time=2399647 X=19233 Y=2205
Time=2400685 X=19233 Y=2205
Time=2401725 X=19233 Y=2205
Time=2402766 X=19233 Y=2205
Time=2403780 X=19233 Y=2205
Time=2404796 X=19233 Y=2205
Time=2405846 X=19332.5 Y=2087.08
Time=2406886 X=19587.9 Y=1784.98
Time=2407885 X=19769.3 Y=1586.9
Time=2408889 X=19881.9 Y=1372.06
Time=2409951 X=20212.6 Y=1135.3
Time=2410998 X=20538.8 Y=901.882
Time=2412013 X=20895.6 Y=768
Time=2413029 X=21048.9 Y=1027.66
Time=2414071 X=21023.2 Y=1424.21
Time=2415111 X=20974.6 Y=1819.6
Time=2416121 X=20937 Y=2125
Time=2417121 X=20970.9 Y=1849.38
Time=2418101 X=21016.7 Y=1476.81
Time=2419162 X=21053.3 Y=1073.14
Time=2420142 X=20955.1 Y=768
Time=2421157 X=20586.4 Y=865.723
Time=2422183 X=20260.4 Y=1085.16
Time=2423207 X=19935 Y=1304.17
Time=2424227 X=19789.4 Y=1402.12
Time=2425195 X=19752.3 Y=1537.94
Time=2426296 X=19681.9 Y=1947.68
Time=2427279 X=19618.1 Y=2318.77
Time=2428314 X=19560.4 Y=2710.69
Time=2429273 X=19373 Y=3026.66
Time=2430414 X=19150.1 Y=3402.59
Time=2431472 X=18943.4 Y=3751.16
Time=2432505 X=18741.6 Y=4091.53
Time=2433529 X=18502.3 Y=4375.75
Time=2434571 X=18298.5 Y=4595.94
Time=2435615 X=18072.3 Y=4613.68
Time=2436659 X=18030.7 Y=4674.9
Time=2437718 X=17999.8 Y=4751.49
Time=2438758 X=17999.8 Y=4751.49
Time=2439791 X=17999.8 Y=4751.49
Time=2440817 X=17999.8 Y=4751.49
Time=2441877 X=17999.8 Y=4751.49
Time=2442915 X=17999.8 Y=4751.49
Time=2443972 X=17999.8 Y=4751.49
Time=2445026 X=17999.8 Y=4751.49
Time=2446073 X=17999.8 Y=4751.49
Time=2447087 X=17999.8 Y=4751.49
Time=2448116 X=17999.8 Y=4751.49
Time=2449184 X=17999.8 Y=4751.49
Time=2450111 X=17999.8 Y=4751.49
Time=2451180 X=17999.8 Y=4751.49
Time=2452218 X=17999.8 Y=4751.49
Time=2453203 X=17999.8 Y=4751.49
Time=2454211 X=17999.8 Y=4751.49
Time=2455264 X=17999.8 Y=4751.49
Time=2456260 X=18032 Y=4718.31
Time=2457249 X=18411.4 Y=4728.84
Time=2458336 X=18741.9 Y=4858.27
Time=2459368 X=18764.1 Y=4600.3
Time=2460387 X=18764.1 Y=4600.3
Time=2461403 X=18972.5 Y=4775.68
Time=2462417 X=19269.6 Y=5025.79
Time=2463436 X=19517 Y=5233.99
Time=2464465 X=19743.7 Y=5424.82
Time=2465463 X=19963.6 Y=5609.91
Time=2466559 X=20205.1 Y=5813.17
Time=2467580 X=20481.9 Y=5843.84
Time=2468620 X=20763.8 Y=5742.67
Time=2469627 X=21036.8 Y=5644.71
Time=2470640 X=21334.7 Y=5537.79
Time=2471687 X=21143.9 Y=5606.27
Time=2472698 X=20779.4 Y=5737.08
Time=2473736 X=20402.4 Y=5856
Time=2474724 X=20100.4 Y=5683.72
Time=2475766 X=19833 Y=5387.48
Time=2476807 X=19565.7 Y=5091.53
Time=2477813 X=19307.5 Y=4805.53
Time=2478840 X=19043.8 Y=4513.56
Time=2479863 X=18820.8 Y=4266.57
Time=2480872 X=18820.8 Y=4266.57
Time=2481909 X=18543.6 Y=4502.97
Time=2482924 X=18321.3 Y=4692.74
Time=2483961 X=18233.4 Y=4767.77
Time=2484996 X=18233.4 Y=4767.77
Time=2486042 X=18432.5 Y=4738.32
Time=2487058 X=18734.7 Y=4974.69
Time=2488078 X=18955 Y=5297.48
Time=2489076 X=19169.3 Y=5614
Time=2490141 X=19363 Y=5942.65
Time=2491146 X=19583.9 Y=6257.9
Time=2492150 X=19804.6 Y=6572.84
Time=2493152 X=19995.4 Y=6845.13
Time=2494180 X=20221 Y=7167
Time=2495197 X=20465.3 Y=7341.27
Time=2496220 X=20787.2 Y=7564.71
Time=2497276 X=21119.5 Y=7795.36
Time=2498292 X=21439.2 Y=8017.27
Time=2499319 X=21762.3 Y=8241.59
Time=2500352 X=22087.4 Y=8467.21
Time=2501379 X=22359.2 Y=8655.87
Time=2502421 X=22286.5 Y=8587.71
Time=2503445 X=21986.5 Y=8334.95
Time=2504470 X=21686.2 Y=8081.87
Time=2505473 X=21390.2 Y=7832.43
Time=2506470 X=21096 Y=7584.49
Time=2507481 X=20797.7 Y=7333.06
Time=2508507 X=20494.9 Y=7077.9
Time=2509519 X=20196.5 Y=6826.46
Time=2510489 X=19912.4 Y=6587.03
Time=2511580 X=19734.3 Y=6335.97
Time=2512583 X=19728.1 Y=5963.52
Time=2513585 X=19722.1 Y=5612.08
Time=2514623 X=19715.4 Y=5214.54
Time=2515651 X=19708.8 Y=4820.83
Time=2516673 X=19703 Y=4479
Time=2517717 X=19320.5 Y=4456.89
Time=2518697 X=18945.5 Y=4438.14
Time=2519708 X=18558.8 Y=4418.79
Time=2520753 X=18159 Y=4398.8
Time=2521771 X=17863.5 Y=4248.06
Time=2522837 X=17506.5 Y=4049.89
Time=2523855 X=17165.5 Y=3860.65
Time=2524894 X=16817.6 Y=3667.5
Time=2525894 X=16496 Y=3489
Time=2526914 X=16510.1 Y=3240.96
Time=2527977 X=16557.7 Y=2836.57
Time=2528993 X=16603.1 Y=2450.07
Time=2530007 X=16648.5 Y=2064.33
Time=2531070 X=16696.1 Y=1659.95
Time=2532173 X=16713.4 Y=1350.44
Time=2533188 X=16335.4 Y=1260.58
Time=2534216 X=15953 Y=1166.55
Time=2535233 X=15631.7 Y=1087.53
Time=2536284 X=15261.4 Y=996.488
Time=2537291 X=14886.8 Y=904.383
Time=2538295 X=14513.4 Y=812.553
Time=2539392 X=14105.4 Y=712.217
Time=2540430 X=13719.3 Y=617.277
Time=2541469 X=13332.8 Y=522.245
Time=2542510 X=13060.7 Y=409.68
Time=2543525 X=12730.9 Y=212.61
Time=2544552 X=12440.8 Y=39.3099
Time=2545568 X=12106.7 Y=-160.297
Time=2546649 X=11751.3 Y=-372.673
Time=2547676 X=11413.6 Y=-574.441
Time=2548696 X=11148.8 Y=-855.456
Time=2549716 X=10906 Y=-1161.53
Time=2550800 X=10647.9 Y=-1486.81
Time=2551800 X=10409.8 Y=-1786.88
Time=2552836 X=10215.3 Y=-1975.47
Time=2553874 X=10127 Y=-2008.95
Time=2554875 X=10163 Y=-2119
Time=2555885 X=10163 Y=-2119
Time=2556913 X=10163 Y=-2119
Time=2557967 X=10163 Y=-2119
Time=2558947 X=10163 Y=-2119
Time=2559990 X=10163 Y=-2119
Time=2561018 X=10163 Y=-2119
Time=2562002 X=10163 Y=-2119
Time=2562996 X=10163 Y=-2119
Time=2564080 X=10163 Y=-2119
Time=2565073 X=10320.3 Y=-1860.13
Time=2566139 X=10548.4 Y=-1521.46
Time=2567138 X=10762.1 Y=-1204.08
Time=2568174 X=10782.9 Y=-1174.21
Time=2569186 X=10568.1 Y=-1496.91
Time=2570177 X=10357.8 Y=-1812.92
Time=2571235 X=10133.3 Y=-2150.29
Time=2572235 X=10032.9 Y=-2301.14
Time=2573240 X=10032.9 Y=-2301.14
Time=2574315 X=10032.9 Y=-2301.14
Time=2575324 X=10032.9 Y=-2301.14
Time=2576353 X=10032.9 Y=-2301.14
Time=2577339 X=9847.56 Y=-2448.04
Time=2578406 X=9827.83 Y=-2472.69
Time=2579405 X=9730.36 Y=-2842.73
Time=2580427 X=9630.65 Y=-3221.28
Time=2581442 X=9442.45 Y=-3386.6
Time=2582474 X=9053.88 Y=-3459.21
Time=2583509 X=8662.97 Y=-3525.67
Time=2584483 X=8312.77 Y=-3568.72
Time=2585528 X=7978.31 Y=-3609.84
Time=2586539 X=7593.95 Y=-3657.1
Time=2587588 X=7195.14 Y=-3706.13
Time=2588567 X=6822.95 Y=-3751.89
Time=2589583 X=6436.69 Y=-3799.38
Time=2590597 X=6093.17 Y=-3841.62
Time=2591650 X=5883.88 Y=-3919.88
Time=2592659 X=5912.99 Y=-4305.27
Time=2593673 X=5942.24 Y=-4692.57
Time=2594690 X=5971.57 Y=-5081.02
Time=2595703 X=6000.79 Y=-5467.94
Time=2596721 X=5999.17 Y=-5857.44
Time=2597737 X=5993 Y=-6246.55
Time=2598814 X=5998.05 Y=-6655.33
Time=2599815 X=6007.9 Y=-6943.45
Time=2600839 X=6129.86 Y=-7193.41
Time=2601834 X=6299.88 Y=-7384.45
Time=2602887 X=6299.88 Y=-7384.45
Time=2603880 X=6299.88 Y=-7384.45
Time=2604935 X=6299.88 Y=-7384.45
Time=2605986 X=6299.88 Y=-7384.45
Time=2606955 X=6299.88 Y=-7384.45
Time=2607984 X=6299.88 Y=-7384.45
Time=2608982 X=6299.88 Y=-7384.45
Time=2609946 X=6299.88 Y=-7384.45
Time=2611021 X=6299.88 Y=-7384.45
Time=2612086 X=6299.88 Y=-7384.45
Time=2613060 X=6299.88 Y=-7384.45
Time=2614122 X=6299.88 Y=-7384.45
Time=2615112 X=6299.88 Y=-7384.45
Time=2616138 X=6261.01 Y=-7679.2
Time=2617229 X=6223.02 Y=-8095.37
Time=2618247 X=6091.84 Y=-7880.09
Time=2619258 X=6073.71 Y=-7837.85
Time=2620266 X=6073.71 Y=-7837.85
Time=2621341 X=6073.71 Y=-7837.85
Time=2622370 X=6158.37 Y=-8092.22
Time=2623336 X=6189.64 Y=-8163.61
Time=2624403 X=6028.77 Y=-7904.54
Time=2625419 X=5983.88 Y=-7838.06
Time=2626457 X=5989.19 Y=-7829.49
Time=2627481 X=6074.14 Y=-7641.6
Time=2628477 X=6182.75 Y=-7402.45
Time=2629520 X=6228.01 Y=-7415.51
Time=2630486 X=6331.88 Y=-7401.02
Time=2631595 X=6369.67 Y=-7408.24
Time=2632553 X=6326.13 Y=-7228.42
Time=2633590 X=6232.65 Y=-6842.37
Time=2634584 X=6143.05 Y=-6472.32
Time=2635588 X=6052.55 Y=-6098.55
Time=2636675 X=5954.56 Y=-5693.88
Time=2637656 X=5878.26 Y=-5378.73
Time=2638655 X=5792.3 Y=-5023.73
Time=2639666 X=5701.17 Y=-4647.35
Time=2640666 X=5611.02 Y=-4275.07
Time=2641719 X=5516.1 Y=-3883.05
Time=2642737 X=5424.34 Y=-3504.07
Time=2643751 X=5313.55 Y=-3224.31
Time=2644797 X=4981.37 Y=-3000.28
Time=2645798 X=4663.49 Y=-2785.9
Time=2646814 X=4361.64 Y=-2582.33
Time=2647896 X=4018.03 Y=-2350.59
Time=2648895 X=3700.78 Y=-2136.63
Time=2649903 X=3380.67 Y=-1920.75
Time=2650920 X=3057.7 Y=-1702.94
Time=2651968 X=2744.35 Y=-1491.61
Time=2653005 X=2415.04 Y=-1269.51
Time=2654017 X=2200.03 Y=-961.924
Time=2655009 X=1999.48 Y=-639.604
Time=2656047 X=1774.69 Y=-311.654
Time=2657083 X=1563.33 Y=-3.29297
Time=2658084 X=1563.33 Y=-3.29297
Time=2659160 X=1563.33 Y=-3.29297
Time=2660212 X=1563.33 Y=-3.29297
Time=2661195 X=1563.33 Y=-3.29297
Time=2662192 X=1563.33 Y=-3.29297
Time=2663234 X=1563.33 Y=-3.29297
Time=2664226 X=1563.33 Y=-3.29297
Time=2665233 X=1563.33 Y=-3.29297
Time=2666330 X=1563.33 Y=-3.29297
Time=2667337 X=1551.85 Y=-48.4697
Time=2668389 X=1732.03 Y=-219.385
Time=2669288 X=1893.91 Y=67.0595
Time=2670511 X=1943.71 Y=187.746
Time=2671439 X=1943.71 Y=187.746
Time=2672485 X=1943.71 Y=187.746
Time=2673537 X=1943.71 Y=187.746
Time=2674541 X=1943.71 Y=187.746
Time=2675592 X=1943.71 Y=187.746
Time=2676676 X=1943.71 Y=187.746
Time=2677674 X=1943.71 Y=187.746
Time=2678686 X=1943.71 Y=187.746
Time=2679695 X=1943.71 Y=187.746
Time=2680711 X=1943.71 Y=187.746
Time=2681755 X=1943.71 Y=187.746
Time=2682801 X=1943.71 Y=187.746
Time=2683827 X=1943.71 Y=187.746
Time=2684829 X=1943.71 Y=187.746
Time=2685838 X=1943.71 Y=187.746
Time=2686873 X=1943.71 Y=187.746
Time=2687805 X=1943.71 Y=187.746
Time=2688875 X=1943.71 Y=187.746
Time=2689885 X=1943.71 Y=187.746
Time=2690944 X=1943.71 Y=187.746
Time=2692016 X=1943.71 Y=187.746
Time=2693011 X=1943.71 Y=187.746
Time=2694045 X=1943.71 Y=187.746
Time=2695039 X=1943.71 Y=187.746
Time=2696072 X=1943.71 Y=187.746
Time=2697052 X=1943.71 Y=187.746
Time=2698148 X=1943.71 Y=187.746
Time=2699170 X=1943.71 Y=187.746
Time=2700190 X=1943.71 Y=187.746
Time=2701236 X=1943.71 Y=187.746
Time=2702230 X=1943.71 Y=187.746
Time=2703300 X=1943.71 Y=187.746
Time=2704326 X=1943.71 Y=187.746
Time=2705311 X=1933.81 Y=-20.7387
Time=2706393 X=1931.09 Y=-332.343
Time=2707431 X=1928.48 Y=-631.275
Time=2708458 X=1927 Y=-801
Time=2709445 X=1927 Y=-801
Time=2710470 X=1857.37 Y=-684.203
Time=2711487 X=1657.88 Y=-349.602
Time=2712541 X=1557.46 Y=-181.151
Time=2713573 X=1557.46 Y=-181.151
Time=2714605 X=1557.46 Y=-181.151
Time=2715646 X=1443.88 Y=-93.8423
Time=2716685 X=1216.9 Y=80.6381
Time=2717737 X=1216.9 Y=80.6381
Time=2718808 X=1216.9 Y=80.6381
Time=2719848 X=1216.9 Y=80.6381
Time=2720923 X=1216.9 Y=80.6381
Time=2721954 X=1216.9 Y=80.6381
Time=2722950 X=933.602 Y=84.676
Time=2724015 X=523.435 Y=90.8338
Time=2725017 X=136.95 Y=84.7582
Time=2726127 X=-290.739 Y=60.5894
Time=2727143 X=-543.499 Y=46.3059
Time=2728158 X=-543.499 Y=46.3059
Time=2729121 X=-543.499 Y=46.3059
Time=2730283 X=-543.499 Y=46.3059
Time=2731295 X=-543.499 Y=46.3059
Time=2732325 X=-543.499 Y=46.3059
Time=2733346 X=-543.499 Y=46.3059
Time=2734399 X=-543.499 Y=46.3059
Time=2735405 X=-543.499 Y=46.3059
Time=2736438 X=-543.499 Y=46.3059
Time=2737430 X=-543.499 Y=46.3059
Time=2738458 X=-543.499 Y=46.3059
Time=2739466 X=-543.499 Y=46.3059
Time=2740481 X=-321.262 Y=-72.9479
Time=2741550 X=-321.262 Y=-72.9479
Time=2742583 X=-321.262 Y=-72.9479
Time=2743608 X=-321.262 Y=-72.9479
Time=2744649 X=-321.262 Y=-72.9479
Time=2745688 X=-321.262 Y=-72.9479
Time=2746739 X=-321.262 Y=-72.9479
Time=2747742 X=-379.675 Y=-37.6371
Time=2748777 X=-718.578 Y=168.059
Time=2749797 X=-1042.32 Y=386.737
Time=2750827 X=-1367.83 Y=609.662
Time=2751829 X=-1414.61 Y=641.694
Time=2752868 X=-1414.61 Y=641.694
Time=2753894 X=-1414.61 Y=641.694
Time=2754915 X=-1414.61 Y=641.694
Time=2755950 X=-1414.61 Y=641.694
Time=2756993 X=-1414.61 Y=641.694
Time=2758051 X=-1414.61 Y=641.694
Time=2759039 X=-1414.61 Y=641.694
Time=2760074 X=-1414.61 Y=641.694
Time=2761097 X=-1414.61 Y=641.694
Time=2762147 X=-1414.61 Y=641.694
Time=2763158 X=-1414.61 Y=641.694
Time=2764140 X=-1414.61 Y=641.694
Time=2765219 X=-1414.61 Y=641.694
Time=2766249 X=-1414.61 Y=641.694
Time=2767245 X=-1414.61 Y=641.694
Time=2768274 X=-1414.61 Y=641.694
Time=2769295 X=-1414.61 Y=641.694
Time=2770310 X=-1414.61 Y=641.694
Time=2771287 X=-1414.61 Y=641.694
Time=2772430 X=-1414.61 Y=641.694
Time=2773436 X=-1414.61 Y=641.694
Time=2774399 X=-1414.61 Y=641.694
Time=2775519 X=-1431.07 Y=939.606
Time=2776560 X=-1470.79 Y=1336.31
Time=2777564 X=-1459.94 Y=1718.99
Time=2778530 X=-1356.04 Y=2073.95
Time=2779615 X=-1246.25 Y=2473.78
Time=2780593 X=-1197.19 Y=2637.66
Time=2781598 X=-1197.19 Y=2637.66
Time=2782623 X=-1197.19 Y=2637.66
Time=2783629 X=-1197.19 Y=2637.66
Time=2784650 X=-1197.19 Y=2637.66
Time=2785674 X=-1197.19 Y=2637.66
Time=2786684 X=-1197.19 Y=2637.66
Time=2787701 X=-1197.19 Y=2637.66
Time=2788755 X=-1197.19 Y=2637.66
Time=2789673 X=-1197.19 Y=2637.66
Time=2790778 X=-1197.19 Y=2637.66
Time=2791823 X=-1197.19 Y=2637.66
Time=2792790 X=-1197.19 Y=2637.66
Time=2793832 X=-909.696 Y=2506.48
Time=2794851 X=-542.14 Y=2501.43
Time=2795870 X=-165.974 Y=2605.58
Time=2796929 X=153.342 Y=2693.99
Time=2797975 X=153.342 Y=2693.99
Time=2798998 X=153.342 Y=2693.99
Time=2800042 X=153.342 Y=2693.99
Time=2801059 X=153.342 Y=2693.99
Time=2802084 X=153.342 Y=2693.99
Time=2803072 X=153.342 Y=2693.99
Time=2804154 X=153.342 Y=2693.99
Time=2805171 X=153.342 Y=2693.99
Time=2806184 X=153.342 Y=2693.99
Time=2807184 X=153.342 Y=2693.99
Time=2808207 X=153.342 Y=2693.99
Time=2809210 X=153.342 Y=2693.99
Time=2810187 X=153.342 Y=2693.99
Time=2811234 X=153.342 Y=2693.99
Time=2812244 X=153.342 Y=2693.99
Time=2813251 X=153.342 Y=2693.99
Time=2814283 X=153.342 Y=2693.99
Time=2815271 X=153.342 Y=2693.99
Time=2816301 X=153.342 Y=2693.99
Time=2817273 X=153.342 Y=2693.99
Time=2818389 X=153.342 Y=2693.99
Time=2819377 X=153.342 Y=2693.99
Time=2820407 X=153.342 Y=2693.99
Time=2821429 X=153.342 Y=2693.99
Time=2822458 X=153.342 Y=2693.99
Time=2823452 X=153.342 Y=2693.99
Time=2824514 X=153.342 Y=2693.99
Time=2825494 X=153.342 Y=2693.99
Time=2826532 X=153.342 Y=2693.99
Time=2827544 X=153.342 Y=2693.99
Time=2828561 X=153.342 Y=2693.99
Time=2829601 X=153.342 Y=2693.99
Time=2830619 X=153.342 Y=2693.99
Time=2831655 X=153.342 Y=2693.99
Time=2832684 X=153.342 Y=2693.99
Time=2833704 X=153.342 Y=2693.99
Time=2834726 X=153.342 Y=2693.99
Time=2835757 X=153.342 Y=2693.99
Time=2836753 X=153.342 Y=2693.99
Time=2837790 X=153.342 Y=2693.99
Time=2838819 X=153.342 Y=2693.99
Time=2839840 X=153.342 Y=2693.99
Time=2840851 X=153.342 Y=2693.99
Time=2841877 X=153.342 Y=2693.99
Time=2842903 X=153.342 Y=2693.99
Time=2843935 X=153.342 Y=2693.99
Time=2844951 X=153.342 Y=2693.99
Time=2845987 X=153.342 Y=2693.99
Time=2846971 X=153.342 Y=2693.99
Time=2847987 X=153.342 Y=2693.99
Time=2849020 X=153.342 Y=2693.99
Time=2850103 X=153.342 Y=2693.99
Time=2851130 X=153.342 Y=2693.99
Time=2852165 X=153.342 Y=2693.99
Time=2853212 X=-42.5722 Y=2518.57
Time=2854260 X=-125.167 Y=2443.72
Time=2855307 X=-125.167 Y=2443.72
Time=2856279 X=-125.167 Y=2443.72
Time=2857346 X=-125.167 Y=2443.72
Time=2858388 X=-125.167 Y=2443.72
Time=2859398 X=-125.167 Y=2443.72
Time=2860425 X=-125.167 Y=2443.72
Time=2861455 X=-125.167 Y=2443.72
Time=2862487 X=-125.167 Y=2443.72
Time=2863406 X=-125.167 Y=2443.72
Time=2864538 X=-125.167 Y=2443.72
Time=2865543 X=-125.167 Y=2443.72
Time=2866567 X=-125.167 Y=2443.72
Time=2867558 X=-125.167 Y=2443.72
Time=2868639 X=-125.167 Y=2443.72
Time=2869655 X=-125.167 Y=2443.72
Time=2870600 X=-125.167 Y=2443.72
Time=2871662 X=-125.167 Y=2443.72
Time=2872692 X=-125.167 Y=2443.72
Time=2873719 X=-313.331 Y=2259.24
Time=2874734 X=-576.635 Y=2043.48
Time=2875754 X=-848.257 Y=1820.91
Time=2876781 X=-1152.53 Y=1571.58
Time=2877792 X=-1452.07 Y=1326.14
Time=2878831 X=-1759.9 Y=1073.9
Time=2879848 X=-1690.75 Y=944.791
Time=2880881 X=-1589.65 Y=895.196
Time=2881924 X=-1345.75 Y=714.142
Time=2882966 X=-1025.28 Y=476.238
Time=2883974 X=-715.259 Y=246.096
Time=2885005 X=-398.167 Y=10.7029
Time=2886017 X=-295.848 Y=-65.3293
Time=2887023 X=-41.9899 Y=-72.3518
Time=2888029 X=343.2 Y=-83.0308
Time=2889029 X=657.691 Y=-91.7497
Time=2890072 X=1033.68 Y=-102.174
Time=2891067 X=1414.66 Y=-112.736
Time=2892097 X=1528.1 Y=-115.881
Time=2893146 X=1598.74 Y=93.7045
Time=2894193 X=1598.74 Y=93.7045
Time=2895161 X=1850.94 Y=317.921
Time=2896208 X=1972.2 Y=425.722
Time=2897250 X=1886.02 Y=594.693
Time=2898249 X=1650.99 Y=886.484
Time=2899301 X=1398.22 Y=1200.3
Time=2900292 X=1160.11 Y=1495.93
Time=2901322 X=912.626 Y=1803.18
Time=2902337 X=668.746 Y=2105.96
Time=2903341 X=477.29 Y=2343.66
Time=2904363 X=231.728 Y=2648.53
Time=2905338 X=198.079 Y=2690.31
Time=2906451 X=237.732 Y=2865.3
Time=2907449 X=145.479 Y=2775.02
Time=2908475 X=-135.387 Y=2500.13
Time=2909472 X=-230.537 Y=2407.01
Time=2910536 X=-526.827 Y=2425.33
Time=2911582 X=-888.625 Y=2491.76
Time=2912614 X=-1069.21 Y=2566.77
Time=2913598 X=-1140.59 Y=2670.54
Time=2914615 X=-1167.42 Y=2712.51
Time=2915640 X=-1331.88 Y=2479.77
Time=2916683 X=-1455.17 Y=2231.29
Time=2917717 X=-1064.42 Y=2295.94
Time=2918754 X=-672.531 Y=2360.77
Time=2919778 X=-285.557 Y=2424.78
Time=2920818 X=49.8907 Y=2480.27
Time=2921842 X=436.864 Y=2544.29
Time=2922849 X=608.154 Y=2387.19
Time=2923892 X=738.945 Y=2009.7
Time=2924900 X=881.487 Y=1688.26
Time=2925924 X=998.36 Y=1313.85
Time=2926922 X=1112.27 Y=948.938
Time=2927951 X=1227.91 Y=572.127
Time=2928975 X=1336.19 Y=214.357
Time=2929981 X=1431.92 Y=-101.974
Time=2931028 X=1548.09 Y=-485.823
Time=2932047 X=1661.15 Y=-859.407
Time=2933079 X=1433.74 Y=-946.569
Time=2934139 X=1036.98 Y=-1032.77
Time=2935130 X=666.039 Y=-1113.36
Time=2936169 X=276.02 Y=-1192.24
Time=2937187 X=-111.878 Y=-1232.04
Time=2938225 X=-488.961 Y=-1270.73
Time=2939253 X=-880.669 Y=-1310.93
Time=2940271 X=-1215.66 Y=-1334.71
Time=2941290 X=-1478.25 Y=-1124.48
Time=2942346 X=-1808.65 Y=-891.13
Time=2943367 X=-2125.62 Y=-662.038
Time=2944357 X=-2390.92 Y=-390.88
Time=2945406 X=-2671.47 Y=-103.229
Time=2946420 X=-2905.23 Y=136.45
Time=2947461 X=-3162.12 Y=440.768
Time=2948464 X=-3395.96 Y=745.592
Time=2949485 X=-3634 Y=1055.89
Time=2950510 X=-3872.98 Y=1367.4
Time=2951565 X=-4118.95 Y=1688.02
Time=2952565 X=-4352.09 Y=1991.93
Time=2953592 X=-4591.54 Y=2304.05
Time=2954611 X=-4812.05 Y=2591.49
Time=2955614 X=-4939.62 Y=2816.07
Time=2956644 X=-5129.18 Y=3162.07
Time=2957659 X=-5315.99 Y=3503.04
Time=2958671 X=-5495.55 Y=3846.72
Time=2959686 X=-5618.49 Y=4214.59
Time=2960719 X=-5694.2 Y=4602.96
Time=2961699 X=-5766.02 Y=4971.41
Time=2962708 X=-5839.97 Y=5350.75
Time=2963733 X=-5901.58 Y=5666.81
Time=2964770 X=-5958.72 Y=5959.94
Time=2965817 X=-6016.41 Y=6255.91
Time=2966825 X=-6095.91 Y=6112.77
Time=2967824 X=-6218.36 Y=5750.24
Time=2968853 X=-6344.48 Y=5376.81
Time=2969850 X=-6466.69 Y=5015
Time=2970921 X=-6597.96 Y=4626.34
Time=2971932 X=-6720 Y=4265
Time=2972970 X=-6793.37 Y=4010.07
Time=2973974 X=-7000.44 Y=3703.51
Time=2974998 X=-7202.22 Y=3404.79
Time=2976004 X=-7417.91 Y=3085.47
Time=2977039 X=-7639.82 Y=2756.95
Time=2978075 X=-7861.95 Y=2428.11
Time=2979066 X=-8014.19 Y=2083.92
Time=2980090 X=-8119.7 Y=1765.35
Time=2981079 X=-8238.8 Y=1405.73
Time=2982101 X=-8361.88 Y=1034.12
Time=2983060 X=-8477.37 Y=685.408
Time=2984175 X=-8611.64 Y=279.975
Time=2985164 X=-8730.74 Y=-79.6421
Time=2986213 X=-8857.07 Y=-461.076
Time=2987212 X=-8977.38 Y=-824.329
Time=2988256 X=-9069.85 Y=-1104.9
Time=2989271 X=-9400.19 Y=-1172.55
Time=2990281 X=-9779.38 Y=-1249.23
Time=2991345 X=-10124.3 Y=-1365.85
Time=2992357 X=-10475.6 Y=-1455.06
Time=2993423 X=-10878.1 Y=-1523.52
Time=2994427 X=-11257.3 Y=-1588
Time=2995427 X=-11634.9 Y=-1652.21
Time=2996452 X=-12021.9 Y=-1718.04
Time=2997460 X=-12318.5 Y=-1768.48
Time=2998498 X=-12610.4 Y=-1831.22
Time=2999519 X=-12893.1 Y=-1912.24
Time=3000530 X=-13217.7 Y=-2013.7
Time=3001558 X=-13557.9 Y=-2199.32
Time=3002589 X=-13769.6 Y=-2425.66
Time=3003592 X=-13769.6 Y=-2425.66
Time=3004652 X=-13769.6 Y=-2425.66
Time=3005661 X=-13769.6 Y=-2425.66
Time=3006704 X=-13769.6 Y=-2425.66
Time=3007686 X=-13769.6 Y=-2425.66
Time=3008693 X=-13769.6 Y=-2425.66
Time=3009741 X=-13769.6 Y=-2425.66
Time=3010768 X=-13769.6 Y=-2425.66
Time=3011804 X=-13769.6 Y=-2425.66
Time=3012788 X=-13769.6 Y=-2425.66
Time=3013833 X=-13769.6 Y=-2425.66
Time=3014867 X=-13769.6 Y=-2425.66
Time=3015882 X=-13769.6 Y=-2425.66
Time=3016881 X=-13769.6 Y=-2425.66
Time=3017921 X=-13769.6 Y=-2425.66
Time=3018987 X=-13769.6 Y=-2425.66
Time=3019988 X=-13769.6 Y=-2425.66
Time=3020978 X=-13769.6 Y=-2425.66
Time=3021982 X=-13933.8 Y=-2426.97
Time=3023016 X=-14034 Y=-2308
Time=3024057 X=-14034 Y=-2308
Time=3025074 X=-14034 Y=-2308
Time=3026123 X=-14034 Y=-2308
Time=3027095 X=-14034 Y=-2308
Time=3028146 X=-14034 Y=-2308
Time=3029113 X=-14034 Y=-2308
Time=3030235 X=-14034 Y=-2308
Time=3031259 X=-14034 Y=-2308
Time=3032262 X=-14034 Y=-2308
Time=3033279 X=-14034 Y=-2308
Time=3034327 X=-14034 Y=-2308
Time=3035322 X=-14034 Y=-2308
Time=3036324 X=-14034 Y=-2308
Time=3037401 X=-14034 Y=-2308
Time=3038425 X=-14034 Y=-2308
Time=3039464 X=-14034 Y=-2308
Time=3040477 X=-14034 Y=-2308
Time=3041488 X=-14034 Y=-2308
Time=3042516 X=-14034 Y=-2308
Time=3043545 X=-14034 Y=-2308
Time=3044548 X=-14034 Y=-2308
Time=3045606 X=-14034 Y=-2308
Time=3046656 X=-14034 Y=-2308
Time=3047683 X=-14034 Y=-2308
Time=3048697 X=-14034 Y=-2308
Time=3049692 X=-14034 Y=-2308
Time=3050710 X=-14034 Y=-2308
Time=3051735 X=-14034 Y=-2308
Time=3052750 X=-14034 Y=-2308
Time=3053773 X=-14034 Y=-2308
Time=3054788 X=-14034 Y=-2308
Time=3055821 X=-14034 Y=-2308
Time=3056833 X=-14034 Y=-2308
Time=3057877 X=-14034 Y=-2308
Time=3058868 X=-14034 Y=-2308
Time=3059873 X=-14034 Y=-2308
Time=3060912 X=-14034 Y=-2308
