Time=2582 X=16333 Y=13134
Time=3359 X=16333 Y=13134
Time=4676 X=16162.1 Y=13123.5
Time=5603 X=15807.2 Y=13127.5
Time=6725 X=15378 Y=13148.5
Time=7720 X=14997.3 Y=13167.2
Time=8734 X=14852.3 Y=13174.4
Time=9754 X=15137.5 Y=12944.1
Time=10764 X=15438.5 Y=12701
Time=11766 X=15730.9 Y=12465
Time=12778 X=16032.5 Y=12221.5
Time=13786 X=16332.9 Y=11978.9
Time=14810 X=16567.3 Y=11690.7
Time=15814 X=16727.9 Y=11341.3
Time=16855 X=16878.2 Y=10983.5
Time=17880 X=16987.7 Y=10606.4
Time=18922 X=17056.1 Y=10370.6
Time=19921 X=17056.1 Y=10370.6
Time=20925 X=17056.1 Y=10370.6
Time=21930 X=17104.7 Y=10167.8
Time=22873 X=17207.5 Y=9821.57
Time=23977 X=17327.8 Y=9416.16
Time=24964 X=17435.3 Y=9053.72
Time=25974 X=17545.4 Y=8682.84
Time=27003 X=17709 Y=8325.41
Time=28032 X=17884.3 Y=7973.42
Time=29037 X=17951 Y=7648.76
Time=30042 X=18050.5 Y=7277.41
Time=31069 X=18181.6 Y=6906.58
Time=32077 X=18322.3 Y=6547.83
Time=33087 X=18324.3 Y=6160.97
Time=34115 X=18324.7 Y=6062.91
Time=35125 X=18324.7 Y=6062.91
Time=36127 X=18324.7 Y=6062.91
Time=37144 X=18324.7 Y=6062.91
Time=38149 X=18324.7 Y=6062.91
Time=39181 X=18324.7 Y=6062.91
Time=40194 X=18324.7 Y=6062.91
Time=41216 X=18324.7 Y=6062.91
Time=42255 X=18331.2 Y=6149.91
Time=43265 X=18341.1 Y=6385.75
Time=44286 X=18341.6 Y=6398.38
Time=45313 X=18341.6 Y=6398.38
Time=46331 X=18341.6 Y=6398.38
Time=47356 X=18341.6 Y=6398.38
Time=48326 X=18341.6 Y=6398.38
Time=49463 X=18341.6 Y=6398.38
Time=50424 X=18341.6 Y=6398.38
Time=51511 X=18341.6 Y=6398.38
Time=52488 X=18341.6 Y=6398.38
Time=53517 X=18382 Y=6357.9
Time=54539 X=18481.4 Y=6038.32
Time=55542 X=18484.2 Y=5654.36
Time=56572 X=18497.7 Y=5262.36
Time=57606 X=18573.5 Y=4875.91
Time=58625 X=18556.8 Y=4537.51
Time=59649 X=18553.2 Y=4464.82
Time=60663 X=18553.2 Y=4464.82
Time=61659 X=18553.2 Y=4464.82
Time=62435 X=18553.2 Y=4464.82
Time=63839 X=18553.2 Y=4464.82
Time=64793 X=18553.2 Y=4464.82
Time=65795 X=18553.2 Y=4464.82
Time=66810 X=18553.2 Y=4464.82
Time=67838 X=18553.2 Y=4464.82
Time=68835 X=18553.2 Y=4464.82
Time=69858 X=18553.2 Y=4464.82
Time=70872 X=18553.2 Y=4464.82
Time=71870 X=18553.2 Y=4464.82
Time=72889 X=18553.2 Y=4464.82
Time=73917 X=18553.2 Y=4464.82
Time=74921 X=18553.2 Y=4464.82
Time=75930 X=18553.2 Y=4464.82
Time=76940 X=18553.2 Y=4464.82
Time=77967 X=18553.2 Y=4464.82
Time=78747 X=18553.2 Y=4464.82
Time=80062 X=18553.2 Y=4464.82
Time=81100 X=18553.2 Y=4464.82
Time=82067 X=18553.2 Y=4464.82
Time=83104 X=18553.2 Y=4464.82
Time=84129 X=18553.2 Y=4464.82
Time=85129 X=18553.2 Y=4464.82
Time=86191 X=18551.9 Y=4587.25
Time=87216 X=18601.8 Y=4878.21
Time=88235 X=18653.5 Y=5179.83
Time=89233 X=18718.1 Y=5556.61
Time=90232 X=18782.7 Y=5933.76
Time=91247 X=18791.7 Y=6134.3
Time=92256 X=18735.1 Y=5752.05
Time=93270 X=18680.9 Y=5367.46
Time=94286 X=18626.5 Y=4982.11
Time=95301 X=18576.3 Y=4626.03
Time=96329 X=18561.1 Y=4615.57
Time=97359 X=18439.3 Y=4375.16
Time=98381 X=18420.6 Y=3984.14
Time=99392 X=18402.1 Y=3597.32
Time=100395 X=18383.8 Y=3213.57
Time=101428 X=18364.9 Y=2818.34
Time=102438 X=18424.6 Y=2446.01
Time=103439 X=18391.7 Y=2144.05
Time=104458 X=18391.7 Y=2144.05
Time=105493 X=18391.7 Y=2144.05
Time=106520 X=18391.7 Y=2144.05
Time=107557 X=18391.7 Y=2144.05
Time=108555 X=18391.7 Y=2144.05
Time=109572 X=18391.7 Y=2144.05
Time=110588 X=18391.7 Y=2144.05
Time=111617 X=18391.7 Y=2144.05
Time=112575 X=18391.7 Y=2144.05
Time=113669 X=18391.7 Y=2144.05
Time=114663 X=18391.7 Y=2144.05
Time=115677 X=18391.7 Y=2144.05
Time=116709 X=18391.7 Y=2144.05
Time=117719 X=18391.7 Y=2144.05
Time=118739 X=18391.7 Y=2144.05
Time=119776 X=18391.7 Y=2144.05
Time=120803 X=18391.7 Y=2144.05
Time=121813 X=18391.7 Y=2144.05
Time=122841 X=18391.7 Y=2144.05
Time=123865 X=18353.2 Y=2114.8
Time=124907 X=18198.8 Y=1746.74
Time=125917 X=18049.1 Y=1389.99
Time=126944 X=17928.4 Y=1102.17
Time=128050 X=17750.1 Y=718.01
Time=129074 X=17630.4 Y=470.801
Time=130101 X=17630.4 Y=470.801
Time=131130 X=17630.4 Y=470.801
Time=132132 X=17630.4 Y=470.801
Time=133157 X=17630.4 Y=470.801
Time=134184 X=17630.4 Y=470.801
Time=135225 X=17630.4 Y=470.801
Time=136225 X=17630.4 Y=470.801
Time=137242 X=17630.4 Y=470.801
Time=138266 X=17630.4 Y=470.801
Time=139314 X=17630.4 Y=470.801
Time=140369 X=17630.4 Y=470.801
Time=141367 X=17630.4 Y=470.801
Time=142371 X=17630.4 Y=470.801
Time=143383 X=17630.4 Y=470.801
Time=144392 X=17630.4 Y=470.801
Time=145402 X=17630.4 Y=470.801
Time=146404 X=17630.4 Y=470.801
Time=147434 X=17630.4 Y=470.801
Time=148466 X=17630.4 Y=470.801
Time=149466 X=17630.4 Y=470.801
Time=150543 X=17535.3 Y=164.023
Time=151549 X=17454.9 Y=-159.876
Time=152552 X=17367.1 Y=-507.19
Time=153584 X=17270.2 Y=-890.429
Time=154617 X=17183 Y=-1276.03
Time=155632 X=17144.6 Y=-1520.47
Time=156653 X=17144.6 Y=-1520.47
Time=157649 X=17144.6 Y=-1520.47
Time=158658 X=17144.6 Y=-1520.47
Time=159687 X=17144.6 Y=-1520.47
Time=160706 X=17144.6 Y=-1520.47
Time=161722 X=17144.6 Y=-1520.47
Time=162731 X=17144.6 Y=-1520.47
Time=163751 X=17144.6 Y=-1520.47
Time=164772 X=17144.6 Y=-1520.47
Time=165796 X=17206.8 Y=-1192.49
Time=166820 X=17298.3 Y=-809.592
Time=167830 X=17388.9 Y=-430.492
Time=168755 X=17471.9 Y=-83.2954
Time=169629 X=17526 Y=143
Time=171046 X=17605.2 Y=330.776
Time=171938 X=17621.5 Y=369.617
Time=172949 X=17749.5 Y=712.711
Time=174025 X=17893.6 Y=1098.85
Time=175011 X=18025.6 Y=1452.69
Time=176019 X=18160.6 Y=1814.42
Time=177053 X=18299.1 Y=2185.49
Time=178068 X=18304.7 Y=2200.58
Time=179080 X=18205.6 Y=1887.63
Time=180180 X=18078.4 Y=1485.94
Time=181233 X=17969.2 Y=1140.82
Time=182160 X=17862 Y=802.309
Time=183384 X=17720.5 Y=355.337
Time=184402 X=17602.8 Y=-16.4084
Time=185424 X=17492.1 Y=-383.446
Time=186450 X=17380.7 Y=-760.339
Time=187451 X=17272.1 Y=-1128.05
Time=188473 X=17181.1 Y=-1419.7
Time=189505 X=17202.1 Y=-1763.31
Time=190508 X=17225.6 Y=-2146.78
Time=191524 X=17249.4 Y=-2535.22
Time=192533 X=17273 Y=-2920.99
Time=193563 X=17297.2 Y=-3314.78
Time=194574 X=17320.8 Y=-3701.31
Time=195597 X=17344.8 Y=-4092.43
Time=196607 X=17318.8 Y=-4471.48
Time=197627 X=17200.6 Y=-4786.73
Time=198658 X=17100.2 Y=-5165.41
Time=199657 X=17017.5 Y=-5539.02
Time=200611 X=16942.3 Y=-5801.01
Time=201720 X=16937.4 Y=-5979.47
Time=202725 X=16939 Y=-5983
Time=203761 X=16939 Y=-5983
Time=204782 X=16939 Y=-5983
Time=205826 X=16939 Y=-5983
Time=206838 X=16939 Y=-5983
Time=207848 X=16939 Y=-5983
Time=208871 X=16939 Y=-5983
Time=209902 X=16939 Y=-5983
Time=210922 X=16939 Y=-5983
Time=211952 X=16939 Y=-5983
Time=212980 X=16939 Y=-5983
Time=213973 X=16939 Y=-5983
Time=215049 X=16939 Y=-5983
Time=216019 X=16939 Y=-5983
Time=217046 X=16939 Y=-5983
Time=218041 X=16939 Y=-5983
Time=219068 X=16939 Y=-5983
Time=220081 X=16939 Y=-5983
Time=221113 X=16939 Y=-5983
Time=222120 X=16939 Y=-5983
Time=223102 X=17004.6 Y=-5852.23
Time=224131 X=17135.4 Y=-5543.3
Time=225139 X=17236.1 Y=-5332.87
Time=226159 X=17058.1 Y=-5541.5
Time=227204 X=17058.1 Y=-5541.5
Time=228224 X=17058.1 Y=-5541.5
Time=229270 X=17058.1 Y=-5541.5
Time=230278 X=17058.1 Y=-5541.5
Time=231300 X=17181.4 Y=-5370.77
Time=232321 X=17366 Y=-5132
Time=233349 X=17366 Y=-5132
Time=234394 X=17366 Y=-5132
Time=235412 X=17178.8 Y=-5104.42
Time=236428 X=16793.8 Y=-5047.69
Time=237455 X=16580.4 Y=-5016.26
Time=238453 X=16580.4 Y=-5016.26
Time=239473 X=16580.4 Y=-5016.26
Time=240489 X=16580.4 Y=-5016.26
Time=241499 X=16580.4 Y=-5016.26
Time=242525 X=16580.4 Y=-5016.26
Time=243540 X=16580.4 Y=-5016.26
Time=244564 X=16580.4 Y=-5016.26
Time=245598 X=16580.4 Y=-5016.26
Time=246612 X=16580.4 Y=-5016.26
Time=247622 X=16517.7 Y=-5037.48
Time=248649 X=16145.1 Y=-5163.53
Time=249665 X=16125.5 Y=-5170.16
Time=250681 X=16125.5 Y=-5170.16
Time=251706 X=16125.5 Y=-5170.16
Time=252716 X=16125.5 Y=-5170.16
Time=253735 X=16125.5 Y=-5170.16
Time=254742 X=16422.5 Y=-5146.44
Time=255786 X=16630.5 Y=-5148.53
Time=256789 X=16503.9 Y=-5005.62
Time=257817 X=16535 Y=-5064.93
Time=258774 X=16354.3 Y=-4962.3
Time=259922 X=16484.3 Y=-4989.29
Time=260978 X=16748.4 Y=-5131.51
Time=261971 X=16972.1 Y=-4870.61
Time=262980 X=17207 Y=-4596.69
Time=263995 X=17218.7 Y=-4641.14
Time=265049 X=17303.3 Y=-5011.42
Time=266074 X=17404.8 Y=-5390.7
Time=267098 X=17506.2 Y=-5769.6
Time=268120 X=17607.4 Y=-6147.76
Time=269146 X=17708.9 Y=-6527.41
Time=270189 X=17796.1 Y=-6853.02
Time=271214 X=17897.6 Y=-7232.29
Time=272149 X=17990.1 Y=-7578.27
Time=273217 X=18095.9 Y=-7973.45
Time=274301 X=18228.3 Y=-8232.52
Time=275147 X=18395.4 Y=-8468.26
Time=276428 X=18300.6 Y=-8721.38
Time=277406 X=18207.7 Y=-9084.27
Time=278432 X=18178.7 Y=-9432.88
Time=279475 X=18241 Y=-9800.38
Time=280487 X=18312 Y=-10181.5
Time=281487 X=18438.8 Y=-10537.3
Time=282486 X=18615 Y=-10879.2
Time=283552 X=18808.5 Y=-11242.1
Time=284522 X=19009.6 Y=-11557.7
Time=285566 X=19256.5 Y=-11876
Time=286581 X=19431.7 Y=-12224.5
Time=287601 X=19433.2 Y=-12228.1
Time=288598 X=19443.5 Y=-12044.1
Time=289657 X=19425.8 Y=-11830.4
Time=290651 X=19425.8 Y=-11830.4
Time=291684 X=19425.8 Y=-11830.4
Time=292691 X=19425.8 Y=-11830.4
Time=293753 X=19425.8 Y=-11830.4
Time=294795 X=19425.8 Y=-11830.4
Time=295849 X=19425.8 Y=-11830.4
Time=296877 X=19425.8 Y=-11830.4
Time=297810 X=19425.8 Y=-11830.4
Time=298956 X=19425.8 Y=-11830.4
Time=300285 X=19425.8 Y=-11830.4
Time=301440 X=19425.8 Y=-11830.4
Time=302404 X=19385 Y=-11782.5
Time=303388 X=19385 Y=-11782.5
Time=304370 X=19086.2 Y=-11861.6
Time=305485 X=18662.8 Y=-11805.6
Time=306546 X=19134.9 Y=-11806.6
Time=307605 X=19040 Y=-11879.8
Time=308578 X=19040 Y=-11879.8
Time=309746 X=19040 Y=-11879.8
Time=310777 X=19040 Y=-11879.8
Time=311869 X=19040 Y=-11879.8
Time=312899 X=19040 Y=-11879.8
Time=314096 X=19040 Y=-11879.8
Time=315040 X=19040 Y=-11879.8
Time=316099 X=19040 Y=-11879.8
Time=317108 X=19040 Y=-11879.8
Time=318123 X=19040 Y=-11879.8
Time=319178 X=19040 Y=-11879.8
Time=320197 X=19040 Y=-11879.8
Time=321303 X=19040 Y=-11879.8
Time=322366 X=19040 Y=-11879.8
Time=323391 X=19040 Y=-11879.8
Time=324411 X=19040 Y=-11879.8
Time=325434 X=19053.3 Y=-11834
Time=326461 X=19070.4 Y=-11463.2
Time=327476 X=19075.6 Y=-11438.5
Time=328519 X=19017.7 Y=-11497.6
Time=329582 X=18837.4 Y=-11848.8
Time=330656 X=18649.4 Y=-12214.7
Time=331784 X=18451.6 Y=-12599.9
Time=332789 X=18274.4 Y=-12944.9
Time=333809 X=18094.5 Y=-13295
Time=334830 X=17914.5 Y=-13645.5
Time=335850 X=17735.2 Y=-13996.1
Time=336896 X=17603 Y=-14376.7
Time=337955 X=17469.9 Y=-14759.9
Time=338993 X=17289.6 Y=-15112.3
Time=340086 X=17103 Y=-15440.7
Time=341073 X=16932.6 Y=-15778.1
Time=342133 X=16754.3 Y=-16142.8
Time=343143 X=16815.1 Y=-16228.7
Time=344184 X=16815.1 Y=-16228.7
Time=345192 X=16815.1 Y=-16228.7
Time=346244 X=16815.1 Y=-16228.7
Time=347307 X=16815.1 Y=-16228.7
Time=348350 X=16815.1 Y=-16228.7
Time=349389 X=16815.1 Y=-16228.7
Time=350473 X=16815.1 Y=-16228.7
Time=351482 X=16815.1 Y=-16228.7
Time=352532 X=16815.1 Y=-16228.7
Time=353595 X=16815.1 Y=-16228.7
Time=354629 X=16815.1 Y=-16228.7
Time=355692 X=16815.1 Y=-16228.7
Time=356736 X=16815.1 Y=-16228.7
Time=357765 X=16815.1 Y=-16228.7
Time=358808 X=16815.1 Y=-16228.7
Time=359809 X=16789.2 Y=-16268.3
Time=360856 X=16825.8 Y=-16208.2
Time=361888 X=16919.7 Y=-16053.9
Time=362898 X=17044 Y=-15774
Time=363910 X=17154 Y=-15669
Time=364950 X=17154 Y=-15669
Time=365999 X=17154 Y=-15669
Time=367032 X=17154 Y=-15669
Time=368017 X=17154 Y=-15669
Time=369058 X=17015.6 Y=-15954.8
Time=370113 X=16828.1 Y=-16054.2
Time=371170 X=16448.7 Y=-16195.4
Time=372175 X=16087.9 Y=-16329.7
Time=373242 X=15704.9 Y=-16472.3
Time=374260 X=15336.2 Y=-16592.2
Time=375312 X=14963.4 Y=-16581.6
Time=376404 X=14593.2 Y=-16500.7
Time=377404 X=14221.9 Y=-16405.8
Time=378387 X=13867.8 Y=-16303
Time=379462 X=13867.8 Y=-16303
Time=380495 X=13867.8 Y=-16303
Time=381510 X=13867.8 Y=-16303
Time=382459 X=13867.8 Y=-16303
Time=383601 X=13867.8 Y=-16303
Time=384599 X=13867.8 Y=-16303
Time=385652 X=13867.8 Y=-16303
Time=386703 X=13867.8 Y=-16303
Time=387758 X=13867.8 Y=-16303
Time=388804 X=13867.8 Y=-16303
Time=389846 X=13867.8 Y=-16303
Time=390865 X=13867.8 Y=-16303
Time=391927 X=13867.8 Y=-16303
Time=392977 X=13867.8 Y=-16303
Time=394025 X=13867.8 Y=-16303
Time=395063 X=13867.8 Y=-16303
Time=396083 X=13867.8 Y=-16303
Time=397140 X=13867.8 Y=-16303
Time=398152 X=13867.8 Y=-16303
Time=399178 X=13867.8 Y=-16303
Time=400190 X=13867.8 Y=-16303
Time=401239 X=13949.3 Y=-16380.4
Time=402274 X=14143.2 Y=-16614.9
Time=403316 X=14169.8 Y=-16650.3
Time=404268 X=14195.5 Y=-16487.3
Time=405426 X=14047.4 Y=-16332.2
Time=406458 X=13774.2 Y=-16045.8
Time=407480 X=13518.4 Y=-15777.8
Time=408510 X=13246 Y=-15492.4
Time=409514 X=12980.5 Y=-15214.2
Time=410536 X=12710.3 Y=-14931
Time=411645 X=12527.7 Y=-14566.3
Time=412657 X=12518.4 Y=-14188.6
Time=413590 X=12481.5 Y=-14014.3
Time=414551 X=12596.5 Y=-13857
Time=415755 X=12621 Y=-13833
Time=416725 X=12621 Y=-13833
Time=417775 X=12621 Y=-13833
Time=418825 X=12621 Y=-13833
Time=419765 X=12621 Y=-13833
Time=420939 X=12621 Y=-13833
Time=422147 X=12621 Y=-13833
Time=423453 X=12329.9 Y=-13980.1
Time=424381 X=12413.8 Y=-14240.3
Time=425371 X=12474.4 Y=-14375.3
Time=426432 X=12429 Y=-14303.9
Time=427492 X=12394.2 Y=-14163.3
Time=428523 X=12211 Y=-14139
Time=429604 X=12321.7 Y=-13871.1
Time=430573 X=12489.4 Y=-13540
Time=431642 X=12607.4 Y=-13468.6
Time=432647 X=12594.3 Y=-13463.1
Time=433615 X=12547.4 Y=-13814.7
Time=434704 X=12492.9 Y=-14224.3
Time=435687 X=12498.6 Y=-14428.5
Time=436731 X=12485.5 Y=-14288.9
Time=437720 X=12549.9 Y=-13915.6
Time=438795 X=12619.9 Y=-13509.8
Time=439852 X=12685 Y=-13132.2
Time=440879 X=12742.6 Y=-12797.9
Time=441883 X=12808 Y=-12418.9
Time=442820 X=12805.5 Y=-12063.4
Time=443929 X=12774.6 Y=-11639.8
Time=444948 X=12754.5 Y=-11250.1
Time=446019 X=12774.2 Y=-10840.6
Time=446966 X=12847.8 Y=-10486.9
Time=448066 X=12933 Y=-10215
Time=449073 X=12933 Y=-10215
Time=450123 X=12933 Y=-10215
Time=451130 X=12933 Y=-10215
Time=452183 X=12933 Y=-10215
Time=453200 X=12933 Y=-10215
Time=454226 X=12933 Y=-10215
Time=455255 X=12933 Y=-10215
Time=456299 X=12933 Y=-10215
Time=457317 X=12933 Y=-10215
Time=458384 X=12933 Y=-10215
Time=459386 X=12933 Y=-10215
Time=460439 X=12933 Y=-10215
Time=461438 X=12933 Y=-10215
Time=462446 X=12933 Y=-10215
Time=463469 X=12933 Y=-10215
Time=464528 X=12933 Y=-10215
Time=465570 X=12933 Y=-10215
Time=466568 X=12933 Y=-10215
Time=467618 X=12933 Y=-10215
Time=468636 X=12933 Y=-10215
Time=469623 X=13099.5 Y=-10059.1
Time=470688 X=13212.9 Y=-9990.12
Time=471656 X=13048.1 Y=-10322.3
Time=472654 X=12878.3 Y=-10664.7
Time=473685 X=12794.5 Y=-10833.5
Time=474689 X=12658.6 Y=-10753.1
Time=475795 X=12289.5 Y=-10545.1
Time=476856 X=11935.5 Y=-10345.6
Time=477916 X=11594.6 Y=-10153.5
Time=478915 X=11337.2 Y=-10026.5
Time=479899 X=11007.6 Y=-9897.76
Time=480995 X=10609.9 Y=-9767.84
Time=481966 X=10247.5 Y=-9684.2
Time=483039 X=9854.76 Y=-9565.3
Time=484015 X=9506.92 Y=-9428.32
Time=485074 X=9229.01 Y=-9280.19
Time=486109 X=9048.81 Y=-9163.84
Time=487085 X=9041 Y=-9153
Time=488173 X=9041 Y=-9153
Time=489221 X=9041 Y=-9153
Time=490227 X=9041 Y=-9153
Time=491255 X=9041 Y=-9153
Time=492279 X=9041 Y=-9153
Time=493296 X=9041 Y=-9153
Time=494306 X=9006.26 Y=-9128.26
Time=495313 X=8875 Y=-9065
Time=496325 X=8875 Y=-9065
Time=497461 X=8875 Y=-9065
Time=498414 X=8875 Y=-9065
Time=499493 X=8875 Y=-9065
Time=500583 X=8875 Y=-9065
Time=501573 X=8875 Y=-9065
Time=502594 X=8875 Y=-9065
Time=503596 X=8825.37 Y=-9051.85
Time=504606 X=8535.54 Y=-9027.23
Time=505637 X=8191.28 Y=-8997.99
Time=506725 X=7776.03 Y=-8962.72
Time=507706 X=7401.62 Y=-8930.92
Time=508769 X=6995.91 Y=-8896.46
Time=509806 X=6600.12 Y=-8862.85
Time=510872 X=6193.26 Y=-8828.29
Time=511849 X=5820.9 Y=-8793.73
Time=512824 X=5461.3 Y=-8692.69
Time=513890 X=5144.32 Y=-8587.17
Time=514932 X=4776.25 Y=-8476.05
Time=515923 X=4418.7 Y=-8373
Time=516950 X=4240 Y=-8306
Time=517957 X=4240 Y=-8306
Time=519014 X=4240 Y=-8306
Time=520017 X=4240 Y=-8306
Time=521031 X=4240 Y=-8306
Time=522082 X=4240 Y=-8306
Time=523063 X=4240 Y=-8306
Time=524142 X=4240 Y=-8306
Time=525171 X=4240 Y=-8306
Time=526145 X=4240 Y=-8306
Time=527204 X=4240 Y=-8306
Time=528146 X=4341.9 Y=-8405.96
Time=529255 X=4580.44 Y=-8618.36
Time=530255 X=4671 Y=-8699
Time=531187 X=4671 Y=-8699
Time=532370 X=4671 Y=-8699
Time=533403 X=4671 Y=-8699
Time=534402 X=4572.93 Y=-8650.83
Time=535312 X=4260.06 Y=-8497.15
Time=536414 X=3898.39 Y=-8288.28
Time=537433 X=3637.03 Y=-7998.39
Time=538562 X=3347.45 Y=-7677.21
Time=539621 X=3075.82 Y=-7375.94
Time=540900 X=2739.74 Y=-7019.64
Time=541982 X=2428.5 Y=-6746.23
Time=542958 X=2141.62 Y=-6543.26
Time=544030 X=1784.91 Y=-6339.94
Time=545002 X=1460.11 Y=-6157.95
Time=546056 X=1388.94 Y=-6118.07
Time=547045 X=1388.94 Y=-6118.07
Time=548225 X=1388.94 Y=-6118.07
Time=549206 X=1388.94 Y=-6118.07
Time=550357 X=1388.94 Y=-6118.07
Time=551683 X=1388.94 Y=-6118.07
Time=552696 X=1388.94 Y=-6118.07
Time=553703 X=1388.94 Y=-6118.07
Time=554615 X=1388.94 Y=-6118.07
Time=555681 X=1388.94 Y=-6118.07
Time=556593 X=1695.4 Y=-6169.28
Time=557772 X=1866.21 Y=-6215.54
Time=558791 X=1866.21 Y=-6215.54
Time=559916 X=1866.21 Y=-6215.54
Time=560808 X=1866.21 Y=-6215.54
Time=561904 X=1866.21 Y=-6215.54
Time=562959 X=1866.21 Y=-6215.54
Time=563990 X=1866.21 Y=-6215.54
Time=565010 X=1807.58 Y=-6080.49
Time=565965 X=1685.6 Y=-5761.27
Time=567110 X=1730.78 Y=-5325.02
Time=568238 X=1770.9 Y=-4937.54
Time=569405 X=1770.9 Y=-4937.54
Time=570297 X=1770.9 Y=-4937.54
Time=571341 X=1770.9 Y=-4937.54
Time=572455 X=1770.9 Y=-4937.54
Time=573531 X=1770.9 Y=-4937.54
Time=574554 X=1758.19 Y=-4938.11
Time=575649 X=1994.55 Y=-4730.18
Time=576656 X=2047 Y=-4687
Time=577796 X=2047 Y=-4687
Time=578710 X=2014.81 Y=-4951
Time=579750 X=2013 Y=-5119
Time=580867 X=2013 Y=-5119
Time=581881 X=2013 Y=-5119
Time=582922 X=2013 Y=-5119
Time=583958 X=2013 Y=-5119
Time=584995 X=2013 Y=-5119
Time=586018 X=2013 Y=-5119
Time=587107 X=2013 Y=-5119
Time=588169 X=2013 Y=-5119
Time=589471 X=2013 Y=-5119
Time=590410 X=2013 Y=-5119
Time=591589 X=2013 Y=-5119
Time=592803 X=2013 Y=-5119
Time=593923 X=2013 Y=-5119
Time=594982 X=1725.04 Y=-5331.41
Time=596003 X=1534 Y=-5493
Time=597027 X=1534 Y=-5493
Time=598060 X=1665.89 Y=-5576.8
Time=599050 X=1794.41 Y=-5325.64
Time=600265 X=1794.41 Y=-5325.64
Time=601449 X=1833.72 Y=-5315.49
Time=602371 X=1849.5 Y=-5480.62
Time=603326 X=1875.65 Y=-5754.42
Time=604389 X=1964.45 Y=-6155.61
Time=605507 X=2116.5 Y=-6555.95
Time=606434 X=2237.8 Y=-6875.36
Time=607586 X=2329.72 Y=-7117.39
Time=608620 X=2329.72 Y=-7117.39
Time=609751 X=2650.95 Y=-7336.41
Time=610956 X=3032.32 Y=-7596.4
Time=611892 X=3311.75 Y=-7786.89
Time=612818 X=3604.83 Y=-7986.69
Time=614091 X=4007.72 Y=-8261.35
Time=615096 X=4179.58 Y=-8378.51
Time=616061 X=4043.83 Y=-8321.89
Time=617092 X=3732.18 Y=-8191.9
Time=617907 X=3457.17 Y=-8077.19
Time=619107 X=3032.94 Y=-7900.25
Time=620175 X=2655.38 Y=-7742.77
Time=621285 X=2262.97 Y=-7579.1
Time=622111 X=1970.96 Y=-7457.3
Time=623418 X=1508.91 Y=-7264.58
Time=624573 X=1100.6 Y=-7094.27
Time=625553 X=991.257 Y=-7127.12
Time=626475 X=824.128 Y=-7367.2
Time=627607 X=576.4 Y=-7723.07
Time=628467 X=361.852 Y=-7969.51
Time=629616 X=-32.1534 Y=-8165.62
Time=630633 X=-382.515 Y=-8336.36
Time=631813 X=-652 Y=-8474
Time=632829 X=-652 Y=-8474
Time=634022 X=-652 Y=-8474
Time=635252 X=-652 Y=-8474
Time=636175 X=-652 Y=-8474
Time=637225 X=-652 Y=-8474
Time=638230 X=-652 Y=-8474
Time=639278 X=-652 Y=-8474
Time=640223 X=-652 Y=-8474
Time=641302 X=-652 Y=-8474
Time=642361 X=-652 Y=-8474
Time=643292 X=-652 Y=-8474
Time=644447 X=-652 Y=-8474
Time=645420 X=-852.034 Y=-8608.31
Time=646619 X=-1029 Y=-8724
Time=647746 X=-622.564 Y=-8576.42
Time=648684 X=-545.848 Y=-8548.74
Time=650021 X=-528.113 Y=-8502.66
Time=650999 X=-666.769 Y=-8590.13
Time=652020 X=-999.125 Y=-8799.8
Time=653026 X=-1327.48 Y=-9006.94
Time=654075 X=-1669.87 Y=-9222.94
Time=655118 X=-1999.53 Y=-9452.75
Time=656142 X=-2310.58 Y=-9692.87
Time=657171 X=-2639.24 Y=-9910.24
Time=658196 X=-2974.64 Y=-10114.3
Time=659209 X=-3288.43 Y=-10243.4
Time=660210 X=-3536.06 Y=-10419.5
Time=661277 X=-3785.62 Y=-10598.8
Time=662119 X=-3808.54 Y=-10615.3
Time=663323 X=-3808.54 Y=-10615.3
Time=664356 X=-3808.54 Y=-10615.3
Time=665380 X=-3808.54 Y=-10615.3
Time=666373 X=-3808.54 Y=-10615.3
Time=667405 X=-3808.54 Y=-10615.3
Time=668292 X=-3808.54 Y=-10615.3
Time=669530 X=-3785.28 Y=-10598
Time=670468 X=-3585.9 Y=-10448.9
Time=671570 X=-3439 Y=-10339
Time=672447 X=-3439 Y=-10339
Time=673637 X=-3439 Y=-10339
Time=674804 X=-3439 Y=-10339
Time=675829 X=-3318.37 Y=-10313.7
Time=676792 X=-3030.31 Y=-10241.6
Time=677897 X=-2954.76 Y=-10231.5
Time=678862 X=-2954.76 Y=-10231.5
Time=679931 X=-2954.76 Y=-10231.5
Time=680954 X=-2954.76 Y=-10231.5
Time=681933 X=-2962.9 Y=-10042.1
Time=682967 X=-2952.25 Y=-10437.7
Time=684033 X=-2926.04 Y=-10845.2
Time=684919 X=-2904.27 Y=-11183.8
Time=686142 X=-2874.2 Y=-11651.3
Time=687254 X=-2845.76 Y=-12022.7
Time=688165 X=-2826.9 Y=-12284.3
Time=689296 X=-2893.55 Y=-12509.7
Time=690351 X=-2795 Y=-12619
Time=691382 X=-2795 Y=-12619
Time=692397 X=-2795 Y=-12619
Time=693493 X=-2795 Y=-12619
Time=694559 X=-2739.02 Y=-12784.3
Time=695539 X=-2554.94 Y=-13110.7
Time=696673 X=-2596.31 Y=-13543.1
Time=697750 X=-2597.4 Y=-13554.5
Time=698750 X=-2597.4 Y=-13554.5
Time=699938 X=-2597.4 Y=-13554.5
Time=701199 X=-2597.4 Y=-13554.5
Time=702277 X=-2597.4 Y=-13554.5
Time=703457 X=-2597.4 Y=-13554.5
Time=704406 X=-2597.4 Y=-13554.5
Time=705568 X=-2597.4 Y=-13554.5
Time=706833 X=-2597.4 Y=-13554.5
Time=707780 X=-2597.4 Y=-13554.5
Time=708918 X=-2597.4 Y=-13554.5
Time=710048 X=-2597.4 Y=-13554.5
Time=711250 X=-2597.4 Y=-13554.5
Time=712357 X=-2597.4 Y=-13554.5
Time=713403 X=-2597.4 Y=-13554.5
Time=714422 X=-2597.4 Y=-13554.5
Time=715470 X=-2597.4 Y=-13554.5
Time=716554 X=-2597.4 Y=-13554.5
Time=717587 X=-2597.4 Y=-13554.5
Time=718679 X=-2597.4 Y=-13554.5
Time=719697 X=-2597.4 Y=-13554.5
Time=720710 X=-2597.4 Y=-13554.5
Time=721714 X=-2597.4 Y=-13554.5
Time=722840 X=-2597.4 Y=-13554.5
Time=723921 X=-2597.4 Y=-13554.5
Time=724901 X=-2597.4 Y=-13554.5
Time=726029 X=-2597.4 Y=-13554.5
Time=727074 X=-2597.4 Y=-13554.5
Time=727993 X=-2597.4 Y=-13554.5
Time=729200 X=-2597.4 Y=-13554.5
Time=730255 X=-2597.4 Y=-13554.5
Time=731290 X=-2597.4 Y=-13554.5
Time=732351 X=-2597.4 Y=-13554.5
Time=733330 X=-2597.4 Y=-13554.5
Time=734392 X=-2597.4 Y=-13554.5
Time=735435 X=-2597.4 Y=-13554.5
Time=736462 X=-2597.4 Y=-13554.5
Time=737473 X=-2597.4 Y=-13554.5
Time=738494 X=-2610.01 Y=-13455
Time=739464 X=-2715.77 Y=-13233
Time=740497 X=-2885.94 Y=-12875.8
Time=741527 X=-3024 Y=-12586
Time=742611 X=-2905.25 Y=-12726.9
Time=743705 X=-2905.25 Y=-12726.9
Time=744808 X=-2866.91 Y=-13074.9
Time=745855 X=-2831 Y=-13400.8
Time=746916 X=-2797.54 Y=-13704.5
Time=747939 X=-2782.55 Y=-13840.5
Time=748903 X=-2782.55 Y=-13840.5
Time=750028 X=-2782.55 Y=-13840.5
Time=750954 X=-2782.55 Y=-13840.5
Time=752155 X=-2782.55 Y=-13840.5
Time=753109 X=-2782.55 Y=-13840.5
Time=754242 X=-2782.55 Y=-13840.5
Time=755301 X=-2782.55 Y=-13840.5
Time=756337 X=-2782.55 Y=-13840.5
Time=757365 X=-2782.55 Y=-13840.5
Time=758533 X=-2782.55 Y=-13840.5
Time=759552 X=-2782.55 Y=-13840.5
Time=760730 X=-2782.55 Y=-13840.5
Time=761846 X=-2782.55 Y=-13840.5
Time=762947 X=-2782.55 Y=-13840.5
Time=763992 X=-2782.55 Y=-13840.5
Time=765135 X=-2782.55 Y=-13840.5
Time=766158 X=-2782.55 Y=-13840.5
Time=767194 X=-2782.55 Y=-13840.5
Time=768179 X=-2782.55 Y=-13840.5
Time=769084 X=-2782.55 Y=-13840.5
Time=770260 X=-2619.09 Y=-14104.4
Time=771195 X=-2571.7 Y=-14181
Time=772386 X=-2571.7 Y=-14181
Time=773455 X=-2802.55 Y=-14313.5
Time=774623 X=-2861.01 Y=-14347.1
Time=775637 X=-2861.01 Y=-14347.1
Time=776733 X=-2849.77 Y=-14250
Time=777789 X=-2814.62 Y=-13847
Time=778905 X=-2797 Y=-13645
Time=779985 X=-2851.05 Y=-13969.5
Time=781024 X=-2851.05 Y=-13969.5
Time=782107 X=-2784.05 Y=-13997.2
Time=783166 X=-2861.56 Y=-14205.4
Time=784191 X=-2998.53 Y=-14573.3
Time=785186 X=-3116.37 Y=-14889.9
Time=786294 X=-3234.19 Y=-15206.4
Time=787402 X=-3382.26 Y=-15604.1
Time=788440 X=-3538.38 Y=-15736.4
Time=789417 X=-3826.81 Y=-15974.8
Time=790437 X=-4127.93 Y=-16223.8
Time=791484 X=-4438.84 Y=-16477
Time=792444 X=-4744.49 Y=-16680.9
Time=793542 X=-4870.08 Y=-16759.7
Time=794561 X=-4870.08 Y=-16759.7
Time=795523 X=-4870.08 Y=-16759.7
Time=796585 X=-4870.08 Y=-16759.7
Time=797618 X=-4870.08 Y=-16759.7
Time=798609 X=-4870.08 Y=-16759.7
Time=799744 X=-4870.08 Y=-16759.7
Time=800813 X=-4870.08 Y=-16759.7
Time=801799 X=-4870.08 Y=-16759.7
Time=802840 X=-4870.08 Y=-16759.7
Time=803824 X=-4870.08 Y=-16759.7
Time=804841 X=-4870.08 Y=-16759.7
Time=805923 X=-4870.08 Y=-16759.7
Time=806925 X=-4870.08 Y=-16759.7
Time=807896 X=-4858.54 Y=-16719.9
Time=809015 X=-4635 Y=-16643
Time=810066 X=-4635 Y=-16643
Time=811138 X=-4743.02 Y=-16691.4
Time=812158 X=-4924.13 Y=-16799.4
Time=813128 X=-5046 Y=-16850.1
Time=814281 X=-5456.32 Y=-17022.2
Time=815410 X=-5851.14 Y=-17200.9
Time=816458 X=-6216.03 Y=-17368.3
Time=817544 X=-6553.87 Y=-17506.3
Time=818633 X=-6649.34 Y=-17502.6
Time=819678 X=-6649.34 Y=-17502.6
Time=820767 X=-6649.34 Y=-17502.6
Time=821851 X=-6649.34 Y=-17502.6
Time=822961 X=-6649.34 Y=-17502.6
Time=823872 X=-6649.34 Y=-17502.6
Time=824909 X=-6649.34 Y=-17502.6
Time=825967 X=-6649.34 Y=-17502.6
Time=826964 X=-6649.34 Y=-17502.6
Time=827913 X=-6649.34 Y=-17502.6
Time=829023 X=-6649.34 Y=-17502.6
Time=830361 X=-6649.34 Y=-17502.6
Time=831317 X=-6649.34 Y=-17502.6
Time=832329 X=-6649.34 Y=-17502.6
Time=833319 X=-6649.34 Y=-17502.6
Time=834326 X=-6649.34 Y=-17502.6
Time=835400 X=-6649.34 Y=-17502.6
Time=836445 X=-6649.34 Y=-17502.6
Time=837506 X=-6649.34 Y=-17502.6
Time=838507 X=-6649.34 Y=-17502.6
Time=839638 X=-6649.34 Y=-17502.6
Time=840797 X=-6649.34 Y=-17502.6
Time=842035 X=-6649.34 Y=-17502.6
Time=843120 X=-6649.34 Y=-17502.6
Time=844296 X=-6649.34 Y=-17502.6
Time=845292 X=-6649.34 Y=-17502.6
Time=846345 X=-6649.34 Y=-17502.6
Time=847252 X=-6649.34 Y=-17502.6
Time=848358 X=-6649.34 Y=-17502.6
Time=849456 X=-6649.34 Y=-17502.6
Time=850684 X=-6811.66 Y=-17569.8
Time=851816 X=-7155.39 Y=-17733.8
Time=853069 X=-7587.24 Y=-17943.1
Time=854013 X=-7826.47 Y=-18055.5
Time=855017 X=-7826.47 Y=-18055.5
Time=856061 X=-7826.47 Y=-18055.5
Time=857067 X=-7826.47 Y=-18055.5
Time=858155 X=-7826.47 Y=-18055.5
Time=859391 X=-7826.47 Y=-18055.5
Time=860484 X=-7826.47 Y=-18055.5
Time=861521 X=-7826.47 Y=-18055.5
Time=862568 X=-7826.47 Y=-18055.5
Time=864351 X=-7826.47 Y=-18055.5
Time=865713 X=-7826.47 Y=-18055.5
Time=866705 X=-7826.47 Y=-18055.5
Time=868027 X=-7826.47 Y=-18055.5
Time=869932 X=-7826.47 Y=-18055.5
Time=871595 X=-7826.47 Y=-18055.5
Time=873447 X=-7826.47 Y=-18055.5
Time=874348 X=-7826.47 Y=-18055.5
Time=875671 X=-7826.47 Y=-18055.5
Time=876791 X=-7826.47 Y=-18055.5
Time=877806 X=-7826.47 Y=-18055.5
Time=878822 X=-7826.47 Y=-18055.5
Time=880010 X=-7824.38 Y=-18011.8
Time=880962 X=-7661.9 Y=-17773.7
Time=881982 X=-7634.47 Y=-17724.5
Time=883188 X=-7697.7 Y=-17827.3
Time=884077 X=-7843.44 Y=-18064.1
Time=885063 X=-7843.44 Y=-18064.1
Time=886132 X=-7814 Y=-17796
Time=887141 X=-8129.68 Y=-17729.9
Time=888119 X=-8496.35 Y=-17653.2
Time=889175 X=-8892.27 Y=-17570.4
Time=890205 X=-9282.13 Y=-17524.1
Time=891226 X=-9673.21 Y=-17522.2
Time=892269 X=-9904.64 Y=-17433.8
Time=893382 X=-9796.81 Y=-17040
Time=894393 X=-9894.06 Y=-16750.5
Time=895446 X=-9990.63 Y=-16463
Time=896484 X=-10089.6 Y=-16182
Time=897476 X=-10372.4 Y=-15928.2
Time=898582 X=-10672.2 Y=-15732.5
Time=899687 X=-10715 Y=-15677
Time=900686 X=-10715 Y=-15677
Time=901754 X=-10715 Y=-15677
Time=902831 X=-10715 Y=-15677
Time=903839 X=-10715 Y=-15677
Time=904834 X=-10715 Y=-15677
Time=905915 X=-10715 Y=-15677
Time=906968 X=-10715 Y=-15677
Time=908034 X=-10715 Y=-15677
Time=909056 X=-10715 Y=-15677
Time=910143 X=-10715 Y=-15677
Time=911181 X=-10715 Y=-15677
Time=912203 X=-10715 Y=-15677
Time=913290 X=-10715 Y=-15677
Time=914354 X=-10715 Y=-15677
Time=915374 X=-10715 Y=-15677
Time=916449 X=-10715 Y=-15677
Time=917525 X=-10715 Y=-15677
Time=918512 X=-10715 Y=-15677
Time=919488 X=-10715 Y=-15677
Time=920591 X=-10715 Y=-15677
Time=921622 X=-10715 Y=-15677
Time=922676 X=-10672.9 Y=-15666.7
Time=923730 X=-10638.3 Y=-15664.9
Time=924747 X=-10563.3 Y=-15735.6
Time=925791 X=-10344.4 Y=-15941.8
Time=926914 X=-10071.3 Y=-16238.8
Time=927954 X=-9981.77 Y=-16626.9
Time=929079 X=-9933.59 Y=-17049.5
Time=930154 X=-10077.4 Y=-17435.3
Time=931165 X=-10109 Y=-17520
Time=932327 X=-9802.86 Y=-17233.3
Time=933373 X=-9861.33 Y=-16847.9
Time=934209 X=-9963.4 Y=-16544
Time=935323 X=-10121.2 Y=-16153.7
Time=936544 X=-10464 Y=-15846
Time=937607 X=-10399.7 Y=-15903.7
Time=938593 X=-10367.9 Y=-15829.4
Time=939557 X=-10274.8 Y=-15900.1
Time=940612 X=-10009.5 Y=-16204.9
Time=941688 X=-9738.86 Y=-16515.7
Time=942732 X=-9476.29 Y=-16817.4
Time=943653 X=-9244.67 Y=-17083.4
Time=944749 X=-9117.29 Y=-17187.1
Time=945749 X=-9383.5 Y=-16911.7
Time=946787 X=-9659.82 Y=-16625.8
Time=947840 X=-9901.69 Y=-16375.6
Time=948949 X=-10205 Y=-16078.5
Time=949928 X=-10486.5 Y=-15830.7
Time=951023 X=-10833.1 Y=-15594.5
Time=952077 X=-11202 Y=-15437.6
Time=953226 X=-11607.4 Y=-15266.6
Time=954293 X=-11965.1 Y=-15069.4
Time=955366 X=-12305.1 Y=-14838.6
Time=956398 X=-12580.4 Y=-14650.2
Time=957427 X=-12736.5 Y=-14543.4
Time=958572 X=-12736.5 Y=-14543.4
Time=959612 X=-12736.5 Y=-14543.4
Time=960680 X=-12736.5 Y=-14543.4
Time=961738 X=-12736.5 Y=-14543.4
Time=962732 X=-12736.5 Y=-14543.4
Time=963867 X=-12736.5 Y=-14543.4
Time=964846 X=-12736.5 Y=-14543.4
Time=965812 X=-12736.5 Y=-14543.4
Time=966967 X=-12736.5 Y=-14543.4
Time=968052 X=-12736.5 Y=-14543.4
Time=969042 X=-12736.5 Y=-14543.4
Time=970187 X=-12736.5 Y=-14543.4
Time=971238 X=-12736.5 Y=-14543.4
Time=972239 X=-12613.5 Y=-14609.1
Time=973291 X=-12591.9 Y=-14584.4
Time=974360 X=-12537.5 Y=-14606.1
Time=975421 X=-12291 Y=-14782.1
Time=976427 X=-12265 Y=-14804
Time=977563 X=-12265 Y=-14804
Time=978649 X=-12265 Y=-14804
Time=979645 X=-12265 Y=-14804
Time=980698 X=-12265 Y=-14804
Time=981712 X=-12265 Y=-14804
Time=982804 X=-12265 Y=-14804
Time=983852 X=-12265 Y=-14804
Time=984883 X=-12265 Y=-14804
Time=985864 X=-12265 Y=-14804
Time=987045 X=-12265 Y=-14804
Time=988114 X=-12265 Y=-14804
Time=989225 X=-12265 Y=-14804
Time=990251 X=-12265 Y=-14804
Time=991421 X=-12265 Y=-14804
Time=992452 X=-12098.4 Y=-14897.5
Time=993515 X=-11971.5 Y=-15010.1
Time=994494 X=-11971.5 Y=-15010.1
Time=995337 X=-11971.5 Y=-15010.1
Time=996599 X=-11971.5 Y=-15010.1
Time=997786 X=-11761.8 Y=-15168.9
Time=998815 X=-11708.7 Y=-15154.7
Time=999852 X=-11372.3 Y=-15332.2
Time=1000918 X=-11003.4 Y=-15489.6
Time=1002135 X=-11216.5 Y=-15613.7
Time=1003010 X=-11524.9 Y=-15744.9
Time=1004117 X=-11894.7 Y=-15902
Time=1005209 X=-12279.6 Y=-16065.7
Time=1006116 X=-12599.3 Y=-16201.6
Time=1007397 X=-13050.9 Y=-16393.5
Time=1008377 X=-13278.3 Y=-16692.1
Time=1009561 X=-13510.2 Y=-17081.8
Time=1010710 X=-13745.1 Y=-17453.2
Time=1011708 X=-13956.9 Y=-17672.7
Time=1012699 X=-13956.9 Y=-17672.7
Time=1013746 X=-13956.9 Y=-17672.7
Time=1014789 X=-13956.9 Y=-17672.7
Time=1015867 X=-13956.9 Y=-17672.7
Time=1016883 X=-13956.9 Y=-17672.7
Time=1017881 X=-13956.9 Y=-17672.7
Time=1018972 X=-13956.9 Y=-17672.7
Time=1019953 X=-13956.9 Y=-17672.7
Time=1020990 X=-13956.9 Y=-17672.7
Time=1022029 X=-13956.9 Y=-17672.7
Time=1023100 X=-13956.9 Y=-17672.7
Time=1024106 X=-13956.9 Y=-17672.7
Time=1025195 X=-13956.9 Y=-17672.7
Time=1026248 X=-13956.9 Y=-17672.7
Time=1027296 X=-13956.9 Y=-17672.7
Time=1028374 X=-13956.9 Y=-17672.7
Time=1029537 X=-13956.9 Y=-17672.7
Time=1030535 X=-13956.9 Y=-17672.7
Time=1031496 X=-13973.3 Y=-17811.8
Time=1032574 X=-13967 Y=-17748.5
Time=1033641 X=-13967 Y=-17748.5
Time=1034681 X=-13947.4 Y=-17680.8
Time=1035761 X=-13832.5 Y=-17283.4
Time=1036848 X=-13716.9 Y=-16883.4
Time=1037910 X=-13603.9 Y=-16492.6
Time=1038903 X=-13498.2 Y=-16127.2
Time=1039909 X=-13391.2 Y=-15757.1
Time=1041011 X=-13274 Y=-15351.6
Time=1042141 X=-13155.8 Y=-14942.7
Time=1043167 X=-13064.9 Y=-14628.3
Time=1044136 X=-12961.8 Y=-14271.8
Time=1045406 X=-12826.7 Y=-13804.5
Time=1046502 X=-12697.5 Y=-13408
Time=1047550 X=-12445.3 Y=-13095.7
Time=1048539 X=-12214.7 Y=-12795.1
Time=1049597 X=-11964.8 Y=-12476.1
Time=1050628 X=-11717.4 Y=-12168.3
Time=1051692 X=-11565.9 Y=-11980.1
Time=1052876 X=-11565.9 Y=-11980.1
Time=1053921 X=-11565.9 Y=-11980.1
Time=1055075 X=-11565.9 Y=-11980.1
Time=1056218 X=-11565.9 Y=-11980.1
Time=1057318 X=-11565.9 Y=-11980.1
Time=1058237 X=-11565.9 Y=-11980.1
Time=1059248 X=-11565.9 Y=-11980.1
Time=1060399 X=-11565.9 Y=-11980.1
Time=1061395 X=-11565.9 Y=-11980.1
Time=1062640 X=-11565.9 Y=-11980.1
Time=1063594 X=-11565.9 Y=-11980.1
Time=1064626 X=-11565.9 Y=-11980.1
Time=1065578 X=-11565.9 Y=-11980.1
Time=1066670 X=-11565.9 Y=-11980.1
Time=1067642 X=-11565.9 Y=-11980.1
Time=1068806 X=-11565.9 Y=-11980.1
Time=1069768 X=-11565.9 Y=-11980.1
Time=1070801 X=-11565.9 Y=-11980.1
Time=1071886 X=-11565.9 Y=-11980.1
Time=1073048 X=-11565.9 Y=-11980.1
Time=1073997 X=-11565.9 Y=-11980.1
Time=1075070 X=-11565.9 Y=-11980.1
Time=1075958 X=-11731.7 Y=-11972.9
Time=1077246 X=-11838.4 Y=-11970.7
Time=1078231 X=-11838.4 Y=-11970.7
Time=1079192 X=-11838.4 Y=-11970.7
Time=1080334 X=-11838.4 Y=-11970.7
Time=1081283 X=-11838.4 Y=-11970.7
Time=1082338 X=-11838.4 Y=-11970.7
Time=1083474 X=-11838.4 Y=-11970.7
Time=1084479 X=-11838.4 Y=-11970.7
Time=1085501 X=-11838.4 Y=-11970.7
Time=1086563 X=-11863.1 Y=-11848
Time=1087625 X=-11876.7 Y=-11514.1
Time=1088669 X=-11892.8 Y=-11114.5
Time=1089715 X=-11909 Y=-10714.2
Time=1090739 X=-11942.1 Y=-10785.8
Time=1091742 X=-11952.8 Y=-10837.5
Time=1092793 X=-11952.8 Y=-10837.5
Time=1093807 X=-11952.8 Y=-10837.5
Time=1094870 X=-11833.8 Y=-11223.1
Time=1095943 X=-11600.7 Y=-11486.6
Time=1097006 X=-11465 Y=-11667
Time=1098060 X=-11572.7 Y=-11723.8
Time=1099063 X=-11740.1 Y=-11956.2
Time=1100098 X=-11740.1 Y=-11956.2
Time=1101306 X=-11740.1 Y=-11956.2
Time=1102302 X=-11740.1 Y=-11956.2
Time=1103366 X=-11798.6 Y=-11963.3
Time=1104372 X=-12161 Y=-12007.1
Time=1105442 X=-12161 Y=-12007.1
Time=1106439 X=-12161 Y=-12007.1
Time=1107469 X=-12161 Y=-12007.1
Time=1108513 X=-12028.2 Y=-11891.4
Time=1109545 X=-12035.7 Y=-11885.4
Time=1110578 X=-12148.5 Y=-11851.6
Time=1111632 X=-12139.9 Y=-12004.9
Time=1112698 X=-12117.3 Y=-12412.6
Time=1113855 X=-12109.2 Y=-12558.5
Time=1115007 X=-11919.3 Y=-12409.6
Time=1116070 X=-11598.9 Y=-12158.4
Time=1116989 X=-11345.9 Y=-11918.2
Time=1118071 X=-11097.5 Y=-11586.5
Time=1119082 X=-10852.6 Y=-11286.6
Time=1120136 X=-10583.8 Y=-10985.4
Time=1121121 X=-10319.1 Y=-10716.6
Time=1122214 X=-10061.9 Y=-10480.6
Time=1123384 X=-9833.3 Y=-10285.2
Time=1124616 X=-9695.1 Y=-10135.5
Time=1125654 X=-9642.41 Y=-9994.87
Time=1126953 X=-9639 Y=-9912
Time=1128099 X=-9639 Y=-9912
Time=1129095 X=-9639 Y=-9912
Time=1130301 X=-9639 Y=-9912
Time=1131250 X=-9639 Y=-9912
Time=1132287 X=-9639 Y=-9912
Time=1133936 X=-9639 Y=-9912
Time=1134985 X=-9639 Y=-9912
Time=1136160 X=-9639 Y=-9912
Time=1137266 X=-9639 Y=-9912
Time=1138115 X=-9639 Y=-9912
Time=1139282 X=-9639 Y=-9912
Time=1140311 X=-9639 Y=-9912
Time=1141362 X=-9639 Y=-9912
Time=1142371 X=-9639 Y=-9912
Time=1143273 X=-9639 Y=-9912
Time=1144449 X=-9639 Y=-9912
Time=1145325 X=-9639 Y=-9912
Time=1146510 X=-9639 Y=-9912
Time=1147526 X=-9639 Y=-9912
Time=1148590 X=-9639 Y=-9912
Time=1149616 X=-9639 Y=-9912
Time=1150620 X=-9639 Y=-9912
Time=1151658 X=-9639 Y=-9912
Time=1152711 X=-9639 Y=-9912
Time=1153764 X=-9639 Y=-9912
Time=1154788 X=-9561.38 Y=-9895.53
Time=1155812 X=-9169.58 Y=-9913.85
Time=1156838 X=-8774.67 Y=-9932.31
Time=1157989 X=-8914.37 Y=-9869.03
Time=1159005 X=-9276.46 Y=-9718.58
Time=1160016 X=-9381.94 Y=-9674.74
Time=1161110 X=-9693.69 Y=-9681.8
Time=1162152 X=-10049.6 Y=-9689.86
Time=1163079 X=-10392.9 Y=-9697.64
Time=1164121 X=-10791.9 Y=-9706.67
Time=1165076 X=-11157.6 Y=-9714.95
Time=1166171 X=-11542.1 Y=-9657.19
Time=1167228 X=-11907.3 Y=-9694.34
Time=1168182 X=-12259 Y=-9793.52
Time=1169546 X=-12767.8 Y=-9912.14
Time=1170490 X=-13084.5 Y=-9981.13
Time=1171585 X=-13389.8 Y=-10059.9
Time=1172829 X=-13750.8 Y=-10174
Time=1173819 X=-13932 Y=-10219
Time=1174884 X=-13932 Y=-10219
Time=1175852 X=-13932 Y=-10219
Time=1176927 X=-13932 Y=-10219
Time=1177972 X=-13932 Y=-10219
Time=1179024 X=-13932 Y=-10219
Time=1180073 X=-13932 Y=-10219
Time=1181110 X=-13932 Y=-10219
Time=1182154 X=-13961.8 Y=-10206.4
Time=1183203 X=-14050.7 Y=-10210.5
Time=1184333 X=-14050.7 Y=-10210.5
Time=1185377 X=-14030.6 Y=-10131.6
Time=1186351 X=-14030.2 Y=-9887.29
Time=1187385 X=-14015.2 Y=-9844.81
Time=1188439 X=-13911.6 Y=-10085.1
Time=1189496 X=-13892.5 Y=-10146.5
Time=1190490 X=-13892.5 Y=-10146.5
Time=1191592 X=-13892.5 Y=-10146.5
Time=1192711 X=-13892.5 Y=-10146.5
Time=1193772 X=-13766.8 Y=-10022.4
Time=1194840 X=-13579.1 Y=-9739.23
Time=1195896 X=-13360 Y=-9416
Time=1196878 X=-13360 Y=-9416
Time=1197963 X=-13078.8 Y=-9637.57
Time=1199016 X=-13021 Y=-9449.78
Time=1200041 X=-12877.4 Y=-9086.38
Time=1201021 X=-12685.7 Y=-8763.69
Time=1202082 X=-12465.7 Y=-8443.24
Time=1203053 X=-12313.3 Y=-8169.21
Time=1204099 X=-12168.6 Y=-7905.25
Time=1205147 X=-12045.4 Y=-7742.01
Time=1206173 X=-12045.4 Y=-7742.01
Time=1207175 X=-12045.4 Y=-7742.01
Time=1208197 X=-12045.4 Y=-7742.01
Time=1209154 X=-12045.4 Y=-7742.01
Time=1210268 X=-12045.4 Y=-7742.01
Time=1211259 X=-12045.4 Y=-7742.01
Time=1212184 X=-12045.4 Y=-7742.01
Time=1213100 X=-12045.4 Y=-7742.01
Time=1214460 X=-12045.4 Y=-7742.01
Time=1215512 X=-12045.4 Y=-7742.01
Time=1216512 X=-12045.4 Y=-7742.01
Time=1217300 X=-12045.4 Y=-7742.01
Time=1218612 X=-12045.4 Y=-7742.01
Time=1219682 X=-12152.2 Y=-7604.43
Time=1220719 X=-12296 Y=-7422.67
Time=1221733 X=-12296 Y=-7422.67
Time=1222671 X=-12368 Y=-7330
Time=1223770 X=-12368 Y=-7330
Time=1224801 X=-12368 Y=-7330
Time=1225827 X=-12244.7 Y=-7621.78
Time=1226840 X=-12244.7 Y=-7621.78
Time=1227862 X=-12244.7 Y=-7621.78
Time=1228933 X=-12244.7 Y=-7621.78
Time=1229961 X=-12244.7 Y=-7621.78
Time=1231023 X=-12270.5 Y=-7746.43
Time=1232021 X=-12328.2 Y=-8024.94
Time=1233036 X=-12437.9 Y=-8015.01
Time=1234064 X=-12831.4 Y=-8030.41
Time=1235116 X=-13234 Y=-8046.16
Time=1236206 X=-13586.9 Y=-7992.88
Time=1237183 X=-13954.5 Y=-8010.28
Time=1238352 X=-14401.3 Y=-8038.89
Time=1239363 X=-14787.9 Y=-8060.15
Time=1240384 X=-15096.2 Y=-8068.05
Time=1241396 X=-15483.4 Y=-8086.95
Time=1242409 X=-15869.2 Y=-8127.3
Time=1243486 X=-16273.7 Y=-8207.13
Time=1244508 X=-16636.4 Y=-8322.39
Time=1245560 X=-16784 Y=-8390
Time=1246605 X=-16784 Y=-8390
Time=1247651 X=-16784 Y=-8390
Time=1248668 X=-16784 Y=-8390
Time=1249784 X=-16784 Y=-8390
Time=1250831 X=-16784 Y=-8390
Time=1251932 X=-16845.2 Y=-8336.61
Time=1252969 X=-17117 Y=-8229
Time=1253809 X=-16942.7 Y=-8227.47
Time=1255069 X=-16595.3 Y=-8318.25
Time=1256077 X=-16374.3 Y=-8405.05
Time=1257120 X=-16374.3 Y=-8405.05
Time=1258186 X=-16374.3 Y=-8405.05
Time=1259305 X=-16374.3 Y=-8405.05
Time=1260327 X=-16374.3 Y=-8405.05
Time=1261369 X=-16374.3 Y=-8405.05
Time=1262429 X=-16374.3 Y=-8405.05
Time=1263411 X=-16544.4 Y=-8187.73
Time=1264470 X=-16905.8 Y=-7998.02
Time=1265491 X=-17244 Y=-7796.37
Time=1266505 X=-17579.1 Y=-7594.3
Time=1267560 X=-17908.1 Y=-7355.1
Time=1268544 X=-18043.9 Y=-7234.26
Time=1269769 X=-18115 Y=-7171
Time=1270931 X=-18115 Y=-7171
Time=1271960 X=-18115 Y=-7171
Time=1272942 X=-18115 Y=-7171
Time=1273975 X=-18115 Y=-7171
Time=1274963 X=-18115 Y=-7171
Time=1276030 X=-18115 Y=-7171
Time=1277044 X=-18115 Y=-7171
Time=1278083 X=-18115 Y=-7171
Time=1279143 X=-18115 Y=-7171
Time=1280197 X=-18115 Y=-7171
Time=1281381 X=-18115 Y=-7171
Time=1282359 X=-18115 Y=-7171
Time=1283416 X=-18115 Y=-7171
Time=1284422 X=-18115 Y=-7171
Time=1285487 X=-18115 Y=-7171
Time=1286562 X=-17882.1 Y=-7296.81
Time=1287591 X=-17822.4 Y=-7344.09
Time=1288593 X=-17594.1 Y=-7615.35
Time=1289620 X=-17491 Y=-7396.94
Time=1290638 X=-17415.3 Y=-7014.43
Time=1291718 X=-17301.9 Y=-6618.62
Time=1292696 X=-17132.1 Y=-6284.72
Time=1293750 X=-17038.3 Y=-6082.11
Time=1294785 X=-17038.3 Y=-6082.11
Time=1295799 X=-17038.3 Y=-6082.11
Time=1296769 X=-17038.3 Y=-6082.11
Time=1297832 X=-17038.3 Y=-6082.11
Time=1298883 X=-17038.3 Y=-6082.11
Time=1299933 X=-17038.3 Y=-6082.11
Time=1300938 X=-17038.3 Y=-6082.11
Time=1301986 X=-17038.3 Y=-6082.11
Time=1302980 X=-17038.3 Y=-6082.11
Time=1304033 X=-17038.3 Y=-6082.11
Time=1305115 X=-17038.3 Y=-6082.11
Time=1306074 X=-17038.3 Y=-6082.11
Time=1307170 X=-17113.4 Y=-6268.98
Time=1308149 X=-17235.4 Y=-6523.16
Time=1309189 X=-17339.8 Y=-6759.42
Time=1310267 X=-17388.9 Y=-7130.91
Time=1311341 X=-17359.6 Y=-7530.22
Time=1312297 X=-17131.6 Y=-7820.3
Time=1313421 X=-16781.6 Y=-8070.11
Time=1314410 X=-16527 Y=-8175
Time=1315458 X=-16296.1 Y=-8216.91
Time=1316501 X=-16236.1 Y=-8227.72
Time=1317651 X=-16462.5 Y=-8160.13
Time=1318776 X=-16772.9 Y=-8067.44
Time=1319824 X=-17112.3 Y=-7857.02
Time=1320823 X=-17385.1 Y=-7665.24
Time=1321898 X=-17385.1 Y=-7665.24
Time=1322935 X=-17385.1 Y=-7665.24
Time=1324033 X=-17385.1 Y=-7665.24
Time=1325045 X=-17402.8 Y=-7447.42
Time=1326063 X=-17399.6 Y=-7057.5
Time=1327103 X=-17396.7 Y=-6694.41
Time=1328104 X=-17394.4 Y=-6406.13
Time=1329137 X=-17391.7 Y=-6075.54
Time=1330144 X=-17283.2 Y=-5826.39
Time=1331182 X=-17048.8 Y=-5505.82
Time=1332216 X=-16797.7 Y=-5199.55
Time=1333202 X=-16536.7 Y=-4926.79
Time=1334309 X=-16274.7 Y=-4690.98
Time=1335286 X=-16119.8 Y=-4458.05
Time=1336334 X=-16020 Y=-4319
Time=1337236 X=-16020 Y=-4319
Time=1338315 X=-16020 Y=-4319
Time=1339410 X=-16020 Y=-4319
Time=1340447 X=-16020 Y=-4319
Time=1341600 X=-16020 Y=-4319
Time=1342602 X=-16020 Y=-4319
Time=1343589 X=-16020 Y=-4319
Time=1344693 X=-16020 Y=-4319
Time=1345712 X=-16020 Y=-4319
Time=1346678 X=-16020 Y=-4319
Time=1347861 X=-16020 Y=-4319
Time=1348912 X=-16020 Y=-4319
Time=1349971 X=-16020 Y=-4319
Time=1350942 X=-16106.4 Y=-4477.9
Time=1352011 X=-16239.2 Y=-4722.24
Time=1352955 X=-16239.2 Y=-4722.24
Time=1354041 X=-16239.2 Y=-4722.24
Time=1355077 X=-16239.2 Y=-4722.24
Time=1356037 X=-16221 Y=-4716.93
Time=1357112 X=-16040.6 Y=-4465.33
Time=1358095 X=-15875.6 Y=-4235.27
Time=1359136 X=-15704 Y=-3996
Time=1360182 X=-15847.7 Y=-3740.59
Time=1361188 X=-16062.6 Y=-3420.69
Time=1362143 X=-16266.5 Y=-3117.01
Time=1363231 X=-16498.8 Y=-2771.04
Time=1364249 X=-16573.8 Y=-2505.3
Time=1365282 X=-16566.4 Y=-2109.69
Time=1366311 X=-16559.1 Y=-1715.61
Time=1367330 X=-16553 Y=-1390.26
Time=1368305 X=-16547.7 Y=-1109.51
Time=1369385 X=-16541.9 Y=-798.521
Time=1370441 X=-16536.3 Y=-494.446
Time=1371419 X=-16531 Y=-212.831
Time=1372518 X=-16523.6 Y=155.877
Time=1373522 X=-16514.8 Y=540.346
Time=1374538 X=-16511.3 Y=929.495
Time=1375538 X=-16512.5 Y=1312.53
Time=1376506 X=-16484.3 Y=1644.99
Time=1377591 X=-16378.1 Y=1755.86
Time=1378564 X=-16425 Y=1907
Time=1379605 X=-16425 Y=1907
Time=1380717 X=-16425 Y=1907
Time=1381712 X=-16425 Y=1907
Time=1382691 X=-16425 Y=1907
Time=1383706 X=-16425 Y=1907
Time=1384722 X=-16425 Y=1907
Time=1385746 X=-16425 Y=1907
Time=1386753 X=-16425 Y=1907
Time=1387785 X=-16425 Y=1907
Time=1388792 X=-16425 Y=1907
Time=1389744 X=-16425 Y=1907
Time=1390652 X=-16425 Y=1907
Time=1391891 X=-16425 Y=1907
Time=1392907 X=-16425 Y=1907
Time=1393911 X=-16425 Y=1907
Time=1394932 X=-16425 Y=1907
Time=1395981 X=-16425 Y=1907
Time=1397004 X=-16425 Y=1907
Time=1398015 X=-16425 Y=1907
Time=1399030 X=-16425 Y=1907
Time=1400097 X=-16492.4 Y=2064.96
Time=1401135 X=-16613.1 Y=2212.03
Time=1402103 X=-16480 Y=2522
Time=1403173 X=-16480 Y=2522
Time=1404204 X=-16480 Y=2522
Time=1405192 X=-16480 Y=2522
Time=1406250 X=-16480 Y=2522
Time=1407282 X=-16480 Y=2522
Time=1408178 X=-16480 Y=2522
Time=1409541 X=-16501.3 Y=2815
Time=1410564 X=-16577.6 Y=3199.35
Time=1411578 X=-16653.3 Y=3580.32
Time=1412570 X=-16727.3 Y=3953.02
Time=1413628 X=-16807.5 Y=4338.77
Time=1414630 X=-16845.9 Y=4624.57
Time=1415671 X=-16860.9 Y=4882.49
Time=1416717 X=-16851 Y=4936
Time=1417758 X=-16851 Y=4936
Time=1418786 X=-16851 Y=4936
Time=1419780 X=-16851 Y=4936
Time=1420816 X=-16851 Y=4936
Time=1421805 X=-16851 Y=4936
Time=1422858 X=-16851 Y=4936
Time=1423885 X=-16851 Y=4936
Time=1424928 X=-16851 Y=4936
Time=1425934 X=-16851 Y=4936
Time=1426940 X=-16851 Y=4936
Time=1427967 X=-16851 Y=4936
Time=1428998 X=-16851 Y=4936
Time=1430025 X=-16851 Y=4936
Time=1431078 X=-16851 Y=4936
Time=1432110 X=-16851 Y=4936
Time=1433101 X=-16851 Y=4936
Time=1434111 X=-16851 Y=4936
Time=1435099 X=-16851 Y=4936
Time=1436139 X=-16851 Y=4936
Time=1437152 X=-16851 Y=4936
Time=1438167 X=-16851 Y=4936
Time=1439182 X=-16851 Y=4936
Time=1440199 X=-16851 Y=4936
Time=1441234 X=-16999.7 Y=5132.96
Time=1442234 X=-17007.6 Y=5143.29
Time=1443274 X=-17007.6 Y=5143.29
Time=1444257 X=-17095.2 Y=5263.57
Time=1445301 X=-17052.5 Y=5086.45
Time=1446307 X=-16972 Y=4808.13
Time=1447349 X=-16888.6 Y=4519.85
Time=1448329 X=-16787.5 Y=4170.49
Time=1449387 X=-16712.8 Y=3773.84
Time=1450403 X=-16675.2 Y=3386.49
Time=1451424 X=-16637.4 Y=2997.24
Time=1452436 X=-16599.9 Y=2611.42
Time=1453474 X=-16561.5 Y=2215.69
Time=1454446 X=-16529 Y=1881.18
Time=1455509 X=-16529 Y=1881.18
Time=1456532 X=-16526.7 Y=1845.62
Time=1457571 X=-16532 Y=1448.47
Time=1458602 X=-16563.5 Y=1054.82
Time=1459646 X=-16546 Y=1068.08
Time=1460658 X=-16533.3 Y=1309.45
Time=1461662 X=-16515.5 Y=1650.31
Time=1462674 X=-16531.4 Y=1966.56
Time=1463771 X=-16573.2 Y=2384.66
Time=1464833 X=-16613.7 Y=2789.43
Time=1465848 X=-16652.4 Y=3176.29
Time=1466850 X=-16690.6 Y=3558.19
Time=1467851 X=-16728.8 Y=3939.71
Time=1468914 X=-16843.1 Y=4330.05
Time=1469939 X=-16981.1 Y=4697.43
Time=1470961 X=-17101.8 Y=4990.49
Time=1471961 X=-17247.8 Y=5344.65
Time=1473009 X=-17400.7 Y=5715.81
Time=1474044 X=-17551.7 Y=6082.37
Time=1475007 X=-17692.2 Y=6423.43
Time=1476087 X=-17849.8 Y=6805.92
Time=1477172 X=-18008.1 Y=7190.19
Time=1478208 X=-18159.3 Y=7557.1
Time=1479197 X=-18290.7 Y=7876.08
Time=1480212 X=-18402 Y=8146.36
Time=1481199 X=-18510.3 Y=8409.19
Time=1482243 X=-18624.8 Y=8687.19
Time=1483288 X=-18607.4 Y=8982.19
Time=1484365 X=-18590.7 Y=9394.39
Time=1485363 X=-18575.2 Y=9776.35
Time=1486279 X=-18560.9 Y=10126.9
Time=1487392 X=-18543.6 Y=10552.9
Time=1488449 X=-18524.3 Y=10957.3
Time=1489277 X=-18502.6 Y=11273.7
Time=1490655 X=-18473.8 Y=11759.2
Time=1491634 X=-18475.5 Y=12074.3
Time=1492620 X=-18473 Y=12447
Time=1493627 X=-18457 Y=12598
Time=1494684 X=-18457 Y=12598
Time=1495795 X=-18457 Y=12598
Time=1496850 X=-18457 Y=12598
Time=1497877 X=-18457 Y=12598
Time=1498868 X=-18457 Y=12598
Time=1499874 X=-18457 Y=12598
Time=1500902 X=-18501.4 Y=12347.1
Time=1501925 X=-18544.2 Y=12208.6
Time=1502976 X=-18544.2 Y=12208.6
Time=1503969 X=-18544.2 Y=12208.6
Time=1504979 X=-18544.2 Y=12208.6
Time=1506017 X=-18544.2 Y=12208.6
Time=1507066 X=-18521.6 Y=12138.2
Time=1508077 X=-18717.3 Y=11891.2
Time=1509135 X=-18812.3 Y=11810.4
Time=1510142 X=-18557.8 Y=11619.2
Time=1511210 X=-18434 Y=11634
Time=1512216 X=-18434 Y=11634
Time=1513244 X=-18434 Y=11980.7
Time=1514326 X=-18434 Y=12362.3
Time=1515320 X=-18434 Y=12679.5
Time=1516330 X=-18434 Y=12878.3
Time=1517329 X=-18434 Y=12878.3
Time=1518310 X=-18434 Y=12878.3
Time=1519389 X=-18324.9 Y=12897
Time=1520405 X=-17941.3 Y=12962.6
Time=1521532 X=-17513.7 Y=13035.9
Time=1522538 X=-17180 Y=13093
Time=1523521 X=-16872.2 Y=13219.3
Time=1524586 X=-16501 Y=13395.8
Time=1525633 X=-16136.1 Y=13569.2
Time=1526646 X=-15783 Y=13737.1
Time=1527695 X=-15417.9 Y=13911.8
Time=1528690 X=-15075.1 Y=14084.7
Time=1529742 X=-14721.2 Y=14278.1
Time=1530750 X=-14378.6 Y=14456.1
Time=1531767 X=-14089.9 Y=14635.1
Time=1532803 X=-13912 Y=14766
Time=1533825 X=-13912 Y=14766
Time=1534878 X=-14008.7 Y=14708.4
Time=1535900 X=-14326.7 Y=14561.2
Time=1536938 X=-14326.7 Y=14561.2
Time=1537968 X=-14326.7 Y=14561.2
Time=1538946 X=-14326.7 Y=14561.2
Time=1539997 X=-14326.7 Y=14561.2
Time=1541017 X=-14326.7 Y=14561.2
Time=1542041 X=-14326.7 Y=14561.2
Time=1543107 X=-14326.7 Y=14561.2
Time=1544126 X=-14326.7 Y=14561.2
Time=1545162 X=-14326.7 Y=14561.2
Time=1546160 X=-14499.4 Y=14445.5
Time=1547214 X=-14457.5 Y=14477.8
Time=1548281 X=-14281.4 Y=14777.4
Time=1549275 X=-14138 Y=14828
Time=1550251 X=-14322.7 Y=14654
Time=1551343 X=-14548.2 Y=14492.8
Time=1552454 X=-14548.2 Y=14492.8
Time=1553411 X=-14354.4 Y=14556.9
Time=1554464 X=-14062.5 Y=14637.2
Time=1555508 X=-13999.3 Y=14648.7
Time=1556516 X=-13999.3 Y=14648.7
Time=1557557 X=-13999.3 Y=14648.7
Time=1558549 X=-13999.3 Y=14648.7
Time=1559601 X=-14182.2 Y=14530.3
Time=1560626 X=-14531.7 Y=14351.5
Time=1561623 X=-14871.7 Y=14177.5
Time=1562625 X=-15072 Y=14075
Time=1563689 X=-14765.7 Y=14264.9
Time=1564703 X=-14435.5 Y=14469.6
Time=1565719 X=-14393.6 Y=14495.6
Time=1566729 X=-14393.6 Y=14495.6
Time=1567794 X=-14393.6 Y=14495.6
Time=1568801 X=-14393.6 Y=14495.6
Time=1569825 X=-14393.6 Y=14495.6
Time=1570852 X=-14393.6 Y=14495.6
Time=1571861 X=-14393.6 Y=14495.6
Time=1572862 X=-14393.6 Y=14495.6
Time=1573844 X=-14393.6 Y=14495.6
Time=1574872 X=-14393.6 Y=14495.6
Time=1575927 X=-14393.6 Y=14495.6
Time=1576945 X=-14393.6 Y=14495.6
Time=1577953 X=-14260.9 Y=14566.1
Time=1579039 X=-14237.6 Y=14578.5
Time=1580061 X=-14031.6 Y=14688
Time=1581102 X=-13679.5 Y=14875.2
Time=1582143 X=-13327.4 Y=15062.3
Time=1583153 X=-12985.8 Y=15243.9
Time=1584277 X=-12703.7 Y=15393.8
Time=1585248 X=-12703.7 Y=15393.8
Time=1586298 X=-12409.4 Y=15284.5
Time=1587344 X=-12300.9 Y=15256.6
Time=1588382 X=-12300.9 Y=15256.6
Time=1589412 X=-12300.9 Y=15256.6
Time=1590486 X=-12300.9 Y=15256.6
Time=1591504 X=-12300.9 Y=15256.6
Time=1592460 X=-12300.9 Y=15256.6
Time=1593540 X=-12300.9 Y=15256.6
Time=1594547 X=-12300.9 Y=15256.6
Time=1595583 X=-12300.9 Y=15256.6
Time=1596604 X=-12300.9 Y=15256.6
Time=1597646 X=-12395.3 Y=15206
Time=1598678 X=-12537.7 Y=15129.5
Time=1599728 X=-12537.7 Y=15129.5
Time=1600755 X=-12303.9 Y=15286.1
Time=1601777 X=-11999.2 Y=15536.6
Time=1602807 X=-11755.4 Y=15845.8
Time=1603840 X=-11536.8 Y=16179.1
Time=1604855 X=-11322 Y=16506.7
Time=1605878 X=-11105.5 Y=16836.9
Time=1606891 X=-10891.2 Y=17163.8
Time=1607916 X=-10650.8 Y=17468
Time=1608957 X=-10566.6 Y=17404
Time=1609954 X=-10566.6 Y=17404
Time=1610984 X=-10566.6 Y=17404
Time=1612002 X=-10566.6 Y=17404
Time=1613021 X=-10566.6 Y=17404
Time=1614053 X=-10566.6 Y=17404
Time=1615091 X=-10566.6 Y=17404
Time=1616109 X=-10566.6 Y=17404
Time=1617117 X=-10765.6 Y=17355.1
Time=1618199 X=-10754.8 Y=17381
Time=1619220 X=-10707.9 Y=17456.4
Time=1620236 X=-10707.9 Y=17456.4
Time=1621248 X=-10707.9 Y=17456.4
Time=1622254 X=-10707.9 Y=17456.4
Time=1623304 X=-10707.9 Y=17456.4
Time=1624332 X=-10746 Y=17384.4
Time=1625360 X=-10960.9 Y=17054.5
Time=1626384 X=-10849.1 Y=17226.7
Time=1627457 X=-10558.9 Y=17461.1
Time=1628451 X=-10180.6 Y=17428.3
Time=1629488 X=-10026.6 Y=17462.7
Time=1630484 X=-10026.6 Y=17462.7
Time=1631513 X=-10146.2 Y=17436
Time=1632577 X=-10515.1 Y=17456.1
Time=1633562 X=-10791.6 Y=17483.1
Time=1634622 X=-11104.9 Y=17741.4
Time=1635711 X=-11405.7 Y=18030
Time=1636706 X=-11639.3 Y=18330.6
Time=1637714 X=-11826.1 Y=18584.3
Time=1638739 X=-11830 Y=18694
Time=1639788 X=-11830 Y=18694
Time=1640767 X=-11830 Y=18694
Time=1641838 X=-11830 Y=18694
Time=1642899 X=-11830 Y=18694
Time=1643880 X=-11830 Y=18694
Time=1644926 X=-11822.6 Y=18506.6
Time=1645951 X=-11831.5 Y=18114
Time=1647019 X=-11688 Y=17973.4
Time=1648109 X=-11515.2 Y=18081.3
Time=1649155 X=-11515.2 Y=18081.3
Time=1650201 X=-11515.2 Y=18081.3
Time=1651222 X=-11515.2 Y=18081.3
Time=1652170 X=-11515.2 Y=18081.3
Time=1653280 X=-11515.2 Y=18081.3
Time=1654300 X=-11515.2 Y=18081.3
Time=1655358 X=-11515.2 Y=18081.3
Time=1656391 X=-11515.2 Y=18081.3
Time=1657428 X=-11515.2 Y=18081.3
Time=1658491 X=-11515.2 Y=18081.3
Time=1659517 X=-11515.2 Y=18081.3
Time=1660564 X=-11515.2 Y=18081.3
Time=1661558 X=-11515.2 Y=18081.3
Time=1662591 X=-11530 Y=18018.5
Time=1663620 X=-11588.4 Y=17628.7
Time=1664652 X=-11646.9 Y=17237.7
Time=1665690 X=-11672.3 Y=16875.2
Time=1666713 X=-11739.1 Y=16489.1
Time=1667777 X=-11808.5 Y=16087.5
Time=1668773 X=-11873.5 Y=15711.6
Time=1669845 X=-11991.2 Y=15620.7
Time=1670846 X=-12263 Y=15402.2
Time=1671879 X=-12494.9 Y=15215.8
Time=1672919 X=-12635.9 Y=15102.4
Time=1673950 X=-12576.8 Y=15252.7
Time=1674975 X=-12512.4 Y=15640
Time=1676034 X=-12445.8 Y=16040.2
Time=1677081 X=-12382.2 Y=16422.7
Time=1678127 X=-12330.6 Y=16733.2
Time=1679148 X=-12266.5 Y=17119
Time=1680156 X=-12203.1 Y=17499.9
Time=1681180 X=-12138.8 Y=17886.8
Time=1682183 X=-11837.6 Y=17882.5
Time=1683196 X=-11466.3 Y=17769.9
Time=1684245 X=-11081.8 Y=17653.4
Time=1685266 X=-10707.5 Y=17540
Time=1686276 X=-10366.4 Y=17439.4
Time=1687215 X=-10101.5 Y=17454.5
Time=1688320 X=-9989.3 Y=17488.5
Time=1689350 X=-10112.2 Y=17435
Time=1690337 X=-10472.7 Y=17497.4
Time=1691431 X=-10829.6 Y=17716.9
Time=1692501 X=-11178.8 Y=17931.6
Time=1693479 X=-11497.9 Y=18127.8
Time=1694523 X=-11838.5 Y=18337.3
Time=1695512 X=-11994.4 Y=18438.3
Time=1696547 X=-11607.5 Y=18352.1
Time=1697563 X=-11267.4 Y=18276.4
Time=1698606 X=-10887.2 Y=18191.7
Time=1699671 X=-10489 Y=18103
Time=1700698 X=-10113.9 Y=17990.6
Time=1701693 X=-9768.28 Y=17829.9
Time=1702715 X=-9418.05 Y=17667.1
Time=1703764 X=-9170.22 Y=17504.2
Time=1704793 X=-8976.81 Y=17305
Time=1705827 X=-8856 Y=17252
Time=1706849 X=-8856 Y=17252
Time=1707851 X=-8856 Y=17252
Time=1708925 X=-8856 Y=17252
Time=1709962 X=-8856 Y=17252
Time=1711001 X=-8856 Y=17252
Time=1712013 X=-8856 Y=17252
Time=1713055 X=-8867.49 Y=17362.9
Time=1714108 X=-8664.19 Y=17580.7
Time=1715145 X=-8351.31 Y=17825.4
Time=1716161 X=-8084.22 Y=18034.3
Time=1717221 X=-7788.8 Y=18265.3
Time=1718220 X=-7433.84 Y=18399.4
Time=1719267 X=-7051.44 Y=18520.3
Time=1720324 X=-6665.39 Y=18642.3
Time=1721315 X=-6303.44 Y=18756.7
Time=1722382 X=-5952.97 Y=18965.7
Time=1723417 X=-5666.41 Y=19143.9
Time=1724442 X=-5666.41 Y=19143.9
Time=1725453 X=-5666.41 Y=19143.9
Time=1726391 X=-5666.41 Y=19143.9
Time=1727413 X=-5666.41 Y=19143.9
Time=1728465 X=-5666.41 Y=19143.9
Time=1729513 X=-5658.91 Y=19118.5
Time=1730501 X=-5978.93 Y=18916.9
Time=1731590 X=-6260.62 Y=18772.8
Time=1732738 X=-6260.62 Y=18772.8
Time=1733763 X=-6260.62 Y=18772.8
Time=1734744 X=-6260.62 Y=18772.8
Time=1735799 X=-6260.62 Y=18772.8
Time=1736825 X=-6260.62 Y=18772.8
Time=1737824 X=-6260.62 Y=18772.8
Time=1738871 X=-6260.62 Y=18772.8
Time=1739884 X=-6260.62 Y=18772.8
Time=1740951 X=-6068.18 Y=18864.7
Time=1741954 X=-5830.38 Y=18970.5
Time=1742987 X=-5830.38 Y=18970.5
Time=1743988 X=-5830.38 Y=18970.5
Time=1745020 X=-5830.38 Y=18970.5
Time=1746052 X=-5785.87 Y=18732.3
Time=1747094 X=-5735.97 Y=18398.9
Time=1748119 X=-5710.19 Y=18007.1
Time=1749182 X=-5659.86 Y=17603.1
Time=1750196 X=-5566.43 Y=17226.8
Time=1751201 X=-5442.45 Y=16929.7
Time=1752274 X=-5438 Y=16925
Time=1753282 X=-5438 Y=16925
Time=1754322 X=-5438 Y=16925
Time=1755356 X=-5438 Y=16925
Time=1756420 X=-5464.61 Y=16928.3
Time=1757449 X=-5477.84 Y=16713.6
Time=1758419 X=-5477.84 Y=16713.6
Time=1759500 X=-5477.84 Y=16713.6
Time=1760599 X=-5515.1 Y=17006.3
Time=1761589 X=-5569.75 Y=17381.6
Time=1762602 X=-5648.12 Y=17724.4
Time=1763660 X=-5677.69 Y=18128.7
Time=1764826 X=-5793.45 Y=18178.4
Time=1765710 X=-5940.4 Y=17907.3
Time=1766848 X=-5940.4 Y=17907.3
Time=1767810 X=-5940.4 Y=17907.3
Time=1769100 X=-5940.4 Y=17907.3
Time=1769886 X=-5940.4 Y=17907.3
Time=1770992 X=-5940.4 Y=17907.3
Time=1771960 X=-5940.4 Y=17907.3
Time=1773058 X=-5940.4 Y=17907.3
Time=1774065 X=-5940.4 Y=17907.3
Time=1775066 X=-5940.4 Y=17907.3
Time=1776010 X=-5940.4 Y=17907.3
Time=1777087 X=-5927.19 Y=17890.9
Time=1778048 X=-5840.54 Y=17715.5
Time=1779221 X=-5840.54 Y=17715.5
Time=1780215 X=-5840.54 Y=17715.5
Time=1781186 X=-5487.77 Y=17833.2
Time=1782172 X=-5124.27 Y=17935.7
Time=1783319 X=-4697.28 Y=18038.9
Time=1784351 X=-4364.42 Y=18114.2
Time=1785375 X=-4305 Y=18106
Time=1786344 X=-4305 Y=18106
Time=1787542 X=-4305 Y=18106
Time=1788601 X=-4305 Y=18106
Time=1789657 X=-4305 Y=18106
Time=1790577 X=-4305 Y=18106
Time=1791610 X=-4305 Y=18106
Time=1792639 X=-4305 Y=18106
Time=1793743 X=-4323.85 Y=18082.8
Time=1794808 X=-4590.62 Y=17889.6
Time=1795837 X=-4599.92 Y=17789.3
Time=1796833 X=-4599.92 Y=17789.3
Time=1797900 X=-4599.92 Y=17789.3
Time=1798926 X=-4599.92 Y=17789.3
Time=1799985 X=-4827.03 Y=17813.4
Time=1801012 X=-5217.07 Y=17864.6
Time=1802046 X=-5064.68 Y=17800.1
Time=1803140 X=-4709.12 Y=17694.6
Time=1804168 X=-4709.12 Y=17694.6
Time=1805227 X=-4709.12 Y=17694.6
Time=1806222 X=-4725.07 Y=17679.6
Time=1807220 X=-5091.47 Y=17788.6
Time=1808298 X=-5477.75 Y=17923.1
Time=1809356 X=-5685.22 Y=18244.5
Time=1810384 X=-5705.77 Y=18587.5
Time=1811557 X=-5731.68 Y=19036
Time=1812513 X=-5752.79 Y=19401.6
Time=1813852 X=-5778 Y=19838
Time=1814689 X=-5708.66 Y=19578.2
Time=1815735 X=-5605.37 Y=19191.1
Time=1816711 X=-5594.64 Y=19150.9
Time=1817725 X=-5667.42 Y=18855.6
Time=1818845 X=-5746.11 Y=18535.6
Time=1819837 X=-5822.62 Y=18224.5
Time=1820892 X=-5919.13 Y=17832.1
Time=1822017 X=-5949.2 Y=17709.8
Time=1822941 X=-6081.04 Y=17774.1
Time=1823959 X=-6431.48 Y=17945.1
Time=1824959 X=-6714 Y=18083
Time=1826088 X=-7035.51 Y=18087.2
Time=1827204 X=-7453.89 Y=17999.5
Time=1828145 X=-7806.66 Y=17925.6
Time=1829170 X=-8190.93 Y=17845
Time=1830169 X=-8539.58 Y=17771.9
Time=1831154 X=-8908.85 Y=17694.5
Time=1832303 X=-9339.6 Y=17604.2
Time=1833333 X=-9725.74 Y=17523.3
Time=1834382 X=-10052.5 Y=17454.8
Time=1835389 X=-10381 Y=17441
Time=1836367 X=-10722.9 Y=17405.1
Time=1837430 X=-10892.3 Y=17044
Time=1838485 X=-10899.7 Y=16778.8
Time=1839491 X=-10637.8 Y=16496.2
Time=1840583 X=-10353.4 Y=16189.4
Time=1841626 X=-10081.9 Y=15896.4
Time=1842624 X=-9821.98 Y=15616.1
Time=1843647 X=-9621.7 Y=15400
Time=1844669 X=-9421.61 Y=15184.1
Time=1845675 X=-9278 Y=15046.5
Time=1846705 X=-8950.6 Y=15180.4
Time=1847772 X=-8572.34 Y=15335.2
Time=1848811 X=-8204.01 Y=15486
Time=1849821 X=-7845.96 Y=15632.5
Time=1850794 X=-7501.02 Y=15773.6
Time=1851801 X=-7144.04 Y=15919.7
Time=1852880 X=-6761.52 Y=16076.2
Time=1853932 X=-6373.72 Y=15966.8
Time=1854960 X=-6091.93 Y=15891.7
Time=1855947 X=-5954.4 Y=15855.9
Time=1856958 X=-5813.53 Y=15819.1
Time=1858005 X=-5547.39 Y=15749.7
Time=1859004 X=-5375.17 Y=15704.8
Time=1860070 X=-5375.17 Y=15704.8
Time=1861103 X=-5315.38 Y=15665.3
Time=1862153 X=-4928.36 Y=15555.8
Time=1863145 X=-4609.12 Y=15369
Time=1864186 X=-4368.55 Y=15051.9
Time=1865232 X=-4009.78 Y=14948.8
Time=1866250 X=-3620.03 Y=14959.5
Time=1867274 X=-3235.11 Y=14948.1
Time=1868347 X=-3081.47 Y=14879.5
Time=1869374 X=-3081.47 Y=14879.5
Time=1870368 X=-3081.47 Y=14879.5
Time=1871410 X=-3081.47 Y=14879.5
Time=1872467 X=-3081.47 Y=14879.5
Time=1873507 X=-3081.47 Y=14879.5
Time=1874595 X=-3081.47 Y=14879.5
Time=1875581 X=-3081.47 Y=14879.5
Time=1876561 X=-3081.47 Y=14879.5
Time=1877655 X=-3081.47 Y=14879.5
Time=1878672 X=-3081.47 Y=14879.5
Time=1879755 X=-3081.47 Y=14879.5
Time=1880807 X=-3081.47 Y=14879.5
Time=1881817 X=-3081.47 Y=14879.5
Time=1882812 X=-3081.47 Y=14879.5
Time=1884006 X=-3081.47 Y=14879.5
Time=1885027 X=-3081.47 Y=14879.5
Time=1886027 X=-3081.47 Y=14879.5
Time=1887075 X=-3081.47 Y=14879.5
Time=1888119 X=-3081.47 Y=14879.5
Time=1889168 X=-3081.47 Y=14879.5
Time=1890239 X=-3081.47 Y=14879.5
Time=1891189 X=-3081.47 Y=14879.5
Time=1892278 X=-3081.47 Y=14879.5
Time=1893281 X=-3081.47 Y=14879.5
Time=1894270 X=-3081.47 Y=14879.5
Time=1895299 X=-3081.47 Y=14879.5
Time=1896321 X=-3081.47 Y=14879.5
Time=1897388 X=-3081.47 Y=14879.5
Time=1898369 X=-3081.47 Y=14879.5
Time=1899438 X=-3081.47 Y=14879.5
Time=1900490 X=-3081.47 Y=14879.5
Time=1901536 X=-3081.47 Y=14879.5
Time=1902590 X=-3081.47 Y=14879.5
Time=1903595 X=-3081.47 Y=14879.5
Time=1904573 X=-3112.97 Y=14884.4
Time=1905625 X=-3130.52 Y=14896.4
Time=1906675 X=-3448.21 Y=15143
Time=1907694 X=-3756.52 Y=15382.4
Time=1908741 X=-4073.3 Y=15628.3
Time=1909768 X=-4384.03 Y=15869.6
Time=1910795 X=-4694.77 Y=16110.8
Time=1911787 X=-4994.91 Y=16343.8
Time=1912858 X=-5281.04 Y=16565.9
Time=1913896 X=-5267.43 Y=16667.5
Time=1914906 X=-4953.03 Y=16893
Time=1915918 X=-4638 Y=17118.9
Time=1916940 X=-4420.08 Y=17247.1
Time=1917979 X=-4255.92 Y=16882.1
Time=1919010 X=-4084.5 Y=16523
Time=1920021 X=-3916.4 Y=16171
Time=1921006 X=-3752.79 Y=15828.3
Time=1922047 X=-3581 Y=15468.4
Time=1923126 X=-3402.94 Y=15095.4
Time=1924182 X=-3228.67 Y=14730.4
Time=1925196 X=-3072.96 Y=14404.3
Time=1926224 X=-2999.46 Y=14186.4
Time=1927256 X=-3337.61 Y=14029.1
Time=1928309 X=-3714.78 Y=13886.2
Time=1929408 X=-4033.22 Y=13617.1
Time=1930423 X=-4314.26 Y=13348.5
Time=1931562 X=-4629.63 Y=13047
Time=1932496 X=-4888.77 Y=12800.3
Time=1933722 X=-5220.19 Y=12485.5
Time=1934714 X=-5427.02 Y=12214.9
Time=1935705 X=-5625.51 Y=11965
Time=1936736 X=-5816.67 Y=11915.6
Time=1937733 X=-5952.96 Y=11880.3
Time=1938784 X=-5952.96 Y=11880.3
Time=1939841 X=-5952.96 Y=11880.3
Time=1940879 X=-5952.96 Y=11880.3
Time=1941941 X=-5952.96 Y=11880.3
Time=1943156 X=-5952.96 Y=11880.3
Time=1944018 X=-5952.96 Y=11880.3
Time=1945240 X=-5952.96 Y=11880.3
Time=1946276 X=-5952.96 Y=11880.3
Time=1947385 X=-5952.96 Y=11880.3
Time=1948423 X=-5952.96 Y=11880.3
Time=1949297 X=-5952.96 Y=11880.3
Time=1950429 X=-5952.96 Y=11880.3
Time=1951400 X=-5952.96 Y=11880.3
Time=1952246 X=-5952.96 Y=11880.3
Time=1953487 X=-5952.96 Y=11880.3
Time=1954531 X=-5952.96 Y=11880.3
Time=1955758 X=-5952.96 Y=11880.3
Time=1957182 X=-5952.96 Y=11880.3
Time=1958081 X=-5952.96 Y=11880.3
Time=1959043 X=-5924.68 Y=11903.5
Time=1960018 X=-5863.42 Y=11942.4
Time=1960987 X=-5697.57 Y=12081.4
Time=1962046 X=-5562.76 Y=12313.5
Time=1963128 X=-5848.72 Y=12369.4
Time=1964142 X=-5848.72 Y=12369.4
Time=1965245 X=-5848.72 Y=12369.4
Time=1966553 X=-5682.29 Y=12368.7
Time=1967638 X=-5932.53 Y=12400.6
Time=1968690 X=-5911.38 Y=12259.3
Time=1969559 X=-5870 Y=11980
Time=1970726 X=-5835.41 Y=11933.1
Time=1971736 X=-5673.2 Y=11800.8
Time=1972787 X=-5643.23 Y=11846.2
Time=1973795 X=-5430.48 Y=12168.4
Time=1974877 X=-5236.25 Y=12462.5
Time=1975910 X=-5027.36 Y=12272.9
Time=1976988 X=-4723.61 Y=11993.2
Time=1978035 X=-4428.59 Y=11721.5
Time=1979041 X=-4231.32 Y=11398
Time=1980086 X=-4065 Y=11033.9
Time=1981107 X=-3902.51 Y=10678.1
Time=1982139 X=-3738.26 Y=10318.6
Time=1983167 X=-3565.34 Y=10002.1
Time=1984212 X=-3529.43 Y=9937.72
Time=1985184 X=-3529.43 Y=9937.72
Time=1986183 X=-3529.43 Y=9937.72
Time=1987218 X=-3483.31 Y=9895.12
Time=1988157 X=-3286.85 Y=9615.37
Time=1989327 X=-3196.51 Y=9184.16
Time=1990375 X=-3200.47 Y=8783.02
Time=1991388 X=-3243.9 Y=8460.49
Time=1992434 X=-3292.82 Y=8312.75
Time=1993421 X=-3266 Y=8248
Time=1994482 X=-3266 Y=8248
Time=1995525 X=-3266 Y=8248
Time=1996623 X=-3266 Y=8248
Time=1997586 X=-3266 Y=8248
Time=1998608 X=-3266 Y=8248
Time=1999639 X=-3266 Y=8248
Time=2000643 X=-3266 Y=8248
Time=2001663 X=-3266 Y=8248
Time=2002656 X=-3266 Y=8248
Time=2003646 X=-3266 Y=8248
Time=2004652 X=-3266 Y=8248
Time=2005698 X=-3266 Y=8248
Time=2006698 X=-3266 Y=8248
Time=2007706 X=-3266 Y=8248
Time=2008718 X=-3266 Y=8248
Time=2009748 X=-3266 Y=8248
Time=2010749 X=-3266 Y=8248
Time=2011783 X=-3247.05 Y=8417.58
Time=2012839 X=-3222.11 Y=8821.3
Time=2013866 X=-3197.86 Y=9213.93
Time=2014897 X=-3173.51 Y=9608.09
Time=2015884 X=-3152.1 Y=9954.7
Time=2016886 X=-3130.92 Y=10297.7
Time=2017921 X=-3210.19 Y=10666.2
Time=2018931 X=-3468 Y=10837
Time=2019964 X=-3743.13 Y=10674.9
Time=2020992 X=-3912.74 Y=10321.6
Time=2022029 X=-4051 Y=10011.9
Time=2023075 X=-4132.7 Y=9629.77
Time=2024128 X=-4055.37 Y=9234
Time=2025160 X=-3975.32 Y=8846.46
Time=2026171 X=-3896.4 Y=8464.36
Time=2027230 X=-3813.73 Y=8064.12
Time=2028216 X=-3684.21 Y=8170.83
Time=2029272 X=-3485.58 Y=8526.68
Time=2030269 X=-3298.59 Y=8861.71
Time=2031295 X=-3163.78 Y=9188.72
Time=2032328 X=-2967.01 Y=9532.01
Time=2033460 X=-2768.35 Y=9878.59
Time=2034514 X=-2592.58 Y=10185.2
Time=2035430 X=-2418.1 Y=10489.6
Time=2036412 X=-2231.04 Y=10816
Time=2037582 X=-2008.17 Y=11204.8
Time=2038567 X=-1820.54 Y=11532.1
Time=2039564 X=-1630.63 Y=11863.4
Time=2040612 X=-1431 Y=12211.7
Time=2041636 X=-1317.96 Y=12350.5
Time=2042752 X=-1009.29 Y=12637.5
Time=2043714 X=-739.425 Y=12888.4
Time=2044745 X=-450.209 Y=13157.3
Time=2045771 X=-162.395 Y=13424.9
Time=2046785 X=122.052 Y=13689.4
Time=2047861 X=361.946 Y=13912.4
Time=2048882 X=648.98 Y=14178.4
Time=2049933 X=874 Y=14367
Time=2050945 X=1195.45 Y=14173.1
Time=2052019 X=1558.65 Y=13980
Time=2052974 X=1881.61 Y=13808.2
Time=2054057 X=2267.34 Y=13680
Time=2055084 X=2660.57 Y=13672.1
Time=2056141 X=3039 Y=13689.8
Time=2057155 X=3348.85 Y=13650.1
Time=2058041 X=3676.92 Y=13613.7
Time=2059473 X=3917 Y=13742
Time=2060511 X=3917 Y=13742
Time=2061607 X=3917 Y=13742
Time=2062745 X=3917 Y=13742
Time=2063714 X=3917 Y=13742
Time=2064659 X=3917 Y=13742
Time=2065800 X=3917 Y=13742
Time=2066653 X=3917 Y=13742
Time=2067670 X=3917 Y=13742
Time=2068777 X=3917 Y=13742
Time=2070004 X=3917 Y=13742
Time=2071062 X=3917 Y=13742
Time=2072202 X=3917 Y=13742
Time=2073282 X=3917 Y=13742
Time=2074250 X=3917 Y=13742
Time=2075349 X=3917 Y=13742
Time=2076607 X=3917 Y=13742
Time=2077631 X=3917 Y=13742
Time=2078598 X=3917 Y=13742
Time=2079606 X=3917 Y=13742
Time=2080627 X=3917 Y=13742
Time=2081673 X=3917 Y=13742
Time=2082744 X=3917 Y=13742
Time=2083791 X=3917 Y=13742
Time=2084884 X=3917 Y=13742
Time=2085886 X=3894.15 Y=13739.1
Time=2086943 X=3666.37 Y=13712.9
Time=2087994 X=3266.28 Y=13668.2
Time=2088991 X=2972.02 Y=13635.4
Time=2089996 X=2972.02 Y=13635.4
Time=2091052 X=2972.02 Y=13635.4
Time=2091985 X=2972.02 Y=13635.4
Time=2093077 X=2974.46 Y=13635.5
Time=2094205 X=2753.17 Y=13590.4
Time=2095156 X=2804.94 Y=13569.6
Time=2096265 X=3142.35 Y=13626.1
Time=2097233 X=3508.04 Y=13687.3
Time=2098328 X=3572 Y=13698
Time=2099225 X=3572 Y=13698
Time=2100310 X=3890.31 Y=13736.4
Time=2101487 X=4329.36 Y=13838.8
Time=2102429 X=4680.74 Y=13920.8
Time=2103525 X=5089.58 Y=14016.2
Time=2104506 X=5413.03 Y=14091.6
Time=2105501 X=5735.13 Y=14097.9
Time=2106538 X=6018.03 Y=13819.1
Time=2107574 X=6300.67 Y=13540.6
Time=2108558 X=6569.12 Y=13276
Time=2109610 X=6856.12 Y=12993.1
Time=2110673 X=7078.26 Y=12711.2
Time=2111746 X=7237 Y=12654
Time=2112697 X=7149.21 Y=12672.3
Time=2113696 X=6910.64 Y=12684.3
Time=2114770 X=6910.64 Y=12684.3
Time=2115799 X=6910.64 Y=12684.3
Time=2116810 X=6910.64 Y=12684.3
Time=2117809 X=6910.64 Y=12684.3
Time=2118877 X=6910.64 Y=12684.3
Time=2119896 X=6910.64 Y=12684.3
Time=2120873 X=6910.64 Y=12684.3
Time=2121964 X=6910.64 Y=12684.3
Time=2123018 X=6910.64 Y=12684.3
Time=2124073 X=6910.64 Y=12684.3
Time=2125037 X=6910.64 Y=12684.3
Time=2126128 X=6910.64 Y=12684.3
Time=2127191 X=6910.64 Y=12684.3
Time=2128135 X=6910.64 Y=12684.3
Time=2129217 X=6910.64 Y=12684.3
Time=2130209 X=6910.64 Y=12684.3
Time=2131217 X=6910.64 Y=12684.3
Time=2132401 X=6910.64 Y=12684.3
Time=2133448 X=6910.64 Y=12684.3
Time=2134423 X=6910.64 Y=12684.3
Time=2135372 X=6910.64 Y=12684.3
Time=2136454 X=6910.64 Y=12684.3
Time=2137561 X=6957.92 Y=12576.4
Time=2138558 X=7121.79 Y=12253.1
Time=2139676 X=7318.18 Y=11872.5
Time=2140759 X=7436.76 Y=11642.8
Time=2141778 X=7436.76 Y=11642.8
Time=2142841 X=7436.76 Y=11642.8
Time=2143891 X=7316.53 Y=11799.7
Time=2144909 X=7118.55 Y=12135.6
Time=2145908 X=6931.26 Y=12453.4
Time=2146964 X=6754.65 Y=12753.1
Time=2148001 X=6552.98 Y=13095.3
Time=2149040 X=6350.91 Y=13438.2
Time=2150023 X=6159.74 Y=13762.6
Time=2151073 X=5955.54 Y=14109.1
Time=2152082 X=5977.52 Y=14047.1
Time=2153087 X=6188.6 Y=13725.2
Time=2154127 X=6407.03 Y=13392.1
Time=2155166 X=6590.39 Y=13112.4
Time=2156198 X=6798.55 Y=12795
Time=2157205 X=7010.05 Y=12472.4
Time=2158257 X=7223.89 Y=12131.6
Time=2159313 X=7386.56 Y=11761.2
Time=2160249 X=7530.74 Y=11433
Time=2161474 X=7719.43 Y=11003.3
Time=2162467 X=7872.81 Y=10655.2
Time=2163527 X=8157.62 Y=10387.8
Time=2164494 X=8437.18 Y=10159.9
Time=2165580 X=8758.85 Y=9896.15
Time=2166693 X=9071.88 Y=9606.73
Time=2167802 X=9218.96 Y=9394.35
Time=2168730 X=9292.52 Y=9288.96
Time=2169760 X=9317 Y=9155
Time=2170850 X=9317 Y=9155
Time=2171847 X=9317 Y=9155
Time=2172864 X=9317 Y=9155
Time=2173987 X=9317 Y=9155
Time=2174995 X=9317 Y=9155
Time=2176098 X=9317 Y=9155
Time=2177177 X=9317 Y=9155
Time=2178126 X=9317 Y=9155
Time=2179234 X=9317 Y=9155
Time=2180280 X=9317 Y=9155
Time=2181368 X=9317 Y=9155
Time=2182409 X=9292.61 Y=9176.66
Time=2183447 X=9310.14 Y=9184.72
Time=2184435 X=9239.78 Y=9256.7
Time=2185429 X=9100.1 Y=9399.6
Time=2186605 X=9350.32 Y=9401.95
Time=2187595 X=9602.35 Y=9396.83
Time=2188702 X=9884.02 Y=9383.68
Time=2189698 X=10132 Y=9379.72
Time=2190686 X=10321 Y=9385.41
Time=2191823 X=10538.7 Y=9378.79
Time=2192884 X=10930.4 Y=9366.88
Time=2193899 X=11203.2 Y=9346.98
Time=2194861 X=11336.9 Y=9381.78
Time=2195870 X=11423.3 Y=9435.02
Time=2196877 X=11437.2 Y=9436.43
Time=2198015 X=11437.2 Y=9436.43
Time=2199040 X=11437.2 Y=9436.43
Time=2200146 X=11437.2 Y=9436.43
Time=2201312 X=11437.2 Y=9436.43
Time=2202499 X=11437.2 Y=9436.43
Time=2203490 X=11437.2 Y=9436.43
Time=2204463 X=11437.2 Y=9436.43
Time=2205468 X=11437.2 Y=9436.43
Time=2206533 X=11437.2 Y=9436.43
Time=2207633 X=11437.2 Y=9436.43
Time=2208687 X=11437.2 Y=9436.43
Time=2209626 X=11437.2 Y=9436.43
Time=2210774 X=11437.2 Y=9436.43
Time=2211808 X=11437.2 Y=9436.43
Time=2212833 X=11437.2 Y=9436.43
Time=2213889 X=11437.2 Y=9436.43
Time=2214920 X=11437.2 Y=9436.43
Time=2215973 X=11437.2 Y=9436.43
Time=2216986 X=11437.2 Y=9436.43
Time=2218035 X=11437.2 Y=9436.43
Time=2219019 X=11437.2 Y=9436.43
Time=2220059 X=11437.2 Y=9436.43
Time=2221084 X=11437.2 Y=9436.43
Time=2222136 X=11437.2 Y=9436.43
Time=2223129 X=11437.2 Y=9436.43
Time=2224165 X=11437.2 Y=9436.43
Time=2225215 X=11387.3 Y=9237.23
Time=2226281 X=11373.5 Y=9181.39
Time=2227285 X=11373.5 Y=9181.39
Time=2228334 X=11373.5 Y=9181.39
Time=2229401 X=11373.5 Y=9181.39
Time=2230501 X=11373.5 Y=9181.39
Time=2231532 X=11373.5 Y=9181.39
Time=2232455 X=11373.5 Y=9181.39
Time=2233571 X=11144.3 Y=9199.85
Time=2234567 X=10763.3 Y=9250.85
Time=2235654 X=10372.9 Y=9279.94
Time=2236586 X=10396.5 Y=9011.98
Time=2237677 X=10396.5 Y=9011.98
Time=2238642 X=10396.5 Y=9011.98
Time=2239703 X=10396.5 Y=9011.98
Time=2240775 X=10396.5 Y=9011.98
Time=2241822 X=10396.5 Y=9011.98
Time=2242827 X=10396.5 Y=9011.98
Time=2243898 X=10396.5 Y=9011.98
Time=2244882 X=10552.5 Y=8949.3
Time=2245899 X=10667.2 Y=8903.25
Time=2246916 X=10667.2 Y=8903.25
Time=2247942 X=10667.2 Y=8903.25
Time=2249017 X=10667.2 Y=8903.25
Time=2250053 X=10667.2 Y=8903.25
Time=2251104 X=10667.2 Y=8903.25
Time=2252074 X=10667.2 Y=8903.25
Time=2253119 X=10667.2 Y=8903.25
Time=2254166 X=10667.2 Y=8903.25
Time=2255214 X=10380.8 Y=9025.26
Time=2256244 X=10380.8 Y=9025.26
Time=2257315 X=10380.8 Y=9025.26
Time=2258318 X=10244.8 Y=9083.21
Time=2259352 X=10088.6 Y=9150.68
Time=2260395 X=10088.6 Y=9150.68
Time=2261387 X=10088.6 Y=9150.68
Time=2262432 X=10088.6 Y=9150.68
Time=2263469 X=10088.6 Y=9150.68
Time=2264422 X=10088.6 Y=9150.68
Time=2265480 X=9764.6 Y=9288.27
Time=2266536 X=9412 Y=9438
Time=2267610 X=9080.27 Y=9632.5
Time=2268666 X=8806.57 Y=9856.44
Time=2269698 X=8551.12 Y=10065.4
Time=2270697 X=8254.96 Y=10307.8
Time=2271718 X=7977.06 Y=10550.9
Time=2272779 X=7780.69 Y=10893.8
Time=2273861 X=7632.13 Y=11280.7
Time=2274906 X=7488.64 Y=11654.4
Time=2275943 X=7407 Y=11867
Time=2276985 X=7541.15 Y=11517.6
Time=2278012 X=7679.88 Y=11156.3
Time=2278985 X=7813.48 Y=10808.4
Time=2279944 X=8016.36 Y=10511.6
Time=2281088 X=8351.27 Y=10229
Time=2282090 X=8648.32 Y=9985.92
Time=2283161 X=8965.82 Y=9726.15
Time=2284198 X=9293.17 Y=9503.93
Time=2285164 X=9626.51 Y=9343.46
Time=2286198 X=9904.32 Y=9221.03
Time=2287209 X=10199.8 Y=9090.8
Time=2288197 X=10546.1 Y=8938.18
Time=2289230 X=10706.1 Y=8867.64
Time=2290256 X=10840.2 Y=8941.05
Time=2291317 X=11196.5 Y=9136.58
Time=2292329 X=11261 Y=9171.96
Time=2293374 X=11261 Y=9171.96
Time=2294331 X=11402.5 Y=9364.53
Time=2295407 X=11473 Y=9460.33
Time=2296485 X=11473 Y=9460.33
Time=2297494 X=11473 Y=9460.33
Time=2298485 X=11473 Y=9460.33
Time=2299500 X=11473 Y=9460.33
Time=2300597 X=11473 Y=9460.33
Time=2301581 X=11473 Y=9460.33
Time=2302570 X=11254.4 Y=9412.73
Time=2303613 X=10864.7 Y=9324.99
Time=2304644 X=10479.4 Y=9238.25
Time=2305678 X=10093 Y=9151.27
Time=2306763 X=9743.66 Y=9072.62
Time=2307808 X=9589.17 Y=8979.2
Time=2308857 X=9955.15 Y=8806.13
Time=2309878 X=10311.4 Y=8637.69
Time=2310940 X=10681.9 Y=8462.49
Time=2312047 X=11068.1 Y=8279.86
Time=2312989 X=11396.2 Y=8124.68
Time=2314063 X=11768.1 Y=7948.82
Time=2315079 X=12120.4 Y=7782.21
Time=2316133 X=12485.4 Y=7609.62
Time=2317123 X=12522.4 Y=7518.64
Time=2318165 X=12124 Y=7494.83
Time=2319220 X=11720.6 Y=7470.73
Time=2320332 X=11295.4 Y=7445.33
Time=2321310 X=10921.4 Y=7422.98
Time=2322273 X=10553.2 Y=7400.98
Time=2323334 X=10221.2 Y=7381.15
Time=2324379 X=9818.67 Y=7357.09
Time=2325440 X=9409.94 Y=7332.67
Time=2326424 X=9064 Y=7312
Time=2327422 X=8956.98 Y=7061.53
Time=2328570 X=8806.88 Y=6644.69
Time=2329577 X=8675.22 Y=6279.06
Time=2330756 X=8532.42 Y=5847.6
Time=2331598 X=8463.21 Y=5552.97
Time=2332789 X=8369.86 Y=5106.2
Time=2333753 X=8268.71 Y=4751.19
Time=2334811 X=8141.17 Y=4433.54
Time=2335747 X=8122 Y=4415
Time=2336779 X=8022.81 Y=4271.1
Time=2337956 X=8054 Y=4081
Time=2339030 X=8054 Y=4081
Time=2339784 X=8034.95 Y=4160.54
Time=2341012 X=7986 Y=4365
Time=2342155 X=7986 Y=4365
Time=2343347 X=7986 Y=4365
Time=2344504 X=8160 Y=4651
Time=2345407 X=8160 Y=4651
Time=2346402 X=8160 Y=4651
Time=2347413 X=8160 Y=4651
Time=2348451 X=8160 Y=4651
Time=2349640 X=8160 Y=4651
Time=2350699 X=8160 Y=4651
Time=2351818 X=8160 Y=4651
Time=2352856 X=8160 Y=4651
Time=2353966 X=8160 Y=4651
Time=2355027 X=8160 Y=4651
Time=2356006 X=8160 Y=4651
Time=2356993 X=8160 Y=4651
Time=2358017 X=8160 Y=4651
Time=2359181 X=8160 Y=4651
Time=2360062 X=8160 Y=4651
Time=2361249 X=8160 Y=4651
Time=2362281 X=8160 Y=4651
Time=2363310 X=8160 Y=4651
Time=2364278 X=8160 Y=4651
Time=2365317 X=8160 Y=4651
Time=2366297 X=8160 Y=4651
Time=2367353 X=8160 Y=4651
Time=2368361 X=8160 Y=4651
Time=2369387 X=8160 Y=4651
Time=2370539 X=8171.51 Y=4716.65
Time=2371631 X=8179.28 Y=4691.38
Time=2372626 X=8179.28 Y=4691.38
Time=2373575 X=8120.91 Y=4530.01
Time=2374652 X=7989.29 Y=4166.12
Time=2375689 X=7854.19 Y=3792.59
Time=2376842 X=7703.97 Y=3377.27
Time=2377853 X=7495.52 Y=3109.93
Time=2378849 X=7115.29 Y=3078.86
Time=2379951 X=6876 Y=3062
Time=2380850 X=6876 Y=3062
Time=2382052 X=6876 Y=3062
Time=2383152 X=6876 Y=3062
Time=2384111 X=6876 Y=3062
Time=2385146 X=6876 Y=3062
Time=2386173 X=6876 Y=3062
Time=2387198 X=6876 Y=3062
Time=2388229 X=6876 Y=3062
Time=2389308 X=6876 Y=3062
Time=2390317 X=6876 Y=3062
Time=2391389 X=6876 Y=3062
Time=2392496 X=6876 Y=3062
Time=2393596 X=6876 Y=3062
Time=2394596 X=6876 Y=3062
Time=2395653 X=6876 Y=3062
Time=2396707 X=6876 Y=3062
Time=2397749 X=6876 Y=3062
Time=2398738 X=6876 Y=3062
Time=2399747 X=6876 Y=3062
Time=2400822 X=6663.21 Y=3043.43
Time=2401790 X=6400.25 Y=2867.88
Time=2403009 X=6320.96 Y=2809.54
Time=2404070 X=6320.96 Y=2809.54
Time=2405096 X=6320.96 Y=2809.54
Time=2406152 X=6320.96 Y=2809.54
Time=2407168 X=6351.06 Y=2836.56
Time=2408271 X=6346.16 Y=2930.32
Time=2409372 X=6341 Y=3029
Time=2410362 X=6341 Y=3029
Time=2411319 X=6341 Y=3029
Time=2412444 X=6341 Y=3029
Time=2413372 X=6341 Y=3029
Time=2414267 X=6407.84 Y=2769.34
Time=2415517 X=6489.42 Y=2298.74
Time=2416587 X=6526.92 Y=1892.14
Time=2417474 X=6674.78 Y=1586.26
Time=2418517 X=6859.93 Y=1232.28
Time=2419643 X=7067.94 Y=854.449
Time=2420565 X=6793.15 Y=719.469
Time=2421737 X=6767 Y=712
Time=2422838 X=7032.59 Y=925.888
Time=2424131 X=7103 Y=1034
Time=2425104 X=7103 Y=1034
Time=2426056 X=7103 Y=1034
Time=2426966 X=7103 Y=1034
Time=2428131 X=7103 Y=1034
Time=2429260 X=7103 Y=1034
Time=2430146 X=7103 Y=1034
Time=2431398 X=7103 Y=1034
Time=2432418 X=7103 Y=1034
Time=2433399 X=7103 Y=1034
Time=2434392 X=7062.06 Y=1078.89
Time=2435440 X=6953.1 Y=1110.84
Time=2436479 X=6650.68 Y=1369.54
Time=2437574 X=6632.05 Y=1385.48
Time=2438640 X=6667.94 Y=1285.63
Time=2439653 X=6846.73 Y=949.524
Time=2440545 X=7067.75 Y=713.142
Time=2441725 X=7237.3 Y=531.806
Time=2442790 X=7237.3 Y=531.806
Time=2443830 X=7237.3 Y=531.806
Time=2444862 X=7237.3 Y=531.806
Time=2445819 X=7237.3 Y=531.806
Time=2446824 X=7237.3 Y=531.806
Time=2447943 X=7232.26 Y=545.12
Time=2449106 X=7644.65 Y=720.597
Time=2450120 X=7933.35 Y=843.446
Time=2451200 X=7933.35 Y=843.446
Time=2452179 X=7933.35 Y=843.446
Time=2453204 X=7827.12 Y=765.399
Time=2454242 X=7945.5 Y=385.979
Time=2455260 X=8069.77 Y=23.0005
Time=2456271 X=8164.08 Y=-252.47
Time=2457324 X=8180.5 Y=-300.426
Time=2458359 X=8180.5 Y=-300.426
Time=2459429 X=8180.5 Y=-300.426
Time=2460471 X=8002.86 Y=-244.887
Time=2461516 X=7667.42 Y=-120.137
Time=2462575 X=7287.22 Y=21.2569
Time=2463609 X=7331.42 Y=-137.092
Time=2464524 X=7553.81 Y=-407.984
Time=2465719 X=7844.24 Y=-761.772
Time=2467053 X=7859.99 Y=-1139.69
Time=2468001 X=7953 Y=-1228
Time=2468969 X=7953 Y=-1228
Time=2470084 X=7953 Y=-1228
Time=2471031 X=7953 Y=-1228
Time=2472087 X=7953 Y=-1228
Time=2473091 X=7953 Y=-1228
Time=2474025 X=7953 Y=-1228
Time=2474658 X=7953 Y=-1228
Time=2474727 X=7953 Y=-1228
Time=2474727 X=7953 Y=-1228
Time=2474727 X=7953 Y=-1228
Time=2474727 X=7953 Y=-1228
Time=2474727 X=7953 Y=-1228
Time=2474727 X=7953 Y=-1228
Time=2474727 X=7953 Y=-1228
Time=2474727 X=7953 Y=-1228
Time=2474727 X=7953 Y=-1228
Time=2474727 X=7953 Y=-1228
Time=2474727 X=7953 Y=-1228
Time=2474727 X=7953 Y=-1228
Time=2474727 X=7953 Y=-1228
Time=2474727 X=7953 Y=-1228
Time=2474727 X=7953 Y=-1228
Time=2474727 X=7953 Y=-1228
Time=2474727 X=7953 Y=-1228
Time=2474727 X=7953 Y=-1228
