Time=1388454 X=-16540.3 Y=13056
Time=1389477 X=-16276.9 Y=12859.7
Time=1390463 X=-15974.1 Y=12634.1
Time=1391515 X=-15650.9 Y=12393.4
Time=1392506 X=-15324.2 Y=12442.2
Time=1393527 X=-14960.9 Y=12586.9
Time=1394554 X=-14595.4 Y=12732.5
Time=1395556 X=-14239.5 Y=12876
Time=1396575 X=-13997.9 Y=12944.5
Time=1397583 X=-13997.9 Y=12944.5
Time=1398600 X=-13997.9 Y=12944.5
Time=1399605 X=-13997.9 Y=12944.5
Time=1400599 X=-13997.9 Y=12944.5
Time=1401604 X=-13997.9 Y=12944.5
Time=1402633 X=-13997.9 Y=12944.5
Time=1403652 X=-13997.9 Y=12944.5
Time=1404650 X=-13997.9 Y=12944.5
Time=1405658 X=-13997.9 Y=12944.5
Time=1406673 X=-13997.9 Y=12944.5
Time=1407703 X=-13997.9 Y=12944.5
Time=1408727 X=-13997.9 Y=12944.5
Time=1409745 X=-13997.9 Y=12944.5
Time=1410740 X=-13997.9 Y=12944.5
Time=1411763 X=-13997.9 Y=12944.5
Time=1412758 X=-13997.9 Y=12944.5
Time=1413783 X=-14164 Y=12829
Time=1414783 X=-14466.4 Y=12593.9
Time=1415820 X=-14780.1 Y=12350.2
Time=1416819 X=-15057.9 Y=12156.2
Time=1417856 X=-15150.8 Y=12091.1
Time=1418836 X=-14975 Y=12414
Time=1419859 X=-14787.6 Y=12758.1
Time=1420834 X=-14628.3 Y=13050.7
Time=1421844 X=-14602.1 Y=13052.6
Time=1422868 X=-14208 Y=13081.6
Time=1423908 X=-13822.1 Y=13110
Time=1424913 X=-13438.2 Y=13138.3
Time=1425939 X=-13122.5 Y=13159.3
Time=1426967 X=-12738.5 Y=13243.8
Time=1427987 X=-12439.8 Y=13339.1
Time=1428985 X=-12092 Y=13296.8
Time=1429999 X=-11749.7 Y=13255.2
Time=1430993 X=-11398.9 Y=13123.8
Time=1432012 X=-11091.7 Y=12882.6
Time=1433025 X=-10792 Y=12636.1
Time=1434050 X=-10619.5 Y=12410.4
Time=1435050 X=-10619.5 Y=12410.4
Time=1436058 X=-10707 Y=12586.2
Time=1437067 X=-10803 Y=12773
Time=1438075 X=-10803 Y=12773
Time=1439099 X=-10803 Y=12773
Time=1440129 X=-10803 Y=12773
Time=1441153 X=-10803 Y=12773
Time=1442162 X=-10803 Y=12773
Time=1443173 X=-10803 Y=12773
Time=1444200 X=-10803 Y=12773
Time=1445200 X=-10803 Y=12773
Time=1446228 X=-10803 Y=12773
Time=1447237 X=-10803 Y=12773
Time=1448252 X=-10803 Y=12773
Time=1449269 X=-11004.9 Y=12960.4
Time=1450290 X=-11004.9 Y=12960.4
Time=1451280 X=-11037.3 Y=13142.7
Time=1452310 X=-11119.3 Y=13528.6
Time=1453313 X=-11199.1 Y=13904.4
Time=1454327 X=-11205.3 Y=14066.2
Time=1455328 X=-10997.6 Y=13743.9
Time=1456329 X=-10789.9 Y=13421.6
Time=1457338 X=-10580.5 Y=13096.7
Time=1458367 X=-10367 Y=12765.4
Time=1459403 X=-10152 Y=12431.8
Time=1460397 X=-9945.8 Y=12111.8
Time=1461427 X=-9732.08 Y=11780.2
Time=1462432 X=-9545.49 Y=11490.6
Time=1463438 X=-9345.2 Y=11179.8
Time=1464439 X=-9137.5 Y=10857.5
Time=1465443 X=-8985.12 Y=10573.3
Time=1466464 X=-8775.53 Y=10244.8
Time=1467485 X=-8531.23 Y=9939.46
Time=1468508 X=-8266.89 Y=9650.32
Time=1469532 X=-7982.05 Y=9380.77
Time=1470534 X=-7725.47 Y=9096.67
Time=1471540 X=-7538.18 Y=8907.89
Time=1472532 X=-7393.64 Y=8859.6
Time=1473531 X=-7636.36 Y=8732.2
Time=1474551 X=-7636.36 Y=8732.2
Time=1475547 X=-7636.36 Y=8732.2
Time=1476571 X=-7636.36 Y=8732.2
Time=1477583 X=-7636.36 Y=8732.2
Time=1478625 X=-7636.36 Y=8732.2
Time=1479652 X=-7636.36 Y=8732.2
Time=1480662 X=-7636.36 Y=8732.2
Time=1481669 X=-7636.36 Y=8732.2
Time=1482681 X=-7636.36 Y=8732.2
Time=1483713 X=-7636.36 Y=8732.2
Time=1484741 X=-7636.36 Y=8732.2
Time=1485754 X=-7636.36 Y=8732.2
Time=1486770 X=-7636.36 Y=8732.2
Time=1487783 X=-7657.75 Y=8562.9
Time=1488813 X=-7684.55 Y=8203.67
Time=1489829 X=-7706.32 Y=7911.88
Time=1490847 X=-7682.08 Y=7981.01
Time=1491865 X=-7585.48 Y=8358.78
Time=1492896 X=-7487.64 Y=8741.39
Time=1493915 X=-7487.64 Y=8741.39
Time=1494961 X=-7487.64 Y=8741.39
Time=1495982 X=-7487.64 Y=8741.39
Time=1497030 X=-7487.64 Y=8741.39
Time=1498041 X=-7487.64 Y=8741.39
Time=1499049 X=-7487.64 Y=8741.39
Time=1500045 X=-7487.64 Y=8741.39
Time=1501076 X=-7487.64 Y=8741.39
Time=1502091 X=-7487.64 Y=8741.39
Time=1503101 X=-7632.17 Y=9009.14
Time=1504113 X=-7753.35 Y=9233.5
Time=1505114 X=-7747.58 Y=9346.82
Time=1506128 X=-7727.65 Y=9737.63
Time=1507160 X=-7706.77 Y=10135.3
Time=1508151 X=-7686.71 Y=10515.7
Time=1509181 X=-7686.55 Y=10518.7
Time=1510197 X=-7686.55 Y=10518.7
Time=1511226 X=-7686.55 Y=10518.7
Time=1512212 X=-7686.55 Y=10518.7
Time=1513216 X=-7686.55 Y=10518.7
Time=1514243 X=-7686.55 Y=10518.7
Time=1515269 X=-7686.55 Y=10518.7
Time=1516296 X=-7686.55 Y=10518.7
Time=1517300 X=-7686.55 Y=10518.7
Time=1518301 X=-7686.55 Y=10518.7
Time=1519331 X=-7686.55 Y=10518.7
Time=1520358 X=-7686.55 Y=10518.7
Time=1521393 X=-7686.55 Y=10518.7
Time=1522421 X=-7686.55 Y=10518.7
Time=1523422 X=-7686.55 Y=10518.7
Time=1524439 X=-7686.55 Y=10518.7
Time=1525475 X=-7913.4 Y=10560.6
Time=1526462 X=-8279.36 Y=10666.2
Time=1527490 X=-8660.53 Y=10776.3
Time=1528524 X=-8674.03 Y=10758.7
Time=1529573 X=-8312.5 Y=10576.5
Time=1530536 X=-7993.06 Y=10415.6
Time=1531554 X=-7782.54 Y=10309.5
Time=1532571 X=-7845.84 Y=10371.3
Time=1533586 X=-8123.95 Y=10643
Time=1534607 X=-8403.7 Y=10916.3
Time=1535640 X=-8686.75 Y=11192.8
Time=1536649 X=-8963.21 Y=11462.8
Time=1537657 X=-9234.03 Y=11730
Time=1538682 X=-9471.1 Y=12033.7
Time=1539684 X=-9660.24 Y=12302.1
Time=1540722 X=-9889.29 Y=12627.1
Time=1541738 X=-10113.5 Y=12945.2
Time=1542737 X=-10333.9 Y=13258
Time=1543738 X=-10538.7 Y=13573.1
Time=1544758 X=-10749.9 Y=13901.8
Time=1545760 X=-10957.3 Y=14224.7
Time=1546774 X=-10868.3 Y=14402
Time=1547792 X=-10536.5 Y=14535.7
Time=1548807 X=-10198 Y=14672.2
Time=1549837 X=-9832.04 Y=14819.7
Time=1550833 X=-9461.33 Y=14907.5
Time=1551804 X=-9095.95 Y=14976.6
Time=1552891 X=-8683.46 Y=15033.3
Time=1553931 X=-8288.81 Y=15087.5
Time=1554926 X=-7911.23 Y=15139.4
Time=1555943 X=-7597.66 Y=15219.3
Time=1556930 X=-7300.98 Y=15336.5
Time=1557940 X=-6938.47 Y=15479.7
Time=1558944 X=-6578.11 Y=15622.1
Time=1559964 X=-6212.01 Y=15766.7
Time=1560991 X=-5843.4 Y=15912.4
Time=1561983 X=-5487.35 Y=16053
Time=1563003 X=-5186.92 Y=15958.1
Time=1564016 X=-4834.37 Y=15789.2
Time=1565033 X=-4505.21 Y=15631.4
Time=1566044 X=-4169.79 Y=15470.7
Time=1567047 X=-3823.33 Y=15304.7
Time=1568075 X=-3468.23 Y=15134.5
Time=1569087 X=-3126.41 Y=14953.7
Time=1570174 X=-2770.41 Y=14755.6
Time=1571146 X=-2400.12 Y=14717.1
Time=1572169 X=-2008.9 Y=14695.8
Time=1573186 X=-1624.49 Y=14640
Time=1574179 X=-1374.69 Y=14451
Time=1575197 X=-1080.18 Y=14196.6
Time=1576204 X=-1098.62 Y=14130.6
Time=1577221 X=-1098.62 Y=14130.6
Time=1578218 X=-1098.62 Y=14130.6
Time=1579201 X=-1098.62 Y=14130.6
Time=1580229 X=-1098.62 Y=14130.6
Time=1581262 X=-1098.62 Y=14130.6
Time=1582273 X=-1098.62 Y=14130.6
Time=1583297 X=-1098.62 Y=14130.6
Time=1584327 X=-1098.62 Y=14130.6
Time=1585312 X=-1098.62 Y=14130.6
Time=1586390 X=-1206.35 Y=14170.5
Time=1587353 X=-1314.82 Y=14455.8
Time=1588406 X=-1314.82 Y=14455.8
Time=1589405 X=-1314.82 Y=14455.8
Time=1590418 X=-1314.82 Y=14455.8
Time=1591451 X=-1314.82 Y=14455.8
Time=1592470 X=-1314.82 Y=14455.8
Time=1593511 X=-1314.82 Y=14455.8
Time=1594439 X=-1314.82 Y=14455.8
Time=1595527 X=-1314.82 Y=14455.8
Time=1596513 X=-1314.82 Y=14455.8
Time=1597497 X=-1314.82 Y=14455.8
Time=1598544 X=-1313.67 Y=14443.2
Time=1599599 X=-1606 Y=14687
Time=1600607 X=-1606 Y=14687
Time=1601655 X=-1606 Y=14687
Time=1602668 X=-1621.76 Y=14615.5
Time=1603661 X=-1709.91 Y=14283.4
Time=1604702 X=-1759.81 Y=13980.5
Time=1605717 X=-1381.77 Y=13964.7
Time=1606724 X=-996.062 Y=13961
Time=1607700 X=-622.232 Y=13957.5
Time=1608791 X=-204.355 Y=13953.4
Time=1609853 X=202.415 Y=13949.6
Time=1610855 X=586.203 Y=13945.9
Time=1611862 X=900.535 Y=13942.9
Time=1612884 X=1194.86 Y=13940
Time=1613907 X=1489.47 Y=13937.2
Time=1614916 X=1780.05 Y=13934.4
Time=1615917 X=2058.01 Y=13961.7
Time=1616941 X=2284.32 Y=14150.7
Time=1617969 X=2501.37 Y=14352
Time=1618967 X=2711.27 Y=14551.3
Time=1619970 X=3025.04 Y=14772.9
Time=1620986 X=3261.74 Y=14910.4
Time=1622001 X=3312.16 Y=14936.8
Time=1623030 X=3312.16 Y=14936.8
Time=1624052 X=3312.16 Y=14936.8
Time=1625056 X=3312.16 Y=14936.8
Time=1626057 X=3312.16 Y=14936.8
Time=1627085 X=3312.16 Y=14936.8
Time=1628102 X=3312.16 Y=14936.8
Time=1629109 X=3312.16 Y=14936.8
Time=1630117 X=3312.16 Y=14936.8
Time=1631128 X=3312.16 Y=14936.8
Time=1632154 X=3312.16 Y=14936.8
Time=1633178 X=3312.16 Y=14936.8
Time=1634188 X=3312.16 Y=14936.8
Time=1635190 X=3312.16 Y=14936.8
Time=1636208 X=3312.16 Y=14936.8
Time=1637220 X=3312.16 Y=14936.8
Time=1638230 X=3365.4 Y=14893.1
Time=1639230 X=3680.51 Y=14697.2
Time=1640266 X=3931.17 Y=14478.5
Time=1641272 X=4267.29 Y=14290.1
Time=1642312 X=4614.77 Y=14095.3
Time=1643398 X=4956 Y=13904
Time=1644426 X=4699.35 Y=13917.7
Time=1645450 X=4307.67 Y=13938.6
Time=1646443 X=3933.17 Y=13958.6
Time=1647439 X=3668.26 Y=14061.5
Time=1648463 X=3389.73 Y=14306.2
Time=1649466 X=3110.61 Y=14570.2
Time=1650479 X=2840.17 Y=14826
Time=1651482 X=2840.17 Y=14826
Time=1652516 X=3206.02 Y=14708.7
Time=1653518 X=3528.98 Y=14575.4
Time=1654541 X=3909.04 Y=14480
Time=1655559 X=4243.89 Y=14299.2
Time=1656588 X=4529.64 Y=14131.1
Time=1657568 X=4853.18 Y=13940.7
Time=1658615 X=5198.83 Y=13737.4
Time=1659604 X=5525.34 Y=13545.3
Time=1660676 X=5879.25 Y=13337
Time=1661669 X=6207.07 Y=13144.2
Time=1662690 X=6544.14 Y=12945.8
Time=1663689 X=6843 Y=12770
Time=1664704 X=6857.56 Y=12451
Time=1665721 X=6889.6 Y=12079.7
Time=1666736 X=6923.03 Y=11692.3
Time=1667739 X=6956.06 Y=11309.6
Time=1668742 X=6989.09 Y=10926.8
Time=1669758 X=7025.39 Y=10538.8
Time=1670776 X=7050.1 Y=10387.6
Time=1671786 X=6995.37 Y=10766.5
Time=1672809 X=7216.33 Y=11090
Time=1673830 X=7451.56 Y=11402.4
Time=1674827 X=7681.27 Y=11707.5
Time=1675780 X=7900.84 Y=11999.1
Time=1676830 X=8142.76 Y=12320.5
Time=1677860 X=8357 Y=12605
Time=1678906 X=8614.08 Y=12719
Time=1679914 X=8966.47 Y=12874.1
Time=1680903 X=9341.79 Y=12872.7
Time=1681932 X=9716.8 Y=12751.6
Time=1682962 X=10083.5 Y=12606.1
Time=1683986 X=10330.8 Y=12422.6
Time=1684996 X=10469 Y=12486
Time=1686004 X=10469 Y=12486
Time=1687016 X=10469 Y=12486
Time=1688024 X=10469 Y=12486
Time=1689074 X=10469 Y=12486
Time=1690089 X=10469 Y=12486
Time=1691107 X=10469 Y=12486
Time=1692147 X=10469 Y=12486
Time=1693161 X=10469 Y=12486
Time=1694175 X=10469 Y=12486
Time=1695211 X=10469 Y=12486
Time=1696238 X=10469 Y=12486
Time=1697227 X=10503.4 Y=12525.6
Time=1698233 X=10606.1 Y=12645.1
Time=1699289 X=10811.6 Y=12311.7
Time=1700316 X=10819.2 Y=12299.3
Time=1701311 X=10819.2 Y=12299.3
Time=1702336 X=10819.2 Y=12299.3
Time=1703338 X=10819.2 Y=12299.3
Time=1704342 X=10819.2 Y=12299.3
Time=1705347 X=10819.2 Y=12299.3
Time=1706377 X=10819.2 Y=12299.3
Time=1707414 X=10819.2 Y=12299.3
Time=1708477 X=10819.2 Y=12299.3
Time=1709472 X=10819.2 Y=12299.3
Time=1710483 X=10656.1 Y=12338.8
Time=1711532 X=10283.1 Y=12478.2
Time=1712526 X=9946.56 Y=12656.3
Time=1713534 X=9734.98 Y=12768.3
Time=1714564 X=9734.98 Y=12768.3
Time=1715583 X=9887.88 Y=12811.4
Time=1716617 X=10263.4 Y=12937.1
Time=1717610 X=10564.4 Y=13038
Time=1718638 X=10909 Y=13227.8
Time=1719705 X=11265 Y=13428.5
Time=1720700 X=11513.1 Y=13716.4
Time=1721726 X=11750.2 Y=14029.8
Time=1722757 X=11886.4 Y=14215.3
Time=1723769 X=11944.3 Y=14295.8
Time=1724790 X=12009.8 Y=14386.9
Time=1725793 X=12097.8 Y=14509.1
Time=1726812 X=12097.8 Y=14509.1
Time=1727810 X=12097.8 Y=14509.1
Time=1728826 X=12097.8 Y=14509.1
Time=1729852 X=12097.8 Y=14509.1
Time=1730861 X=12097.8 Y=14509.1
Time=1731885 X=12097.8 Y=14509.1
Time=1732907 X=12097.8 Y=14509.1
Time=1733940 X=12097.8 Y=14509.1
Time=1734949 X=12097.8 Y=14509.1
Time=1735960 X=12097.8 Y=14509.1
Time=1736977 X=12097.8 Y=14509.1
Time=1737996 X=12097.8 Y=14509.1
Time=1739027 X=12097.8 Y=14509.1
Time=1740068 X=12097.8 Y=14509.1
Time=1741098 X=12097.8 Y=14509.1
Time=1742107 X=12097.8 Y=14509.1
Time=1743138 X=11864.8 Y=14208.4
Time=1744155 X=11626.2 Y=13900.4
Time=1745166 X=11389.1 Y=13594.3
Time=1746189 X=11149.1 Y=13284.5
Time=1747188 X=10980 Y=13093.8
Time=1748258 X=10745.3 Y=12846.6
Time=1749253 X=10513.3 Y=12602.3
Time=1750265 X=10360.1 Y=12440.9
Time=1751279 X=10455.3 Y=12556.6
Time=1752278 X=10698.7 Y=12851.8
Time=1753301 X=10948 Y=13154.1
Time=1754320 X=11196.3 Y=13455.3
Time=1755332 X=11443 Y=13754.3
Time=1756369 X=11695.7 Y=14060.8
Time=1757405 X=11864.5 Y=14265.6
Time=1758423 X=11982.6 Y=14210.6
Time=1759436 X=12334.4 Y=14046.9
Time=1760473 X=12694.5 Y=13879.3
Time=1761471 X=13041.1 Y=13718
Time=1762511 X=13354.8 Y=13572.1
Time=1763545 X=13713.9 Y=13405
Time=1764839 X=14165.3 Y=13200.4
Time=1765863 X=14328.3 Y=12944.2
Time=1766868 X=14470.6 Y=12697.9
Time=1767871 X=14377.4 Y=12325.2
Time=1768875 X=14299.8 Y=11949.5
Time=1769900 X=14283.8 Y=11557.3
Time=1770928 X=14273.3 Y=11217.5
Time=1771944 X=14264.3 Y=10925
Time=1772958 X=14200.5 Y=10693.2
Time=1773972 X=14228 Y=10602
Time=1774992 X=14228 Y=10602
Time=1776015 X=14228 Y=10602
Time=1777031 X=14228 Y=10602
Time=1778074 X=14228 Y=10602
Time=1779073 X=14228 Y=10602
Time=1780112 X=14228 Y=10602
Time=1781127 X=14228 Y=10602
Time=1782150 X=14228 Y=10602
Time=1783175 X=14228 Y=10602
Time=1784185 X=14228 Y=10602
Time=1785210 X=14228 Y=10602
Time=1786208 X=14228 Y=10602
Time=1787203 X=14228 Y=10602
Time=1788273 X=14291.7 Y=10820.9
Time=1789281 X=14554.1 Y=11104
Time=1790304 X=14836.5 Y=11375.6
Time=1791336 X=15140.3 Y=11628.4
Time=1792347 X=15426.4 Y=11889.1
Time=1793395 X=15563 Y=12023
Time=1794377 X=15563 Y=12023
Time=1795428 X=15563 Y=12023
Time=1796502 X=15563 Y=12023
Time=1797517 X=15563 Y=12023
Time=1798535 X=15563 Y=12023
Time=1799557 X=15488.3 Y=12058.2
Time=1800585 X=15220.6 Y=12315
Time=1801575 X=15198.9 Y=12000.6
Time=1802631 X=15198.9 Y=12000.6
Time=1803646 X=15198.9 Y=12000.6
Time=1804667 X=15198.9 Y=12000.6
Time=1805688 X=15163.3 Y=11984.5
Time=1806689 X=15029.7 Y=12191
Time=1807708 X=14869.3 Y=12462.3
Time=1808762 X=14842.9 Y=12178.3
Time=1809782 X=14850.3 Y=11787.7
Time=1810790 X=14851.7 Y=11710.7
Time=1811801 X=14851.7 Y=11710.7
Time=1812835 X=14752.5 Y=12025.7
Time=1813856 X=14670.5 Y=12408.1
Time=1814857 X=14590.1 Y=12783
Time=1815875 X=14539 Y=13021
Time=1816882 X=14642 Y=12675.6
Time=1817916 X=14755.1 Y=12296
Time=1818940 X=14867.2 Y=11920.1
Time=1819962 X=14965.8 Y=11589.3
Time=1820989 X=14995.9 Y=11488.1
Time=1821997 X=14995.9 Y=11488.1
Time=1823017 X=15178.5 Y=11638.8
Time=1824062 X=15488.2 Y=11892.4
Time=1825088 X=15792.2 Y=12141.4
Time=1826075 X=16084.7 Y=12381
Time=1827148 X=16402.7 Y=12641.4
Time=1828189 X=16697.9 Y=12883.2
Time=1829205 X=16977 Y=13111.8
Time=1830233 X=17224.8 Y=13223
Time=1831217 X=17571.2 Y=13371.7
Time=1832229 X=17925.1 Y=13529.9
Time=1833243 X=18277.4 Y=13693.5
Time=1834262 X=18593.2 Y=13806.8
Time=1835312 X=18965.7 Y=13959
Time=1836312 X=19320.2 Y=14103.9
Time=1837301 X=19670.9 Y=14247.2
Time=1838330 X=20036.1 Y=14396.5
Time=1839339 X=20393.8 Y=14542.8
Time=1840365 X=20777.8 Y=14626.3
Time=1841412 X=21169.7 Y=14711.6
Time=1842425 X=21513.7 Y=14757.5
Time=1843421 X=21865.1 Y=14680.8
Time=1844453 X=22251.3 Y=14596.5
Time=1845480 X=22516.3 Y=14818.9
Time=1846484 X=22659.2 Y=15175.9
Time=1847506 X=22705.8 Y=15264.1
Time=1848501 X=22757.4 Y=15346.8
Time=1849508 X=22770.5 Y=15367.9
Time=1850514 X=22770.5 Y=15367.9
Time=1851529 X=22770.5 Y=15367.9
Time=1852528 X=22770.5 Y=15367.9
Time=1853549 X=22770.5 Y=15367.9
Time=1854571 X=22770.5 Y=15367.9
Time=1855575 X=22791.5 Y=15443.6
Time=1856626 X=22753 Y=15744
Time=1857672 X=22411 Y=15615
Time=1858701 X=22411 Y=15615
Time=1859707 X=22411 Y=15615
Time=1860726 X=22411 Y=15615
Time=1861757 X=22298.7 Y=15539
Time=1862792 X=21970.1 Y=15317.2
Time=1863919 X=21807.7 Y=15043.7
Time=1864941 X=22045.6 Y=14732.9
Time=1865970 X=22351.3 Y=14592
Time=1866997 X=22351.3 Y=14592
Time=1867983 X=22222.2 Y=14602.9
Time=1868993 X=21887.1 Y=14676
Time=1870024 X=21501.3 Y=14760.2
Time=1871036 X=21117.9 Y=14727.3
Time=1872048 X=20733.8 Y=14675.2
Time=1873041 X=20953.6 Y=14696.7
Time=1874069 X=21342.8 Y=14756.1
Time=1875081 X=21722.8 Y=14711.8
Time=1876111 X=22108.3 Y=14627.7
Time=1877153 X=22436.4 Y=14607.9
Time=1878170 X=22807.1 Y=14694.1
Time=1879182 X=23184.6 Y=14782
Time=1880183 X=23558.1 Y=14868.8
Time=1881188 X=23933 Y=14956
Time=1882202 X=24311.3 Y=15044
Time=1883210 X=24541.5 Y=15103.3
Time=1884217 X=24180.7 Y=15239.8
Time=1885245 X=23810.7 Y=15379.8
Time=1886254 X=23449.2 Y=15516.5
Time=1887283 X=23080.6 Y=15656
Time=1888300 X=22707 Y=15744
Time=1889319 X=22358.3 Y=15581.5
Time=1890346 X=22070.3 Y=15400.5
Time=1891368 X=21738.9 Y=15192.1
Time=1892416 X=21454 Y=15013
Time=1893415 X=21106.3 Y=14853.7
Time=1894432 X=20750.2 Y=14695.7
Time=1895456 X=20391.7 Y=14536.7
Time=1896460 X=20040.1 Y=14380.7
Time=1897474 X=19685 Y=14223.2
Time=1898506 X=19350.9 Y=14075
Time=1899496 X=19029.4 Y=13932.4
Time=1900589 X=18646.7 Y=13762.7
Time=1901578 X=18300.2 Y=13608.9
Time=1902585 X=17947.6 Y=13452.5
Time=1903609 X=17588.9 Y=13293.4
Time=1904629 X=17231.7 Y=13135
Time=1905643 X=16922.8 Y=12959.7
Time=1906669 X=16580.3 Y=12767.1
Time=1907682 X=16315.6 Y=12618.2
Time=1908681 X=16006.7 Y=12444.5
Time=1909699 X=15666.9 Y=12253.3
Time=1910723 X=15325 Y=12061.1
Time=1911731 X=14988.5 Y=11871.8
Time=1912760 X=14644.9 Y=11678.6
Time=1913770 X=14307.7 Y=11488.9
Time=1914792 X=13966.5 Y=11297.1
Time=1915808 X=13627.3 Y=11106.3
Time=1916819 X=13474.9 Y=10879.5
Time=1917840 X=13325.3 Y=10518.2
Time=1918829 X=13180.4 Y=10168.1
Time=1919837 X=13032.7 Y=9811.4
Time=1920863 X=12882.4 Y=9448.28
Time=1921863 X=12735.9 Y=9094.36
Time=1922873 X=12588 Y=8736.9
Time=1923904 X=12436.9 Y=8372.01
Time=1924922 X=12300.5 Y=8042.37
Time=1925937 X=12162.8 Y=7709.75
Time=1926947 X=12024.6 Y=7402.56
Time=1927962 X=11879 Y=7042.06
Time=1928973 X=11734 Y=6682.98
Time=1929971 X=11522.1 Y=6367.79
Time=1930982 X=11263.9 Y=6079.93
Time=1932001 X=10969.9 Y=5832.62
Time=1933024 X=10589.8 Y=5752.42
Time=1934039 X=10369.9 Y=5754.52
Time=1935051 X=10369.9 Y=5754.52
Time=1936060 X=10369.9 Y=5754.52
Time=1937066 X=10369.9 Y=5754.52
Time=1938065 X=10369.9 Y=5754.52
Time=1939083 X=10369.9 Y=5754.52
Time=1940127 X=10369.9 Y=5754.52
Time=1941114 X=10369.9 Y=5754.52
Time=1942121 X=10369.9 Y=5754.52
Time=1943093 X=10369.9 Y=5754.52
Time=1944174 X=10369.9 Y=5754.52
Time=1945234 X=10369.9 Y=5754.52
Time=1946238 X=10369.9 Y=5754.52
Time=1947262 X=10369.9 Y=5754.52
Time=1948314 X=10369.9 Y=5754.52
Time=1949334 X=10369.9 Y=5754.52
Time=1950356 X=10369.9 Y=5754.52
Time=1951392 X=10585.4 Y=5689.08
Time=1952401 X=10955.2 Y=5576.8
Time=1953413 X=11251 Y=5487
Time=1954438 X=11251 Y=5487
Time=1955457 X=11251 Y=5487
Time=1956455 X=11251 Y=5487
Time=1957466 X=11251 Y=5487
Time=1958539 X=11251 Y=5487
Time=1959516 X=10995.8 Y=5503.04
Time=1960607 X=10682.2 Y=5522.74
Time=1961589 X=10407.4 Y=5568.1
Time=1962612 X=10061.3 Y=5743.05
Time=1963625 X=9721.34 Y=5928.57
Time=1964661 X=9399.59 Y=6160.85
Time=1965652 X=9091.82 Y=6383.04
Time=1966674 X=8736.92 Y=6538.68
Time=1967684 X=8360.56 Y=6606.87
Time=1968721 X=8301.9 Y=6603.33
Time=1969737 X=8301.9 Y=6603.33
Time=1970745 X=8301.9 Y=6603.33
Time=1971776 X=8301.9 Y=6603.33
Time=1972789 X=8301.9 Y=6603.33
Time=1973800 X=8301.9 Y=6603.33
Time=1974806 X=8301.9 Y=6603.33
Time=1975812 X=8301.9 Y=6603.33
Time=1976822 X=8301.9 Y=6603.33
Time=1977842 X=8301.9 Y=6603.33
Time=1978869 X=8301.9 Y=6603.33
Time=1979864 X=8230.71 Y=6629.72
Time=1980880 X=7986.14 Y=6790.34
Time=1981885 X=7976 Y=6797
Time=1982900 X=7976 Y=6797
Time=1983907 X=7976 Y=6797
Time=1984904 X=8003.72 Y=6784.86
Time=1985935 X=8318.44 Y=6555.47
Time=1986955 X=8520.29 Y=6220.07
Time=1987957 X=8388.44 Y=6196.37
Time=1988989 X=8236.47 Y=6191.4
Time=1990017 X=8236.47 Y=6191.4
Time=1991078 X=8236.47 Y=6191.4
Time=1992086 X=8045.76 Y=6390.78
Time=1993120 X=7913 Y=6551
Time=1994140 X=7913 Y=6551
Time=1995148 X=7913 Y=6551
Time=1996156 X=7913 Y=6551
Time=1997192 X=7913 Y=6551
Time=1998201 X=8112.75 Y=6420.75
Time=1999236 X=8195.05 Y=6261.67
Time=2000232 X=7833.85 Y=6138.86
Time=2001230 X=7475.94 Y=6005.1
Time=2002245 X=7131.44 Y=5825.47
Time=2003242 X=6806.25 Y=5625.24
Time=2004283 X=6466.73 Y=5416.14
Time=2005330 X=6381.93 Y=5363.91
Time=2006326 X=6381.93 Y=5363.91
Time=2007267 X=6381.93 Y=5363.91
Time=2008350 X=6381.93 Y=5363.91
Time=2009365 X=6381.93 Y=5363.91
Time=2010389 X=6381.93 Y=5363.91
Time=2011421 X=6381.93 Y=5363.91
Time=2012413 X=6381.93 Y=5363.91
Time=2013436 X=6381.93 Y=5363.91
Time=2014490 X=6381.93 Y=5363.91
Time=2015516 X=6381.93 Y=5363.91
Time=2016511 X=6381.93 Y=5363.91
Time=2017516 X=6381.93 Y=5363.91
Time=2018521 X=6381.93 Y=5363.91
Time=2019660 X=6085.31 Y=5441.97
Time=2020627 X=5981.98 Y=5469.16
Time=2021679 X=5981.98 Y=5469.16
Time=2022693 X=5981.98 Y=5469.16
Time=2023726 X=5981.98 Y=5469.16
Time=2024762 X=5981.98 Y=5469.16
Time=2025745 X=5981.98 Y=5469.16
Time=2026741 X=5981.98 Y=5469.16
Time=2027763 X=5981.98 Y=5469.16
Time=2028792 X=5885.37 Y=5790.86
Time=2029816 X=5772.56 Y=6166.52
Time=2030836 X=5653.96 Y=6536.89
Time=2031854 X=5362.01 Y=6795.37
Time=2032888 X=5191.95 Y=6945.94
Time=2033885 X=5191.95 Y=6945.94
Time=2034900 X=5191.95 Y=6945.94
Time=2035939 X=5191.95 Y=6945.94
Time=2036936 X=5191.95 Y=6945.94
Time=2037974 X=5191.95 Y=6945.94
Time=2038990 X=5191.95 Y=6945.94
Time=2040029 X=5191.95 Y=6945.94
Time=2041070 X=5191.95 Y=6945.94
Time=2042113 X=5191.95 Y=6945.94
Time=2043116 X=5191.95 Y=6945.94
Time=2044132 X=5191.95 Y=6945.94
Time=2045163 X=5191.95 Y=6945.94
Time=2046176 X=5191.95 Y=6945.94
Time=2047197 X=4983.6 Y=7112.6
Time=2048211 X=4814.4 Y=6937.09
Time=2049227 X=4760.87 Y=6651.02
Time=2050223 X=4788.81 Y=6366.18
Time=2051267 X=4803.84 Y=6289.3
Time=2052291 X=4803.84 Y=6289.3
Time=2053275 X=4803.84 Y=6289.3
Time=2054294 X=4803.84 Y=6289.3
Time=2055318 X=4803.84 Y=6289.3
Time=2056403 X=4662.35 Y=6139.47
Time=2057422 X=4394.36 Y=5855.7
Time=2058408 X=4135.05 Y=5581.12
Time=2059402 X=4118.68 Y=5465.22
Time=2060414 X=4118.68 Y=5465.22
Time=2061437 X=4118.68 Y=5465.22
Time=2062458 X=4118.68 Y=5465.22
Time=2063514 X=4118.68 Y=5465.22
Time=2064536 X=4118.68 Y=5465.22
Time=2065566 X=4118.68 Y=5465.22
Time=2066596 X=4118.68 Y=5465.22
Time=2067606 X=4118.68 Y=5465.22
Time=2068630 X=4133.74 Y=5515.12
Time=2069663 X=4133.74 Y=5515.12
Time=2070658 X=4133.74 Y=5515.12
Time=2071651 X=4133.74 Y=5515.12
Time=2072665 X=4206.7 Y=5743.14
Time=2073715 X=4263.42 Y=5920.44
Time=2074722 X=4263.42 Y=5920.44
Time=2075738 X=4176.71 Y=5861.32
Time=2076747 X=3857.37 Y=5643.61
Time=2077596 X=3588.67 Y=5460.43
Time=2079061 X=3118.75 Y=5154.36
Time=2080061 X=2873.3 Y=4956.45
Time=2081082 X=2888.69 Y=4927.94
Time=2082072 X=2888.69 Y=4927.94
Time=2083057 X=2888.69 Y=4927.94
Time=2084097 X=2888.69 Y=4927.94
Time=2085092 X=2888.69 Y=4927.94
Time=2086121 X=2888.69 Y=4927.94
Time=2087152 X=2888.69 Y=4927.94
Time=2088187 X=2888.69 Y=4927.94
Time=2089190 X=2888.69 Y=4927.94
Time=2090203 X=2888.69 Y=4927.94
Time=2091229 X=2888.69 Y=4927.94
Time=2092269 X=2888.69 Y=4927.94
Time=2093285 X=2888.69 Y=4927.94
Time=2094303 X=2888.69 Y=4927.94
Time=2095312 X=2888.69 Y=4927.94
Time=2096338 X=2888.69 Y=4927.94
Time=2097373 X=2888.69 Y=4927.94
Time=2098382 X=2888.69 Y=4927.94
Time=2099381 X=3007.11 Y=5040.75
Time=2100385 X=3134.14 Y=5161.75
Time=2101469 X=3134.14 Y=5161.75
Time=2102450 X=3134.14 Y=5161.75
Time=2103486 X=3134.14 Y=5161.75
Time=2104519 X=3134.14 Y=5161.75
Time=2105530 X=3262.26 Y=5336.75
Time=2106544 X=3488.67 Y=5652.34
Time=2107563 X=3717.64 Y=5971.5
Time=2108602 X=3951.38 Y=6297.29
Time=2109628 X=4182.19 Y=6619.02
Time=2110655 X=4413.23 Y=6941.05
Time=2111657 X=4638.64 Y=7255.25
Time=2112687 X=4868.81 Y=7576.07
Time=2113714 X=5098.12 Y=7895.71
Time=2114730 X=5323.21 Y=8209.44
Time=2115763 X=5283.55 Y=8103.73
Time=2116773 X=5162.07 Y=7839.43
Time=2117779 X=5041.07 Y=7576.18
Time=2118782 X=4920.43 Y=7313.72
Time=2119811 X=4796.66 Y=7044.45
Time=2120810 X=4676.5 Y=6783.03
Time=2121823 X=4517.63 Y=6437.37
Time=2122844 X=4354.3 Y=6082.03
Time=2123857 X=4192.25 Y=5729.47
Time=2124873 X=4073.91 Y=5472
Time=2125897 X=3970.33 Y=5515.22
Time=2126917 X=3609.76 Y=5665.68
Time=2127927 X=3252.73 Y=5814.66
Time=2128934 X=3003.98 Y=5802.01
Time=2129965 X=2806.18 Y=5527.83
Time=2130972 X=2580.51 Y=5215.01
Time=2131963 X=2358.43 Y=4907.17
Time=2132972 X=2132.31 Y=4593.73
Time=2133988 X=1904.63 Y=4278.12
Time=2135017 X=1674.03 Y=3958.46
Time=2136018 X=1437.4 Y=3657.86
Time=2137073 X=1146.16 Y=3377.72
Time=2138085 X=925 Y=3165
Time=2139108 X=720.989 Y=3358.14
Time=2140134 X=456.828 Y=3649.12
Time=2141158 X=193.182 Y=3939.53
Time=2142148 X=-61.7106 Y=4220.29
Time=2143175 X=-326.854 Y=4511.39
Time=2144187 X=-597.206 Y=4787.71
Time=2145194 X=-922.409 Y=4995.13
Time=2146207 X=-1249.55 Y=5203.79
Time=2147237 X=-1515.6 Y=5373.48
Time=2148258 X=-1700.68 Y=5538.14
Time=2149244 X=-1946.28 Y=5680.68
Time=2150274 X=-2202.84 Y=5829.58
Time=2151298 X=-2457.16 Y=5977.18
Time=2152316 X=-2520.24 Y=6046.34
Time=2153343 X=-2627.77 Y=6155.28
Time=2154355 X=-2533.82 Y=6123.82
Time=2155391 X=-2437.88 Y=6090.87
Time=2156421 X=-2342.49 Y=6058.1
Time=2157459 X=-2331.19 Y=6054.22
Time=2158472 X=-2331.19 Y=6054.22
Time=2159507 X=-2331.19 Y=6054.22
Time=2160525 X=-2331.19 Y=6054.22
Time=2161546 X=-2331.19 Y=6054.22
Time=2162553 X=-2331.19 Y=6054.22
Time=2163602 X=-2331.19 Y=6054.22
Time=2164634 X=-2331.19 Y=6054.22
Time=2165653 X=-2331.19 Y=6054.22
Time=2166672 X=-2331.19 Y=6054.22
Time=2167711 X=-2331.19 Y=6054.22
Time=2168722 X=-2331.19 Y=6054.22
Time=2169753 X=-2331.19 Y=6054.22
Time=2170762 X=-2331.19 Y=6054.22
Time=2171792 X=-2331.19 Y=6054.22
Time=2172807 X=-2331.19 Y=6054.22
Time=2173824 X=-2331.19 Y=6054.22
Time=2174829 X=-2331.19 Y=6054.22
Time=2175825 X=-2331.19 Y=6054.22
Time=2176861 X=-2331.19 Y=6054.22
Time=2177883 X=-2331.19 Y=6054.22
Time=2178899 X=-2331.19 Y=6054.22
Time=2179880 X=-2331.19 Y=6054.22
Time=2180934 X=-2331.19 Y=6054.22
Time=2181964 X=-2331.19 Y=6054.22
Time=2182981 X=-2315.68 Y=6045.86
Time=2184015 X=-1994.67 Y=5876.71
Time=2185005 X=-2290.79 Y=6118.14
Time=2186033 X=-2537.62 Y=6422.97
Time=2187060 X=-2750.2 Y=6757.47
Time=2188077 X=-2956.18 Y=7089.97
Time=2189082 X=-3152.23 Y=7421.26
Time=2190106 X=-3363.76 Y=7751.35
Time=2191128 X=-3604.44 Y=8050.95
Time=2192163 X=-3824.33 Y=8312.14
Time=2193163 X=-4071.02 Y=8605.16
Time=2194205 X=-4195.35 Y=8917.81
Time=2195228 X=-4095.59 Y=9071.74
Time=2196265 X=-4125 Y=9103
Time=2197260 X=-4125 Y=9103
Time=2198317 X=-4125 Y=9103
Time=2199341 X=-4125 Y=9103
Time=2200352 X=-4125 Y=9103
Time=2201387 X=-4011.71 Y=8762.05
Time=2202416 X=-4041.71 Y=8412.64
Time=2203416 X=-4041.71 Y=8412.64
Time=2204430 X=-4041.71 Y=8412.64
Time=2205473 X=-4041.71 Y=8412.64
Time=2206499 X=-4041.71 Y=8412.64
Time=2207520 X=-3991.56 Y=8377.31
Time=2208552 X=-3837.76 Y=8322.57
Time=2209576 X=-3660.26 Y=8252.21
Time=2210593 X=-3660.26 Y=8252.21
Time=2211619 X=-3660.26 Y=8252.21
Time=2212623 X=-3660.26 Y=8252.21
Time=2213629 X=-3631.68 Y=8212.98
Time=2214654 X=-3580.72 Y=8151.65
Time=2215665 X=-3575.85 Y=8175.05
Time=2216678 X=-3638.47 Y=8321
Time=2217720 X=-3824.81 Y=8658.53
Time=2218739 X=-3818.34 Y=9048.79
Time=2219744 X=-3789.03 Y=9431.39
Time=2220769 X=-3719 Y=9769
Time=2221780 X=-3752.69 Y=9606.57
Time=2222803 X=-3812.53 Y=9318.09
Time=2223827 X=-3694.52 Y=8994.83
Time=2224852 X=-3555.73 Y=8627.57
Time=2225873 X=-3412.46 Y=8263.38
Time=2226886 X=-3265.89 Y=7904.11
Time=2227903 X=-3118.75 Y=7543.42
Time=2228924 X=-2971.02 Y=7181.31
Time=2229961 X=-2808.46 Y=6819.05
Time=2230981 X=-2631.74 Y=6470.61
Time=2231994 X=-2484.56 Y=6180.41
Time=2232995 X=-2354.17 Y=5923.29
Time=2233999 X=-2278.09 Y=5773.29
Time=2235006 X=-2278.09 Y=5773.29
Time=2236038 X=-2278.09 Y=5773.29
Time=2237057 X=-2278.09 Y=5773.29
Time=2238069 X=-2278.09 Y=5773.29
Time=2239085 X=-2278.09 Y=5773.29
Time=2240113 X=-2278.09 Y=5773.29
Time=2241146 X=-2278.09 Y=5773.29
Time=2242159 X=-2278.09 Y=5773.29
Time=2243179 X=-2278.09 Y=5773.29
Time=2244180 X=-2278.09 Y=5773.29
Time=2245183 X=-2278.09 Y=5773.29
Time=2246224 X=-2278.09 Y=5773.29
Time=2247219 X=-2278.09 Y=5773.29
Time=2248249 X=-2278.09 Y=5773.29
Time=2249255 X=-2278.09 Y=5773.29
Time=2250267 X=-2278.09 Y=5773.29
Time=2251281 X=-2278.09 Y=5773.29
Time=2252301 X=-2278.09 Y=5773.29
