Time=3153 X=15740 Y=-7768
Time=4566 X=15740 Y=-7768
Time=5608 X=15740 Y=-7768
Time=6621 X=16059.1 Y=-7563.91
Time=7620 X=16380.1 Y=-7355.72
Time=8632 X=16623.5 Y=-7055.02
Time=9654 X=16780.5 Y=-6777.38
Time=10673 X=16780.5 Y=-6777.38
Time=11661 X=16780.5 Y=-6777.38
Time=12706 X=16780.5 Y=-6777.38
Time=13716 X=16780.5 Y=-6777.38
Time=14733 X=16780.5 Y=-6777.38
Time=15748 X=16780.5 Y=-6777.38
Time=16752 X=16780.5 Y=-6777.38
Time=17774 X=16780.5 Y=-6777.38
Time=18770 X=16780.5 Y=-6777.38
Time=19794 X=16780.5 Y=-6777.38
Time=20804 X=16780.5 Y=-6777.38
Time=21810 X=16833.7 Y=-6668.77
Time=22828 X=16856.1 Y=-6378.29
Time=23844 X=16857.5 Y=-6035.12
Time=24854 X=16804.3 Y=-5652.92
Time=25834 X=16736.7 Y=-5283.68
Time=26889 X=16663.9 Y=-4886.19
Time=27896 X=16604.2 Y=-4505.74
Time=28901 X=16631.4 Y=-4122.89
Time=29911 X=16747.5 Y=-3754.16
Time=30931 X=16816.9 Y=-3369.97
Time=31924 X=16867.6 Y=-3051.99
Time=32941 X=16929 Y=-2667.3
Time=33969 X=16951.6 Y=-2525.07
Time=34977 X=17110.2 Y=-2287.34
Time=35974 X=17374.8 Y=-2017.25
Time=36968 X=17716.3 Y=-1862.44
Time=37976 X=18096.3 Y=-1829.66
Time=39009 X=18490.2 Y=-1857.47
Time=40018 X=18834.5 Y=-1975.75
Time=41015 X=18834.5 Y=-1975.75
Time=42021 X=18834.5 Y=-1975.75
Time=43023 X=18834.5 Y=-1975.75
Time=44050 X=18834.5 Y=-1975.75
Time=45049 X=18834.5 Y=-1975.75
Time=46066 X=18834.5 Y=-1975.75
Time=47083 X=18834.5 Y=-1975.75
Time=48097 X=18898.6 Y=-2022.35
Time=49112 X=19262 Y=-1924.04
Time=50124 X=19591.3 Y=-1719.56
Time=51138 X=19849 Y=-1434.55
Time=51989 X=20014.5 Y=-1202.18
Time=53376 X=20236.1 Y=-870.569
Time=54376 X=20297.8 Y=-748.148
Time=55382 X=20297.8 Y=-748.148
Time=56386 X=20297.8 Y=-748.148
Time=57392 X=20297.8 Y=-748.148
Time=58402 X=20297.8 Y=-748.148
Time=59419 X=20297.8 Y=-748.148
Time=60430 X=20297.8 Y=-748.148
Time=61434 X=20297.8 Y=-748.148
Time=62430 X=20297.8 Y=-748.148
Time=63457 X=20369.3 Y=-782.305
Time=64453 X=20677.9 Y=-819.596
Time=65469 X=20867.4 Y=-494.783
Time=66474 X=21000 Y=-133.369
Time=67487 X=21133.6 Y=230.921
Time=68500 X=21267.2 Y=595.212
Time=69522 X=21402 Y=962.74
Time=70510 X=21532.3 Y=1318.04
Time=71511 X=21637.2 Y=1684.36
Time=72542 X=21554 Y=2033.61
Time=73576 X=21280.4 Y=2139.06
Time=74568 X=21004.6 Y=2213.71
Time=75584 X=20717.5 Y=2261.8
Time=76583 X=20354.9 Y=2277.29
Time=77616 X=19959.6 Y=2294.18
Time=78589 X=19587.2 Y=2310.09
Time=79628 X=19205.1 Y=2410.13
Time=80634 X=18847.9 Y=2553.04
Time=81641 X=18509.6 Y=2738.11
Time=82662 X=18208.2 Y=2986.48
Time=83674 X=17892.1 Y=3209.85
Time=84682 X=17595.5 Y=3337.42
Time=85669 X=17247.7 Y=3484.92
Time=86721 X=16876.7 Y=3642.26
Time=87732 X=16520.2 Y=3793.46
Time=88740 X=16183.6 Y=3979.65
Time=89788 X=15846.2 Y=4145.91
Time=90790 X=15524.5 Y=4352.19
Time=91792 X=15154.8 Y=4426.21
Time=92783 X=14803.5 Y=4395.79
Time=93803 X=14512.9 Y=4355.8
Time=94842 X=14214.4 Y=4371.86
Time=95844 X=13929.4 Y=4416.81
Time=96838 X=13836.9 Y=4431.39
Time=97875 X=13836.9 Y=4431.39
Time=98726 X=13836.9 Y=4431.39
Time=100023 X=13836.9 Y=4431.39
Time=101032 X=13836.9 Y=4431.39
Time=102060 X=13836.9 Y=4431.39
Time=103048 X=13836.9 Y=4431.39
Time=104071 X=13836.9 Y=4431.39
Time=105054 X=13836.9 Y=4431.39
Time=106065 X=13836.9 Y=4431.39
Time=107086 X=13836.9 Y=4431.39
Time=108100 X=13836.9 Y=4431.39
Time=109113 X=13836.9 Y=4431.39
Time=110131 X=13836.9 Y=4431.39
Time=111150 X=13836.9 Y=4431.39
Time=112165 X=13836.9 Y=4431.39
Time=113178 X=13836.9 Y=4431.39
Time=114204 X=14076.7 Y=4533.72
Time=115216 X=14328 Y=4681.33
Time=116240 X=14582.3 Y=4830.69
Time=117249 X=14832.9 Y=4977.87
Time=118263 X=15043.7 Y=5176.8
Time=119273 X=15146.7 Y=5446.6
Time=120292 X=15150.6 Y=5738.5
Time=121284 X=15082.4 Y=6014.86
Time=122304 X=14991.1 Y=6294.09
Time=123305 X=14901.5 Y=6568.11
Time=124317 X=14846.9 Y=6853.9
Time=125325 X=14801.3 Y=7140.63
Time=126328 X=14786.9 Y=7426.59
Time=127332 X=14837.6 Y=7711.26
Time=128346 X=14905.3 Y=7994.25
Time=129343 X=15012.9 Y=8260.47
Time=130359 X=15134.6 Y=8525.73
Time=131367 X=15290.2 Y=8770.8
Time=132385 X=15447.3 Y=9018.3
Time=133382 X=15601.3 Y=9260.69
Time=134396 X=15757.8 Y=9507.22
Time=135411 X=15914.5 Y=9754.04
Time=136413 X=16102 Y=9971.75
Time=137419 X=16314.4 Y=10167.8
Time=138428 X=16545.2 Y=10344.4
Time=139442 X=16777 Y=10521.7
Time=140447 X=16981.8 Y=10726
Time=141456 X=17119 Y=10865.8
Time=142472 X=17202.3 Y=10950.8
Time=143469 X=17403.3 Y=11155.7
Time=144482 X=17654.2 Y=11297.5
Time=145494 X=17892.3 Y=11207.7
Time=146536 X=18049.1 Y=10989
Time=147526 X=18146.5 Y=10721.2
Time=148547 X=18252.7 Y=10531
Time=149582 X=18358 Y=10716.8
Time=150607 X=18153.7 Y=10926.8
Time=151602 X=17902.7 Y=11061.2
Time=152582 X=17644.4 Y=11175
Time=153644 X=17353.1 Y=11246.7
Time=154666 X=17301.5 Y=11025.4
Time=155655 X=17146.9 Y=10808.1
Time=156635 X=16950 Y=10973.9
Time=157687 X=16885.7 Y=11267.1
Time=158711 X=16853.1 Y=11560.2
Time=159727 X=16873.5 Y=11824.7
Time=160753 X=16903.1 Y=12104.2
Time=161753 X=16924.5 Y=12389.7
Time=162767 X=17002.1 Y=12669.5
Time=163770 X=17169.4 Y=12903.4
Time=164780 X=17376.4 Y=13106.7
Time=165795 X=17580.7 Y=13314.5
Time=166803 X=17641.4 Y=13389.7
Time=167806 X=17660 Y=13618
Time=168818 X=17660 Y=13618
Time=169808 X=17660 Y=13618
Time=171440 X=17660 Y=13618
Time=172449 X=17704.4 Y=13675.5
Time=173460 X=17768.8 Y=13759.7
Time=174465 X=17768.8 Y=13759.7
Time=175477 X=17768.8 Y=13759.7
Time=176488 X=17804.9 Y=13909.7
Time=177483 X=17804.9 Y=13909.7
Time=178497 X=17804.9 Y=13909.7
Time=179509 X=17804.9 Y=13909.7
Time=180531 X=17798.3 Y=13807.9
Time=181560 X=17794.7 Y=13746.4
Time=182571 X=17811.9 Y=13780.5
Time=183580 X=17811.9 Y=13780.5
Time=184581 X=17811.9 Y=13780.5
Time=185644 X=17811.9 Y=13780.5
Time=186621 X=17811.9 Y=13780.5
Time=187684 X=17716.6 Y=13496.6
Time=188698 X=17618 Y=13250.8
Time=189710 X=17433.4 Y=13083.3
Time=190709 X=17240.7 Y=12908.5
Time=191685 X=17033.2 Y=12719.8
Time=192723 X=16951.2 Y=12434.2
Time=193734 X=16943.9 Y=12144.9
Time=194753 X=16961.4 Y=11853.3
Time=195771 X=16978.9 Y=11561.1
Time=196789 X=16996.5 Y=11268.4
Time=197794 X=17104.8 Y=11004.3
Time=198808 X=17362.9 Y=10950.8
Time=199807 X=17630.8 Y=11040.9
Time=200811 X=17817.4 Y=10848.6
Time=201833 X=17970.1 Y=10600.6
Time=202840 X=18160.8 Y=10382.1
Time=203836 X=18300.2 Y=10222.4
Time=204859 X=18300.2 Y=10222.4
Time=205839 X=18300.2 Y=10222.4
Time=206876 X=18300.2 Y=10222.4
Time=207879 X=18300.2 Y=10222.4
Time=208908 X=18300.2 Y=10222.4
Time=209900 X=18300.2 Y=10222.4
Time=210923 X=18318.8 Y=10185.9
Time=211937 X=18318.8 Y=10185.9
Time=212970 X=18318.8 Y=10185.9
Time=213965 X=18318.8 Y=10185.9
Time=214984 X=18318.8 Y=10185.9
Time=215999 X=18318.8 Y=10185.9
Time=216973 X=18270.3 Y=10213.4
Time=218015 X=18320.7 Y=10184.9
Time=219033 X=18236.1 Y=10162.6
Time=220054 X=18340.9 Y=9893.82
Time=221061 X=18524.5 Y=9672.85
Time=222063 X=18778.3 Y=9544.44
Time=223073 X=19061.8 Y=9513.88
Time=224104 X=19332.2 Y=9624.66
Time=225108 X=19536.8 Y=9825.62
Time=226111 X=19708.8 Y=10057.7
Time=227139 X=19885.1 Y=10295.5
Time=228136 X=20067.3 Y=10515.9
Time=229148 X=20106.9 Y=10795.3
Time=230152 X=20340.5 Y=10869.1
Time=231165 X=20545.4 Y=10725.3
Time=232168 X=20648.9 Y=10455.6
Time=233178 X=20752.8 Y=10183.9
Time=234191 X=20856.9 Y=9911.42
Time=235205 X=20944.6 Y=9634.15
Time=236218 X=20968.2 Y=9343.66
Time=237235 X=21076.8 Y=9182.57
Time=238262 X=21162.1 Y=9415.36
Time=239262 X=21239.6 Y=9685.9
Time=240249 X=21352.7 Y=9946.18
Time=241272 X=21520.4 Y=10187.8
Time=242286 X=21780 Y=10278.5
Time=243301 X=21966.9 Y=10057.4
Time=244296 X=21978.1 Y=10033.5
Time=245339 X=21978.1 Y=10033.5
Time=246326 X=21978.1 Y=10033.5
Time=247339 X=21978.1 Y=10033.5
Time=248343 X=21978.1 Y=10033.5
Time=249364 X=22080.3 Y=10028.9
Time=250381 X=22313 Y=9878.71
Time=251401 X=22271.3 Y=9595.73
Time=252398 X=22231.6 Y=9493.92
Time=253426 X=22251.7 Y=9331.64
Time=254434 X=22234.8 Y=9174.72
Time=255458 X=22227.2 Y=9101.02
Time=256471 X=22231.9 Y=9134.14
Time=257485 X=22231.9 Y=9134.14
Time=258482 X=22231.9 Y=9134.14
Time=259514 X=22231.9 Y=9134.14
Time=260518 X=22231.9 Y=9134.14
Time=261524 X=22255.5 Y=9165
Time=262536 X=22270.6 Y=9206.42
Time=263559 X=22270.6 Y=9343.47
Time=264564 X=22211.1 Y=9601.63
Time=265567 X=22203.3 Y=9629.04
Time=266631 X=22277.3 Y=9636.11
Time=267624 X=22275 Y=9850.03
Time=268646 X=22308.6 Y=10138.2
Time=269681 X=22450.3 Y=10368
Time=270700 X=22652.8 Y=10556.8
Time=271713 X=22786.8 Y=10812.4
Time=272689 X=22806.9 Y=11081.1
Time=273731 X=22679.5 Y=11336.5
Time=274738 X=22458.4 Y=11515.3
Time=275750 X=22216.3 Y=11674
Time=276719 X=22027 Y=11879.1
Time=277766 X=21876.4 Y=12137.7
Time=278771 X=21871.3 Y=12152.3
Time=279798 X=21871.3 Y=12152.3
Time=280798 X=21871.3 Y=12152.3
Time=281805 X=21871.3 Y=12152.3
Time=282824 X=21871.3 Y=12152.3
Time=283838 X=21871.3 Y=12152.3
Time=284849 X=21925.9 Y=12048.3
Time=285863 X=21953.3 Y=11996.2
Time=286860 X=21953.3 Y=11996.2
Time=287906 X=21710.9 Y=12126.8
Time=288904 X=21493.3 Y=12312.6
Time=289918 X=21222.6 Y=12408
Time=290966 X=20994.2 Y=12228.3
Time=291966 X=20810.4 Y=12006.5
Time=292978 X=20581.8 Y=11828.7
Time=293980 X=20347.6 Y=11661.4
Time=294997 X=20301.3 Y=11389.8
Time=295995 X=20319.7 Y=11109.3
Time=297018 X=20186.6 Y=10846.5
Time=298040 X=20052.8 Y=10584.4
Time=299053 X=19920.1 Y=10324.5
Time=300047 X=19790 Y=10069.5
Time=301072 X=19621.8 Y=9829.6
Time=302087 X=19387.4 Y=9666.72
Time=303083 X=19108.4 Y=9723.05
Time=304102 X=18852.3 Y=9866.36
Time=305136 X=18603.7 Y=10029.8
Time=306127 X=18430 Y=10172.8
Time=307147 X=18431 Y=10142.7
Time=308158 X=18269.6 Y=10191
Time=309171 X=18143.7 Y=10453.8
Time=310172 X=18019.3 Y=10713.6
Time=311189 X=17891.6 Y=10977.2
Time=312196 X=17652.5 Y=11106.7
Time=313203 X=17481.8 Y=10883.3
Time=314203 X=17249.5 Y=10739.9
Time=315221 X=17074.8 Y=10955.5
Time=316221 X=17017.2 Y=11237.2
Time=317222 X=17029.5 Y=11523.7
Time=318223 X=17061 Y=11810.3
Time=319231 X=17067.7 Y=12099.3
Time=320247 X=17010.1 Y=12384.7
Time=321273 X=16865.3 Y=12641
Time=322272 X=16657.8 Y=12840.2
Time=323301 X=16426 Y=13021.5
Time=324309 X=16148.1 Y=13078.3
Time=325339 X=15853.6 Y=13051.8
Time=326373 X=15563.4 Y=12985.2
Time=327359 X=15303.7 Y=12871.2
Time=328362 X=15059.7 Y=12716.9
Time=329385 X=14859.7 Y=12503.8
Time=330396 X=14749.2 Y=12488.2
Time=331419 X=14460.7 Y=12524.3
Time=332448 X=14237.2 Y=12338.8
Time=333480 X=14035.5 Y=12122.8
Time=334484 X=13824.6 Y=11928.2
Time=335487 X=13551.6 Y=11844.4
Time=336500 X=13333.7 Y=12014.3
Time=337557 X=13192.4 Y=12283.2
Time=338550 X=13144.1 Y=12392
Time=339563 X=13108 Y=12508.1
Time=340569 X=13126.8 Y=12515.5
Time=341596 X=13307.1 Y=12339.6
Time=342607 X=13369.2 Y=12057.7
Time=343583 X=13608 Y=11947.1
Time=344630 X=13876.7 Y=11851.9
Time=345638 X=13876.7 Y=11851.9
Time=346639 X=13876.7 Y=11851.9
Time=347665 X=13876.7 Y=11851.9
Time=348678 X=13876.7 Y=11851.9
Time=349683 X=14013.5 Y=12051.7
Time=350698 X=14215.7 Y=12262.5
Time=351717 X=14438.9 Y=12450.3
Time=352730 X=14689.4 Y=12596.5
Time=353737 X=14950.5 Y=12722.8
Time=354735 X=15223 Y=12805.4
Time=355760 X=15448.9 Y=12866.7
Time=356777 X=15738.7 Y=12909
Time=357766 X=16020.6 Y=12950.1
Time=358809 X=16315.9 Y=12998.8
Time=359829 X=16597 Y=13083.9
Time=360832 X=16833.6 Y=13133.6
Time=361858 X=17053 Y=13330.7
Time=362875 X=17267.6 Y=13528.7
Time=363878 X=17499.3 Y=13700.3
Time=364884 X=17729.8 Y=13756.8
Time=365898 X=17912.2 Y=13830.5
Time=366905 X=17912.2 Y=13830.5
Time=367913 X=17814.9 Y=13755.2
Time=368912 X=17815.1 Y=13755.4
Time=369928 X=17780 Y=13672
Time=370944 X=17780 Y=13672
Time=371955 X=17780 Y=13672
Time=372950 X=17780 Y=13672
Time=373962 X=17780 Y=13672
Time=374984 X=17780 Y=13672
Time=375997 X=17780 Y=13672
Time=376997 X=17780 Y=13672
Time=378010 X=17780 Y=13672
Time=379030 X=17780 Y=13672
Time=380038 X=17780 Y=13672
Time=381066 X=17817.8 Y=13756.5
Time=382078 X=18093.4 Y=13845.6
Time=383074 X=18294.6 Y=13688.7
Time=384105 X=18075.2 Y=13532
Time=385133 X=17784.8 Y=13483.2
Time=386173 X=17487.8 Y=13521.7
Time=387143 X=17220.5 Y=13547
Time=388172 X=17052.5 Y=13394.9
Time=389206 X=16836.6 Y=13199.4
Time=390225 X=16631.7 Y=12990.7
Time=391239 X=16389.4 Y=12838.7
Time=392255 X=16146.4 Y=12856.2
Time=393290 X=15894.5 Y=12903.4
Time=394296 X=15605.5 Y=12892.3
Time=395319 X=15320.5 Y=12840.9
Time=396322 X=15043.6 Y=12760.6
Time=397365 X=14746.8 Y=12716.6
Time=398383 X=14490.2 Y=12577.7
Time=399396 X=14263.1 Y=12394.5
Time=400422 X=14033.5 Y=12209.2
Time=401446 X=13803.5 Y=12024.8
Time=402456 X=13560.8 Y=11910.3
Time=403466 X=13283.3 Y=11988.3
Time=404496 X=13145.8 Y=12242.2
Time=405496 X=13071.6 Y=12492.3
Time=406501 X=13093.7 Y=12418
Time=407508 X=13060 Y=12370.3
Time=408516 X=12777.2 Y=12322.6
Time=409536 X=12485.2 Y=12303.8
Time=410542 X=12196.8 Y=12297.4
Time=411591 X=11912.1 Y=12214.9
Time=412599 X=11656.7 Y=12076.9
Time=413598 X=11403.6 Y=11940
Time=414606 X=11179 Y=11758.3
Time=415611 X=11074.7 Y=11555.2
Time=416623 X=11122.4 Y=11602.7
Time=417623 X=11041.6 Y=11521.6
Time=418656 X=11139.2 Y=11245.8
Time=419662 X=11247 Y=11107.5
Time=420683 X=11247 Y=11107.5
Time=421693 X=11247 Y=11107.5
Time=422697 X=11247 Y=11107.5
Time=423701 X=11247 Y=11107.5
Time=424709 X=11258.5 Y=11081.4
Time=425741 X=11377.2 Y=10809
Time=426745 X=11392 Y=10774.9
Time=427773 X=11480.9 Y=10571.1
Time=428779 X=11480.9 Y=10571.1
Time=429787 X=11480.9 Y=10571.1
Time=430808 X=11480.9 Y=10571.1
Time=431829 X=11515.1 Y=10560
Time=432824 X=11666.8 Y=10343.9
Time=433826 X=11658 Y=10058.6
Time=434837 X=11484.6 Y=9830.09
Time=435845 X=11278.5 Y=9625.69
Time=436845 X=11030.9 Y=9480.95
Time=437850 X=10760.8 Y=9377.05
Time=438882 X=10483.4 Y=9270.36
Time=439886 X=10213.5 Y=9166.57
Time=440875 X=9947.64 Y=9064.32
Time=441919 X=9687.9 Y=8920.32
Time=442932 X=9476.02 Y=8719.77
Time=443938 X=9322.14 Y=8478.02
Time=444938 X=9252.54 Y=8203.43
Time=445976 X=9315.71 Y=7917
Time=446981 X=9453.63 Y=7662.54
Time=447992 X=9568.7 Y=7395.78
Time=448992 X=9667.99 Y=7125.44
Time=450013 X=9740.45 Y=6841.45
Time=451031 X=9770.97 Y=6550.48
Time=452049 X=9783.25 Y=6257.55
Time=453088 X=9761.65 Y=5959.49
Time=454072 X=9658.54 Y=5696.14
Time=455098 X=9502.78 Y=5445.67
Time=456111 X=9388.23 Y=5252.88
Time=457079 X=9388.23 Y=5252.88
Time=458131 X=9388.23 Y=5252.88
Time=459136 X=9388.23 Y=5252.88
Time=460150 X=9388.23 Y=5252.88
Time=461163 X=9388.23 Y=5252.88
Time=462165 X=9388.23 Y=5252.88
Time=463179 X=9388.23 Y=5252.88
Time=464184 X=9388.23 Y=5252.88
Time=465182 X=9388.23 Y=5252.88
Time=466199 X=9388.23 Y=5252.88
Time=467222 X=9388.23 Y=5252.88
Time=468215 X=9388.23 Y=5252.88
Time=469238 X=9388.23 Y=5252.88
Time=470237 X=9388.23 Y=5252.88
Time=471268 X=9388.23 Y=5252.88
Time=472257 X=9388.23 Y=5252.88
Time=473289 X=9450.47 Y=5294.96
Time=474270 X=9448.52 Y=5302.79
Time=475309 X=9411.06 Y=5453.13
Time=476299 X=9341.49 Y=5343.1
Time=477313 X=9185.44 Y=5096.26
Time=478339 X=9162.51 Y=5059.99
Time=479366 X=9079.34 Y=4813.29
Time=480353 X=8989.42 Y=4543.63
Time=481385 X=8965.55 Y=4473.28
Time=482376 X=8965.55 Y=4473.28
Time=483411 X=8965.55 Y=4473.28
Time=484417 X=8965.55 Y=4473.28
Time=485432 X=8965.55 Y=4473.28
Time=486399 X=8965.55 Y=4473.28
Time=487438 X=8965.55 Y=4473.28
Time=488422 X=8965.55 Y=4473.28
Time=489449 X=8965.55 Y=4473.28
Time=490462 X=8965.55 Y=4473.28
Time=491494 X=8965.55 Y=4473.28
Time=492530 X=8965.55 Y=4473.28
Time=493542 X=8965.55 Y=4473.28
Time=494557 X=8965.55 Y=4473.28
Time=495562 X=8965.55 Y=4473.28
Time=496572 X=8988.65 Y=4569.92
Time=497572 X=9052.95 Y=4558.11
Time=498582 X=9202.45 Y=4530.3
Time=499607 X=9342.75 Y=4518.32
Time=500627 X=9427.83 Y=4277.17
Time=501645 X=9343.8 Y=3996.29
Time=502663 X=9259.77 Y=3715.41
Time=503650 X=9178.3 Y=3443.08
Time=504660 X=9094.93 Y=3164.4
Time=505636 X=9014.36 Y=2895.11
Time=506672 X=8936.34 Y=2607.62
Time=507665 X=8953.09 Y=2322.25
Time=508675 X=9009.76 Y=2040.58
Time=509680 X=9162.71 Y=1795.69
Time=510702 X=9344.1 Y=1563.9
Time=511712 X=9400.93 Y=1292.74
Time=512683 X=9155.46 Y=1209.88
Time=513742 X=8850.47 Y=1210.18
Time=514757 X=8558.15 Y=1210.47
Time=515766 X=8267.55 Y=1210.76
Time=516740 X=7987.04 Y=1211.04
Time=517808 X=7679.46 Y=1211.35
Time=518807 X=7391.75 Y=1211.64
Time=519821 X=7101.59 Y=1238.73
Time=520814 X=6839.49 Y=1253.31
Time=521819 X=6553.71 Y=1299.16
Time=522904 X=6244.59 Y=1344.83
Time=523900 X=5960.28 Y=1380.91
Time=524943 X=5660.27 Y=1365.82
Time=525731 X=5433.62 Y=1354.43
Time=527139 X=5030.08 Y=1333.86
Time=528143 X=4746.02 Y=1281.65
Time=529161 X=4459.68 Y=1220.28
Time=530173 X=4172.2 Y=1172.34
Time=531188 X=3883.86 Y=1124.25
Time=532182 X=3601.49 Y=1077.16
Time=533198 X=3312.86 Y=1029.03
Time=534227 X=3020.55 Y=980.284
Time=535241 X=2732.49 Y=932.247
Time=536238 X=2449.27 Y=885.016
Time=537255 X=2160.36 Y=836.837
Time=538310 X=1879.17 Y=800.493
Time=539297 X=1879.17 Y=800.493
Time=540356 X=1879.17 Y=800.493
Time=541336 X=1819.81 Y=683.372
Time=542337 X=1539.43 Y=627.459
Time=543357 X=1246.82 Y=616.931
Time=544376 X=965.364 Y=536.354
Time=545395 X=679.222 Y=471.624
Time=546386 X=395.535 Y=440.322
Time=547395 X=149.737 Y=462.167
Time=548416 X=-142.538 Y=429.917
Time=549448 X=-437.961 Y=397.32
Time=550451 X=-723.819 Y=356.898
Time=551467 X=-1013.71 Y=319.1
Time=552467 X=-1298.28 Y=276.971
Time=553482 X=-1584.17 Y=221.853
Time=554487 X=-1699.11 Y=199.695
Time=555492 X=-1699.11 Y=199.695
Time=556506 X=-1699.11 Y=199.695
Time=557517 X=-1699.11 Y=199.695
Time=558514 X=-1699.11 Y=199.695
Time=559552 X=-1711.77 Y=200.169
Time=560564 X=-1926.57 Y=190.405
Time=561575 X=-1926.57 Y=190.405
Time=562577 X=-1926.57 Y=190.405
Time=563607 X=-1926.57 Y=190.405
Time=564602 X=-2060.05 Y=118.704
Time=565595 X=-2159.84 Y=-121.917
Time=566667 X=-2031.23 Y=-401.295
Time=567658 X=-1844.43 Y=-617.001
Time=568661 X=-1648.1 Y=-828.897
Time=569687 X=-1416.18 Y=-1011.67
Time=570680 X=-1189.27 Y=-1185.72
Time=571717 X=-977.717 Y=-1396.5
Time=572702 X=-777.425 Y=-1597.39
Time=573754 X=-551.355 Y=-1798.36
Time=574770 X=-321.873 Y=-1979.9
Time=575781 X=-93.5202 Y=-2160.55
Time=576769 X=-30.2446 Y=-2209.62
Time=577831 X=-30.2446 Y=-2209.62
Time=578856 X=-30.2446 Y=-2209.62
Time=579878 X=-30.2446 Y=-2209.62
Time=580881 X=-30.2446 Y=-2209.62
Time=581907 X=-18.8556 Y=-2241.03
Time=582918 X=80.4053 Y=-2514.76
Time=583951 X=181.826 Y=-2794.44
Time=584952 X=280.105 Y=-3065.46
Time=585987 X=381.723 Y=-3345.68
Time=587003 X=481.474 Y=-3620.76
Time=588028 X=582.11 Y=-3898.28
Time=589036 X=644.729 Y=-4179.95
Time=590051 X=652.897 Y=-4471.35
Time=591061 X=650.117 Y=-4761.38
Time=592072 X=755.175 Y=-5032.74
Time=593076 X=821.863 Y=-5311.75
Time=594098 X=685.428 Y=-5554.09
Time=595098 X=455.948 Y=-5726.21
Time=596107 X=266.629 Y=-5869.2
Time=597103 X=324.633 Y=-5828.43
Time=598121 X=497.352 Y=-5745.68
Time=599095 X=629.063 Y=-5673.29
Time=600125 X=850.255 Y=-5485.26
Time=601118 X=925.307 Y=-5212.25
Time=602148 X=914.029 Y=-4916.65
Time=603155 X=847.408 Y=-4635.47
Time=604158 X=730.037 Y=-4371.94
Time=605169 X=603.217 Y=-4109.84
Time=606177 X=476.774 Y=-3848.52
Time=607174 X=370.638 Y=-3581.77
Time=608205 X=262.376 Y=-3305.28
Time=609211 X=156.739 Y=-3035.5
Time=610233 X=40.897 Y=-2765.58
Time=611245 X=-117.202 Y=-2520.73
Time=612254 X=-305.248 Y=-2300.22
Time=613252 X=-504.442 Y=-2093.18
Time=614266 X=-723.332 Y=-1899.87
Time=615288 X=-933.912 Y=-1694.76
Time=616289 X=-1137.45 Y=-1473.23
Time=617317 X=-1403.86 Y=-1183.27
Time=618323 X=-1664.57 Y=-899.521
Time=619348 X=-1949.97 Y=-631.995
Time=620334 X=-2288.18 Y=-485.497
Time=621346 X=-2582.49 Y=-714.1
Time=622369 X=-2787.05 Y=-1046.52
Time=623385 X=-2969.63 Y=-1390.2
Time=624386 X=-3139.62 Y=-1710.18
Time=625396 X=-3302.53 Y=-2016.83
Time=626418 X=-3538.54 Y=-2320.75
Time=627404 X=-3764.34 Y=-2445.56
Time=628429 X=-3764.34 Y=-2445.56
Time=629444 X=-3764.34 Y=-2445.56
Time=630458 X=-3764.34 Y=-2445.56
Time=631446 X=-3764.34 Y=-2445.56
Time=632463 X=-3764.34 Y=-2445.56
Time=633484 X=-3764.34 Y=-2445.56
Time=634476 X=-3764.34 Y=-2445.56
Time=635475 X=-3764.34 Y=-2445.56
Time=636483 X=-3764.34 Y=-2445.56
Time=637504 X=-3764.34 Y=-2445.56
Time=638516 X=-3764.34 Y=-2445.56
Time=639535 X=-3764.34 Y=-2445.56
Time=640538 X=-3764.34 Y=-2445.56
Time=641555 X=-3924.82 Y=-2300.92
Time=642558 X=-3937.76 Y=-2289.27
Time=643534 X=-3895.32 Y=-2621.51
Time=644576 X=-3881.4 Y=-2753.59
Time=645583 X=-3881.4 Y=-2753.59
Time=646598 X=-3881.4 Y=-2753.59
Time=647587 X=-3892.78 Y=-2799.31
Time=648616 X=-3954.95 Y=-2580.71
Time=649620 X=-4173.79 Y=-2320.94
Time=650635 X=-4479.42 Y=-2492.7
Time=651674 X=-4715.49 Y=-2813.1
Time=652691 X=-4946.56 Y=-3126.72
Time=653690 X=-5148.68 Y=-3401.04
Time=654713 X=-5353.09 Y=-3715.57
Time=655698 X=-5533.98 Y=-4046.67
Time=656709 X=-5719.65 Y=-4386.51
Time=657703 X=-5921.72 Y=-4706.86
Time=658751 X=-6219.41 Y=-4975.66
Time=659755 X=-6374.13 Y=-5324.96
Time=660775 X=-6462.87 Y=-5705.45
Time=661790 X=-6551.17 Y=-6084.08
Time=662795 X=-6618.74 Y=-6373.82
Time=663790 X=-6683.82 Y=-6652.89
Time=664782 X=-6748.71 Y=-6931.12
Time=665822 X=-6800.18 Y=-7265.7
Time=666841 X=-6776.04 Y=-7652.5
Time=667834 X=-6790.14 Y=-7734.42
Time=668846 X=-6790.14 Y=-7734.42
Time=669859 X=-6790.14 Y=-7734.42
Time=670875 X=-6790.14 Y=-7734.42
Time=671878 X=-6790.14 Y=-7734.42
Time=672887 X=-6790.14 Y=-7734.42
Time=673910 X=-6790.14 Y=-7734.42
Time=674927 X=-6790.14 Y=-7734.42
Time=675938 X=-6790.14 Y=-7734.42
Time=676966 X=-6790.14 Y=-7734.42
Time=677974 X=-6790.14 Y=-7734.42
Time=679002 X=-6790.14 Y=-7734.42
Time=679980 X=-6790.14 Y=-7734.42
Time=681004 X=-6790.14 Y=-7734.42
Time=682003 X=-6790.14 Y=-7734.42
Time=683026 X=-6790.14 Y=-7734.42
Time=684037 X=-6790.14 Y=-7734.42
Time=685064 X=-6831.62 Y=-7975.38
Time=686089 X=-6924.87 Y=-8304.81
Time=687097 X=-7097.68 Y=-8649.75
Time=688109 X=-7345.97 Y=-8944.48
Time=689126 X=-7685.51 Y=-9130.4
Time=690147 X=-8075.58 Y=-9125.55
Time=691163 X=-8459.29 Y=-9180.94
Time=692169 X=-8844.54 Y=-9189.12
Time=693207 X=-9242.04 Y=-9197.53
Time=694209 X=-9555.03 Y=-9289.29
Time=695221 X=-9818.37 Y=-9446.79
Time=696227 X=-10168.4 Y=-9595.74
Time=697245 X=-10545.2 Y=-9518.14
Time=698244 X=-10797.1 Y=-9317.76
Time=699276 X=-11076.8 Y=-9039.17
Time=700274 X=-11284.7 Y=-8718.81
Time=701297 X=-11546.6 Y=-8427.33
Time=702320 X=-11795.3 Y=-8125.97
Time=703333 X=-11830.6 Y=-8016.58
Time=704353 X=-11830.6 Y=-8016.58
Time=705361 X=-11830.6 Y=-8016.58
Time=706366 X=-11830.6 Y=-8016.58
Time=707378 X=-11830.6 Y=-8016.58
Time=708396 X=-11830.6 Y=-8016.58
Time=709422 X=-11830.6 Y=-8016.58
Time=710472 X=-11830.6 Y=-8016.58
Time=711484 X=-11830.6 Y=-8016.58
Time=712495 X=-11830.6 Y=-8016.58
Time=713514 X=-11870.1 Y=-8020.65
Time=714536 X=-11867.3 Y=-8151.37
Time=715558 X=-11867.3 Y=-8151.37
Time=716556 X=-11743.3 Y=-8396.92
Time=717566 X=-11409.6 Y=-8397.07
Time=718615 X=-11522.3 Y=-8042.51
Time=719620 X=-11746.5 Y=-7729.53
Time=720631 X=-11972 Y=-7414.68
Time=721635 X=-12195.9 Y=-7102.02
Time=722641 X=-12420.2 Y=-6788.73
Time=723684 X=-12583 Y=-6477
Time=724673 X=-12702.3 Y=-6218.38
Time=725708 X=-12827.2 Y=-5947.72
Time=726717 X=-12963.6 Y=-5652.02
Time=727725 X=-13172.3 Y=-5328.24
Time=728720 X=-13426.4 Y=-5044.99
Time=729727 X=-13554.6 Y=-4938.18
Time=730744 X=-13554.6 Y=-4938.18
Time=731726 X=-13554.6 Y=-4938.18
Time=732795 X=-13554.6 Y=-4938.18
Time=733822 X=-13554.6 Y=-4938.18
Time=734824 X=-13554.6 Y=-4938.18
Time=735849 X=-13733.3 Y=-4839.51
Time=736847 X=-14068.2 Y=-4655.12
Time=737856 X=-14075.6 Y=-4651.04
Time=738881 X=-14368.1 Y=-4504.89
Time=739883 X=-14747.8 Y=-4530.6
Time=740896 X=-15106.3 Y=-4673.85
Time=741903 X=-15436 Y=-4872.88
Time=742903 X=-15463.7 Y=-4890.81
Time=743910 X=-15463.7 Y=-4890.81
Time=744922 X=-15480 Y=-4908.01
Time=745944 X=-15564.6 Y=-4996.7
Time=746955 X=-15701.3 Y=-5104.85
Time=747972 X=-15959.6 Y=-5354.75
Time=748969 X=-16228.3 Y=-5589.6
Time=749967 X=-16481.5 Y=-5743.21
Time=750981 X=-16851.3 Y=-5855.56
Time=751998 X=-17155.1 Y=-6041.48
Time=753032 X=-17045.3 Y=-6141.06
Time=754029 X=-16791.7 Y=-6143.23
Time=755028 X=-16621.9 Y=-6281.07
Time=756066 X=-16335.5 Y=-6535.26
Time=757071 X=-16134.2 Y=-6860.98
Time=758081 X=-16024.2 Y=-7227.3
Time=759100 X=-16061.1 Y=-7612.44
Time=760096 X=-16241.3 Y=-7948.56
Time=761097 X=-16420.3 Y=-8277.51
Time=762114 X=-16478.5 Y=-8568.39
Time=763113 X=-16444.4 Y=-8803.65
Time=764131 X=-16242.1 Y=-9003.04
Time=765128 X=-16027.5 Y=-8945.41
Time=766140 X=-15680.1 Y=-8814.41
Time=767169 X=-15688.5 Y=-8669.99
Time=768172 X=-15736.1 Y=-8363.73
Time=769194 X=-15759.8 Y=-7974.28
Time=770204 X=-15839.3 Y=-7596.15
Time=771239 X=-15966.6 Y=-7220.7
Time=772240 X=-16100.3 Y=-6862.11
Time=773256 X=-16318.3 Y=-6595.96
Time=774259 X=-16532.5 Y=-6319.94
Time=775284 X=-16881.2 Y=-6141.97
Time=776288 X=-17237.6 Y=-5997.33
Time=777308 X=-17599.6 Y=-5850.39
Time=778321 X=-17959.4 Y=-5705.24
Time=779313 X=-18337 Y=-5693.91
Time=780330 X=-18698.6 Y=-5833.29
Time=781355 X=-18984.3 Y=-6102.29
Time=782366 X=-19221.6 Y=-6290.21
Time=783383 X=-19407.2 Y=-6506.92
Time=784384 X=-19536.9 Y=-6758.75
Time=785399 X=-19801.3 Y=-6937.35
Time=786394 X=-20071 Y=-7204.67
Time=787412 X=-20352 Y=-7392
Time=788397 X=-20352 Y=-7392
Time=789435 X=-20473.6 Y=-7113.6
Time=790435 X=-20707.4 Y=-6844.56
Time=791448 X=-21074.9 Y=-6816
Time=792446 X=-21216 Y=-6806.52
Time=793460 X=-21216 Y=-6777.1
Time=794456 X=-21216 Y=-6746.56
Time=795462 X=-21154.9 Y=-6500.47
Time=796476 X=-21073.8 Y=-6174.69
Time=797510 X=-21073.8 Y=-6174.69
Time=798514 X=-21301.3 Y=-6019.83
Time=799552 X=-21630.3 Y=-6239.34
Time=800563 X=-21889.2 Y=-6526.16
Time=801585 X=-22250.5 Y=-6637.42
Time=802581 X=-22345.4 Y=-6519.44
Time=803596 X=-22179.3 Y=-6252.64
Time=804616 X=-21842.2 Y=-6059.43
Time=805588 X=-21497.3 Y=-5919.52
Time=806620 X=-21183.7 Y=-5679.27
Time=807651 X=-20931 Y=-5377.87
Time=808648 X=-20746.5 Y=-5043.49
Time=809653 X=-20584.5 Y=-4695.68
Time=810652 X=-20461.3 Y=-4333.39
Time=811677 X=-20370.2 Y=-3991.83
Time=812660 X=-20373.9 Y=-3708.75
Time=813710 X=-20399.6 Y=-3408.25
Time=814710 X=-20474.7 Y=-3131
Time=815719 X=-20638.3 Y=-2788.82
Time=816696 X=-20903 Y=-2524.68
Time=817760 X=-21200.1 Y=-2246.2
Time=818753 X=-21490.6 Y=-2008.06
Time=819764 X=-21650 Y=-1662.46
Time=820768 X=-21646.8 Y=-1281.38
Time=821778 X=-21601.5 Y=-897.176
Time=822802 X=-21537.3 Y=-514.31
Time=823792 X=-21470.8 Y=-237.057
Time=824813 X=-21383.3 Y=11.7564
Time=825802 X=-21383.3 Y=11.7564
Time=826831 X=-21373.6 Y=41.2297
Time=827835 X=-21373.6 Y=41.2297
Time=828857 X=-21373.6 Y=41.2297
Time=829872 X=-21317.2 Y=165.894
Time=830887 X=-21357.3 Y=184.913
Time=831892 X=-21555.8 Y=445.756
Time=832900 X=-21414.7 Y=800.359
Time=833902 X=-21246.4 Y=1145.32
Time=834914 X=-21110.4 Y=1424.18
Time=835921 X=-20983.2 Y=1684.85
Time=836918 X=-20981 Y=1689.5
Time=837948 X=-20981 Y=1689.5
Time=838962 X=-20981 Y=1689.5
Time=839974 X=-20981 Y=1689.5
Time=840994 X=-20972.1 Y=1718.42
Time=842004 X=-20887 Y=1996.56
Time=843026 X=-20774.7 Y=2267.92
Time=844026 X=-20650.4 Y=2527.68
Time=845043 X=-20436.8 Y=2723.68
Time=846033 X=-20171.9 Y=2829.08
Time=847055 X=-19816.2 Y=2936.3
Time=848055 X=-19436.8 Y=2980.15
Time=849055 X=-19054.6 Y=3004.87
Time=850060 X=-18672.3 Y=3042.44
Time=851067 X=-18309.4 Y=3168.49
Time=852066 X=-17998.8 Y=3387.81
Time=853076 X=-17881.3 Y=3709.71
Time=854086 X=-17881.3 Y=3709.71
Time=855109 X=-17881.3 Y=3709.71
Time=856122 X=-17881.3 Y=3709.71
Time=857124 X=-17881.3 Y=3709.71
Time=858144 X=-17881.3 Y=3709.71
Time=859172 X=-17881.3 Y=3709.71
Time=860167 X=-17830.1 Y=3662.45
Time=861198 X=-17830.1 Y=3662.45
Time=862204 X=-17827.7 Y=3677.05
Time=863215 X=-17754.5 Y=3802.13
Time=864226 X=-17717.4 Y=3942.88
Time=865232 X=-17696.8 Y=4085.77
Time=866245 X=-17730 Y=4226.3
Time=867233 X=-17786.9 Y=4356.7
Time=868245 X=-17845.2 Y=4490.25
Time=869269 X=-17904.2 Y=4625.4
Time=870253 X=-17963.5 Y=4761.23
Time=871293 X=-18093 Y=4910.36
Time=872330 X=-18249.8 Y=5029.66
Time=873376 X=-18345.4 Y=5226.3
Time=874353 X=-18408.2 Y=5595.13
Time=875374 X=-18418.4 Y=5946.12
Time=876387 X=-18340.7 Y=6272.45
Time=877388 X=-18329.8 Y=6655.35
Time=878430 X=-18175.4 Y=6795.04
Time=879437 X=-18237.6 Y=6753.59
Time=880434 X=-18221 Y=6409.58
Time=881438 X=-18168.9 Y=6308.18
Time=882457 X=-17990.9 Y=6620.48
Time=883460 X=-18074.1 Y=6563.5
Time=884477 X=-18042.4 Y=6415.03
Time=885482 X=-18033.2 Y=6493.67
Time=886502 X=-18040.6 Y=6322.46
Time=887515 X=-17989.1 Y=6366.98
Time=888524 X=-17941.4 Y=6652.37
Time=889520 X=-17837.6 Y=6912.42
Time=890537 X=-17742.3 Y=7189.34
Time=891569 X=-17646.4 Y=7565.14
Time=892587 X=-17717 Y=7908.4
Time=893583 X=-18000.2 Y=7949.56
Time=894610 X=-18231.1 Y=8111.91
Time=895616 X=-18384.4 Y=8400.44
Time=896635 X=-18459.6 Y=8654.35
Time=897635 X=-18459.6 Y=8654.35
Time=898686 X=-18459.6 Y=8654.35
Time=899695 X=-18307.5 Y=8679.13
Time=900728 X=-18256.3 Y=8639.67
Time=901747 X=-18256.3 Y=8639.67
Time=902775 X=-18256.3 Y=8639.67
Time=903798 X=-18256.3 Y=8639.67
Time=904796 X=-18434.7 Y=8933.85
Time=905846 X=-18442.4 Y=9280.74
Time=906863 X=-18478.2 Y=9640.84
Time=907879 X=-18554 Y=9937.51
Time=908889 X=-18568.1 Y=10205.7
Time=909909 X=-18540.1 Y=10368
Time=910924 X=-18344.4 Y=10459.8
Time=911960 X=-18174.6 Y=10475
Time=912949 X=-17796.2 Y=10455.7
Time=913990 X=-17409.3 Y=10523.9
Time=914998 X=-17101.7 Y=10752.3
Time=916012 X=-16964.4 Y=11109.8
Time=917032 X=-16775.3 Y=11327.2
Time=918045 X=-16412.1 Y=11457.3
Time=919063 X=-16095 Y=11616.9
Time=920086 X=-15770.5 Y=11698.1
Time=921110 X=-15402.2 Y=11790.3
Time=922130 X=-15035.2 Y=11882.2
Time=923142 X=-14885.7 Y=11945.9
Time=924173 X=-14885.7 Y=11945.9
Time=925174 X=-14885.7 Y=11945.9
Time=926181 X=-14885.7 Y=11945.9
Time=927204 X=-14885.7 Y=11945.9
Time=928215 X=-14885.7 Y=11945.9
Time=929225 X=-14927.9 Y=12035.8
Time=930236 X=-14930.2 Y=12040.7
Time=931235 X=-14930.2 Y=12040.7
Time=932263 X=-14930.2 Y=12040.7
Time=933271 X=-14925.6 Y=11856.8
Time=934282 X=-15177.2 Y=11720.4
Time=935285 X=-15449.7 Y=11625.7
Time=936292 X=-15727.3 Y=11541.7
Time=937317 X=-16015.6 Y=11481.8
Time=938299 X=-16190.4 Y=11462.9
Time=939335 X=-15911.2 Y=11568
Time=940342 X=-15755.9 Y=11623
Time=941356 X=-15480.1 Y=11718.9
Time=942368 X=-15204.8 Y=11814.7
Time=943381 X=-14956.2 Y=11918.9
Time=944394 X=-15127.7 Y=11978.4
Time=945403 X=-15200.1 Y=11988.5
Time=946430 X=-15428.3 Y=12044.5
Time=947439 X=-15344.7 Y=12398.8
Time=948457 X=-15023.9 Y=12613.4
Time=949466 X=-14649 Y=12703
Time=950477 X=-14290.8 Y=12760.5
Time=951466 X=-13924.5 Y=12802.3
Time=952494 X=-13705.3 Y=12697.9
Time=953514 X=-13387.2 Y=12692.1
Time=954542 X=-13152.6 Y=12672.6
Time=955544 X=-12830.2 Y=12545.2
Time=956550 X=-12543.8 Y=12404.4
Time=957574 X=-12393.4 Y=12167.6
Time=958631 X=-12107.8 Y=11934.8
Time=959628 X=-12148.6 Y=11672.1
Time=960648 X=-12313.8 Y=11527.5
Time=961663 X=-12300.9 Y=11265.3
Time=962669 X=-12167.8 Y=11082
Time=963696 X=-12105.8 Y=10889.7
Time=964686 X=-12055.2 Y=10649.6
Time=965705 X=-12055.2 Y=10649.6
Time=966735 X=-12076.6 Y=10643.6
Time=967750 X=-12076.6 Y=10643.6
Time=968778 X=-12114.8 Y=10573.5
Time=969782 X=-12033.4 Y=10305.2
Time=970792 X=-11898.4 Y=10179.7
Time=971802 X=-11949.2 Y=10143
Time=972827 X=-12173.6 Y=10124.9
Time=973839 X=-12101.7 Y=10021.5
Time=974848 X=-11770.1 Y=9823.96
Time=975855 X=-11475.1 Y=9575.56
Time=976867 X=-11178.5 Y=9325.92
Time=977866 X=-10841.3 Y=9147.3
Time=978894 X=-10477 Y=8999.42
Time=979888 X=-10156.5 Y=8801.36
Time=980896 X=-9914.14 Y=8500.84
Time=981876 X=-9737.44 Y=8256
Time=982897 X=-9578.06 Y=8098.78
Time=983897 X=-9312.93 Y=8003.55
Time=984892 X=-9033.51 Y=8053.55
Time=985896 X=-8775.62 Y=8293.09
Time=986938 X=-8653.9 Y=8630.51
Time=987969 X=-8522.89 Y=8997.69
Time=988970 X=-8268.84 Y=9279.48
Time=989980 X=-7949.33 Y=9496.5
Time=990980 X=-7653.86 Y=9739.07
Time=991994 X=-7361.74 Y=9995.05
Time=993012 X=-7052.15 Y=10229.2
Time=994032 X=-6727.38 Y=10266.4
Time=995046 X=-6344 Y=10207.2
Time=996060 X=-6047.51 Y=10408.1
Time=997071 X=-6065.03 Y=10791.7
Time=998140 X=-6175.9 Y=11185.6
Time=999140 X=-6199.77 Y=11565.1
Time=1000150 X=-6086.34 Y=11830.9
Time=1001158 X=-6117.58 Y=11837.6
Time=1002153 X=-6297.87 Y=11894.3
Time=1003177 X=-6445.51 Y=11933.3
Time=1004188 X=-6593.85 Y=11910.4
Time=1005193 X=-6754.67 Y=11670.5
Time=1006219 X=-6907.15 Y=11321.1
Time=1007225 X=-6897.89 Y=10938.1
Time=1008227 X=-6910.21 Y=10559
Time=1009244 X=-7087.24 Y=10218.5
Time=1010238 X=-7432.43 Y=10169.4
Time=1011293 X=-7741.7 Y=10410.4
Time=1012279 X=-7741.7 Y=10410.4
Time=1013296 X=-7741.7 Y=10410.4
Time=1014309 X=-7741.7 Y=10410.4
Time=1015307 X=-7741.7 Y=10410.4
Time=1016338 X=-7741.7 Y=10410.4
Time=1017360 X=-7741.7 Y=10410.4
Time=1018389 X=-7741.7 Y=10410.4
Time=1019412 X=-7741.7 Y=10410.4
Time=1020424 X=-7741.7 Y=10410.4
Time=1021439 X=-7994.39 Y=10649.4
Time=1022457 X=-8207.62 Y=10975.5
Time=1023484 X=-8349.59 Y=11337.5
Time=1024487 X=-8311.98 Y=11719.5
Time=1025521 X=-8167.63 Y=12085.5
Time=1026517 X=-8123.78 Y=12242.3
Time=1027535 X=-8690 Y=11983
Time=1028563 X=-8690 Y=11983
Time=1029581 X=-8690 Y=11983
Time=1030607 X=-8690 Y=11983
Time=1031639 X=-8690 Y=11983
Time=1032673 X=-8690 Y=11983
Time=1033688 X=-8690 Y=11983
Time=1034708 X=-8690 Y=11983
Time=1035726 X=-8690 Y=11983
Time=1036742 X=-8690 Y=11983
Time=1037761 X=-8690 Y=11983
