Time=4139 X=20525 Y=8004
Time=5419 X=20525 Y=8004
Time=6565 X=20525 Y=8004
Time=7559 X=20525 Y=8004
Time=8540 X=20525 Y=8004
Time=9572 X=20525 Y=8004
Time=10573 X=20525 Y=8004
Time=11553 X=20525 Y=8004
Time=12593 X=20525 Y=8004
Time=13605 X=20525 Y=8004
Time=14646 X=20525 Y=8004
Time=15651 X=20515.2 Y=7966.96
Time=16665 X=20416.3 Y=7591.38
Time=17695 X=20315.7 Y=7209.88
Time=18670 X=20220.5 Y=6848.75
Time=19723 X=20117.7 Y=6458.72
Time=20676 X=20050.2 Y=6102.8
Time=21725 X=20156.9 Y=5716.43
Time=22720 X=20268.7 Y=5514.04
Time=23719 X=20268.7 Y=5514.04
Time=24743 X=20268.7 Y=5514.04
Time=25758 X=20268.7 Y=5514.04
Time=26760 X=20268.7 Y=5514.04
Time=27761 X=20268.7 Y=5514.04
Time=28813 X=20314.4 Y=5446.17
Time=29842 X=20534.8 Y=5119.37
Time=30831 X=20746.5 Y=4805.27
Time=31851 X=20957.4 Y=4476.74
Time=32911 X=21124.2 Y=4106.6
Time=33919 X=21261.9 Y=3771.86
Time=34937 X=21306.2 Y=3482.92
Time=35925 X=21235 Y=3209.17
Time=36951 X=21066 Y=2969.45
Time=37945 X=21034 Y=2939.18
Time=38950 X=20981.3 Y=2952.82
Time=40009 X=20686.1 Y=3029.21
Time=41042 X=20529 Y=2954.05
Time=42048 X=20419.3 Y=2727.49
Time=43048 X=20154.4 Y=2626.02
Time=44051 X=19887.6 Y=2523.82
Time=45063 X=19617.8 Y=2420.5
Time=46077 X=19269.4 Y=2319.41
Time=47078 X=18920.9 Y=2247.84
Time=48083 X=18927.7 Y=2206.25
Time=49083 X=18927.7 Y=2206.25
Time=50091 X=18927.7 Y=2206.25
Time=51092 X=18927.7 Y=2206.25
Time=52108 X=18927.7 Y=2206.25
Time=53121 X=18927.7 Y=2206.25
Time=54147 X=18927.7 Y=2206.25
Time=55157 X=18927.7 Y=2206.25
Time=56174 X=18927.7 Y=2206.25
Time=57186 X=18927.7 Y=2206.25
Time=58199 X=18927.7 Y=2206.25
Time=59212 X=19123.2 Y=2274.95
Time=60266 X=19504.1 Y=2408.8
Time=61256 X=19861.8 Y=2534.52
Time=62279 X=20231.5 Y=2664.44
Time=63269 X=20564.6 Y=2826.36
Time=64298 X=20760.1 Y=3061.74
Time=65310 X=20928 Y=3376.23
Time=66323 X=20928 Y=3764.25
Time=67345 X=20928 Y=4084.65
Time=68356 X=20928 Y=4084.65
Time=69346 X=20928 Y=3705.44
Time=70366 X=20928 Y=3314.74
Time=71374 X=20713.6 Y=3005.85
Time=72386 X=20444.6 Y=2737.2
Time=73402 X=20129 Y=2616.32
Time=74421 X=19764.6 Y=2476.7
Time=75429 X=19404 Y=2338.59
Time=76450 X=19038.8 Y=2198.71
Time=77466 X=18675.4 Y=2059.5
Time=78481 X=18312.2 Y=1920.39
Time=79476 X=18379.4 Y=1678.3
Time=80469 X=18454.8 Y=1305.49
Time=81513 X=18515.1 Y=964.715
Time=82531 X=18595.5 Y=682.879
Time=83529 X=18685 Y=384.562
Time=84546 X=18801.5 Y=12.8264
Time=85558 X=18916 Y=-357.52
Time=86584 X=19022.6 Y=-735.433
Time=87559 X=18955 Y=-1093.02
Time=88599 X=18775 Y=-1336.84
Time=89602 X=18775 Y=-1336.84
Time=90589 X=18775 Y=-1336.84
Time=91592 X=18775 Y=-1336.84
Time=92638 X=18775 Y=-1336.84
Time=93626 X=18775 Y=-1336.84
Time=94642 X=18775 Y=-1336.84
Time=95659 X=18775 Y=-1336.84
Time=96683 X=18775 Y=-1336.84
Time=97701 X=18775 Y=-1336.84
Time=98703 X=18775 Y=-1336.84
Time=99720 X=18769.5 Y=-1316.41
Time=100720 X=18769.5 Y=-1316.41
Time=101736 X=18769.5 Y=-1316.41
Time=102741 X=18769.5 Y=-1316.41
Time=103749 X=18769.5 Y=-1316.41
Time=104748 X=18769.5 Y=-1316.41
Time=105730 X=18769.5 Y=-1316.41
Time=106767 X=18769.5 Y=-1316.41
Time=107780 X=18769.5 Y=-1316.41
Time=108793 X=18769.5 Y=-1316.41
Time=109806 X=18769.5 Y=-1316.41
Time=110819 X=18769.5 Y=-1316.41
Time=111834 X=18769.5 Y=-1316.41
Time=112842 X=18769.5 Y=-1316.41
Time=113846 X=18769.5 Y=-1316.41
Time=114867 X=18769.5 Y=-1316.41
Time=115879 X=18769.5 Y=-1316.41
Time=116881 X=18769.5 Y=-1316.41
Time=117891 X=18769.5 Y=-1316.41
Time=118904 X=18769.5 Y=-1316.41
Time=119930 X=18769.5 Y=-1316.41
Time=120937 X=18769.5 Y=-1316.41
Time=121946 X=18769.5 Y=-1316.41
Time=122961 X=18769.5 Y=-1316.41
Time=123971 X=18769.5 Y=-1316.41
Time=124977 X=18769.5 Y=-1316.41
Time=125986 X=18769.5 Y=-1316.41
Time=127002 X=18769.5 Y=-1316.41
Time=128008 X=18769.5 Y=-1316.41
Time=129019 X=18769.5 Y=-1316.41
Time=130041 X=18769.5 Y=-1316.41
Time=131051 X=18769.5 Y=-1316.41
Time=132064 X=18769.5 Y=-1316.41
Time=133066 X=18769.5 Y=-1316.41
Time=134082 X=18769.5 Y=-1316.41
Time=135086 X=18769.5 Y=-1316.41
Time=136111 X=18769.5 Y=-1316.41
Time=137100 X=18769.5 Y=-1316.41
Time=138113 X=18769.5 Y=-1316.41
Time=139102 X=18769.5 Y=-1316.41
Time=140131 X=18769.5 Y=-1316.41
Time=141127 X=18769.5 Y=-1316.41
Time=142132 X=18769.5 Y=-1316.41
Time=143151 X=18769.5 Y=-1316.41
Time=144187 X=18769.5 Y=-1316.41
Time=145207 X=18769.5 Y=-1316.41
Time=146198 X=18769.5 Y=-1316.41
Time=147191 X=18769.5 Y=-1316.41
Time=148211 X=18769.5 Y=-1316.41
Time=149194 X=18769.5 Y=-1316.41
Time=150272 X=18769.5 Y=-1316.41
Time=151287 X=18769.5 Y=-1316.41
Time=152305 X=18769.5 Y=-1316.41
Time=153331 X=18769.5 Y=-1316.41
Time=154353 X=18769.5 Y=-1316.41
Time=155375 X=18769.5 Y=-1316.41
Time=156395 X=18769.5 Y=-1316.41
Time=157417 X=18769.5 Y=-1316.41
Time=158433 X=18769.5 Y=-1316.41
Time=159446 X=18769.5 Y=-1316.41
Time=160464 X=18769.5 Y=-1316.41
Time=161484 X=18769.5 Y=-1316.41
Time=162509 X=18769.5 Y=-1316.41
Time=163537 X=18769.5 Y=-1316.41
Time=164553 X=18769.5 Y=-1316.41
Time=165567 X=18769.5 Y=-1316.41
Time=166611 X=18769.5 Y=-1316.41
Time=167632 X=18769.5 Y=-1316.41
Time=168663 X=18769.5 Y=-1316.41
Time=169671 X=18769.5 Y=-1316.41
Time=170701 X=18769.5 Y=-1316.41
Time=171725 X=18769.5 Y=-1316.41
Time=172729 X=18769.5 Y=-1316.41
Time=173759 X=18769.5 Y=-1316.41
Time=174780 X=18769.5 Y=-1316.41
Time=175811 X=18769.5 Y=-1316.41
Time=176833 X=18769.5 Y=-1316.41
Time=177866 X=18769.5 Y=-1316.41
Time=178881 X=18769.5 Y=-1316.41
Time=179897 X=18769.5 Y=-1316.41
Time=180923 X=18769.5 Y=-1316.41
Time=181939 X=18769.5 Y=-1316.41
Time=182951 X=18769.5 Y=-1316.41
Time=183965 X=18769.5 Y=-1316.41
Time=184980 X=18769.5 Y=-1316.41
Time=185991 X=18769.5 Y=-1316.41
Time=186986 X=18769.5 Y=-1316.41
Time=188010 X=18769.5 Y=-1316.41
Time=189071 X=18769.5 Y=-1316.41
Time=190084 X=18769.5 Y=-1316.41
Time=191084 X=18769.5 Y=-1316.41
Time=192083 X=18769.5 Y=-1316.41
Time=193108 X=18769.5 Y=-1316.41
Time=194118 X=18769.5 Y=-1316.41
Time=195124 X=18769.5 Y=-1316.41
Time=196139 X=18769.5 Y=-1316.41
Time=197142 X=18769.5 Y=-1316.41
Time=198152 X=18769.5 Y=-1316.41
Time=199163 X=18769.5 Y=-1316.41
Time=200163 X=18769.5 Y=-1316.41
Time=201197 X=18769.5 Y=-1316.41
Time=202175 X=18769.5 Y=-1316.41
Time=203182 X=18769.5 Y=-1316.41
Time=204200 X=18769.5 Y=-1316.41
Time=205205 X=18769.5 Y=-1316.41
Time=206215 X=18769.5 Y=-1316.41
Time=207219 X=18769.5 Y=-1316.41
Time=208250 X=18769.5 Y=-1316.41
Time=209240 X=18769.5 Y=-1316.41
Time=210240 X=18769.5 Y=-1316.41
Time=211259 X=18769.5 Y=-1316.41
Time=212294 X=18769.5 Y=-1316.41
Time=213279 X=18769.5 Y=-1316.41
Time=214291 X=18769.5 Y=-1316.41
Time=215301 X=18769.5 Y=-1316.41
Time=216321 X=18769.5 Y=-1316.41
Time=217318 X=18769.5 Y=-1316.41
Time=218332 X=18769.5 Y=-1316.41
Time=219339 X=18769.5 Y=-1316.41
Time=220351 X=18769.5 Y=-1316.41
Time=221349 X=18769.5 Y=-1316.41
Time=222366 X=18769.5 Y=-1316.41
Time=223367 X=18769.5 Y=-1316.41
Time=224376 X=18769.5 Y=-1316.41
Time=225386 X=18769.5 Y=-1316.41
Time=226393 X=18769.5 Y=-1316.41
Time=227407 X=18769.5 Y=-1316.41
Time=228434 X=18769.5 Y=-1316.41
Time=229427 X=18598.8 Y=-1481.16
Time=230463 X=18307.4 Y=-1750.47
Time=231450 X=18036.5 Y=-2014.1
Time=232476 X=17779.1 Y=-2310.97
Time=233447 X=17549.5 Y=-2603.18
Time=234531 X=17353.5 Y=-2968.71
Time=235543 X=17297.9 Y=-3127.25
Time=236561 X=17297.9 Y=-3127.25
Time=237559 X=17297.9 Y=-3127.25
Time=238564 X=17297.9 Y=-3127.25
Time=239571 X=17297.9 Y=-3127.25
Time=240600 X=17297.9 Y=-3127.25
Time=241608 X=17297.9 Y=-3127.25
Time=242609 X=17297.9 Y=-3127.25
Time=243627 X=17297.9 Y=-3127.25
Time=244644 X=17297.9 Y=-3127.25
Time=245639 X=17297.9 Y=-3127.25
Time=246640 X=17297.9 Y=-3127.25
Time=247667 X=17297.9 Y=-3127.25
Time=248684 X=17188 Y=-3381.42
Time=249693 X=17162.2 Y=-3424.51
Time=250727 X=16943 Y=-3525.37
Time=251751 X=16561.2 Y=-3608.83
Time=252758 X=16180.9 Y=-3672.94
Time=253781 X=15794.5 Y=-3738.07
Time=254801 X=15409.2 Y=-3803.01
Time=255814 X=15026.1 Y=-3864.13
Time=256862 X=14684.8 Y=-3831.12
Time=257877 X=14306.2 Y=-3755.16
Time=258874 X=13950.5 Y=-3622.11
Time=259889 X=13624.1 Y=-3413.65
Time=260859 X=13442.4 Y=-3193.73
Time=261901 X=13442.4 Y=-3193.73
Time=262933 X=13442.4 Y=-3193.73
Time=263950 X=13442.4 Y=-3193.73
Time=264952 X=13442.4 Y=-3193.73
Time=265943 X=13442.4 Y=-3193.73
Time=266987 X=13442.4 Y=-3193.73
Time=268023 X=13442.4 Y=-3193.73
Time=269029 X=13399.9 Y=-3262.92
Time=270053 X=13194.6 Y=-3597.1
Time=271060 X=13024.5 Y=-3942.71
Time=272032 X=12988.3 Y=-4022.6
Time=273082 X=12988.3 Y=-4022.6
Time=274082 X=12988.3 Y=-4022.6
Time=275087 X=12988.3 Y=-4022.6
Time=276095 X=12988.3 Y=-4022.6
Time=277097 X=12988.3 Y=-4022.6
Time=278123 X=12988.3 Y=-4022.6
Time=279147 X=12988.3 Y=-4022.6
Time=280149 X=12988.3 Y=-4022.6
Time=281153 X=12998.7 Y=-4094.25
Time=282191 X=12926.9 Y=-4481.04
Time=283194 X=12749.2 Y=-4821.57
Time=284214 X=12517.3 Y=-5130.32
Time=285242 X=12317.2 Y=-5279.37
Time=286264 X=12317.2 Y=-5279.37
Time=287262 X=12317.2 Y=-5279.37
Time=288288 X=12317.2 Y=-5279.37
Time=289292 X=12317.2 Y=-5279.37
Time=290323 X=12317.2 Y=-5279.37
Time=291330 X=12317.2 Y=-5279.37
Time=292355 X=12317.2 Y=-5279.37
Time=293390 X=12317.2 Y=-5279.37
Time=294420 X=12317.2 Y=-5279.37
Time=295447 X=12317.2 Y=-5279.37
Time=296504 X=12317.2 Y=-5279.37
Time=297514 X=12317.2 Y=-5279.37
Time=298554 X=12317.2 Y=-5279.37
Time=299587 X=12317.2 Y=-5279.37
Time=300665 X=12317.2 Y=-5279.37
Time=301689 X=12317.2 Y=-5279.37
Time=302716 X=12317.2 Y=-5279.37
Time=303753 X=12317.2 Y=-5279.37
Time=304775 X=12317.2 Y=-5279.37
Time=305805 X=12317.2 Y=-5279.37
Time=306793 X=12317.2 Y=-5279.37
Time=307886 X=12317.2 Y=-5279.37
Time=308887 X=12317.2 Y=-5279.37
Time=309909 X=12317.2 Y=-5279.37
Time=310897 X=12317.2 Y=-5279.37
Time=311940 X=12236.5 Y=-5310.89
Time=312961 X=12034 Y=-5352.55
Time=314003 X=11656 Y=-5476.93
Time=315012 X=11309.7 Y=-5647.92
Time=316042 X=11286.4 Y=-5661.22
Time=317050 X=11286.4 Y=-5661.22
Time=318088 X=11264.8 Y=-5709.03
Time=319109 X=11189.1 Y=-5876.58
Time=320141 X=11189.1 Y=-5876.58
Time=321108 X=11189.1 Y=-5876.58
Time=322187 X=11189.1 Y=-5876.58
Time=323215 X=11189.1 Y=-5876.58
Time=324233 X=11189.1 Y=-5876.58
Time=325237 X=11189.1 Y=-5876.58
Time=326251 X=11189.1 Y=-5876.58
Time=327252 X=11189.1 Y=-5876.58
Time=328295 X=11189.1 Y=-5876.58
Time=329274 X=11189.1 Y=-5876.58
Time=330286 X=11189.1 Y=-5876.58
Time=331293 X=11189.1 Y=-5876.58
Time=332342 X=11189.1 Y=-5876.58
Time=333359 X=11189.1 Y=-5876.58
Time=334363 X=11189.1 Y=-5876.58
Time=335408 X=11189.1 Y=-5876.58
Time=336438 X=11189.1 Y=-5876.58
Time=337439 X=11189.1 Y=-5876.58
Time=338447 X=11189.1 Y=-5876.58
Time=339477 X=11189.1 Y=-5876.58
Time=340510 X=11189.1 Y=-5876.58
Time=341525 X=11189.1 Y=-5876.58
Time=342556 X=11189.1 Y=-5876.58
Time=343595 X=11189.1 Y=-5876.58
Time=344605 X=11189.1 Y=-5876.58
Time=345582 X=11189.1 Y=-5876.58
Time=346620 X=11189.1 Y=-5876.58
Time=347617 X=11189.1 Y=-5876.58
Time=348644 X=11189.1 Y=-5876.58
Time=349658 X=11189.1 Y=-5876.58
Time=350684 X=11189.1 Y=-5876.58
Time=351696 X=11189.1 Y=-5876.58
Time=352672 X=11189.1 Y=-5876.58
Time=353735 X=11189.1 Y=-5876.58
Time=354737 X=11189.1 Y=-5876.58
Time=355759 X=11189.1 Y=-5876.58
Time=356767 X=11189.1 Y=-5876.58
Time=357784 X=11189.1 Y=-5876.58
Time=358805 X=11189.1 Y=-5876.58
Time=359795 X=11189.1 Y=-5876.58
Time=360826 X=11189.1 Y=-5876.58
Time=361834 X=11189.1 Y=-5876.58
Time=362832 X=11189.1 Y=-5876.58
Time=363861 X=11189.1 Y=-5876.58
Time=364871 X=11189.1 Y=-5876.58
Time=365887 X=11189.1 Y=-5876.58
Time=366880 X=11189.1 Y=-5876.58
Time=367923 X=11189.1 Y=-5876.58
Time=368941 X=11189.1 Y=-5876.58
Time=369944 X=11189.1 Y=-5876.58
Time=370958 X=11189.1 Y=-5876.58
Time=371970 X=11189.1 Y=-5876.58
Time=372988 X=11189.1 Y=-5876.58
Time=373990 X=11189.1 Y=-5876.58
Time=375001 X=11189.1 Y=-5876.58
Time=376017 X=11189.1 Y=-5876.58
Time=377036 X=11189.1 Y=-5876.58
Time=378053 X=11189.1 Y=-5876.58
Time=379065 X=11189.1 Y=-5876.58
Time=380085 X=11189.1 Y=-5876.58
Time=381104 X=11189.1 Y=-5876.58
Time=382117 X=11189.1 Y=-5876.58
Time=383131 X=11189.1 Y=-5876.58
Time=384146 X=11189.1 Y=-5876.58
Time=385164 X=11189.1 Y=-5876.58
Time=386152 X=11189.1 Y=-5876.58
Time=387188 X=11189.1 Y=-5876.58
Time=388236 X=11189.1 Y=-5876.58
Time=389223 X=11189.1 Y=-5876.58
Time=390227 X=11189.1 Y=-5876.58
Time=391248 X=11189.1 Y=-5876.58
Time=392290 X=11189.1 Y=-5876.58
Time=393282 X=11189.1 Y=-5876.58
Time=394285 X=11189.1 Y=-5876.58
Time=395289 X=11189.1 Y=-5876.58
Time=396298 X=11189.1 Y=-5876.58
Time=397296 X=11189.1 Y=-5876.58
Time=398297 X=11189.1 Y=-5876.58
Time=399304 X=11189.1 Y=-5876.58
Time=400308 X=11189.1 Y=-5876.58
Time=401325 X=11189.1 Y=-5876.58
Time=402346 X=11189.1 Y=-5876.58
Time=403372 X=11189.1 Y=-5876.58
Time=404376 X=11189.1 Y=-5876.58
Time=405383 X=11189.1 Y=-5876.58
Time=406414 X=11189.1 Y=-5876.58
Time=407424 X=11189.1 Y=-5876.58
Time=408439 X=11189.1 Y=-5876.58
Time=409453 X=11189.1 Y=-5876.58
Time=410476 X=11189.1 Y=-5876.58
Time=411475 X=11189.1 Y=-5876.58
Time=412483 X=11189.1 Y=-5876.58
Time=413519 X=11189.1 Y=-5876.58
Time=414531 X=11189.1 Y=-5876.58
Time=415555 X=11189.1 Y=-5876.58
Time=416601 X=11189.1 Y=-5876.58
Time=417622 X=11189.1 Y=-5876.58
Time=418653 X=11189.1 Y=-5876.58
Time=419638 X=11189.1 Y=-5876.58
Time=420692 X=11189.1 Y=-5876.58
Time=421700 X=11189.1 Y=-5876.58
Time=422731 X=11189.1 Y=-5876.58
Time=423768 X=11189.1 Y=-5876.58
Time=424783 X=11189.1 Y=-5876.58
Time=425803 X=11189.1 Y=-5876.58
Time=426824 X=11189.1 Y=-5876.58
Time=427886 X=11189.1 Y=-5876.58
Time=428900 X=11189.1 Y=-5876.58
Time=429930 X=11189.1 Y=-5876.58
Time=430952 X=11189.1 Y=-5876.58
Time=431958 X=11189.1 Y=-5876.58
Time=432991 X=11189.1 Y=-5876.58
Time=434010 X=11189.1 Y=-5876.58
Time=435027 X=11189.1 Y=-5876.58
Time=436046 X=11189.1 Y=-5876.58
Time=437070 X=11189.1 Y=-5876.58
Time=438082 X=11145 Y=-5966.23
Time=439123 X=11151.9 Y=-5905.38
Time=440119 X=11466.4 Y=-5726.8
Time=441162 X=11818 Y=-5537.09
Time=442152 X=12128.8 Y=-5369.4
Time=443163 X=12418.9 Y=-5119.55
Time=444175 X=12642.9 Y=-4804.73
Time=445179 X=12785 Y=-4512.28
Time=446199 X=12869.9 Y=-4132
Time=447214 X=12936 Y=-3756.27
Time=448230 X=12946.2 Y=-3368.83
Time=449246 X=12892.2 Y=-2984.03
Time=450262 X=12824.8 Y=-2600.74
Time=451269 X=12658 Y=-2255.49
Time=452310 X=12459.6 Y=-1909.63
Time=453325 X=12257.6 Y=-1621.41
Time=454319 X=11951.5 Y=-1461.9
Time=455335 X=11564.8 Y=-1503.68
Time=456333 X=11185.2 Y=-1548.98
Time=457363 X=10793.4 Y=-1595.73
Time=458374 X=10408.9 Y=-1641.62
Time=459410 X=10014.9 Y=-1688.64
Time=460420 X=9644.15 Y=-1790.64
Time=461437 X=9255.51 Y=-1806.03
Time=462449 X=8963.5 Y=-1724.26
Time=463444 X=8981.97 Y=-1730.52
Time=464461 X=8981.97 Y=-1730.52
Time=465481 X=8981.97 Y=-1730.52
Time=466495 X=8981.97 Y=-1730.52
Time=467498 X=8981.97 Y=-1730.52
Time=468510 X=8981.97 Y=-1730.52
Time=469520 X=8981.97 Y=-1730.52
Time=470529 X=8981.97 Y=-1730.52
Time=471535 X=8981.97 Y=-1730.52
Time=472557 X=8981.97 Y=-1730.52
Time=473623 X=8981.97 Y=-1730.52
Time=474620 X=8981.97 Y=-1730.52
Time=475633 X=8970.1 Y=-1688.9
Time=476646 X=8928.81 Y=-1544.14
Time=477659 X=8928.81 Y=-1544.14
Time=478672 X=8591.86 Y=-1483.04
Time=479655 X=8484.81 Y=-1463.7
Time=480711 X=8484.81 Y=-1463.7
Time=481716 X=8484.81 Y=-1463.7
Time=482736 X=8306.65 Y=-1382.65
Time=483729 X=8306.65 Y=-1382.65
Time=484743 X=8306.65 Y=-1382.65
Time=485767 X=8125.69 Y=-1300.33
Time=486754 X=7801.94 Y=-1121.28
Time=487796 X=7667.61 Y=-882.708
Time=488793 X=7667.61 Y=-882.708
Time=489819 X=7667.61 Y=-882.708
Time=490827 X=7667.61 Y=-882.708
Time=491831 X=7667.61 Y=-882.708
Time=492851 X=7667.61 Y=-882.708
Time=493857 X=7667.61 Y=-882.708
Time=494885 X=7667.61 Y=-882.708
Time=495912 X=7667.61 Y=-882.708
Time=496920 X=7667.61 Y=-882.708
Time=497930 X=7667.61 Y=-882.708
Time=498939 X=7667.61 Y=-882.708
Time=499956 X=7667.61 Y=-882.708
Time=500963 X=7667.61 Y=-882.708
Time=501957 X=7667.61 Y=-882.708
Time=502976 X=7667.61 Y=-882.708
Time=504006 X=7667.61 Y=-882.708
Time=505018 X=7667.61 Y=-882.708
Time=506031 X=7667.61 Y=-882.708
Time=507044 X=7667.61 Y=-882.708
Time=508061 X=7667.61 Y=-882.708
Time=509050 X=7667.61 Y=-882.708
Time=510072 X=7667.61 Y=-882.708
Time=511077 X=7667.61 Y=-882.708
Time=512063 X=7667.61 Y=-882.708
Time=513095 X=7667.61 Y=-882.708
Time=514121 X=7667.61 Y=-882.708
Time=515132 X=7667.61 Y=-882.708
Time=516143 X=7667.61 Y=-882.708
Time=517148 X=7667.61 Y=-882.708
Time=518159 X=7667.61 Y=-882.708
Time=519180 X=7667.61 Y=-882.708
Time=520165 X=7667.61 Y=-882.708
Time=521181 X=7667.61 Y=-882.708
Time=522194 X=7667.61 Y=-882.708
Time=523198 X=7667.61 Y=-882.708
Time=524219 X=7667.61 Y=-882.708
Time=525209 X=7667.61 Y=-882.708
Time=526230 X=7667.61 Y=-882.708
Time=527212 X=7667.61 Y=-882.708
Time=528233 X=7667.61 Y=-882.708
Time=529243 X=7667.61 Y=-882.708
Time=530269 X=7667.61 Y=-882.708
Time=531253 X=7667.61 Y=-882.708
Time=532274 X=7667.61 Y=-882.708
Time=533300 X=7667.61 Y=-882.708
Time=534310 X=7667.61 Y=-882.708
Time=535326 X=7667.61 Y=-882.708
Time=536338 X=7667.61 Y=-882.708
Time=537362 X=7667.61 Y=-882.708
Time=538377 X=7667.61 Y=-882.708
Time=539390 X=7667.61 Y=-882.708
Time=540429 X=7667.61 Y=-882.708
Time=541421 X=7667.61 Y=-882.708
Time=542432 X=7667.61 Y=-882.708
Time=543450 X=7667.61 Y=-882.708
Time=544472 X=7667.61 Y=-882.708
Time=545494 X=7667.61 Y=-882.708
Time=546502 X=7667.61 Y=-882.708
Time=547517 X=7667.61 Y=-882.708
Time=548537 X=7667.61 Y=-882.708
Time=549547 X=7667.61 Y=-882.708
Time=550561 X=7667.61 Y=-882.708
Time=551579 X=7667.61 Y=-882.708
Time=552584 X=7725.4 Y=-603.871
Time=553588 X=7956.77 Y=-337.412
Time=554641 X=8287.65 Y=-202.242
Time=555652 X=8604.31 Y=14.9217
Time=556654 X=8883.64 Y=278.132
Time=557670 X=9130.07 Y=579.084
Time=558656 X=9302.65 Y=864.09
Time=559666 X=9302.65 Y=864.09
Time=560649 X=9302.65 Y=864.09
Time=561693 X=9302.65 Y=864.09
Time=562713 X=9302.65 Y=864.09
Time=563721 X=9302.65 Y=864.09
Time=564734 X=9302.65 Y=864.09
Time=565752 X=9302.65 Y=864.09
Time=566770 X=9302.65 Y=864.09
Time=567748 X=9302.65 Y=864.09
Time=568778 X=9302.65 Y=864.09
Time=569793 X=9441.61 Y=915.006
Time=570799 X=9826.15 Y=925.766
Time=571768 X=10129.6 Y=837.855
Time=572815 X=10508.4 Y=711.953
Time=573838 X=10879.4 Y=816.058
Time=574837 X=11113.7 Y=1115.47
Time=575847 X=11210.6 Y=1483.24
Time=576867 X=11083.9 Y=1848.81
Time=577874 X=10817 Y=2088.1
Time=578859 X=10524.5 Y=2278.19
Time=579904 X=10203.6 Y=2517.4
Time=580902 X=10077 Y=2626.59
Time=581924 X=10077 Y=2626.59
Time=582947 X=10060.8 Y=2953.56
Time=583951 X=10077.4 Y=3337.78
Time=584963 X=10093.8 Y=3725.06
Time=586143 X=10046.9 Y=4173.39
Time=587142 X=9780.57 Y=4358.85
Time=588167 X=9530.06 Y=4656.72
Time=589166 X=9471.71 Y=5027
Time=590180 X=9485 Y=5098.88
Time=591177 X=9485 Y=5098.88
Time=592207 X=9485 Y=5098.88
Time=593225 X=9485 Y=5098.88
Time=594235 X=9485 Y=5098.88
Time=595203 X=9485 Y=5098.88
Time=596299 X=9485 Y=5098.88
Time=597296 X=9485 Y=5098.88
Time=598306 X=9485 Y=5098.88
Time=599309 X=9485 Y=5098.88
Time=600330 X=9485 Y=5098.88
Time=601335 X=9485 Y=5098.88
Time=602358 X=9681.78 Y=4898.89
Time=603363 X=9681.78 Y=4898.89
Time=604368 X=9836.5 Y=4642.12
Time=605396 X=10064.2 Y=4320.86
Time=606385 X=10205.7 Y=4000.92
Time=607414 X=10195.4 Y=3677.26
Time=608425 X=10207 Y=3327.52
Time=609431 X=10078.1 Y=3245.64
Time=610454 X=10030.8 Y=2857.85
Time=611457 X=9914.78 Y=2491.74
Time=612466 X=9743.71 Y=2145.52
Time=613493 X=9656.66 Y=1994.98
Time=614510 X=9363.57 Y=2112
Time=615528 X=9120 Y=1951.2
Time=616529 X=9122.71 Y=1579.38
Time=617537 X=9125.78 Y=1193.29
Time=618554 X=9128.88 Y=803.75
Time=619571 X=9129.05 Y=783.18
Time=620575 X=9129.05 Y=783.18
Time=621628 X=9129.05 Y=783.18
Time=622617 X=9129.05 Y=783.18
Time=623645 X=9129.05 Y=783.18
Time=624665 X=9129.05 Y=783.18
Time=625678 X=9129.05 Y=783.18
Time=626705 X=9129.05 Y=783.18
Time=627690 X=9129.05 Y=783.18
Time=628742 X=9129.05 Y=783.18
Time=629758 X=9129.05 Y=783.18
Time=630765 X=9129.05 Y=783.18
Time=631737 X=9129.05 Y=783.18
Time=632788 X=9129.05 Y=783.18
Time=633821 X=9129.05 Y=783.18
Time=634822 X=9129.05 Y=783.18
Time=635836 X=9129.05 Y=783.18
Time=636843 X=9129.05 Y=783.18
Time=637849 X=9129.05 Y=783.18
Time=638848 X=9046.02 Y=639.602
Time=639886 X=8849.04 Y=294.282
Time=640905 X=8586.81 Y=34.163
Time=641940 X=8277.55 Y=-113.595
Time=642935 X=7944.59 Y=-298.74
Time=643954 X=7600.41 Y=-480.428
Time=644973 X=7216.98 Y=-529.607
Time=645989 X=7016.64 Y=-517.991
Time=647005 X=6640.43 Y=-477.87
Time=648014 X=6255.6 Y=-442.533
Time=649037 X=5964.36 Y=-418.223
Time=650049 X=5838.75 Y=-410.298
Time=651067 X=5689.71 Y=-400.893
Time=652091 X=5689.71 Y=-400.893
Time=653094 X=5401.98 Y=-375.837
Time=654130 X=5006.56 Y=-338.204
Time=655164 X=4644.9 Y=-186.1
Time=656180 X=4550.89 Y=-122.727
Time=657197 X=4310.45 Y=39.3456
Time=658232 X=3981.71 Y=260.937
Time=659253 X=3659.23 Y=478.634
Time=660285 X=3343.65 Y=715.859
Time=661282 X=2987.03 Y=847.441
Time=662308 X=2599.49 Y=903.547
Time=663327 X=2271.61 Y=1096.43
Time=664333 X=2252.76 Y=1459.37
Time=665343 X=2408.9 Y=1813.18
Time=666364 X=2664.11 Y=2096.95
Time=667372 X=2895.65 Y=2343.46
Time=668372 X=3155.81 Y=2624.53
Time=669381 X=3354 Y=2954.67
Time=670405 X=3378.41 Y=3333.37
Time=671431 X=3326.29 Y=3428.35
Time=672436 X=3326.29 Y=3428.35
Time=673453 X=3326.29 Y=3428.35
Time=674467 X=3326.29 Y=3428.35
Time=675479 X=3326.29 Y=3428.35
Time=676493 X=3326.29 Y=3428.35
Time=677500 X=3326.29 Y=3428.35
Time=678510 X=3300.82 Y=3298.68
Time=679532 X=3251.51 Y=3037.05
Time=680531 X=3251.51 Y=3037.05
Time=681573 X=3252.77 Y=3118.05
Time=682565 X=3260.06 Y=3432.76
Time=683583 X=3265.34 Y=3624.11
Time=684609 X=3279.77 Y=4016.71
Time=685624 X=3328.36 Y=4402.45
Time=686638 X=3376.9 Y=4787.81
Time=687633 X=3424.53 Y=5165.94
Time=688680 X=3470.17 Y=5528.29
Time=689700 X=3476.97 Y=5582.3
Time=690656 X=3476.97 Y=5582.3
Time=691705 X=3458.76 Y=5711.78
Time=692767 X=3458.76 Y=5711.78
Time=693775 X=3458.76 Y=5711.78
Time=694782 X=3458.76 Y=5711.78
Time=695793 X=3458.76 Y=5711.78
Time=696785 X=3458.76 Y=5711.78
Time=697794 X=3458.76 Y=5711.78
Time=698813 X=3458.76 Y=5711.78
Time=699823 X=3458.76 Y=5711.78
Time=700845 X=3438.64 Y=5876.02
Time=701831 X=3394.33 Y=6157.53
Time=702856 X=3319.33 Y=6473.49
Time=703859 X=3319.33 Y=6473.49
Time=704883 X=3323.53 Y=6456.24
Time=705887 X=3401.36 Y=6139.56
Time=706915 X=3496.02 Y=5754.3
Time=707933 X=3553.4 Y=5520.78
Time=708946 X=3553.4 Y=5520.78
Time=709960 X=3553.4 Y=5520.78
Time=710959 X=3561.41 Y=5622.74
Time=711971 X=3618.51 Y=6005.5
Time=713005 X=3659.15 Y=6338.43
Time=714006 X=3720.21 Y=6712.05
Time=715024 X=3783.11 Y=7096.88
Time=716044 X=3846.12 Y=7482.46
Time=717058 X=3808.82 Y=7864.03
Time=718074 X=3662.08 Y=8224.47
Time=719077 X=3464.06 Y=8552.31
Time=720093 X=3303.98 Y=8893.79
Time=721101 X=3270.45 Y=8943.25
Time=722110 X=3270.45 Y=8943.25
Time=723137 X=3270.45 Y=8943.25
Time=724138 X=3270.45 Y=8943.25
Time=725163 X=3270.45 Y=8943.25
Time=726190 X=3270.45 Y=8943.25
Time=727180 X=3270.45 Y=8943.25
Time=728205 X=3270.45 Y=8943.25
Time=729197 X=3270.45 Y=8943.25
Time=730232 X=3270.45 Y=8943.25
Time=731222 X=3023.84 Y=8949.05
Time=732267 X=3023.84 Y=8949.05
Time=733270 X=3023.84 Y=8949.05
Time=734332 X=3023.84 Y=8949.05
Time=735322 X=3023.84 Y=8949.05
Time=736352 X=3023.84 Y=8949.05
Time=737342 X=3023.84 Y=8949.05
Time=738380 X=2938.08 Y=9062.36
Time=739378 X=2707.37 Y=9367.16
Time=740402 X=2488.82 Y=9627.26
Time=741429 X=2164.82 Y=9827.24
Time=742435 X=1788.25 Y=9883.79
Time=743443 X=1420.39 Y=9771.27
Time=744472 X=1092.71 Y=9552.48
Time=745496 X=768.494 Y=9331.72
Time=746507 X=448.396 Y=9113.77
Time=747535 X=122.916 Y=8892.16
Time=748561 X=-196.746 Y=8674.5
Time=749584 X=-296.73 Y=8606.43
Time=750583 X=-296.73 Y=8606.43
Time=751591 X=-296.73 Y=8606.43
Time=752661 X=-296.73 Y=8606.43
Time=753652 X=-296.73 Y=8606.43
Time=754659 X=-296.73 Y=8606.43
Time=755675 X=-296.73 Y=8606.43
Time=756708 X=-288.281 Y=8542.63
Time=757720 X=-288.281 Y=8542.63
Time=758695 X=-288.281 Y=8542.63
Time=759760 X=-288.281 Y=8542.63
Time=760779 X=-256.508 Y=8399.8
Time=761799 X=-159.859 Y=8383.67
Time=762786 X=137.549 Y=8498.64
Time=763823 X=341.522 Y=8835.49
Time=764839 X=462.143 Y=9175.34
Time=765811 X=768.833 Y=9108.1
Time=766860 X=725.892 Y=8711.86
Time=767871 X=613.047 Y=8343.74
Time=768892 X=440.94 Y=7993.6
Time=769903 X=207.713 Y=7685
Time=770916 X=-40.6133 Y=7441.26
Time=771927 X=-310.153 Y=7181.03
Time=772917 X=-646.328 Y=7006.95
Time=773950 X=-985.659 Y=6805.67
Time=774961 X=-1302.91 Y=6583.58
Time=775962 X=-1592.87 Y=6334.24
Time=776988 X=-1900.89 Y=6091.37
Time=778012 X=-2194.81 Y=5878.79
Time=779020 X=-2194.81 Y=5878.79
Time=780039 X=-2194.81 Y=5878.79
Time=781037 X=-2194.81 Y=5878.79
Time=782042 X=-2194.81 Y=5878.79
Time=783057 X=-2194.81 Y=5878.79
Time=784106 X=-2261.15 Y=5750
Time=785127 X=-2256.16 Y=5750.84
Time=786159 X=-2256.16 Y=5750.84
Time=787190 X=-2528.46 Y=5593.46
Time=788189 X=-2874.64 Y=5433.68
Time=789209 X=-3228.62 Y=5336.01
Time=790236 X=-3557.65 Y=5282.17
Time=791247 X=-3924.05 Y=5394.6
Time=792263 X=-4248.59 Y=5609.36
Time=793264 X=-4568.34 Y=5820.96
Time=794295 X=-4897.67 Y=6038.9
Time=795294 X=-5149.58 Y=6321.11
Time=796304 X=-5310.8 Y=6669.71
Time=797316 X=-5314.32 Y=7056.44
Time=798328 X=-5330.09 Y=7437.16
Time=799345 X=-5356.19 Y=7825.83
Time=800356 X=-5459.79 Y=8197.89
Time=801390 X=-5604.66 Y=8566.25
Time=802391 X=-5815.17 Y=8883.58
Time=803387 X=-6001.62 Y=9213.92
Time=804398 X=-6202.11 Y=9543.55
Time=805400 X=-6529.58 Y=9739.24
Time=806427 X=-6861.39 Y=9799.19
Time=807431 X=-7217.39 Y=9690.27
Time=808465 X=-7567.44 Y=9505.25
Time=809467 X=-7876.97 Y=9280.43
Time=810489 X=-8216.95 Y=9086.87
Time=811491 X=-8560.99 Y=8916.75
Time=812506 X=-8909.5 Y=8744.44
Time=813540 X=-9264.54 Y=8568.89
Time=814539 X=-9607.38 Y=8398.93
Time=815543 X=-9913.65 Y=8166.68
Time=816562 X=-10205 Y=7909.96
Time=817543 X=-10328.3 Y=7556.25
Time=818551 X=-10408.9 Y=7179.06
Time=819562 X=-10463.6 Y=6887.68
Time=820590 X=-10463.6 Y=6887.68
Time=821572 X=-10463.6 Y=6887.68
Time=822612 X=-10463.6 Y=6887.68
Time=823644 X=-10463.6 Y=6887.68
Time=824664 X=-10463.6 Y=6887.68
Time=825636 X=-10463.6 Y=6887.68
Time=826683 X=-10463.6 Y=6887.68
Time=827686 X=-10463.6 Y=6887.68
Time=828701 X=-10463.6 Y=6887.68
Time=829720 X=-10463.6 Y=6887.68
Time=830730 X=-10463.6 Y=6887.68
Time=831753 X=-10424.1 Y=7005.74
Time=832741 X=-10424.1 Y=7005.74
Time=833806 X=-10424.1 Y=7005.74
Time=834808 X=-10440.5 Y=6827.01
Time=835802 X=-10407.5 Y=6643.25
Time=836828 X=-10352.4 Y=6514.93
Time=837843 X=-10469.2 Y=6545.36
Time=838846 X=-10483.2 Y=6788.76
Time=839827 X=-10422.9 Y=7103.51
Time=840861 X=-10220.3 Y=7446.83
Time=841868 X=-10018 Y=7775.9
Time=842874 X=-9820.28 Y=8106.39
Time=843896 X=-9687.71 Y=8474.71
Time=844891 X=-9604.78 Y=8809.33
Time=845888 X=-9569.95 Y=9170.25
Time=846913 X=-9555.2 Y=9562.02
Time=847904 X=-9561.04 Y=9941.56
Time=848930 X=-9548.74 Y=10333.8
Time=849932 X=-9552.88 Y=10717.3
Time=850932 X=-9563.43 Y=11100.2
Time=851951 X=-9574.18 Y=11490.3
Time=852962 X=-9502.1 Y=11864
Time=853984 X=-9462.06 Y=11952
Time=854980 X=-9408 Y=11781.1
Time=855996 X=-9406.55 Y=11415.6
Time=857012 X=-9339.69 Y=11029.3
Time=858032 X=-9316.81 Y=10638.3
Time=859053 X=-9335.71 Y=10244.8
Time=860079 X=-9409.32 Y=9856.68
Time=861091 X=-9552.75 Y=9493.43
Time=862113 X=-9686.21 Y=9157.11
Time=863133 X=-9811.55 Y=8841.22
Time=864150 X=-9955.23 Y=8479.13
Time=865159 X=-10097.8 Y=8119.89
Time=866159 X=-10239.1 Y=7763.86
Time=867176 X=-10343.9 Y=7389.14
Time=868198 X=-10343.4 Y=6999.35
Time=869200 X=-10267.8 Y=6623.94
Time=870212 X=-10069.4 Y=6295.15
Time=871219 X=-9800.83 Y=6100.71
Time=872241 X=-9432.47 Y=5982.97
Time=873240 X=-9057.16 Y=5908.38
Time=874239 X=-8681.84 Y=5833.78
Time=875237 X=-8306.9 Y=5759.27
Time=876249 X=-7950.7 Y=5616.05
Time=877271 X=-7629.72 Y=5394.28
Time=878281 X=-7589.01 Y=5360.56
Time=879292 X=-7589.01 Y=5360.56
Time=880293 X=-7589.01 Y=5360.56
Time=881305 X=-7589.01 Y=5360.56
Time=882316 X=-7589.01 Y=5360.56
Time=883329 X=-7609.27 Y=5413.92
Time=884358 X=-7669.53 Y=5573.44
Time=885389 X=-7669.53 Y=5573.44
Time=886422 X=-7669.53 Y=5573.44
Time=887413 X=-7669.53 Y=5573.44
Time=888459 X=-7756.38 Y=5591.75
Time=889473 X=-8052.79 Y=5657.68
Time=890493 X=-8069.22 Y=5457.54
Time=891505 X=-7829.33 Y=5288.03
Time=892523 X=-7493.74 Y=5090.58
Time=893560 X=-7129.26 Y=4935.8
Time=894587 X=-6748.19 Y=4826.82
Time=895610 X=-6381.51 Y=4687.19
Time=896630 X=-6063.08 Y=4459.14
Time=897655 X=-5830.43 Y=4143.92
Time=898681 X=-5785.44 Y=3758
Time=899670 X=-5916.22 Y=3403.91
Time=900712 X=-6222.51 Y=3153.87
Time=901735 X=-6566.53 Y=3082.11
Time=902755 X=-6936.14 Y=3073.36
Time=903771 X=-7324.64 Y=3096.2
Time=904789 X=-7714.17 Y=3102.15
Time=905815 X=-8107.73 Y=3090.47
Time=906800 X=-8484.89 Y=3050.63
Time=907834 X=-8860.68 Y=2917.72
Time=908833 X=-9203.37 Y=2741.52
Time=909855 X=-9582.9 Y=2634.37
Time=910867 X=-9939.59 Y=2591.3
Time=911887 X=-10248.7 Y=2560.58
Time=912901 X=-10635.2 Y=2522.16
Time=913893 X=-10697 Y=2516.56
Time=914943 X=-10697 Y=2516.56
Time=915951 X=-10697 Y=2516.56
Time=916963 X=-10697 Y=2516.56
Time=917968 X=-10697 Y=2516.56
Time=918975 X=-10697 Y=2516.56
Time=920001 X=-10697 Y=2516.56
Time=921011 X=-10744.3 Y=2576.83
Time=921998 X=-10769.9 Y=2609.46
Time=923027 X=-10769.9 Y=2609.46
Time=924033 X=-10769.9 Y=2609.46
Time=925034 X=-10769.9 Y=2609.46
Time=926078 X=-10769.9 Y=2609.46
Time=927094 X=-10554.6 Y=2865.93
Time=928141 X=-10554.6 Y=2865.93
Time=929123 X=-10496.5 Y=2774.68
Time=930135 X=-10544 Y=2524.68
Time=931166 X=-10341.1 Y=2426.84
Time=932084 X=-10289.2 Y=2427.63
Time=933241 X=-10289.2 Y=2427.63
Time=934244 X=-10289.2 Y=2427.63
Time=935267 X=-10292.7 Y=2361.1
Time=936286 X=-10292.7 Y=2361.1
Time=937309 X=-10292.7 Y=2361.1
Time=938342 X=-10292.7 Y=2361.1
Time=939362 X=-10292.7 Y=2361.1
Time=940388 X=-10421.3 Y=2437.45
Time=941392 X=-10726.9 Y=2663.12
Time=942423 X=-10814.2 Y=2748.05
Time=943439 X=-10814.2 Y=2748.05
Time=944443 X=-10814.2 Y=2748.05
Time=945452 X=-10814.2 Y=2748.05
Time=946483 X=-10814.2 Y=2748.05
Time=947478 X=-10814.2 Y=2748.05
Time=948508 X=-10814.2 Y=2748.05
Time=949512 X=-10814.2 Y=2748.05
Time=950548 X=-10814.2 Y=2748.05
Time=951564 X=-10814.2 Y=2748.05
Time=952541 X=-10814.2 Y=2748.05
Time=953590 X=-10814.2 Y=2748.05
Time=954607 X=-10814.2 Y=2748.05
Time=955595 X=-10814.2 Y=2748.05
Time=956629 X=-10814.2 Y=2748.05
Time=957640 X=-10814.2 Y=2748.05
Time=958636 X=-10814.2 Y=2748.05
Time=959611 X=-10814.2 Y=2748.05
Time=960695 X=-10814.2 Y=2748.05
Time=961689 X=-10814.2 Y=2748.05
Time=962701 X=-10984.1 Y=2840.52
Time=963733 X=-11132.2 Y=2920.8
Time=964757 X=-11349.3 Y=2960.51
Time=965792 X=-11497.4 Y=2987.61
Time=966786 X=-11497.4 Y=2987.61
Time=967828 X=-11497.4 Y=2987.61
Time=968827 X=-11497.4 Y=2987.61
Time=969838 X=-11497.4 Y=2987.61
Time=970857 X=-11497.4 Y=2987.61
Time=971865 X=-11497.4 Y=2987.61
Time=972894 X=-11497.4 Y=2987.61
Time=973901 X=-11497.4 Y=2987.61
Time=974936 X=-11497.4 Y=2987.61
Time=975944 X=-11497.4 Y=2987.61
Time=976962 X=-11497.4 Y=2987.61
Time=977994 X=-11497.4 Y=2987.61
Time=979015 X=-11497.4 Y=2987.61
Time=980044 X=-11497.4 Y=2987.61
Time=981061 X=-11497.4 Y=2987.61
Time=982107 X=-11497.4 Y=2987.61
Time=983113 X=-11497.4 Y=2987.61
Time=984135 X=-11497.4 Y=2987.61
Time=985141 X=-11497.4 Y=2987.61
Time=986160 X=-11524.2 Y=3070.05
Time=987169 X=-11612.5 Y=3339.78
Time=988200 X=-11612.5 Y=3339.78
Time=989195 X=-11612.5 Y=3339.78
Time=990221 X=-11612.5 Y=3339.78
Time=991221 X=-11612.5 Y=3339.78
Time=992217 X=-11612.5 Y=3339.78
Time=993226 X=-11612.5 Y=3339.78
Time=994262 X=-11612.5 Y=3339.78
Time=995265 X=-11612.5 Y=3339.78
Time=996268 X=-11612.5 Y=3339.78
Time=997290 X=-11612.5 Y=3339.78
Time=998296 X=-11612.5 Y=3339.78
Time=999340 X=-11612.5 Y=3339.78
Time=1000336 X=-11612.5 Y=3339.78
Time=1001347 X=-11612.5 Y=3339.78
Time=1002346 X=-11612.5 Y=3339.78
Time=1003357 X=-11462.2 Y=3057.86
Time=1004393 X=-11270.6 Y=2775
Time=1005385 X=-10995.2 Y=2513.23
Time=1006452 X=-10697.6 Y=2233.15
Time=1007454 X=-10640.1 Y=2179.07
Time=1008509 X=-10640.1 Y=2179.07
Time=1009541 X=-10562.8 Y=2106.36
Time=1010570 X=-10364.3 Y=1914.58
Time=1011573 X=-10364.3 Y=1914.58
Time=1012592 X=-10364.3 Y=1914.58
Time=1013679 X=-10364.3 Y=1914.58
Time=1014690 X=-10364.3 Y=1914.58
Time=1015691 X=-10364.3 Y=1914.58
Time=1016726 X=-10364.3 Y=1914.58
Time=1017734 X=-10364.3 Y=1914.58
Time=1018744 X=-10364.3 Y=1914.58
Time=1019749 X=-10364.3 Y=1914.58
Time=1020834 X=-10364.3 Y=1914.58
Time=1021843 X=-10364.3 Y=1914.58
Time=1022891 X=-10364.3 Y=1914.58
Time=1023941 X=-10364.3 Y=1914.58
Time=1024956 X=-10364.3 Y=1914.58
Time=1025968 X=-10364.3 Y=1914.58
Time=1027013 X=-10293.2 Y=2016.47
Time=1028035 X=-10312.3 Y=2377.88
Time=1029042 X=-10542 Y=2687.73
Time=1030079 X=-10775 Y=2968.17
Time=1031089 X=-10775 Y=2968.17
Time=1032112 X=-10775 Y=2968.17
Time=1033140 X=-10775 Y=2968.17
Time=1034189 X=-10775 Y=2968.17
Time=1035184 X=-10775 Y=2968.17
Time=1036204 X=-10775 Y=2968.17
Time=1037227 X=-10775 Y=2968.17
Time=1038265 X=-10775 Y=2968.17
Time=1039276 X=-10775 Y=2968.17
Time=1040289 X=-10775 Y=2968.17
Time=1041335 X=-10775 Y=2968.17
Time=1042372 X=-10940.8 Y=2799.1
Time=1043398 X=-11053.2 Y=2813.93
Time=1044442 X=-11296 Y=2916.59
Time=1045455 X=-11510.7 Y=3152.65
Time=1046483 X=-11510.7 Y=3152.65
Time=1047518 X=-11494.5 Y=3097.06
Time=1048568 X=-11226.9 Y=2825.76
Time=1049584 X=-10913.9 Y=2634.19
Time=1050637 X=-10794.3 Y=2561.01
Time=1051608 X=-10885 Y=2564.73
Time=1052709 X=-10924.4 Y=2566.34
Time=1053717 X=-10924.4 Y=2566.34
Time=1054736 X=-10924.4 Y=2566.34
Time=1055760 X=-10924.4 Y=2566.34
Time=1056776 X=-10924.4 Y=2566.34
Time=1057797 X=-10725.1 Y=2443.79
Time=1058798 X=-10487.6 Y=2297.73
Time=1059843 X=-10487.6 Y=2297.73
Time=1060863 X=-10487.6 Y=2297.73
Time=1061891 X=-10487.6 Y=2297.73
Time=1062921 X=-10487.6 Y=2297.73
Time=1063958 X=-10487.6 Y=2297.73
Time=1064972 X=-10487.6 Y=2297.73
Time=1065982 X=-10487.6 Y=2297.73
Time=1067008 X=-10487.6 Y=2297.73
Time=1068031 X=-10487.6 Y=2297.73
Time=1069044 X=-10487.6 Y=2297.73
Time=1070080 X=-10487.6 Y=2297.73
Time=1071083 X=-10487.6 Y=2297.73
Time=1072105 X=-10487.6 Y=2297.73
Time=1073142 X=-10487.6 Y=2297.73
Time=1074155 X=-10487.6 Y=2297.73
Time=1075182 X=-10487.6 Y=2297.73
Time=1076212 X=-10487.6 Y=2297.73
Time=1077230 X=-10487.6 Y=2297.73
Time=1078246 X=-10397.6 Y=2175.59
Time=1079256 X=-10367 Y=2133.95
Time=1080298 X=-10367 Y=2133.95
Time=1081285 X=-10367 Y=2133.95
Time=1082318 X=-10367 Y=2133.95
Time=1083331 X=-10268.5 Y=1949.45
Time=1084363 X=-10082.6 Y=1600.57
Time=1085377 X=-10048.9 Y=1537.36
Time=1086393 X=-10048.9 Y=1537.36
Time=1087389 X=-10048.9 Y=1537.36
Time=1088414 X=-10048.9 Y=1537.36
Time=1089414 X=-10048.9 Y=1537.36
Time=1090434 X=-10048.9 Y=1537.36
Time=1091417 X=-10048.9 Y=1537.36
Time=1092437 X=-10048.9 Y=1537.36
Time=1093457 X=-10048.9 Y=1537.36
Time=1094504 X=-10048.9 Y=1537.36
Time=1095495 X=-10048.9 Y=1537.36
Time=1096535 X=-10048.9 Y=1537.36
Time=1097520 X=-10048.9 Y=1537.36
Time=1098535 X=-9895.12 Y=1412.62
Time=1099562 X=-9895.12 Y=1412.62
Time=1100587 X=-9895.12 Y=1412.62
Time=1101669 X=-9895.12 Y=1412.62
Time=1102671 X=-9895.12 Y=1412.62
Time=1103682 X=-9804.07 Y=1334.62
Time=1104690 X=-9510.93 Y=1083.33
Time=1105712 X=-9213.73 Y=828.548
Time=1106742 X=-9120.53 Y=748.656
Time=1107748 X=-9120.53 Y=748.656
Time=1108779 X=-9120.53 Y=748.656
Time=1109783 X=-9120.53 Y=748.656
Time=1110792 X=-9120.53 Y=748.656
Time=1111770 X=-9120.53 Y=748.656
Time=1112840 X=-9120.53 Y=748.656
Time=1113881 X=-9120.53 Y=748.656
Time=1114885 X=-9120.53 Y=748.656
Time=1115916 X=-9120.53 Y=748.656
Time=1116921 X=-8871.92 Y=630.717
Time=1117947 X=-8592.64 Y=580.024
Time=1118901 X=-8592.64 Y=580.024
Time=1119974 X=-8592.64 Y=580.024
Time=1120986 X=-8592.64 Y=580.024
Time=1122003 X=-8592.64 Y=580.024
Time=1123011 X=-8529.51 Y=530.185
Time=1124015 X=-8221.99 Y=300.287
Time=1125023 X=-8218.23 Y=256.49
Time=1126006 X=-8218.23 Y=256.49
Time=1127043 X=-8218.23 Y=256.49
Time=1128056 X=-8218.23 Y=256.49
Time=1129037 X=-8218.23 Y=256.49
Time=1130064 X=-8218.23 Y=256.49
Time=1131067 X=-8281.48 Y=317.818
Time=1132088 X=-8294.05 Y=335.197
Time=1133121 X=-8402.02 Y=479.946
Time=1134118 X=-8516.42 Y=590.871
Time=1135132 X=-8860.4 Y=753.637
Time=1136132 X=-9239.83 Y=799.482
Time=1137158 X=-9597.53 Y=837.279
Time=1138187 X=-9799.76 Y=1110.95
Time=1139190 X=-9948.2 Y=1399.8
Time=1140225 X=-9948.2 Y=1399.8
Time=1141216 X=-9948.2 Y=1399.8
Time=1142251 X=-9948.2 Y=1399.8
Time=1143251 X=-9948.2 Y=1399.8
Time=1144268 X=-9948.2 Y=1399.8
Time=1145260 X=-9948.2 Y=1399.8
Time=1146283 X=-9948.2 Y=1399.8
Time=1147306 X=-9948.2 Y=1399.8
Time=1148306 X=-9948.2 Y=1399.8
Time=1149320 X=-9948.2 Y=1399.8
Time=1150348 X=-9948.2 Y=1399.8
Time=1151355 X=-9948.2 Y=1399.8
Time=1152373 X=-9948.2 Y=1399.8
Time=1153387 X=-10072 Y=1597.96
Time=1154408 X=-10279.2 Y=1929.62
Time=1155408 X=-10376.7 Y=2085.55
Time=1156431 X=-10388.4 Y=2104.39
Time=1157448 X=-10388.4 Y=2104.39
Time=1158471 X=-10436.1 Y=2180.73
Time=1159483 X=-10641.5 Y=2509.48
Time=1160517 X=-10733.5 Y=2656.63
Time=1161546 X=-10733.5 Y=2656.63
Time=1162576 X=-10733.5 Y=2656.63
Time=1163580 X=-10733.5 Y=2656.63
Time=1164626 X=-10733.5 Y=2656.63
Time=1165640 X=-10826.6 Y=2805.74
Time=1166677 X=-10894 Y=2913.59
Time=1167672 X=-10894 Y=2913.59
Time=1168755 X=-10894 Y=2913.59
Time=1169759 X=-10894 Y=2913.59
Time=1170784 X=-10708.1 Y=2760.42
Time=1171758 X=-10433.9 Y=2511.66
Time=1172845 X=-10248.8 Y=2145.07
Time=1173842 X=-10180.7 Y=1769.3
Time=1174863 X=-10072.2 Y=1394.29
Time=1175909 X=-10049.6 Y=1340.23
Time=1176907 X=-10049.6 Y=1340.23
Time=1177920 X=-10049.6 Y=1340.23
Time=1178906 X=-10049.6 Y=1340.23
Time=1179955 X=-10049.6 Y=1340.23
Time=1180964 X=-10049.6 Y=1340.23
Time=1181993 X=-10049.6 Y=1340.23
Time=1183014 X=-10049.6 Y=1340.23
Time=1184026 X=-10049.6 Y=1340.23
Time=1185038 X=-9814.79 Y=1093.22
Time=1186078 X=-9495.49 Y=856.438
Time=1187087 X=-9401.08 Y=820.776
Time=1188106 X=-9401.08 Y=820.776
Time=1189125 X=-9401.08 Y=820.776
Time=1190141 X=-9206.32 Y=797.563
Time=1191140 X=-9040.09 Y=777.602
Time=1192151 X=-9040.09 Y=777.602
Time=1193165 X=-9076.22 Y=747.607
Time=1194212 X=-9420.02 Y=564.632
Time=1195233 X=-9691.8 Y=387.633
Time=1196274 X=-9769.18 Y=388.072
Time=1197261 X=-9864.31 Y=289.84
Time=1198316 X=-10145.4 Y=-0.45398
Time=1199354 X=-10442.4 Y=-260.277
Time=1200390 X=-10803.8 Y=-422.234
Time=1201374 X=-11146.5 Y=-421.089
Time=1202387 X=-11146.5 Y=-421.089
Time=1203370 X=-11146.5 Y=-421.089
Time=1204431 X=-11146.5 Y=-421.089
Time=1205429 X=-11146.5 Y=-421.089
Time=1206484 X=-11146.5 Y=-421.089
Time=1207478 X=-11146.5 Y=-421.089
Time=1208505 X=-11146.5 Y=-421.089
Time=1209530 X=-11146.5 Y=-421.089
Time=1210555 X=-11117.7 Y=-644.486
Time=1211570 X=-11213.6 Y=-1020.85
Time=1212592 X=-11201.9 Y=-1185.22
Time=1213553 X=-11201.9 Y=-1185.22
Time=1214614 X=-11157 Y=-1116.45
Time=1215668 X=-11157.8 Y=-1120.85
Time=1216642 X=-11231.7 Y=-1181.96
Time=1217662 X=-11227.3 Y=-1048.86
Time=1218688 X=-11074.4 Y=-795.996
Time=1219707 X=-10881.6 Y=-477.191
Time=1220683 X=-10881.6 Y=-477.191
Time=1221770 X=-10850.5 Y=-607.986
Time=1222782 X=-10844.2 Y=-634.827
Time=1223790 X=-10879.8 Y=-692.026
Time=1224811 X=-11140.8 Y=-750.617
Time=1225838 X=-11140.8 Y=-750.617
Time=1226880 X=-11140.8 Y=-750.617
Time=1227905 X=-10915.1 Y=-728.3
Time=1228915 X=-10642.9 Y=-590.335
Time=1229937 X=-10338.5 Y=-345.464
Time=1230948 X=-10071.7 Y=-65.5649
Time=1231918 X=-9887.66 Y=254.196
Time=1232980 X=-9841.68 Y=654.852
Time=1233998 X=-9940.76 Y=1029.13
Time=1234993 X=-10134.6 Y=1356.59
Time=1236007 X=-10329.6 Y=1691.23
Time=1237014 X=-10446 Y=2030.83
Time=1238025 X=-10574 Y=2335.88
Time=1239060 X=-10775.5 Y=2668.04
Time=1240057 X=-10799.5 Y=2666.56
Time=1241073 X=-10799.5 Y=2666.56
Time=1242087 X=-10799.5 Y=2666.56
Time=1243119 X=-10799.5 Y=2666.56
Time=1244131 X=-10799.5 Y=2666.56
Time=1245134 X=-10799.5 Y=2666.56
Time=1246184 X=-10799.5 Y=2666.56
Time=1247170 X=-10799.5 Y=2666.56
Time=1248166 X=-10799.5 Y=2666.56
Time=1249184 X=-10799.5 Y=2666.56
Time=1250216 X=-10799.5 Y=2666.56
Time=1251227 X=-10799.5 Y=2666.56
Time=1252249 X=-10799.5 Y=2666.56
Time=1253292 X=-10799.5 Y=2666.56
Time=1254278 X=-10799.5 Y=2666.56
Time=1255277 X=-10799.5 Y=2666.56
Time=1256290 X=-10799.5 Y=2666.56
Time=1257300 X=-10873.6 Y=2716.86
Time=1258344 X=-11173.6 Y=2902.75
Time=1259338 X=-11511.4 Y=3074.4
Time=1260392 X=-11788.9 Y=3366.66
Time=1261382 X=-11932.2 Y=3717.31
Time=1262435 X=-12167.5 Y=4040.06
Time=1263418 X=-12524.5 Y=4127.19
Time=1264442 X=-12899.5 Y=4016.82
Time=1265442 X=-13177.5 Y=3758.09
Time=1266478 X=-13399 Y=3508.3
Time=1267471 X=-13621.4 Y=3302.12
Time=1268506 X=-13913.7 Y=3135.01
Time=1269506 X=-13891.7 Y=3149.16
Time=1270554 X=-13891.7 Y=3149.16
Time=1271540 X=-13891.7 Y=3149.16
Time=1272573 X=-13891.7 Y=3149.16
Time=1273572 X=-13891.7 Y=3149.16
Time=1274646 X=-13891.7 Y=3149.16
Time=1275655 X=-13891.7 Y=3149.16
Time=1276674 X=-13891.7 Y=3149.16
Time=1277665 X=-13891.7 Y=3149.16
Time=1278689 X=-13891.7 Y=3149.16
Time=1279702 X=-14053.3 Y=3189.56
Time=1280708 X=-14051.8 Y=3206.74
Time=1281785 X=-14044.2 Y=3297.97
Time=1282782 X=-13747.6 Y=3265.27
Time=1283792 X=-13732.2 Y=3263.56
Time=1284790 X=-13732.2 Y=3263.56
Time=1285823 X=-13732.2 Y=3263.56
Time=1286822 X=-13732.2 Y=3263.56
Time=1287798 X=-13732.2 Y=3263.56
Time=1288866 X=-13732.2 Y=3263.56
Time=1289858 X=-13732.2 Y=3263.56
Time=1290860 X=-13732.2 Y=3263.56
Time=1291848 X=-13732.2 Y=3263.56
Time=1292935 X=-13780.4 Y=3239.22
Time=1293892 X=-14048.9 Y=3104.86
Time=1294925 X=-14111.6 Y=3073.51
Time=1295932 X=-14433.9 Y=2866.17
Time=1296955 X=-14670.1 Y=2557.88
Time=1297970 X=-14833 Y=2205.82
Time=1298995 X=-14895.4 Y=1820.46
Time=1300012 X=-14896.2 Y=1810.71
Time=1301002 X=-14896.2 Y=1810.71
Time=1302024 X=-14896.2 Y=1810.71
Time=1303028 X=-14896.2 Y=1810.71
Time=1304027 X=-14896.2 Y=1810.71
Time=1305037 X=-14896.2 Y=1810.71
Time=1306057 X=-14896.2 Y=1810.71
Time=1307073 X=-14896.2 Y=1810.71
Time=1308085 X=-14896.2 Y=1810.71
Time=1309096 X=-14896.2 Y=1810.71
Time=1310073 X=-14639.7 Y=1606.51
Time=1311134 X=-14476.7 Y=1239.63
Time=1312134 X=-14401.5 Y=864.049
Time=1313157 X=-14324.2 Y=479.921
Time=1314154 X=-14207.6 Y=120.148
Time=1315150 X=-14069.6 Y=-137.635
Time=1316187 X=-13818.6 Y=-445.294
Time=1317211 X=-13520.8 Y=-698.831
Time=1318221 X=-13189.5 Y=-896.571
Time=1319240 X=-12838.8 Y=-1067.32
Time=1320263 X=-12492.3 Y=-1206.53
Time=1321265 X=-12263.6 Y=-1371.98
Time=1322279 X=-11926.9 Y=-1444.92
Time=1323288 X=-11548.7 Y=-1393.06
Time=1324317 X=-11364.7 Y=-1062.3
Time=1325331 X=-11217.2 Y=-707.537
Time=1326360 X=-10955.6 Y=-417.934
Time=1327374 X=-10581.3 Y=-318.215
Time=1328404 X=-10223.8 Y=-167.466
Time=1329420 X=-9960.15 Y=113.578
Time=1330419 X=-9857.35 Y=413.516
Time=1331441 X=-9912.39 Y=796.078
Time=1332458 X=-10031.7 Y=1166.82
Time=1333476 X=-10196.9 Y=1520
Time=1334519 X=-10197.1 Y=1684.85
Time=1335526 X=-10197.1 Y=1684.85
Time=1336553 X=-10197.1 Y=1684.85
Time=1337564 X=-10197.1 Y=1684.85
Time=1338590 X=-10197.1 Y=1684.85
Time=1339606 X=-10197.1 Y=1684.85
Time=1340618 X=-10226.3 Y=1694.72
Time=1341692 X=-10238.3 Y=1698.77
Time=1342704 X=-10238.3 Y=1698.77
Time=1343735 X=-10238.3 Y=1698.77
Time=1344784 X=-10514.7 Y=1743.8
Time=1345819 X=-10514.7 Y=1743.8
Time=1346821 X=-10457.3 Y=1698.97
Time=1347862 X=-10143.3 Y=1453.32
Time=1348874 X=-9837.91 Y=1214.51
Time=1349901 X=-9528.04 Y=972.168
Time=1350921 X=-9197.26 Y=765.627
Time=1351907 X=-8871.56 Y=630.356
Time=1352979 X=-8871.56 Y=630.356
Time=1353989 X=-8871.56 Y=630.356
Time=1354996 X=-8871.56 Y=630.356
Time=1356020 X=-8871.56 Y=630.356
Time=1357054 X=-8871.56 Y=630.356
Time=1358077 X=-8871.56 Y=630.356
Time=1359119 X=-8871.56 Y=630.356
Time=1360127 X=-8777.11 Y=589.189
Time=1361142 X=-8693.89 Y=552.919
Time=1362163 X=-8693.89 Y=552.919
Time=1363177 X=-8693.89 Y=552.919
Time=1364209 X=-8693.89 Y=552.919
Time=1365229 X=-8693.89 Y=552.919
Time=1366243 X=-8693.89 Y=552.919
Time=1367262 X=-8693.89 Y=552.919
Time=1368310 X=-8693.89 Y=552.919
Time=1369320 X=-8693.89 Y=552.919
Time=1370349 X=-8562.18 Y=525.921
Time=1371373 X=-8304.23 Y=473.048
Time=1372400 X=-8379.64 Y=524.277
Time=1373441 X=-8735.22 Y=694.39
Time=1374443 X=-9116.77 Y=715.876
Time=1375440 X=-9497.27 Y=730.027
Time=1376462 X=-9824.21 Y=939.845
Time=1377458 X=-10042.7 Y=1252.27
Time=1378496 X=-10218.3 Y=1595.63
Time=1379508 X=-10393.3 Y=1941.21
Time=1380574 X=-10625.8 Y=2276.83
Time=1381539 X=-10836.4 Y=2580.64
Time=1382569 X=-10860.4 Y=2615.27
Time=1383577 X=-10860.4 Y=2615.27
Time=1384618 X=-10860.4 Y=2615.27
Time=1385618 X=-10860.4 Y=2615.27
Time=1386578 X=-10860.4 Y=2615.27
Time=1387670 X=-10860.4 Y=2615.27
Time=1388684 X=-10860.4 Y=2615.27
Time=1389701 X=-10860.4 Y=2615.27
Time=1390692 X=-10860.4 Y=2615.27
Time=1391716 X=-10860.4 Y=2615.27
Time=1392737 X=-10949.5 Y=2479.96
Time=1393719 X=-11198.2 Y=2198.43
Time=1394786 X=-11548.4 Y=2010.29
Time=1395786 X=-11889.8 Y=1836.79
Time=1396799 X=-12190.3 Y=1595.67
Time=1397834 X=-12475 Y=1320.87
Time=1398851 X=-12755.1 Y=1050.53
Time=1399871 X=-13017.6 Y=797.23
Time=1400835 X=-13037.2 Y=694.732
Time=1401910 X=-13022.6 Y=722.015
Time=1402939 X=-12792.8 Y=1042.27
Time=1403940 X=-12535.9 Y=1326.03
Time=1404963 X=-12405.9 Y=1458.72
Time=1406001 X=-12405.9 Y=1458.72
Time=1406987 X=-12405.9 Y=1458.72
Time=1407983 X=-12405.9 Y=1458.72
Time=1409003 X=-12405.9 Y=1458.72
Time=1410015 X=-12405.9 Y=1458.72
Time=1411017 X=-12405.9 Y=1458.72
Time=1411999 X=-12251.9 Y=1615.82
Time=1413050 X=-11971 Y=1902.46
Time=1414072 X=-11710.7 Y=2191.47
Time=1415086 X=-11537.6 Y=2532.02
Time=1416097 X=-11499 Y=2911.69
Time=1417104 X=-11574.9 Y=3225.76
Time=1418120 X=-11823.4 Y=3523.2
Time=1419137 X=-12062.7 Y=3818.98
Time=1420139 X=-12291.9 Y=4106.14
Time=1421144 X=-12643.7 Y=3981.6
Time=1422175 X=-12990.2 Y=3792.14
Time=1423180 X=-13321.8 Y=3597.66
Time=1424198 X=-13618.9 Y=3347.19
Time=1425207 X=-13857.6 Y=3094.46
Time=1426227 X=-14115.8 Y=2821.11
Time=1427221 X=-14377.2 Y=2544.3
Time=1428252 X=-14648.3 Y=2257.18
Time=1429262 X=-14917.2 Y=1979.32
Time=1430288 X=-15284.4 Y=1849
Time=1431298 X=-15664.1 Y=1788.95
Time=1432304 X=-16042.8 Y=1846.16
Time=1433320 X=-16279.5 Y=2137.34
Time=1434321 X=-16421.7 Y=2476.69
Time=1435328 X=-16557.2 Y=2836.76
Time=1436334 X=-16554 Y=3221.85
Time=1437342 X=-16545.7 Y=3607.87
Time=1438361 X=-16537.2 Y=3998.09
Time=1439365 X=-16529 Y=4378.3
Time=1440378 X=-16587 Y=4758.69
Time=1441370 X=-16777.5 Y=5085.35
Time=1442385 X=-16950.1 Y=5409.4
Time=1443402 X=-17199.1 Y=5707.98
Time=1444410 X=-17437.9 Y=6009.98
Time=1445425 X=-17474.3 Y=6066.71
Time=1446445 X=-17474.3 Y=6066.71
Time=1447460 X=-17474.3 Y=6066.71
Time=1448481 X=-17474.3 Y=6066.71
Time=1449477 X=-17474.3 Y=6066.71
Time=1450490 X=-17474.3 Y=6066.71
Time=1451507 X=-17474.3 Y=6066.71
Time=1452520 X=-17474.3 Y=6066.71
Time=1453526 X=-17446.9 Y=6069.21
Time=1454564 X=-17394.3 Y=6136.53
Time=1455565 X=-17235.7 Y=6475.57
Time=1456571 X=-17511.8 Y=6652.08
Time=1457578 X=-17511.8 Y=6652.08
Time=1458576 X=-17511.8 Y=6652.08
Time=1459598 X=-17511.8 Y=6652.08
Time=1460592 X=-17511.8 Y=6652.08
Time=1461654 X=-17511.8 Y=6652.08
Time=1462667 X=-17511.8 Y=6652.08
Time=1463695 X=-17457.8 Y=6740.9
Time=1464728 X=-17421.3 Y=6801.36
Time=1465734 X=-17422.6 Y=6799.22
Time=1466771 X=-17612.5 Y=6544.45
Time=1467757 X=-17970.1 Y=6514.85
Time=1468809 X=-18367.8 Y=6478.48
Time=1469822 X=-18749 Y=6406.12
Time=1470832 X=-19129.1 Y=6333.98
Time=1471839 X=-19508 Y=6262.06
Time=1472909 X=-19899 Y=6187.85
Time=1473892 X=-20269.4 Y=6120.68
Time=1474895 X=-20589.4 Y=6284.26
Time=1475949 X=-20730.6 Y=6662.47
Time=1476972 X=-20800 Y=7040.77
Time=1477975 X=-20701.6 Y=7312.19
Time=1478998 X=-20508.7 Y=7653.27
Time=1479997 X=-20326.7 Y=7989.42
Time=1480995 X=-20308.7 Y=8369.21
Time=1482014 X=-20502 Y=8683.55
Time=1483029 X=-20862.9 Y=8703.43
Time=1484036 X=-21215.7 Y=8838.9
Time=1485041 X=-21406.9 Y=8757.41
Time=1486071 X=-21406.9 Y=8757.41
Time=1487067 X=-21406.9 Y=8757.41
Time=1488068 X=-21406.9 Y=8757.41
Time=1489092 X=-21406.9 Y=8757.41
Time=1490102 X=-21406.9 Y=8757.41
Time=1491105 X=-21296.8 Y=8827.66
Time=1492111 X=-21173.8 Y=9191.98
Time=1493144 X=-21056 Y=9569.72
Time=1494136 X=-20942.9 Y=9932.47
Time=1495142 X=-20858.6 Y=10306.6
Time=1496155 X=-20828.8 Y=10695.2
Time=1497156 X=-20667.5 Y=11027.4
Time=1498166 X=-20352.1 Y=11249.4
Time=1499173 X=-20019.3 Y=11444.5
Time=1500194 X=-19683.5 Y=11644.7
Time=1501197 X=-19617.6 Y=11696.2
Time=1502208 X=-19617.6 Y=11696.2
Time=1503228 X=-19617.6 Y=11696.2
Time=1504239 X=-19617.6 Y=11696.2
Time=1505247 X=-19617.6 Y=11696.2
Time=1506256 X=-19617.6 Y=11696.2
Time=1507266 X=-19582.4 Y=11709.8
Time=1508277 X=-19368.6 Y=11832.5
Time=1509306 X=-18981.5 Y=11758.3
Time=1510306 X=-18603.7 Y=11703.8
Time=1511308 X=-18342.9 Y=11933.7
Time=1512322 X=-18578.8 Y=12000
Time=1513341 X=-18857.9 Y=12136.6
Time=1514362 X=-19180 Y=12356.4
Time=1515370 X=-19508.3 Y=12559.6
Time=1516377 X=-19831.3 Y=12734.4
Time=1517379 X=-19967.4 Y=12958.9
Time=1518394 X=-19988.9 Y=13250.4
Time=1519391 X=-20010 Y=13536.8
Time=1520414 X=-19941 Y=13804.2
Time=1521435 X=-19731.7 Y=14074.2
Time=1522431 X=-19398.4 Y=14233.8
Time=1523435 X=-19061.8 Y=14193.9
Time=1524472 X=-18682.5 Y=14087.9
Time=1525481 X=-18315.2 Y=14043.8
Time=1526488 X=-17981.3 Y=14063.5
Time=1527494 X=-17973.8 Y=14065.3
Time=1528528 X=-17973.8 Y=14065.3
Time=1529515 X=-17973.8 Y=14065.3
Time=1530545 X=-18153.9 Y=14124.5
Time=1531538 X=-18153.9 Y=14124.5
Time=1532578 X=-18123.3 Y=14145.6
Time=1533581 X=-17829.2 Y=14390.4
Time=1534579 X=-17760 Y=14592
Time=1535575 X=-17760 Y=14592
Time=1536596 X=-17760 Y=14592
Time=1537598 X=-17743 Y=14386.7
Time=1538607 X=-17418.6 Y=14177
Time=1539631 X=-17030.4 Y=14152
Time=1540644 X=-16742.1 Y=14403.5
Time=1541651 X=-16461.6 Y=14664.6
Time=1542656 X=-16082.6 Y=14704.3
Time=1543664 X=-15936 Y=14782.4
Time=1544677 X=-15936 Y=14703
Time=1545665 X=-15624.3 Y=14538.5
Time=1546724 X=-15222.5 Y=14529.8
Time=1547720 X=-14855.5 Y=14619.5
Time=1548725 X=-14682.3 Y=14637.7
Time=1549750 X=-14633.4 Y=14352.3
Time=1550755 X=-14675.9 Y=14016
Time=1551772 X=-14679 Y=14016
Time=1552759 X=-14679 Y=14016
Time=1553813 X=-14679 Y=14016
Time=1554822 X=-14679 Y=14016
Time=1555830 X=-14679 Y=14016
Time=1556840 X=-14679 Y=14016
Time=1557851 X=-14398.8 Y=14067.9
Time=1558857 X=-14398.8 Y=14067.9
Time=1559841 X=-14332.4 Y=13976
Time=1560893 X=-14588.4 Y=13849.2
Time=1561914 X=-14725.4 Y=13758.6
Time=1562917 X=-14725.4 Y=13758.6
Time=1563925 X=-14725.4 Y=13758.6
Time=1564947 X=-14725.4 Y=13758.6
Time=1565947 X=-14765.1 Y=13565.4
Time=1566966 X=-14765.1 Y=13565.4
Time=1567973 X=-14750.4 Y=13566.3
Time=1569003 X=-14513.3 Y=13373.7
Time=1570037 X=-14491 Y=13330
Time=1571055 X=-14491 Y=13330
Time=1572073 X=-14449 Y=13486.5
Time=1573091 X=-14170.8 Y=13756.1
Time=1574116 X=-14184.3 Y=14101.9
Time=1575141 X=-14528.8 Y=14287
Time=1576148 X=-14904.3 Y=14362.1
Time=1577171 X=-15097.9 Y=14329.2
Time=1578187 X=-15441.2 Y=14331
Time=1579197 X=-15469.2 Y=14331.1
Time=1580205 X=-15802.5 Y=14434.3
Time=1581260 X=-16195.3 Y=14523.6
Time=1582252 X=-16572.6 Y=14551.8
Time=1583279 X=-16951.1 Y=14445
Time=1584288 X=-17331.6 Y=14399
Time=1585302 X=-17720.1 Y=14400
Time=1586307 X=-18090.3 Y=14370.9
Time=1587314 X=-18391.6 Y=14261.9
Time=1588334 X=-18669.2 Y=14078.5
Time=1589336 X=-19045.6 Y=14113.1
Time=1590358 X=-19423.4 Y=14186.1
Time=1591357 X=-19768.1 Y=14021.4
Time=1592361 X=-19968.3 Y=13857.6
Time=1593363 X=-20080.5 Y=13578
Time=1594368 X=-20363.9 Y=13435
Time=1595376 X=-20563.7 Y=13269.4
Time=1596383 X=-20475 Y=12894.3
Time=1597395 X=-20202.2 Y=12698.9
Time=1598400 X=-20124.5 Y=12327.5
Time=1599413 X=-20322.6 Y=12004.4
Time=1600420 X=-20680.3 Y=11873.5
Time=1601422 X=-21058 Y=11931.7
Time=1602440 X=-21378.9 Y=11822.5
Time=1603438 X=-21717.2 Y=11744.6
Time=1604452 X=-21970.1 Y=11629.9
Time=1605461 X=-21984 Y=11616
Time=1606515 X=-21690.6 Y=11373.1
Time=1607523 X=-21470.4 Y=11068.7
Time=1608526 X=-21310.7 Y=10724.8
Time=1609534 X=-21388 Y=10349.1
Time=1610541 X=-21515.3 Y=9983.34
Time=1611539 X=-21708.5 Y=9724.15
Time=1612542 X=-22033.9 Y=9520.69
Time=1613566 X=-22176 Y=9289.67
Time=1614588 X=-22176 Y=8910.77
Time=1615591 X=-22240.1 Y=8543.65
Time=1616618 X=-22430.7 Y=8209.91
Time=1617623 X=-22560 Y=8064
Time=1618638 X=-22485 Y=8138.98
Time=1619634 X=-22381.1 Y=8253.36
Time=1620677 X=-22124.6 Y=8223.86
Time=1621678 X=-22021.8 Y=8207.22
Time=1622708 X=-21940.4 Y=8403.25
Time=1623696 X=-21868.5 Y=8761.3
Time=1624719 X=-21501.7 Y=8843.32
Time=1625732 X=-21113.8 Y=8844.38
Time=1626756 X=-20816.6 Y=8769.71
Time=1627757 X=-20549.4 Y=8505.12
Time=1628758 X=-20460.1 Y=8198.89
Time=1629765 X=-20638.4 Y=7875.13
Time=1630774 X=-20821.5 Y=7537.22
Time=1631769 X=-21090.1 Y=7277.29
Time=1632780 X=-21027.4 Y=7021.5
Time=1633756 X=-20987.6 Y=6730.08
Time=1634789 X=-20928 Y=6429.83
Time=1635782 X=-20742.4 Y=6243.21
Time=1636816 X=-20457.2 Y=6079.84
Time=1637836 X=-20126.5 Y=6048
Time=1638853 X=-19762.4 Y=5968.07
Time=1639870 X=-19409.9 Y=5806.6
Time=1640833 X=-19435.8 Y=5582.64
Time=1641900 X=-19756.7 Y=5535.16
Time=1642906 X=-20033.6 Y=5270.76
Time=1643934 X=-20264.3 Y=4952.34
Time=1644938 X=-20554.8 Y=4705.12
Time=1645955 X=-20843.3 Y=4576.56
Time=1646956 X=-21206 Y=4501.14
Time=1647985 X=-21583.6 Y=4407.45
Time=1648989 X=-21917.5 Y=4249.87
Time=1650008 X=-22253.7 Y=4061.43
Time=1651022 X=-22610.5 Y=3909.56
Time=1652030 X=-22873.6 Y=3654.51
Time=1653070 X=-22952.4 Y=3308.83
Time=1654078 X=-23205.1 Y=3074.42
Time=1655086 X=-23079.2 Y=2947.58
Time=1656101 X=-22755.3 Y=2817.1
Time=1657125 X=-22482.9 Y=2745.71
Time=1658127 X=-22165.7 Y=2780.03
Time=1659140 X=-21825.7 Y=2633.7
Time=1660156 X=-21559 Y=2353.76
Time=1661163 X=-21386.8 Y=2009.51
Time=1662176 X=-21240.1 Y=1650.26
Time=1663190 X=-21048 Y=1350.13
Time=1664182 X=-20747.1 Y=1120.9
Time=1665215 X=-20357.7 Y=1080.6
Time=1666219 X=-19973.2 Y=1082.88
Time=1667198 X=-19598.2 Y=1085.1
Time=1668233 X=-19272.9 Y=899.315
Time=1669261 X=-19339 Y=517.572
Time=1670297 X=-19611.5 Y=246.117
Time=1671300 X=-19904.1 Y=81.9911
Time=1672342 X=-20150.3 Y=-95.2389
Time=1673370 X=-20150.3 Y=-95.2389
Time=1674380 X=-20150.3 Y=-95.2389
Time=1675410 X=-20150.3 Y=-95.2389
Time=1676438 X=-20150.3 Y=-95.2389
Time=1677450 X=-20150.3 Y=-95.2389
Time=1678485 X=-20150.3 Y=-95.2389
Time=1679500 X=-20150.3 Y=-95.2389
Time=1680554 X=-20150.3 Y=-95.2389
Time=1681556 X=-20150.3 Y=-95.2389
Time=1682578 X=-20150.3 Y=-95.2389
Time=1683600 X=-20150.3 Y=-95.2389
Time=1684623 X=-20150.3 Y=-95.2389
Time=1685637 X=-20150.3 Y=-95.2389
Time=1686625 X=-20129 Y=157.065
Time=1687673 X=-19923.4 Y=476.135
Time=1688675 X=-19580.8 Y=341.068
Time=1689710 X=-19186.5 Y=321.926
Time=1690715 X=-19042.9 Y=322.158
Time=1691770 X=-19042.9 Y=322.158
Time=1692798 X=-18967.1 Y=528.151
Time=1693821 X=-18832.5 Y=896.135
Time=1694881 X=-18905.8 Y=1232.08
Time=1695900 X=-19267.8 Y=1152.8
Time=1696927 X=-19650.2 Y=1090.71
Time=1697928 X=-20029.5 Y=1141.11
Time=1698941 X=-20127.9 Y=1211.03
Time=1699954 X=-19816 Y=1422.31
Time=1700988 X=-19423.6 Y=1452.61
Time=1702012 X=-19043.2 Y=1380.21
Time=1703048 X=-18953 Y=1068.29
Time=1704077 X=-19161.1 Y=770.636
Time=1705091 X=-19461.2 Y=524.147
Time=1706098 X=-19760 Y=280.229
Time=1707131 X=-20066.5 Y=30.014
Time=1708160 X=-20371.9 Y=-219.233
Time=1709179 X=-20674.2 Y=-466.057
Time=1710204 X=-20978.2 Y=-713.013
Time=1711230 X=-21281.9 Y=-960.91
Time=1712278 X=-21549.3 Y=-1215.94
Time=1713319 X=-21813.3 Y=-1512.92
Time=1714340 X=-22008.8 Y=-1851.05
Time=1715364 X=-22186 Y=-2200.98
Time=1716377 X=-22198.6 Y=-2225.93
Time=1717377 X=-22198.6 Y=-2225.93
Time=1718416 X=-22198.6 Y=-2225.93
Time=1719436 X=-22198.6 Y=-2225.93
Time=1720464 X=-22198.6 Y=-2225.93
Time=1721483 X=-22198.6 Y=-2225.93
Time=1722522 X=-22203.7 Y=-2263.33
Time=1723539 X=-22203.7 Y=-2263.33
Time=1724560 X=-22203.7 Y=-2263.33
Time=1725563 X=-22203.7 Y=-2263.33
Time=1726607 X=-22203.7 Y=-2263.33
Time=1727630 X=-22229.8 Y=-2378.76
Time=1728659 X=-22470.5 Y=-2681.07
Time=1729658 X=-22808.4 Y=-2776.33
Time=1730695 X=-23165.2 Y=-2760.18
Time=1731725 X=-23559.4 Y=-2742.35
Time=1732729 X=-23851 Y=-2760.28
Time=1733786 X=-23851 Y=-2760.28
Time=1734795 X=-23851 Y=-2760.28
Time=1735805 X=-23851 Y=-2760.28
Time=1736850 X=-23851 Y=-2760.28
Time=1737867 X=-23836 Y=-2806
Time=1738862 X=-23836 Y=-2806
Time=1739879 X=-23836 Y=-2806
Time=1740899 X=-23836 Y=-2806
Time=1741919 X=-23836 Y=-2806
Time=1742936 X=-23836 Y=-2806
Time=1743956 X=-23836 Y=-2806
Time=1744977 X=-23836 Y=-2806
Time=1746006 X=-23836 Y=-2806
Time=1747021 X=-23836 Y=-2806
Time=1748049 X=-23836 Y=-2806
Time=1749071 X=-23836 Y=-2806
Time=1750091 X=-23836 Y=-2806
Time=1751108 X=-23836 Y=-2806
Time=1752126 X=-23836 Y=-2806
Time=1753147 X=-23836 Y=-2806
Time=1754141 X=-23836 Y=-2806
Time=1755149 X=-23836 Y=-2806
Time=1756153 X=-23836 Y=-2806
Time=1757163 X=-23836 Y=-2806
Time=1758168 X=-23836 Y=-2806
Time=1759176 X=-23836 Y=-2806
