Time=129378 X=2932.96 Y=-5934.74
Time=130382 X=2932.96 Y=-5934.74
Time=131394 X=2932.96 Y=-5934.74
Time=132420 X=2881.41 Y=-5889.99
Time=133430 X=2504.27 Y=-5911.62
Time=134491 X=2491.64 Y=-6177.78
Time=135504 X=2690.11 Y=-6180.59
Time=136518 X=2690.11 Y=-6180.59
Time=137539 X=2690.11 Y=-6180.59
Time=138555 X=2921.48 Y=-5911.29
Time=139593 X=2972.22 Y=-5528.95
Time=140618 X=2660.41 Y=-5309.01
Time=141661 X=2342.13 Y=-5072.97
Time=142698 X=2082.26 Y=-4830.26
Time=143699 X=1871.57 Y=-4633.49
Time=144733 X=1672.66 Y=-4413.34
Time=145757 X=1490.81 Y=-4167.44
Time=146797 X=1253.78 Y=-3847.27
Time=147835 X=1017.25 Y=-3527.68
Time=148854 X=785.163 Y=-3213.86
Time=149875 X=552.622 Y=-2899.42
Time=150878 X=348.412 Y=-2574.98
Time=151919 X=157.66 Y=-2224.82
Time=152943 X=2.09047 Y=-1939.24
Time=153927 X=14.968 Y=-1961.71
Time=154972 X=14.968 Y=-1961.71
Time=155986 X=14.968 Y=-1961.71
Time=157021 X=14.968 Y=-1961.71
Time=158009 X=14.968 Y=-1961.71
Time=159038 X=14.968 Y=-1961.71
Time=160073 X=14.968 Y=-1961.71
Time=161092 X=-93.144 Y=-1905.63
Time=162102 X=-435.912 Y=-1744.4
Time=163107 X=-603.944 Y=-1472.83
Time=164119 X=-603.944 Y=-1472.83
Time=165147 X=-603.944 Y=-1472.83
Time=166197 X=-549.679 Y=-1292.17
Time=167175 X=-538.872 Y=-1219.56
Time=168198 X=-538.872 Y=-1219.56
Time=169241 X=-538.872 Y=-1219.56
Time=170254 X=-538.872 Y=-1219.56
Time=171299 X=-488.217 Y=-1073.13
Time=172255 X=-420.76 Y=-877.045
Time=173297 X=-420.76 Y=-877.045
Time=174328 X=-420.76 Y=-877.045
Time=175326 X=-420.76 Y=-877.045
Time=176358 X=-420.76 Y=-877.045
Time=177406 X=-420.76 Y=-877.045
Time=178396 X=-420.76 Y=-877.045
Time=179429 X=-472.846 Y=-686.308
Time=180449 X=-528.872 Y=-303.722
Time=181478 X=-584.952 Y=84.6887
Time=182534 X=-485.251 Y=473.796
Time=183523 X=-464.713 Y=850.726
Time=184521 X=-598.51 Y=1188.89
Time=185533 X=-806.034 Y=1385.56
Time=186546 X=-1070.96 Y=1501.31
Time=187595 X=-1413.43 Y=1596.41
Time=188610 X=-1753.62 Y=1714.14
Time=189613 X=-2135.33 Y=1756.01
Time=190657 X=-2529.76 Y=1820.59
Time=191649 X=-2696.15 Y=1842.08
Time=192679 X=-2696.15 Y=1842.08
Time=193702 X=-2696.15 Y=1842.08
Time=194744 X=-2696.15 Y=1842.08
Time=195755 X=-2696.15 Y=1842.08
Time=196777 X=-2696.15 Y=1842.08
Time=197775 X=-2726.78 Y=1774.79
Time=198811 X=-2726.78 Y=1774.79
Time=199802 X=-3088.13 Y=1759.4
Time=200867 X=-3488.59 Y=1831.59
Time=201890 X=-3856.93 Y=1963.5
Time=202878 X=-4193.81 Y=2133.76
Time=203885 X=-4524.26 Y=2330.71
Time=204956 X=-4833.93 Y=2540.99
Time=205976 X=-5068 Y=2717.83
Time=207006 X=-5327.93 Y=2860.79
Time=208046 X=-5651.38 Y=3029.78
Time=209085 X=-6011.57 Y=3196.68
Time=210064 X=-6334.76 Y=3387.35
Time=211087 X=-6579.25 Y=3475.55
Time=212094 X=-6579.25 Y=3475.55
Time=213143 X=-6579.25 Y=3475.55
Time=214143 X=-6658.48 Y=3522.92
Time=215171 X=-6811.12 Y=3842.04
Time=216169 X=-6712.45 Y=4093.67
Time=217183 X=-6526.5 Y=4350.44
Time=218187 X=-6300.92 Y=4661.91
Time=219242 X=-6057.18 Y=4982.82
Time=220306 X=-5770.35 Y=5269.65
Time=221252 X=-5571.59 Y=5565.65
Time=222268 X=-5568 Y=5940.94
Time=223291 X=-5744.54 Y=6257.77
Time=224320 X=-5946.23 Y=6522.23
Time=225328 X=-6280.04 Y=6619.29
Time=226371 X=-6569.88 Y=6698.17
Time=227385 X=-6851.66 Y=6774.86
Time=228412 X=-7190.26 Y=6942.26
Time=229415 X=-7459.02 Y=7214.3
Time=230415 X=-7655.96 Y=7541.4
Time=231485 X=-7808.13 Y=7921.95
Time=232515 X=-7954.63 Y=8288.28
Time=233549 X=-8130.46 Y=8641.89
Time=234529 X=-8323.7 Y=8963.71
Time=235909 X=-8578.14 Y=9387.48
Time=237002 X=-8740.18 Y=9657.35
Time=238010 X=-8889.62 Y=9906.24
Time=239030 X=-9066.35 Y=10140
Time=240093 X=-9270.42 Y=10365.9
Time=241102 X=-9447.91 Y=10595.3
Time=242099 X=-9567.26 Y=10847.5
Time=243143 X=-9623.15 Y=11142.4
Time=244155 X=-9625.33 Y=11120.8
Time=245175 X=-9625.33 Y=11120.8
Time=246210 X=-9625.33 Y=11120.8
Time=247248 X=-9625.33 Y=11120.8
Time=248233 X=-9625.33 Y=11120.8
Time=249230 X=-9625.33 Y=11120.8
Time=250266 X=-9625.33 Y=11120.8
Time=251264 X=-9625.33 Y=11120.8
Time=252255 X=-9625.33 Y=11120.8
Time=253236 X=-9625.33 Y=11120.8
Time=254294 X=-9625.33 Y=11120.8
Time=255301 X=-9625.33 Y=11120.8
Time=256302 X=-9625.33 Y=11120.8
Time=257346 X=-9625.33 Y=11120.8
Time=258316 X=-9625.33 Y=11120.8
Time=259326 X=-9625.33 Y=11120.8
Time=260353 X=-9562.91 Y=11238
Time=261377 X=-9501.66 Y=11353.4
Time=262438 X=-9596.98 Y=11514.9
Time=263434 X=-9401.24 Y=11718.8
Time=264475 X=-9148.41 Y=11769.6
Time=265520 X=-9026.25 Y=11700.1
Time=266538 X=-9161.43 Y=11777
Time=267565 X=-9409.14 Y=11710.9
Time=268604 X=-9590.34 Y=11492.3
Time=269588 X=-9497.16 Y=11224.6
Time=270723 X=-9389.68 Y=10915.9
Time=271710 X=-9296.22 Y=10647.5
Time=272717 X=-9273.78 Y=10583
Time=273696 X=-9079.29 Y=10475.3
Time=274785 X=-9044.14 Y=10455.8
Time=275822 X=-9044.14 Y=10455.8
Time=276855 X=-9044.14 Y=10455.8
Time=277805 X=-9044.14 Y=10455.8
Time=278819 X=-9044.14 Y=10455.8
Time=279917 X=-9044.14 Y=10455.8
Time=280953 X=-9044.14 Y=10455.8
Time=281938 X=-8906.27 Y=10248
Time=282982 X=-8590.69 Y=10267.3
Time=283986 X=-8599.64 Y=10505.5
Time=285044 X=-8593.25 Y=10499
Time=286087 X=-8569.49 Y=10474.9
Time=287065 X=-8569.49 Y=10474.9
Time=288117 X=-8569.49 Y=10474.9
Time=289099 X=-8569.49 Y=10474.9
Time=290141 X=-8743.38 Y=10649.8
Time=291131 X=-9010.69 Y=10918.8
Time=292137 X=-9277.18 Y=11124.4
Time=293168 X=-9466.93 Y=11320.4
Time=294212 X=-9601.01 Y=11544.2
Time=295190 X=-9612.8 Y=11825.6
Time=296185 X=-9628.03 Y=12189
Time=297208 X=-9644.43 Y=12580.5
Time=298213 X=-9614.2 Y=12959.7
Time=299245 X=-9296.28 Y=13078.1
Time=300256 X=-9342.84 Y=12758.5
Time=301284 X=-9660.33 Y=12525.6
Time=302304 X=-9942.18 Y=12258.4
Time=303339 X=-10198 Y=11955.5
Time=304368 X=-10431.8 Y=11744.2
Time=305336 X=-10696.9 Y=11493.1
Time=306358 X=-11038.4 Y=11302.9
Time=307410 X=-11397.6 Y=11120.4
Time=308401 X=-11708.3 Y=10902.6
Time=309429 X=-12037.2 Y=10688.7
Time=310428 X=-12400.6 Y=10568.7
Time=311449 X=-12694.5 Y=10345.5
Time=312456 X=-12948.5 Y=10091.5
Time=313422 X=-13125.7 Y=9914.28
Time=314516 X=-13413.8 Y=9888
Time=315504 X=-13659.7 Y=10011.7
Time=316556 X=-13975.8 Y=10162.6
Time=317597 X=-14221.9 Y=10368
Time=318602 X=-14417.8 Y=10538.7
Time=319617 X=-14607.1 Y=10877.1
Time=320638 X=-14798 Y=11003.3
Time=321649 X=-15142.9 Y=10944
Time=322654 X=-15523.7 Y=10944
Time=323677 X=-15833.8 Y=10820.1
Time=324686 X=-16074.4 Y=10659.7
Time=325700 X=-16379.3 Y=10466.8
Time=326717 X=-16692.7 Y=10278.8
Time=327745 X=-17050.7 Y=10149
