Time=2840298 X=7950.26 Y=-1225.56
Time=2842762 X=7868.75 Y=-1430.25
Time=2843784 X=7736.92 Y=-1759.43
Time=2844723 X=7603.21 Y=-2093.32
Time=2845734 X=7459.24 Y=-2452.82
Time=2846755 X=7442.66 Y=-2494.21
Time=2847795 X=7442.66 Y=-2494.21
Time=2848815 X=7442.66 Y=-2494.21
Time=2849866 X=7495.32 Y=-2441.24
Time=2850903 X=7775.36 Y=-2159.54
Time=2851905 X=8045.95 Y=-1887.35
Time=2852957 X=8330.05 Y=-1601.58
Time=2853968 X=8603.07 Y=-1326.94
Time=2855017 X=8908.73 Y=-1075.69
Time=2855967 X=9241.03 Y=-927.521
Time=2856988 X=9587.75 Y=-746.784
Time=2858279 X=10010.6 Y=-490.493
Time=2859339 X=10348.6 Y=-265.598
Time=2860264 X=10609.8 Y=-27.3571
Time=2861368 X=10719 Y=86
Time=2862330 X=10572.6 Y=9.94057
Time=2863300 X=10309.7 Y=-121.895
Time=2864320 X=9979.39 Y=-330.51
Time=2865429 X=10189.1 Y=-142.174
Time=2866472 X=10186.7 Y=-21.7052
Time=2867538 X=10186.7 Y=-21.7052
Time=2868461 X=10186.7 Y=-21.7052
Time=2869537 X=10186.7 Y=-21.7052
Time=2870455 X=10186.7 Y=-21.7052
Time=2871566 X=10186.7 Y=-21.7052
Time=2872624 X=10186.7 Y=-21.7052
Time=2873667 X=10186.7 Y=-21.7052
Time=2874818 X=10186.7 Y=-21.7052
Time=2875802 X=10186.7 Y=-21.7052
Time=2876883 X=10186.7 Y=-21.7052
Time=2878122 X=10186.7 Y=-21.7052
Time=2879133 X=10186.7 Y=-21.7052
Time=2880171 X=10186.7 Y=-21.7052
Time=2881218 X=10186.7 Y=-21.7052
Time=2882210 X=10186.7 Y=-21.7052
Time=2883256 X=10186.7 Y=-21.7052
Time=2884243 X=10186.7 Y=-21.7052
Time=2885168 X=10186.7 Y=-21.7052
Time=2886186 X=10186.7 Y=-21.7052
Time=2887280 X=10186.7 Y=-21.7052
Time=2888391 X=10186.7 Y=-21.7052
Time=2889450 X=10186.7 Y=-21.7052
Time=2890294 X=10186.7 Y=-21.7052
Time=2891556 X=10186.1 Y=-19.9873
Time=2892601 X=10053.3 Y=-123.1
Time=2893614 X=9746.8 Y=-361.033
Time=2894643 X=9435.45 Y=-602.725
Time=2895713 X=9143.75 Y=-829.162
Time=2896774 X=8943 Y=-985
Time=2897839 X=8814.3 Y=-711.133
Time=2898914 X=8639.12 Y=-338.484
Time=2899971 X=8466.89 Y=27.9263
Time=2901059 X=8329.22 Y=320.791
Time=2902110 X=8200.45 Y=594.724
Time=2903147 X=8073.4 Y=865.007
Time=2904137 X=7952.1 Y=1123.04
Time=2905112 X=7832.65 Y=1377.16
Time=2906186 X=7701.06 Y=1657.09
Time=2907226 X=7573.64 Y=1928.16
Time=2908215 X=7452.47 Y=2185.93
Time=2909228 X=7328.36 Y=2449.96
Time=2910282 X=7199.22 Y=2724.67
Time=2911350 X=7068.37 Y=3003.03
Time=2912347 X=7053.84 Y=3033.94
Time=2913368 X=7242.98 Y=2778.88
Time=2914380 X=7473.87 Y=2467.5
Time=2915382 X=7702.47 Y=2159.21
Time=2916438 X=7943.4 Y=1834.3
Time=2917460 X=8176.57 Y=1519.85
Time=2918490 X=8411.57 Y=1202.94
Time=2919468 X=8461.08 Y=1136.17
Time=2920472 X=8461.08 Y=1136.17
Time=2921518 X=8461.08 Y=1136.17
Time=2922553 X=8634.94 Y=869.85
Time=2923584 X=8872.23 Y=554.175
Time=2924544 X=9093.18 Y=260.239
Time=2925827 X=9388.46 Y=-132.595
Time=2926942 X=9645.09 Y=-473.989
Time=2927899 X=9865.35 Y=-767.007
Time=2928916 X=10099.4 Y=-1078.4
Time=2929944 X=10290.8 Y=-1333.06
Time=2931006 X=10537 Y=-1618.62
Time=2932004 X=10799.1 Y=-1896.88
Time=2933048 X=10919.7 Y=-2141.64
Time=2934102 X=10884.9 Y=-2543.86
Time=2935146 X=10850.5 Y=-2942.27
Time=2935991 X=10888.6 Y=-3256.35
Time=2937332 X=11084.8 Y=-3729.62
Time=2938312 X=11309.2 Y=-4023.99
Time=2939303 X=11425.6 Y=-4118.37
Time=2940330 X=11521.4 Y=-4196
Time=2941355 X=11521.4 Y=-4196
Time=2942365 X=11521.4 Y=-4196
Time=2943474 X=11521.4 Y=-4196
Time=2944452 X=11521.4 Y=-4196
Time=2945487 X=11521.4 Y=-4196
Time=2946770 X=11521.4 Y=-4196
Time=2947734 X=11521.4 Y=-4196
Time=2948965 X=11521.4 Y=-4196
Time=2949967 X=11521.4 Y=-4196
Time=2950999 X=11521.4 Y=-4196
Time=2951867 X=11521.4 Y=-4196
Time=2953175 X=11521.4 Y=-4196
Time=2954146 X=11521.4 Y=-4196
Time=2955141 X=11521.4 Y=-4196
Time=2956111 X=11521.4 Y=-4196
Time=2957175 X=11521.4 Y=-4196
Time=2958192 X=11521.4 Y=-4196
Time=2959259 X=11521.4 Y=-4196
Time=2960279 X=11521.4 Y=-4196
Time=2961298 X=11625.8 Y=-4265.29
Time=2962325 X=11791.3 Y=-4371.58
Time=2963345 X=11955.7 Y=-4477.15
Time=2964397 X=12294.7 Y=-4694.91
Time=2965412 X=12621.9 Y=-4905.01
Time=2966357 X=12926.4 Y=-5100.62
Time=2967507 X=13297.1 Y=-5338.67
Time=2968472 X=13603.6 Y=-5545.47
Time=2969485 X=13735.1 Y=-5640.43
Time=2970555 X=13482.9 Y=-5463.45
Time=2971581 X=13234.7 Y=-5302.96
Time=2972630 X=12897.3 Y=-5095.64
Time=2973670 X=12557.9 Y=-4887.09
Time=2974668 X=12232.2 Y=-4686.96
Time=2975712 X=11891.5 Y=-4477.6
Time=2976703 X=11568 Y=-4278.88
Time=2977755 X=11566.3 Y=-4277.81
Time=2978874 X=11566.3 Y=-4277.81
Time=2979834 X=11321.7 Y=-4053.18
Time=2980855 X=11094.8 Y=-3746.84
Time=2981932 X=10929.5 Y=-3370.2
Time=2982973 X=10856.2 Y=-2989.11
Time=2983964 X=10918.8 Y=-2614.71
Time=2984992 X=10983.7 Y=-2226.34
Time=2986042 X=11050.1 Y=-1829.65
Time=2987022 X=11112 Y=-1459.41
Time=2988086 X=11128.4 Y=-1078.83
Time=2989180 X=11060.9 Y=-707.595
Time=2990185 X=10992 Y=-328.852
Time=2991247 X=10919.2 Y=71.3718
Time=2992268 X=10849.3 Y=456.145
Time=2993311 X=10777.8 Y=849.208
Time=2994337 X=10633.3 Y=920.029
Time=2995396 X=10304.4 Y=682.658
Time=2996372 X=10001.2 Y=463.891
Time=2997454 X=9710.87 Y=254.345
Time=2998497 X=9386.9 Y=20.5603
Time=2999530 X=9066.04 Y=-210.983
Time=3000546 X=8750.46 Y=-438.715
Time=3001578 X=8429.91 Y=-670.034
Time=3002605 X=8193 Y=-841
Time=3003634 X=7811.55 Y=-741.746
Time=3004662 X=7422.33 Y=-744.293
Time=3005704 X=7083.76 Y=-814.219
Time=3006676 X=6809.61 Y=-870.841
Time=3007701 X=6520.51 Y=-930.549
Time=3008752 X=6224.08 Y=-991.773
Time=3009735 X=5860.04 Y=-1083.32
Time=3010924 X=5438.78 Y=-1256.42
Time=3011923 X=5084.84 Y=-1401.85
Time=3012921 X=4749.02 Y=-1582.85
Time=3013957 X=4420.78 Y=-1805.83
Time=3014990 X=4094.44 Y=-2029.57
Time=3016020 X=3957.65 Y=-2123.36
Time=3017037 X=3957.65 Y=-2123.36
Time=3017998 X=3957.65 Y=-2123.36
Time=3019075 X=3957.65 Y=-2123.36
Time=3020009 X=3957.65 Y=-2123.36
Time=3021152 X=3957.65 Y=-2123.36
Time=3022239 X=3957.65 Y=-2123.36
Time=3023299 X=3957.65 Y=-2123.36
Time=3024272 X=3706.03 Y=-1932.76
Time=3025304 X=3395.97 Y=-1687.55
Time=3026339 X=3314.82 Y=-1714.86
Time=3027341 X=3330.87 Y=-1775.2
Time=3028313 X=3269.29 Y=-1761.58
Time=3029333 X=2966.26 Y=-1694.38
Time=3030341 X=2589.23 Y=-1611.16
Time=3031415 X=2263.38 Y=-1520.84
Time=3032400 X=2165 Y=-1541
Time=3033484 X=2165 Y=-1541
Time=3034475 X=2165 Y=-1541
Time=3035533 X=2165 Y=-1541
Time=3036617 X=2165 Y=-1541
Time=3037628 X=2165 Y=-1541
Time=3038615 X=2165 Y=-1541
Time=3039649 X=2165 Y=-1541
Time=3040744 X=2165 Y=-1541
Time=3041736 X=2165 Y=-1541
Time=3042711 X=2165 Y=-1541
Time=3043735 X=2165 Y=-1541
Time=3044866 X=2165 Y=-1541
Time=3045736 X=2165 Y=-1541
Time=3046804 X=2165 Y=-1541
Time=3047898 X=2202.52 Y=-1542.04
Time=3049020 X=2499.71 Y=-1550.3
Time=3050061 X=2499.71 Y=-1550.3
Time=3051121 X=2499.71 Y=-1550.3
Time=3052037 X=2499.71 Y=-1550.3
Time=3053138 X=2327.3 Y=-1448.3
Time=3054206 X=1975.21 Y=-1240
Time=3055243 X=1830.69 Y=-932.49
Time=3056226 X=1860.05 Y=-771.308
Time=3057284 X=1860.05 Y=-771.308
Time=3058298 X=1860.05 Y=-771.308
Time=3059363 X=1860.05 Y=-771.308
Time=3060480 X=1860.05 Y=-771.308
Time=3061498 X=1595.51 Y=-816.258
Time=3062488 X=1351.94 Y=-857.646
Time=3063607 X=1351.94 Y=-857.646
Time=3064622 X=1351.94 Y=-857.646
Time=3065579 X=1128.39 Y=-701.997
Time=3066655 X=802.902 Y=-449.321
Time=3067682 X=503.649 Y=-193.984
Time=3068758 X=190.118 Y=73.5363
Time=3069826 X=122.226 Y=131.466
Time=3070819 X=122.226 Y=131.466
Time=3071796 X=122.226 Y=131.466
Time=3072809 X=122.226 Y=131.466
Time=3073913 X=125.597 Y=150.465
Time=3074829 X=189.527 Y=458.815
Time=3075933 X=290.415 Y=869.466
Time=3076992 X=389.916 Y=1262.69
Time=3077917 X=487.668 Y=1603.24
Time=3079016 X=625.6 Y=2000.9
Time=3080018 X=727.473 Y=2269.59
Time=3081058 X=721.533 Y=2376.28
Time=3082044 X=710 Y=2650
Time=3083144 X=710 Y=2650
Time=3084153 X=710 Y=2650
Time=3085177 X=710 Y=2650
Time=3086226 X=710 Y=2650
Time=3087163 X=710 Y=2650
Time=3088324 X=710 Y=2650
Time=3089288 X=710 Y=2650
Time=3090445 X=710 Y=2650
Time=3091478 X=710 Y=2650
Time=3092435 X=710 Y=2650
Time=3093441 X=710 Y=2650
Time=3094500 X=710 Y=2650
Time=3095474 X=710 Y=2650
Time=3096522 X=710 Y=2650
Time=3097556 X=710 Y=2650
Time=3098586 X=710 Y=2650
Time=3099565 X=710 Y=2650
Time=3100651 X=710 Y=2650
Time=3101825 X=710 Y=2650
Time=3102934 X=710 Y=2650
Time=3104037 X=710 Y=2650
Time=3105091 X=407.417 Y=2674.23
Time=3106046 X=243.206 Y=2687.38
Time=3107096 X=243.206 Y=2687.38
Time=3108082 X=266.294 Y=2483.76
Time=3109034 X=307.378 Y=2121.42
Time=3110225 X=315.623 Y=1717.19
Time=3111228 X=269.171 Y=1335.82
Time=3112180 X=225.08 Y=973.838
Time=3113232 X=176.358 Y=573.836
Time=3114266 X=128.47 Y=180.679
Time=3115185 X=94.4919 Y=-98.2782
Time=3116307 X=46.1593 Y=-495.084
Time=3117289 X=0.679405 Y=-868.469
Time=3118291 X=-45.7268 Y=-1249.46
Time=3119278 X=-64.0102 Y=-1441.79
Time=3120282 X=45.5208 Y=-1073.15
Time=3121289 X=155.379 Y=-703.4
Time=3122342 X=270.256 Y=-316.764
Time=3123341 X=379.241 Y=50.0446
Time=3124383 X=492.918 Y=432.642
Time=3125398 X=578 Y=719
Time=3126483 X=509.216 Y=1086.31
Time=3127443 X=459.038 Y=1450.59
Time=3128398 X=410.094 Y=1805.91
Time=3129479 X=363.46 Y=2144.45
Time=3130460 X=316 Y=2489
Time=3131489 X=212.291 Y=2176.01
Time=3132515 X=78.9517 Y=1806.33
Time=3133560 X=-56.8571 Y=1429.79
Time=3134572 X=-188.377 Y=1065.15
Time=3135587 X=-320.287 Y=699.426
Time=3136632 X=-456.096 Y=322.893
Time=3137623 X=-573.182 Y=-1.7303
Time=3138682 X=-710.81 Y=-383.308
Time=3139731 X=-847.139 Y=-761.283
Time=3140651 X=-966.703 Y=-1092.78
Time=3141815 X=-1134.54 Y=-1230.87
Time=3142836 X=-1520.06 Y=-1296.58
Time=3143833 X=-1897.53 Y=-1356.32
Time=3144834 X=-2277.02 Y=-1411.07
Time=3145839 X=-2625.78 Y=-1483.42
Time=3146897 X=-2984.02 Y=-1560.37
Time=3147899 X=-3362.09 Y=-1641.59
Time=3148906 X=-3742.04 Y=-1723.21
Time=3150012 X=-3984.7 Y=-1942.05
Time=3150983 X=-3984.7 Y=-1942.05
Time=3151985 X=-3984.7 Y=-1942.05
Time=3153013 X=-3984.7 Y=-1942.05
Time=3153990 X=-3984.7 Y=-1942.05
Time=3155038 X=-3984.7 Y=-1942.05
Time=3156128 X=-3984.7 Y=-1942.05
Time=3157226 X=-3984.7 Y=-1942.05
Time=3158306 X=-3984.7 Y=-1942.05
Time=3159264 X=-3984.7 Y=-1942.05
Time=3160364 X=-3984.7 Y=-1942.05
Time=3161365 X=-3984.7 Y=-1942.05
Time=3162404 X=-3984.7 Y=-1942.05
Time=3163427 X=-3984.7 Y=-1942.05
Time=3164493 X=-3956.22 Y=-1913.92
Time=3165486 X=-3746.92 Y=-1722.43
Time=3166490 X=-3546.97 Y=-1662.95
Time=3167556 X=-3546.97 Y=-1662.95
Time=3168616 X=-3546.97 Y=-1662.95
Time=3169629 X=-3546.97 Y=-1662.95
Time=3170641 X=-3546.97 Y=-1662.95
Time=3171726 X=-3546.97 Y=-1662.95
Time=3172719 X=-3546.97 Y=-1662.95
Time=3173787 X=-3546.97 Y=-1662.95
Time=3174936 X=-3546.97 Y=-1662.95
Time=3175905 X=-3546.97 Y=-1662.95
Time=3176878 X=-3546.97 Y=-1662.95
Time=3177981 X=-3546.97 Y=-1662.95
Time=3178924 X=-3259.32 Y=-1561.46
Time=3180050 X=-3195 Y=-1538
Time=3181072 X=-3195 Y=-1538
Time=3182104 X=-3195 Y=-1538
Time=3183080 X=-3338.67 Y=-1591
Time=3184128 X=-3720.92 Y=-1713.58
Time=3185078 X=-4040.35 Y=-1886.43
Time=3186203 X=-4358.91 Y=-2071.24
Time=3187174 X=-4652.83 Y=-2241.76
Time=3188317 X=-5068.95 Y=-2357.9
Time=3189237 X=-5416.63 Y=-2415.37
Time=3190336 X=-5831.96 Y=-2484.01
Time=3191282 X=-6189.47 Y=-2543.1
Time=3192347 X=-6254.37 Y=-2553.82
Time=3193375 X=-5962.27 Y=-2505.55
Time=3194378 X=-5677.27 Y=-2458.44
Time=3195429 X=-5378.64 Y=-2409.09
Time=3196407 X=-5021.32 Y=-2350.03
Time=3197437 X=-4648.39 Y=-2239.19
Time=3198350 X=-4345.89 Y=-2063.69
Time=3199474 X=-3973.49 Y=-1847.64
Time=3200532 X=-3602.76 Y=-1699.04
Time=3201660 X=-3492.97 Y=-1683.27
Time=3202709 X=-3694.29 Y=-1537.43
Time=3203739 X=-3944.93 Y=-1355.85
Time=3204730 X=-3948.99 Y=-1337.78
Time=3205826 X=-3937.52 Y=-1322.23
Time=3206831 X=-3928.08 Y=-1309.42
Time=3207850 X=-3918.31 Y=-1296.18
Time=3208885 X=-3908.94 Y=-1283.48
Time=3209927 X=-3900.53 Y=-1272.08
Time=3211009 X=-3892.03 Y=-1260.55
Time=3212038 X=-3884.78 Y=-1250.72
Time=3213044 X=-3877.85 Y=-1241.33
Time=3214096 X=-3870.87 Y=-1231.86
Time=3215049 X=-3864.04 Y=-1222.61
Time=3216156 X=-3855.54 Y=-1211.09
Time=3217216 X=-3841.32 Y=-1206.52
Time=3218214 X=-3827.61 Y=-1203.84
Time=3219249 X=-3812.3 Y=-1200.85
Time=3220316 X=-3794.83 Y=-1197.44
Time=3221363 X=-3781.54 Y=-1194.84
Time=3222351 X=-3773.27 Y=-1193.22
Time=3223377 X=-3764.3 Y=-1191.47
Time=3224414 X=-3754.34 Y=-1189.52
Time=3225484 X=-3744.5 Y=-1187.6
Time=3226474 X=-3734.21 Y=-1185.59
Time=3227433 X=-3714.32 Y=-1181.7
Time=3228471 X=-3702.32 Y=-1179.35
Time=3229522 X=-3691.12 Y=-1177.16
Time=3230568 X=-3679.74 Y=-1174.94
Time=3231613 X=-3669.49 Y=-1172.94
Time=3232641 X=-3659.96 Y=-1171.07
Time=3233618 X=-3653.19 Y=-1169.75
Time=3234635 X=-3642.38 Y=-1167.64
Time=3235713 X=-3631.3 Y=-1165.47
Time=3236763 X=-3620.64 Y=-1163.39
Time=3237807 X=-3610.23 Y=-1161.35
Time=3238793 X=-3570.53 Y=-1408.97
Time=3239810 X=-3714.62 Y=-1345.01
Time=3240818 X=-3866.58 Y=-1226.05
Time=3241830 X=-3861.1 Y=-1218.62
Time=3242830 X=-3818.18 Y=-1213.07
Time=3243923 X=-3405.36 Y=-1282.7
Time=3244922 X=-3027.86 Y=-1345.33
Time=3245957 X=-2636.76 Y=-1410.22
Time=3246978 X=-2250.82 Y=-1473.38
Time=3247990 X=-1864.79 Y=-1501.69
Time=3248991 X=-1563.37 Y=-1440.85
Time=3250068 X=-1710.11 Y=-1314.69
Time=3251102 X=-1692.8 Y=-1301.39
Time=3252150 X=-1679.97 Y=-1284.44
Time=3253173 X=-1671.82 Y=-1262.19
Time=3254244 X=-1659.8 Y=-1245.7
Time=3255286 X=-1646.35 Y=-1227.26
Time=3256337 X=-1647.09 Y=-1230.42
Time=3257329 X=-1398.14 Y=-1447.67
Time=3258254 X=-1134.55 Y=-1232.64
Time=3259391 X=-883.017 Y=-937.597
Time=3260524 X=-601.46 Y=-607.342
Time=3261517 X=-649.116 Y=-442.417
Time=3262561 X=-1018.1 Y=-288.26
Time=3263533 X=-1275.64 Y=-166.446
Time=3264584 X=-1272.27 Y=-151.647
Time=3265569 X=-1291.31 Y=-113.284
Time=3266630 X=-1513.36 Y=213.621
Time=3267610 X=-1536 Y=227.926
Time=3268644 X=-1217.75 Y=-6.85825
Time=3269709 X=-894.561 Y=-255.778
Time=3270745 X=-761.234 Y=-563.333
Time=3271804 X=-977.412 Y=-528.014
Time=3272859 X=-1170.07 Y=-830.686
Time=3273838 X=-1464.97 Y=-1054.86
Time=3274899 X=-1736.03 Y=-1342.06
Time=3275948 X=-2086.19 Y=-1535.16
Time=3277047 X=-2489.67 Y=-1638.69
Time=3278007 X=-2856.32 Y=-1666.66
Time=3279007 X=-3238.3 Y=-1695.14
Time=3280025 X=-3616.73 Y=-1699.41
Time=3281050 X=-3992.4 Y=-1714.93
Time=3282066 X=-4341.49 Y=-1784.44
Time=3283076 X=-4636.81 Y=-2032.91
Time=3284140 X=-4710.58 Y=-2183.24
Time=3285173 X=-4836.6 Y=-2381.25
Time=3286200 X=-5025.41 Y=-2450.17
Time=3287234 X=-5301.88 Y=-2294.87
Time=3288285 X=-5579.17 Y=-2586.72
Time=3289345 X=-5921.18 Y=-2778.78
Time=3290349 X=-6237.22 Y=-2792.24
Time=3291394 X=-6637.26 Y=-2805.97
Time=3292403 X=-7022.08 Y=-2785.97
Time=3293411 X=-7405.47 Y=-2751.38
Time=3294483 X=-7623.92 Y=-2641.74
Time=3295508 X=-7937.9 Y=-2527.85
Time=3296594 X=-8353 Y=-2554.98
Time=3297555 X=-8720.31 Y=-2578.99
Time=3298625 X=-9078.36 Y=-2602.4
Time=3299634 X=-9214.51 Y=-2533.71
Time=3300652 X=-9170.77 Y=-2157
Time=3301680 X=-9045.56 Y=-1900.46
Time=3302724 X=-8894.98 Y=-1530
Time=3303710 X=-8816.65 Y=-1166.49
Time=3304752 X=-8807.08 Y=-767.478
Time=3305767 X=-8804.82 Y=-378.663
Time=3306792 X=-8832.83 Y=-7.36637
Time=3307850 X=-8863.23 Y=342.971
Time=3308883 X=-8982.81 Y=718.585
Time=3309927 X=-9117.63 Y=1095.07
Time=3310970 X=-9252.33 Y=1471.18
Time=3311998 X=-9476.21 Y=1789.23
Time=3313020 X=-9730.65 Y=2086.74
Time=3314053 X=-9987.83 Y=2387.44
Time=3315089 X=-10234.7 Y=2697.91
Time=3316116 X=-10442.4 Y=2973.58
Time=3317152 X=-10681.3 Y=3290.49
Time=3318150 X=-10903.3 Y=3601.8
Time=3319213 X=-11093.4 Y=3874.87
Time=3320263 X=-11096 Y=3878.66
Time=3321256 X=-11096 Y=3878.66
Time=3322339 X=-11177.3 Y=3859.7
Time=3323281 X=-11183.5 Y=3867.36
Time=3324303 X=-11183.5 Y=3867.36
Time=3325358 X=-11183.5 Y=3867.36
Time=3326447 X=-11183.5 Y=3867.36
Time=3327411 X=-11183.5 Y=3867.36
Time=3328442 X=-11258.4 Y=4063.16
Time=3329455 X=-11249.2 Y=4249.93
Time=3330507 X=-11249.2 Y=4249.93
Time=3331535 X=-11249.2 Y=4249.93
Time=3332530 X=-11249.2 Y=4249.93
Time=3333565 X=-11249.2 Y=4249.93
Time=3334620 X=-11249.2 Y=4249.93
Time=3335771 X=-11249.2 Y=4249.93
Time=3336804 X=-11249.2 Y=4249.93
Time=3337840 X=-11249.2 Y=4249.93
Time=3338896 X=-11249.2 Y=4249.93
Time=3339912 X=-11249.2 Y=4249.93
Time=3340884 X=-11249.2 Y=4249.93
Time=3341953 X=-11249.2 Y=4249.93
Time=3343006 X=-11249.2 Y=4249.93
Time=3344063 X=-11249.2 Y=4249.93
Time=3345083 X=-11249.2 Y=4249.93
Time=3346201 X=-11249.2 Y=4249.93
Time=3347435 X=-11322.3 Y=4069.88
Time=3348277 X=-11073.6 Y=3894.95
Time=3349376 X=-11073.6 Y=3894.95
Time=3350360 X=-11311.6 Y=4007.67
Time=3351535 X=-11302.9 Y=4199.18
Time=3352507 X=-11137.8 Y=4532.85
Time=3353384 X=-10937.4 Y=4801.02
Time=3354498 X=-10666.8 Y=5111.02
Time=3355664 X=-10386.6 Y=5458.88
Time=3356611 X=-10196.2 Y=5695.37
Time=3357661 X=-9904.43 Y=5970.14
Time=3358660 X=-9610.13 Y=6214.71
Time=3359776 X=-9281.37 Y=6487.92
Time=3360811 X=-8976.46 Y=6741.3
Time=3361808 X=-8682.75 Y=6985.38
Time=3362847 X=-8376.67 Y=7239.75
Time=3363960 X=-8048.79 Y=7512.22
Time=3365106 X=-7776.38 Y=7802.13
Time=3366179 X=-7542.38 Y=8051.16
Time=3367177 X=-7283.3 Y=8332.67
Time=3368277 X=-7344.53 Y=8701.4
Time=3369370 X=-7640.42 Y=8997.42
Time=3370402 X=-7942.63 Y=9252.02
Time=3371398 X=-8256.7 Y=9468.31
Time=3372422 X=-8580.39 Y=9667.79
Time=3373543 X=-8828.51 Y=9796.74
Time=3374574 X=-8838 Y=9797
Time=3375562 X=-8838 Y=9797
Time=3376635 X=-8838 Y=9797
Time=3377684 X=-8838 Y=9797
Time=3378534 X=-8838 Y=9797
Time=3379653 X=-8838 Y=9797
Time=3380775 X=-8838 Y=9797
Time=3381841 X=-8838 Y=9797
Time=3382907 X=-8755.29 Y=9735.82
Time=3383874 X=-8601.69 Y=9629.87
Time=3385031 X=-8435.72 Y=9481.27
Time=3385984 X=-8241.24 Y=9297.98
Time=3387054 X=-8011 Y=9081
Time=3388036 X=-7714.89 Y=8906.16
Time=3389156 X=-7339.15 Y=8699.11
Time=3390149 X=-7006.03 Y=8515.53
Time=3391143 X=-6973.46 Y=8564.05
Time=3392228 X=-7198.54 Y=8913.42
Time=3393342 X=-7429.63 Y=9272.14
Time=3394322 X=-7640.87 Y=9567.68
Time=3395502 X=-7848.49 Y=9968.37
Time=3396509 X=-7970.66 Y=10334
Time=3397509 X=-8088.24 Y=10698.1
Time=3398521 X=-8259.4 Y=11045.8
Time=3399549 X=-8431.39 Y=11384.7
Time=3400664 X=-8590.24 Y=11697.8
Time=3401686 X=-8831.21 Y=11982.2
Time=3402691 X=-9189.72 Y=12118.7
Time=3403726 X=-9579.65 Y=12172.2
Time=3404836 X=-9794.42 Y=12179
Time=3405827 X=-9794.42 Y=12179
Time=3406877 X=-9794.42 Y=12179
Time=3407893 X=-9794.42 Y=12179
Time=3409252 X=-9748.6 Y=12055.4
Time=3410338 X=-9646.22 Y=11652.3
Time=3411300 X=-9474.14 Y=11355.9
Time=3412417 X=-9074.19 Y=11220
Time=3413382 X=-8709 Y=11224.3
Time=3414483 X=-8884.02 Y=11200.5
Time=3415487 X=-9264.86 Y=11258
Time=3416491 X=-9595.03 Y=11443.8
Time=3417526 X=-9721.94 Y=11820.3
Time=3418523 X=-9836.96 Y=12161.5
Time=3419569 X=-9836.96 Y=12161.5
Time=3420497 X=-9634 Y=11869.7
Time=3421582 X=-9510.05 Y=11691.5
Time=3422634 X=-9510.05 Y=11691.5
Time=3423686 X=-9510.05 Y=11691.5
Time=3424671 X=-9579.8 Y=11871.6
Time=3425745 X=-9445.95 Y=12237.1
Time=3426789 X=-9295.33 Y=12243.7
Time=3427780 X=-9149.29 Y=12024.7
Time=3428780 X=-9149.29 Y=12024.7
Time=3429842 X=-9149.29 Y=12024.7
Time=3430802 X=-9149.29 Y=12024.7
Time=3431870 X=-9149.29 Y=12024.7
Time=3432733 X=-9149.29 Y=12024.7
Time=3433903 X=-9069.76 Y=12160.2
Time=3434901 X=-8776.62 Y=12347.3
Time=3435923 X=-8581.28 Y=12087.8
Time=3436994 X=-8360.75 Y=11741.9
Time=3438012 X=-8151.13 Y=11413.1
Time=3438998 X=-7948.09 Y=11094.6
Time=3440052 X=-7740.31 Y=10768.7
Time=3441126 X=-7519.16 Y=10421.8
Time=3442163 X=-7305.63 Y=10086.9
Time=3443174 X=-7097.45 Y=9760.32
Time=3444213 X=-6883.5 Y=9424.73
Time=3445189 X=-6801.95 Y=9296.82
Time=3446313 X=-6801.95 Y=9296.82
Time=3447305 X=-6801.95 Y=9296.82
