Time=3770 X=4065 Y=-27734
Time=5075 X=4065 Y=-27734
Time=6150 X=3961.69 Y=-27586.6
Time=7128 X=3750.97 Y=-27277.1
Time=8160 X=3568.39 Y=-26926.6
Time=9242 X=3411.34 Y=-26543.1
Time=10230 X=3267.93 Y=-26192.9
Time=11306 X=3111.74 Y=-25811.5
Time=12395 X=2983.6 Y=-25449.6
Time=13402 X=2898.01 Y=-25082
Time=14418 X=2809.75 Y=-24703
Time=15441 X=2781.05 Y=-24591.6
Time=16454 X=2781.05 Y=-24591.6
Time=17456 X=2781.05 Y=-24591.6
Time=18463 X=2804.09 Y=-24725.3
Time=19475 X=2966.9 Y=-24566.2
Time=20497 X=3215.56 Y=-24268.1
Time=21528 X=3389.4 Y=-23913.5
Time=22572 X=3456 Y=-23525.1
Time=23575 X=3383.49 Y=-23176.7
Time=24573 X=3091.4 Y=-23010.9
Time=25583 X=2787.14 Y=-22772
Time=26607 X=2478.66 Y=-22529.7
Time=27605 X=2204.25 Y=-22314.2
Time=28641 X=1910.54 Y=-22083.6
Time=29659 X=1603.87 Y=-21842.7
Time=30670 X=1299.31 Y=-21603.6
Time=31677 X=995.947 Y=-21365.3
Time=32649 X=703.132 Y=-21135.4
Time=33717 X=501.404 Y=-20957.5
Time=34815 X=167.903 Y=-20701.2
Time=35808 X=-133.705 Y=-20469.5
Time=36833 X=-445.033 Y=-20230.3
Time=37824 X=-717.019 Y=-20021.3
Time=38836 X=-1024.4 Y=-19785.1
Time=39837 X=-1328.44 Y=-19551.5
Time=40950 X=-1682.8 Y=-19317.3
Time=42028 X=-2050.82 Y=-19130.1
Time=43023 X=-2358.92 Y=-18973.3
Time=44029 X=-2677.54 Y=-18811.2
Time=45124 X=-2904.24 Y=-18566.6
Time=46098 X=-3162.67 Y=-18297.5
Time=47126 X=-3435.44 Y=-18013.5
Time=48216 X=-3724.65 Y=-17712.4
Time=49179 X=-3980.17 Y=-17446.4
Time=50228 X=-4251.15 Y=-17149.5
Time=51223 X=-4475.3 Y=-16869.6
Time=52298 X=-4695.55 Y=-16629.4
Time=53283 X=-4950.58 Y=-16351.4
Time=54404 X=-5240.82 Y=-16034.9
Time=55334 X=-5422 Y=-15837.4
Time=56453 X=-5290.04 Y=-16193.5
Time=57486 X=-5009.38 Y=-16472.4
Time=58528 X=-4726.28 Y=-16753.7
Time=59540 X=-4645.34 Y=-17066.3
Time=60525 X=-4645.34 Y=-17066.3
Time=61622 X=-4645.34 Y=-17066.3
Time=62581 X=-4645.34 Y=-17066.3
Time=63632 X=-4645.34 Y=-17066.3
Time=64669 X=-4645.34 Y=-17066.3
Time=65716 X=-4645.34 Y=-17066.3
Time=66771 X=-4656.67 Y=-17011
Time=68071 X=-4949.17 Y=-16808.2
Time=69195 X=-5215.17 Y=-16623.7
Time=70534 X=-5356 Y=-16526
Time=71617 X=-5356 Y=-16526
Time=72636 X=-5356 Y=-16526
Time=73647 X=-5356 Y=-16526
Time=74664 X=-5356 Y=-16526
Time=75710 X=-5356 Y=-16526
Time=76773 X=-5356 Y=-16526
Time=77726 X=-5356 Y=-16526
Time=78823 X=-5356 Y=-16526
Time=79904 X=-5356 Y=-16526
Time=80926 X=-5356 Y=-16526
Time=81992 X=-5356 Y=-16526
Time=83260 X=-5356 Y=-16526
Time=84207 X=-5327.02 Y=-16365.4
Time=85278 X=-5139.95 Y=-16255.5
Time=86262 X=-4876.83 Y=-16525.4
Time=87284 X=-4603.55 Y=-16805.7
Time=88341 X=-4321.45 Y=-17040.9
Time=89377 X=-4072.04 Y=-17349.5
Time=90392 X=-3717.9 Y=-17502.4
Time=91400 X=-3341.68 Y=-17567.8
Time=92338 X=-3061.79 Y=-17454.9
Time=93425 X=-2725.62 Y=-17221.6
Time=94406 X=-2607.03 Y=-17059.4
Time=95438 X=-2607.03 Y=-17059.4
Time=96432 X=-2607.03 Y=-17059.4
Time=97466 X=-2607.03 Y=-17059.4
Time=98435 X=-2607.03 Y=-17059.4
Time=99490 X=-2607.03 Y=-17059.4
Time=100566 X=-2607.03 Y=-17059.4
Time=101583 X=-2835.44 Y=-16779.6
Time=102640 X=-3091.46 Y=-16465.9
Time=103634 X=-3172.6 Y=-16366.5
Time=104784 X=-3172.6 Y=-16366.5
Time=105757 X=-3172.6 Y=-16366.5
Time=106763 X=-3172.6 Y=-16366.5
Time=107824 X=-3172.6 Y=-16366.5
Time=108884 X=-3229.86 Y=-16345.7
Time=109907 X=-3598.25 Y=-16212.2
Time=110953 X=-3890.67 Y=-16106.2
Time=111961 X=-3890.67 Y=-16106.2
Time=112959 X=-3890.67 Y=-16106.2
Time=114027 X=-3890.67 Y=-16106.2
Time=115015 X=-3890.67 Y=-16106.2
Time=116015 X=-3890.67 Y=-16106.2
Time=117033 X=-3890.67 Y=-16106.2
Time=118006 X=-3691.32 Y=-16284.2
Time=119095 X=-3380.78 Y=-16562.7
Time=120105 X=-3092.77 Y=-16821
Time=121094 X=-2810.74 Y=-17073.9
Time=122128 X=-2848.34 Y=-17344.3
Time=123238 X=-3224.37 Y=-17525.4
Time=124217 X=-3563.81 Y=-17649.8
Time=125259 X=-3684.54 Y=-17691
Time=126348 X=-3684.54 Y=-17691
Time=127347 X=-3684.54 Y=-17691
Time=128425 X=-3684.54 Y=-17691
Time=129428 X=-3749.7 Y=-17611.3
Time=130431 X=-4025.66 Y=-17389.4
Time=131461 X=-4279.74 Y=-17089
Time=132440 X=-4513.54 Y=-16795.8
Time=133482 X=-4762.38 Y=-16483.7
Time=134495 X=-5004.09 Y=-16179.8
Time=135534 X=-5187.09 Y=-15833.4
Time=136480 X=-5176.63 Y=-15476.1
Time=137555 X=-5183.83 Y=-15121.9
Time=138568 X=-5102.2 Y=-14814.6
Time=139594 X=-5081.92 Y=-14738.2
Time=140613 X=-5081.92 Y=-14738.2
Time=141580 X=-5081.92 Y=-14738.2
Time=142649 X=-5081.92 Y=-14738.2
Time=143668 X=-5081.92 Y=-14738.2
Time=144692 X=-5081.92 Y=-14738.2
Time=145766 X=-5135.56 Y=-14564.9
Time=146791 X=-5215.34 Y=-14184.4
Time=147818 X=-5406.03 Y=-13918.3
Time=148863 X=-5549.82 Y=-13810.6
Time=149865 X=-5549.82 Y=-13810.6
Time=151009 X=-5549.82 Y=-13810.6
Time=152012 X=-5549.82 Y=-13810.6
Time=152920 X=-5549.82 Y=-13810.6
Time=154058 X=-5549.82 Y=-13810.6
Time=155115 X=-5549.82 Y=-13810.6
Time=156138 X=-5543.88 Y=-13586.2
Time=157178 X=-5552.56 Y=-13188
Time=158177 X=-5560.9 Y=-12805.4
Time=159178 X=-5568 Y=-12421.8
Time=160171 X=-5568 Y=-12041.4
Time=161255 X=-5510.46 Y=-11635.4
Time=162272 X=-5339.83 Y=-11387.8
Time=163294 X=-5135.49 Y=-11176.1
Time=164364 X=-4927.05 Y=-10949.1
Time=165395 X=-4917.11 Y=-10938.3
Time=166373 X=-4917.11 Y=-10938.3
Time=167392 X=-4917.11 Y=-10938.3
Time=168464 X=-4917.11 Y=-10938.3
Time=169501 X=-4917.11 Y=-10938.3
Time=170492 X=-4917.11 Y=-10938.3
Time=171493 X=-4917.11 Y=-10938.3
Time=172517 X=-5092.49 Y=-11118.5
Time=173528 X=-4785.56 Y=-11043.3
Time=174534 X=-4470.99 Y=-10923
Time=175532 X=-4375.62 Y=-10921.8
Time=176571 X=-4375.62 Y=-10921.8
Time=177593 X=-4375.62 Y=-10921.8
Time=178629 X=-4375.62 Y=-10921.8
Time=179610 X=-4375.62 Y=-10921.8
Time=180613 X=-4382.65 Y=-10906.9
Time=181652 X=-4728.46 Y=-11023.8
Time=182619 X=-5065.34 Y=-11177.8
Time=183722 X=-5122.4 Y=-11120
Time=184738 X=-4741.79 Y=-11201
Time=185781 X=-4354.96 Y=-11301.4
Time=186761 X=-3992.95 Y=-11400.7
Time=187802 X=-3608.4 Y=-11506.1
Time=188778 X=-3476.91 Y=-11542.2
Time=189737 X=-3476.91 Y=-11542.2
Time=190776 X=-3476.91 Y=-11542.2
Time=191842 X=-3476.91 Y=-11542.2
Time=192786 X=-3476.91 Y=-11542.2
Time=193863 X=-3476.91 Y=-11542.2
Time=194866 X=-3476.91 Y=-11542.2
Time=195874 X=-3476.91 Y=-11542.2
Time=196890 X=-3476.91 Y=-11542.2
Time=197919 X=-3476.91 Y=-11542.2
Time=198919 X=-3476.91 Y=-11542.2
Time=199894 X=-3476.91 Y=-11542.2
Time=200996 X=-3476.91 Y=-11542.2
Time=202071 X=-3476.91 Y=-11542.2
Time=203053 X=-3476.91 Y=-11542.2
Time=204041 X=-3476.91 Y=-11542.2
Time=205114 X=-3476.91 Y=-11542.2
Time=206167 X=-3828.88 Y=-11460.2
Time=207142 X=-4187.29 Y=-11355.2
Time=208173 X=-4457.14 Y=-11146.6
Time=209145 X=-4537.17 Y=-10874.9
Time=210299 X=-4562.4 Y=-10579.5
Time=211312 X=-4562.4 Y=-10579.5
Time=212318 X=-4442.31 Y=-10699.8
Time=213377 X=-4226.76 Y=-10915.5
Time=214505 X=-3997.16 Y=-11145.4
Time=215465 X=-3801.75 Y=-11340.9
Time=216449 X=-3590.11 Y=-11552.8
Time=217500 X=-3556 Y=-11586.9
Time=218574 X=-3729.62 Y=-11528.1
Time=219567 X=-4089.85 Y=-11406
Time=220541 X=-4443.55 Y=-11286.8
Time=221600 X=-4840.51 Y=-11232
Time=222611 X=-5215.15 Y=-11263.1
Time=223657 X=-5483.87 Y=-11555.6
Time=224681 X=-5556.31 Y=-11772.9
Time=225683 X=-5387.13 Y=-11435.1
Time=226704 X=-5078.66 Y=-11232
Time=227793 X=-4661.53 Y=-11232
Time=228793 X=-4296.66 Y=-11340.4
Time=229822 X=-3947.86 Y=-11525.9
Time=230807 X=-3612.24 Y=-11704.4
Time=231837 X=-3423.5 Y=-11804.8
Time=232864 X=-3367.51 Y=-11973.1
Time=233888 X=-3243.72 Y=-12345.3
Time=234927 X=-3129.87 Y=-12687.6
Time=235922 X=-3039.42 Y=-12959.5
Time=236950 X=-2945.98 Y=-13240.4
Time=237987 X=-2851.72 Y=-13523.8
Time=238981 X=-2761.36 Y=-13795.4
Time=240035 X=-2672.83 Y=-14085.5
Time=241097 X=-2753.32 Y=-14347.4
Time=242095 X=-2941.03 Y=-14565
Time=243108 X=-3131.56 Y=-14786
Time=244120 X=-3321.91 Y=-15006.7
Time=245033 X=-3493.63 Y=-15205.8
Time=246199 X=-3712.95 Y=-15460.1
Time=247178 X=-3816.35 Y=-15720.4
Time=248178 X=-3907.92 Y=-15993.5
Time=249216 X=-3947.76 Y=-16112.3
Time=250216 X=-4055.61 Y=-16026.7
Time=251195 X=-4293.4 Y=-15838.1
Time=252208 X=-4597.38 Y=-15596.9
Time=253288 X=-4928.55 Y=-15359.4
Time=254303 X=-5163.98 Y=-15622.5
Time=255283 X=-5236.83 Y=-15986.5
Time=256298 X=-5274.01 Y=-16373.5
Time=257273 X=-5299.07 Y=-16634.3
Time=258420 X=-5299.07 Y=-16634.3
Time=259359 X=-5299.07 Y=-16634.3
Time=260406 X=-5299.07 Y=-16634.3
Time=261423 X=-5356.83 Y=-16510.2
Time=262447 X=-5367.11 Y=-16117.1
Time=263495 X=-5389.42 Y=-15713.3
Time=264539 X=-5411.64 Y=-15311
Time=265558 X=-5433.32 Y=-14918.3
Time=266607 X=-5455.56 Y=-14515.7
Time=267606 X=-5476.67 Y=-14133.6
Time=268623 X=-5498.15 Y=-13744.7
Time=269678 X=-5517.23 Y=-13399.1
Time=270665 X=-5537.1 Y=-13039.5
Time=271724 X=-5559.47 Y=-12634.5
Time=272764 X=-5568 Y=-12236
Time=273744 X=-5568 Y=-11860.6
Time=274765 X=-5447.08 Y=-11495.1
Time=275757 X=-5177.09 Y=-11227.9
Time=276808 X=-4831.27 Y=-11021.8
Time=277884 X=-4496 Y=-10822
Time=278892 X=-4731.47 Y=-10946.5
Time=279890 X=-5054.79 Y=-11150.5
Time=280973 X=-5369.53 Y=-11417.5
Time=282000 X=-5550.74 Y=-11756.2
Time=283040 X=-5568 Y=-11833.9
Time=284177 X=-5568 Y=-12112.5
Time=285178 X=-5567.01 Y=-12498.9
Time=286262 X=-5545.17 Y=-12915.6
Time=287288 X=-5524.61 Y=-13308.1
Time=288333 X=-5503.67 Y=-13707.8
Time=289281 X=-5484.66 Y=-14070.4
Time=290347 X=-5464.43 Y=-14456.6
Time=291397 X=-5443.39 Y=-14858.2
Time=292384 X=-5423.61 Y=-15235.8
Time=293404 X=-5403.16 Y=-15625.9
Time=294384 X=-5383.52 Y=-16000.8
Time=295418 X=-5364.43 Y=-16365.1
Time=296426 X=-5351.8 Y=-16398.2
Time=297460 X=-5373.63 Y=-16002.7
Time=298463 X=-5394.79 Y=-15619.1
Time=299491 X=-5416.49 Y=-15226
Time=300511 X=-5438.01 Y=-14835.9
Time=301545 X=-5459.83 Y=-14440.4
Time=302523 X=-5480.47 Y=-14066.3
Time=303608 X=-5503.37 Y=-13651.4
Time=304628 X=-5524.89 Y=-13261.3
Time=305610 X=-5545.61 Y=-12885.7
Time=306612 X=-5564.82 Y=-12537.7
Time=307636 X=-5568 Y=-12189.1
Time=308712 X=-5558.07 Y=-11778.2
Time=309705 X=-5395.35 Y=-11443.3
Time=310731 X=-5103.06 Y=-11183.8
Time=311757 X=-4765.46 Y=-10982.6
Time=312819 X=-4482.16 Y=-10830.9
Time=313823 X=-4167.64 Y=-11016.1
Time=314875 X=-3830.07 Y=-11236.1
Time=315876 X=-3521.21 Y=-11437.5
Time=316967 X=-3237.99 Y=-11622.1
Time=317973 X=-2912.75 Y=-11834.1
Time=319000 X=-2580.73 Y=-12050.5
Time=320013 X=-2253.23 Y=-12264
Time=320986 X=-1938.66 Y=-12469.1
Time=322077 X=-1605.33 Y=-12726
Time=323012 X=-1459.22 Y=-12841.1
Time=324104 X=-1459.22 Y=-12841.1
Time=325098 X=-1459.22 Y=-12841.1
Time=326148 X=-1459.22 Y=-12841.1
Time=327154 X=-1459.22 Y=-12841.1
Time=328156 X=-1459.22 Y=-12841.1
Time=329213 X=-1459.22 Y=-12841.1
Time=330229 X=-1459.22 Y=-12841.1
Time=331112 X=-1459.22 Y=-12841.1
Time=332345 X=-1459.22 Y=-12841.1
Time=333545 X=-1459.22 Y=-12841.1
Time=334545 X=-1459.22 Y=-12841.1
Time=335400 X=-1459.22 Y=-12841.1
Time=336571 X=-1459.22 Y=-12841.1
Time=337670 X=-1459.22 Y=-12841.1
Time=338669 X=-1459.22 Y=-12841.1
Time=339605 X=-1459.22 Y=-12841.1
Time=340712 X=-1459.22 Y=-12841.1
Time=341744 X=-1459.22 Y=-12841.1
Time=342851 X=-1459.22 Y=-12841.1
Time=343882 X=-1459.22 Y=-12841.1
Time=344898 X=-1459.22 Y=-12841.1
Time=345977 X=-1459.22 Y=-12841.1
Time=347022 X=-1459.22 Y=-12841.1
Time=348039 X=-1309.67 Y=-12952.3
Time=349061 X=-1252.34 Y=-12994.9
Time=350182 X=-1514.68 Y=-12763.7
Time=351171 X=-1513.45 Y=-12722.9
Time=352179 X=-1337.25 Y=-12846.6
Time=353178 X=-1227.5 Y=-12921.2
Time=354252 X=-1077.12 Y=-13007
Time=355238 X=-882.155 Y=-13118.2
Time=356296 X=-530.152 Y=-13319
Time=357413 X=-158.52 Y=-13531
Time=358407 X=108.461 Y=-13683.3
Time=359478 X=464.789 Y=-13886.6
Time=360445 X=786.515 Y=-14070.2
Time=361532 X=1148.17 Y=-14276.5
Time=362537 X=1482.54 Y=-14467.2
Time=363528 X=1812.25 Y=-14655.3
Time=364582 X=2079.09 Y=-14743.3
Time=365604 X=2392.43 Y=-14976.3
Time=366654 X=2674.35 Y=-15193.4
Time=367652 X=2963.98 Y=-15416.5
Time=368709 X=3284.77 Y=-15663.5
Time=369738 X=3588.2 Y=-15914.3
Time=370754 X=3716.99 Y=-16021.2
Time=371773 X=3716.99 Y=-16021.2
Time=372811 X=3716.99 Y=-16021.2
Time=373895 X=3716.99 Y=-16021.2
Time=374841 X=3716.99 Y=-16021.2
Time=375893 X=3716.99 Y=-16021.2
Time=376901 X=3716.99 Y=-16021.2
Time=377946 X=3716.99 Y=-16021.2
Time=378957 X=3716.99 Y=-16021.2
Time=379967 X=3716.99 Y=-16021.2
Time=380969 X=3716.99 Y=-16021.2
Time=382009 X=3716.99 Y=-16021.2
Time=383005 X=3716.99 Y=-16021.2
Time=384067 X=3716.99 Y=-16021.2
Time=385090 X=3716.99 Y=-16021.2
Time=386123 X=3716.99 Y=-16021.2
Time=387158 X=3716.99 Y=-16021.2
Time=388208 X=3716.99 Y=-16021.2
Time=389165 X=3716.99 Y=-16021.2
Time=390190 X=3851.97 Y=-15989.3
Time=391532 X=4364.67 Y=-16021.1
Time=392531 X=4746.27 Y=-16049.5
Time=393560 X=5139.33 Y=-16078.8
Time=394627 X=5510.76 Y=-16081.8
Time=395577 X=5871.39 Y=-16130.3
Time=396641 X=6184.1 Y=-16202.8
Time=397655 X=6184.1 Y=-16202.8
Time=398690 X=6184.1 Y=-16202.8
Time=399681 X=6184.1 Y=-16202.8
Time=400746 X=6184.1 Y=-16202.8
Time=401719 X=6184.1 Y=-16202.8
Time=402797 X=6184.1 Y=-16202.8
Time=403858 X=6184.1 Y=-16202.8
Time=404854 X=6184.1 Y=-16202.8
Time=405946 X=6184.1 Y=-16202.8
Time=407012 X=6184.1 Y=-16202.8
Time=407993 X=6184.1 Y=-16202.8
Time=409050 X=6184.1 Y=-16202.8
Time=410090 X=6184.1 Y=-16202.8
Time=411105 X=6184.1 Y=-16202.8
Time=412168 X=6184.1 Y=-16202.8
Time=413169 X=6184.1 Y=-16202.8
Time=414099 X=6184.1 Y=-16202.8
Time=415254 X=6184.1 Y=-16202.8
Time=416360 X=6184.1 Y=-16202.8
Time=417346 X=6184.1 Y=-16202.8
Time=418323 X=6519.54 Y=-16288.6
Time=419347 X=6876.97 Y=-16380.1
Time=420409 X=7271.05 Y=-16481
Time=421572 X=7320.77 Y=-16493.8
Time=422622 X=7320.77 Y=-16493.8
Time=423570 X=7320.77 Y=-16493.8
Time=424712 X=7320.77 Y=-16493.8
Time=425719 X=7320.77 Y=-16493.8
Time=426710 X=7320.77 Y=-16493.8
Time=427749 X=7320.77 Y=-16493.8
Time=428732 X=7320.77 Y=-16493.8
Time=429793 X=7320.77 Y=-16493.8
Time=430845 X=7320.77 Y=-16493.8
Time=431905 X=7320.77 Y=-16493.8
Time=432999 X=7320.77 Y=-16493.8
Time=433995 X=7320.77 Y=-16493.8
Time=434964 X=7320.77 Y=-16493.8
Time=435969 X=7320.77 Y=-16493.8
Time=437062 X=7320.77 Y=-16493.8
Time=438110 X=7256.79 Y=-16442.7
Time=439121 X=7208.24 Y=-16425.4
Time=440196 X=7014.24 Y=-16356.5
Time=441217 X=6769.59 Y=-16269.6
Time=442287 X=6383.38 Y=-16132.4
Time=443325 X=6008.72 Y=-15999.3
Time=444407 X=5720.5 Y=-15896.9
Time=445353 X=6014.55 Y=-16005.1
Time=446392 X=6345.94 Y=-16127.1
Time=447421 X=6624.06 Y=-16229.4
Time=448467 X=6906.77 Y=-16333.4
Time=449494 X=7184.35 Y=-16435.6
Time=450587 X=7458.19 Y=-16578.2
Time=451589 X=7461.64 Y=-16581.6
Time=452525 X=7485.9 Y=-16339.2
Time=453600 X=7526.89 Y=-15929.5
Time=454628 X=7669.49 Y=-15581.2
Time=455651 X=7920.9 Y=-15280.6
Time=456688 X=8175.75 Y=-14975.9
Time=457730 X=8451.04 Y=-14687.6
Time=458778 X=8849.52 Y=-14639
Time=459800 X=9006 Y=-14620
Time=460920 X=9006 Y=-14620
Time=461929 X=9006 Y=-14620
Time=462918 X=9006 Y=-14620
Time=464028 X=9006 Y=-14620
Time=465102 X=8450.17 Y=-14694.7
Time=466101 X=8690.88 Y=-14518.6
Time=467129 X=8608.28 Y=-14362.9
Time=468184 X=8913.29 Y=-14262.9
Time=469195 X=8913.29 Y=-14262.9
Time=470267 X=8913.29 Y=-14262.9
Time=471287 X=8913.29 Y=-14262.9
Time=472362 X=8913.29 Y=-14262.9
Time=473309 X=8913.29 Y=-14262.9
Time=474344 X=8913.29 Y=-14262.9
Time=475387 X=8913.29 Y=-14262.9
Time=476435 X=8913.29 Y=-14262.9
Time=477593 X=8913.29 Y=-14262.9
Time=478559 X=8913.29 Y=-14262.9
Time=479588 X=8913.29 Y=-14262.9
Time=480575 X=8763.88 Y=-14229.8
Time=481583 X=8458.27 Y=-14189.4
Time=482631 X=8060.3 Y=-14136.9
Time=483664 X=7745.48 Y=-13949.3
Time=484741 X=7492.21 Y=-13623.7
Time=485676 X=7272.33 Y=-13341
Time=486944 X=7128 Y=-13248
Time=487816 X=7128 Y=-13248
Time=488753 X=7128 Y=-13248
Time=489871 X=7128 Y=-13248
Time=490885 X=7128 Y=-13248
Time=491924 X=7128 Y=-13248
Time=492990 X=7128 Y=-13248
Time=494010 X=7128 Y=-13248
Time=494972 X=7128 Y=-13248
Time=496063 X=7128 Y=-13248
Time=497133 X=7128 Y=-13248
Time=498123 X=7128 Y=-13248
Time=499173 X=7128 Y=-13248
Time=500222 X=7128 Y=-13248
Time=501234 X=7219.49 Y=-13176.5
Time=502276 X=7541.66 Y=-12950.9
Time=503300 X=7862.94 Y=-12725.9
Time=504340 X=8056.5 Y=-12590.3
Time=505409 X=8056.5 Y=-12590.3
Time=506387 X=8103.76 Y=-12599.2
Time=507440 X=8436.39 Y=-12662.1
Time=508471 X=8824.43 Y=-12735.5
Time=509496 X=9102.96 Y=-12747.7
Time=510495 X=8848.71 Y=-12461.7
Time=511682 X=8546.62 Y=-12121.9
Time=512631 X=8305.1 Y=-11850.2
Time=513685 X=8036.86 Y=-11548.5
Time=514669 X=7786.43 Y=-11266.8
Time=515749 X=7552.49 Y=-11003.7
Time=516825 X=7330.49 Y=-10754
Time=517827 X=7075.48 Y=-10467.1
Time=518873 X=6809.27 Y=-10167.7
Time=519878 X=6553.5 Y=-9879.99
Time=520992 X=6269.99 Y=-9561.09
Time=522045 X=6002 Y=-9259.65
Time=523107 X=5808.49 Y=-9081.89
Time=524183 X=5452.25 Y=-8874.62
Time=525174 X=5178.37 Y=-8715.27
Time=526281 X=4895.41 Y=-8550.64
Time=527196 X=4592.47 Y=-8374.38
Time=528202 X=4259.4 Y=-8180.6
Time=529246 X=3891.5 Y=-8023.85
Time=530224 X=3545.83 Y=-7879.56
Time=531265 X=3195.88 Y=-7725.41
Time=532374 X=2896.09 Y=-7615.88
Time=533182 X=2675.92 Y=-7540.54
Time=534409 X=2520.02 Y=-7487.3
Time=535394 X=2520.02 Y=-7487.3
Time=536391 X=2520.02 Y=-7487.3
Time=537517 X=2520.02 Y=-7487.3
Time=538463 X=2520.02 Y=-7487.3
Time=539516 X=2520.02 Y=-7487.3
Time=540442 X=2520.02 Y=-7487.3
Time=541506 X=2520.02 Y=-7487.3
Time=542553 X=2520.02 Y=-7487.3
Time=543513 X=2520.02 Y=-7487.3
Time=544594 X=2520.02 Y=-7487.3
Time=545595 X=2496.95 Y=-7461.74
Time=546634 X=2300.6 Y=-7372.4
Time=547666 X=2368.32 Y=-7406.54
Time=548624 X=2357.33 Y=-7403.83
Time=549728 X=1971.87 Y=-7229.93
Time=550892 X=1565.46 Y=-7046.57
Time=551836 X=1235.86 Y=-6897.87
Time=552845 X=883.566 Y=-6738.93
Time=553835 X=597.682 Y=-6609.96
Time=554917 X=525.226 Y=-6577.27
Time=555927 X=444.448 Y=-6535.98
Time=556952 X=169.751 Y=-6395.56
Time=557957 X=-173.018 Y=-6220.34
Time=558991 X=-525.677 Y=-6040.07
Time=559989 X=-866.058 Y=-5866.08
Time=561030 X=-1221.1 Y=-5684.59
Time=561982 X=-1451.19 Y=-5514.69
Time=563102 X=-1787.04 Y=-5247.76
Time=564100 X=-2086.3 Y=-5009.91
Time=565073 X=-2360.66 Y=-4791.86
Time=566122 X=-2615.81 Y=-4587.52
Time=567117 X=-2904.75 Y=-4338.98
Time=568240 X=-3230.85 Y=-4058.46
Time=569186 X=-3505.56 Y=-3822.16
Time=570263 X=-3814.73 Y=-3600.67
Time=571265 X=-4072.48 Y=-3420.9
Time=572306 X=-4339.29 Y=-3124.56
Time=573359 X=-4503.11 Y=-2755.99
Time=574370 X=-4642.06 Y=-2443.37
Time=575406 X=-4805.32 Y=-2198.86
Time=576449 X=-5013.75 Y=-1982.55
Time=577475 X=-5218.79 Y=-1769.78
Time=578478 X=-5419.23 Y=-1561.77
Time=579454 X=-5614.27 Y=-1359.37
Time=580481 X=-5742.37 Y=-1226.43
Time=581591 X=-5903.2 Y=-1100.77
Time=582616 X=-6084.31 Y=-912.716
Time=583635 X=-6138.45 Y=-921.061
Time=584640 X=-6138.45 Y=-921.061
Time=585628 X=-6138.45 Y=-921.061
Time=586675 X=-6138.45 Y=-921.061
Time=587677 X=-6138.45 Y=-921.061
Time=588626 X=-6138.45 Y=-921.061
Time=589647 X=-6138.45 Y=-921.061
Time=590715 X=-6138.45 Y=-921.061
Time=591781 X=-6135.55 Y=-888.875
Time=592813 X=-6163.28 Y=-780.707
Time=593821 X=-6163.28 Y=-780.707
Time=594797 X=-6163.28 Y=-780.707
Time=595853 X=-6163.28 Y=-780.707
Time=596827 X=-6163.28 Y=-780.707
Time=597924 X=-6163.28 Y=-780.707
Time=598953 X=-5930.04 Y=-1031.68
Time=599938 X=-5824.83 Y=-1143.86
Time=601028 X=-5759.08 Y=-1193.92
Time=602077 X=-5898.22 Y=-1448.63
Time=603054 X=-6205.91 Y=-1572.57
Time=604180 X=-6205.91 Y=-1572.57
Time=605068 X=-6023.16 Y=-1660.09
Time=606139 X=-5653.16 Y=-1837.29
Time=607212 X=-5282.48 Y=-2014.81
Time=608270 X=-4919.93 Y=-2196.04
Time=609221 X=-4668.98 Y=-2393.65
Time=610284 X=-4557.61 Y=-2678.82
Time=611245 X=-4446.99 Y=-2962.03
Time=612241 X=-4467.85 Y=-2861.3
Time=613351 X=-4633.73 Y=-2469.82
Time=614346 X=-4852.32 Y=-2168.21
Time=615384 X=-5145.58 Y=-1899.73
Time=616344 X=-5416.8 Y=-1651.42
Time=617431 X=-5723.91 Y=-1370.27
Time=618525 X=-6032.99 Y=-1087.3
Time=619393 X=-6278.21 Y=-862.792
Time=620604 X=-6620.35 Y=-549.565
Time=621587 X=-6898.07 Y=-295.31
Time=622618 X=-7108.13 Y=-99.7269
Time=623636 X=-6835.94 Y=-287.846
Time=624699 X=-6502.22 Y=-521.118
Time=625711 X=-6184.5 Y=-743.198
Time=626733 X=-5863.65 Y=-967.472
Time=627768 X=-5538.71 Y=-1194.6
Time=628782 X=-5220.37 Y=-1417.12
Time=629784 X=-4905.55 Y=-1637.18
Time=630841 X=-4571.21 Y=-1870.88
Time=631840 X=-4256.75 Y=-2090.68
Time=632894 X=-3925.85 Y=-2321.98
Time=634033 X=-3679.96 Y=-2489.22
Time=635057 X=-3372.47 Y=-2732.73
Time=636104 X=-3058.07 Y=-2981.71
Time=637099 X=-2759.29 Y=-3218.32
Time=638107 X=-2476.79 Y=-3442.03
Time=639122 X=-2179.89 Y=-3638.4
Time=640142 X=-1877.34 Y=-3885.6
Time=641185 X=-1567.97 Y=-4138.38
Time=642242 X=-1254.44 Y=-4394.56
Time=643263 X=-955.866 Y=-4638.52
Time=644146 X=-711.689 Y=-4838.03
Time=645419 X=-514.771 Y=-5027.55
Time=646339 X=-278.52 Y=-5289.48
Time=647459 X=57.4339 Y=-5554.66
Time=648502 X=382.227 Y=-5787.29
Time=649579 X=717.609 Y=-6027.51
Time=650520 X=1010.64 Y=-6237.39
Time=651670 X=1357.24 Y=-6485.64
Time=652692 X=1596.53 Y=-6657.03
Time=653725 X=1838.39 Y=-6830.27
Time=654789 X=2087.52 Y=-7008.7
Time=655824 X=2329.85 Y=-7182.27
Time=656898 X=2581.31 Y=-7362.38
Time=657927 X=2822.24 Y=-7534.94
Time=658967 X=3065.74 Y=-7709.35
Time=660000 X=3127.56 Y=-7753.63
Time=660929 X=3155.75 Y=-7488.52
Time=662106 X=3245 Y=-7164.05
Time=663106 X=3272.53 Y=-6782
Time=664152 X=3301.32 Y=-6382.37
Time=665156 X=3328.94 Y=-5998.79
Time=666213 X=3357.59 Y=-5601.46
Time=667229 X=3360 Y=-5217.52
Time=668290 X=3297.4 Y=-4847.66
Time=669244 X=3242.72 Y=-4553.88
Time=670290 X=3169.4 Y=-4159.99
Time=671358 X=3094.55 Y=-3757.81
Time=672397 X=3021.72 Y=-3366.55
Time=673399 X=2961.8 Y=-3044.6
Time=674450 X=3244.22 Y=-2921.64
Time=675471 X=3611.71 Y=-2787.85
Time=676499 X=3983.58 Y=-2652.47
Time=677495 X=4302.92 Y=-2462.21
Time=678525 X=4561.42 Y=-2160.28
Time=679559 X=4829.47 Y=-1864.67
Time=680556 X=5077.83 Y=-1570.86
Time=681564 X=5310.8 Y=-1259.38
Time=682591 X=5528.72 Y=-942.583
Time=683580 X=5587 Y=-807
Time=684697 X=5587 Y=-807
Time=685700 X=5587 Y=-807
Time=686711 X=5587 Y=-807
Time=687818 X=5587 Y=-807
Time=688801 X=5587 Y=-807
Time=689846 X=5587 Y=-807
Time=690896 X=5587 Y=-807
Time=691886 X=5587 Y=-807
Time=692955 X=5587 Y=-807
Time=694031 X=5587 Y=-807
Time=695100 X=5587 Y=-807
Time=696188 X=5587 Y=-807
Time=697182 X=5597.84 Y=-819.612
Time=698176 X=5655.67 Y=-861.776
Time=699189 X=5714.6 Y=-904.745
Time=700200 X=5773.42 Y=-947.63
Time=701220 X=5821.45 Y=-991.16
Time=702197 X=5624.81 Y=-1142.11
Time=703177 X=5336.71 Y=-1363.14
Time=704323 X=4988.44 Y=-1630.33
Time=705237 X=4710.67 Y=-1843.44
Time=706215 X=4554.12 Y=-1967.96
Time=707403 X=4617.42 Y=-1915.96
Time=708356 X=4663.07 Y=-1864.73
Time=709381 X=4712.17 Y=-1809.64
Time=710391 X=4760.56 Y=-1755.35
Time=711338 X=4911.46 Y=-1586.02
Time=712454 X=5197.73 Y=-1264.81
Time=713472 X=5459.12 Y=-971.519
Time=714550 X=5558.84 Y=-859.628
Time=715659 X=5584.29 Y=-878.956
Time=716639 X=5642.94 Y=-918.192
Time=717650 X=5703.44 Y=-958.669
Time=718631 X=5762.14 Y=-997.945
Time=719594 X=5845.61 Y=-898.63
Time=720673 X=6104.2 Y=-576.432
Time=721736 X=6350.52 Y=-254.131
Time=722718 X=6559.58 Y=48.0201
Time=723737 X=6623.47 Y=297.763
Time=724761 X=6623.47 Y=297.763
Time=725778 X=6623.47 Y=297.763
Time=726827 X=6623.47 Y=297.763
Time=727849 X=6623.47 Y=297.763
Time=728866 X=6623.47 Y=297.763
Time=729864 X=6623.47 Y=297.763
Time=730840 X=6623.47 Y=297.763
Time=731984 X=6623.47 Y=297.763
Time=732924 X=6623.47 Y=297.763
Time=733925 X=6623.47 Y=297.763
Time=734997 X=6623.47 Y=297.763
Time=736105 X=6623.47 Y=297.763
Time=737222 X=6623.47 Y=297.763
Time=738342 X=6623.47 Y=297.763
Time=739312 X=6623.47 Y=297.763
Time=740340 X=6623.47 Y=297.763
Time=741442 X=6616.57 Y=222.306
Time=742427 X=6605.14 Y=126.378
Time=743411 X=6608.36 Y=-89.9462
Time=744389 X=6631.35 Y=-370.659
Time=745451 X=6666.89 Y=-674.423
Time=746483 X=6713.57 Y=-967.927
Time=747420 X=6772.17 Y=-1252.7
Time=748561 X=6913.04 Y=-1665.52
Time=749661 X=7071.88 Y=-2055.77
Time=750683 X=7199.41 Y=-2335.19
Time=751716 X=7199.41 Y=-2335.19
Time=752738 X=7199.41 Y=-2335.19
Time=753805 X=7199.41 Y=-2335.19
Time=754926 X=7199.41 Y=-2335.19
Time=755868 X=7199.41 Y=-2335.19
Time=756931 X=7199.41 Y=-2335.19
Time=757993 X=7199.41 Y=-2335.19
Time=759106 X=7199.41 Y=-2335.19
Time=760077 X=7199.41 Y=-2335.19
Time=761167 X=7199.41 Y=-2335.19
Time=762238 X=7199.41 Y=-2335.19
Time=763313 X=7199.41 Y=-2335.19
Time=764344 X=7199.41 Y=-2335.19
Time=765311 X=7199.41 Y=-2335.19
Time=766380 X=7199.41 Y=-2335.19
Time=767394 X=7199.41 Y=-2335.19
Time=768349 X=7170.54 Y=-2297.59
Time=769446 X=7126.59 Y=-2231.96
Time=770456 X=7086.13 Y=-2171.54
Time=771516 X=7031.95 Y=-2090.65
Time=772493 X=6823.09 Y=-1778.79
Time=773571 X=6609.96 Y=-1768.18
Time=774534 X=6384.39 Y=-2030.25
Time=775730 X=6085.55 Y=-2377.47
Time=776720 X=5838.17 Y=-2664.88
Time=777767 X=5576.55 Y=-2968.84
Time=778723 X=5337.67 Y=-3246.38
Time=779855 X=5054.82 Y=-3575.02
Time=780730 X=4908.61 Y=-3861.02
Time=781770 X=5113.57 Y=-4202.61
Time=782861 X=5313.42 Y=-4535.69
Time=783852 X=5489.64 Y=-4829.41
Time=784877 X=5691.64 Y=-5166.07
Time=785888 X=5765.46 Y=-5534.66
Time=786874 X=6019.36 Y=-5568.85
Time=787866 X=6391.83 Y=-5644.04
Time=788973 X=6807.47 Y=-5727.95
Time=790031 X=7204.71 Y=-5808.14
Time=790972 X=7558.02 Y=-5879.47
Time=792122 X=7993.31 Y=-5944.87
Time=793170 X=8391.84 Y=-5993.03
Time=794069 X=8733.71 Y=-6034.33
Time=795216 X=9073.24 Y=-6036.74
Time=796218 X=9452.13 Y=-6097.95
Time=797196 X=9821.95 Y=-6157.68
Time=798239 X=9962.24 Y=-6180.35
Time=799261 X=9702.6 Y=-6312.4
Time=800297 X=9702.6 Y=-6312.4
Time=801287 X=9923.44 Y=-6149.14
Time=802351 X=10090.5 Y=-5951.27
Time=803337 X=10090.5 Y=-5951.27
Time=804329 X=10090.5 Y=-5951.27
Time=805376 X=10090.5 Y=-5951.27
Time=806386 X=10090.5 Y=-5951.27
Time=807451 X=10090.5 Y=-5951.27
Time=808529 X=10090.5 Y=-5951.27
Time=809560 X=10090.5 Y=-5951.27
Time=810555 X=10090.5 Y=-5951.27
Time=811623 X=10139.1 Y=-5802.34
Time=812661 X=10262.4 Y=-5424.35
Time=813678 X=10383.2 Y=-5054.01
Time=814699 X=10504.5 Y=-4682.21
Time=815852 X=10454.5 Y=-4271.36
Time=816919 X=10290.3 Y=-3897.08
Time=817911 X=10137.1 Y=-3547.79
Time=818951 X=9991.27 Y=-3173.65
Time=819985 X=9853.14 Y=-2801.58
Time=820972 X=9721.57 Y=-2447.15
Time=822034 X=9606.57 Y=-2224.34
Time=823017 X=9396.62 Y=-1924.03
Time=824143 X=9325.26 Y=-1498.67
Time=825099 X=9264.68 Y=-1137.53
Time=826136 X=9210.23 Y=-812.995
Time=827110 X=9148.5 Y=-445.056
Time=828137 X=9040.69 Y=-68.0384
Time=829165 X=8906.46 Y=302.509
Time=830195 X=8770.8 Y=672.981
Time=831207 X=8553.65 Y=955.105
Time=832231 X=8314.29 Y=1265.83
Time=833296 X=8108.05 Y=1493.28
Time=834294 X=7874.96 Y=1758.39
Time=835324 X=7641.88 Y=2023.49
Time=836379 X=7375.05 Y=2326.97
Time=837406 X=7115.3 Y=2622.4
Time=838431 X=6856.05 Y=2917.26
Time=839461 X=6586.82 Y=3205.88
Time=840467 X=6398.12 Y=3497.12
Time=841517 X=6539.52 Y=3873.64
Time=842537 X=6626.57 Y=4252.8
Time=843532 X=6727.78 Y=4533.3
Time=844572 X=6849.72 Y=4800.23
Time=845579 X=6826.51 Y=5055.04
Time=846576 X=6826.51 Y=5055.04
Time=847583 X=6826.51 Y=5055.04
Time=848682 X=6826.51 Y=5055.04
Time=849664 X=6826.51 Y=5055.04
Time=850755 X=6826.51 Y=5055.04
Time=851764 X=6826.51 Y=5055.04
Time=852854 X=6826.51 Y=5055.04
Time=853706 X=6826.51 Y=5055.04
Time=854856 X=6826.51 Y=5055.04
Time=855866 X=6826.51 Y=5055.04
Time=856926 X=6826.51 Y=5055.04
Time=857969 X=6826.51 Y=5055.04
Time=858961 X=6772.53 Y=5028.53
Time=860050 X=6585.33 Y=4936.58
Time=861055 X=6412.57 Y=4851.72
Time=862088 X=6311.36 Y=4767.71
Time=863115 X=6494.56 Y=4696.13
Time=864154 X=6560.92 Y=4670.21
Time=865225 X=6560.92 Y=4670.21
Time=866210 X=6453.3 Y=4648.09
Time=867236 X=6168.22 Y=4570.35
Time=868279 X=5782.78 Y=4465.25
Time=869318 X=5429.8 Y=4369
Time=870354 X=5623.38 Y=4404.89
Time=871421 X=6025.23 Y=4479.44
Time=872408 X=6396.95 Y=4548.4
Time=873397 X=6712.64 Y=4606.96
Time=874462 X=6712.64 Y=4606.96
Time=875497 X=6719 Y=4676
Time=876526 X=6729.78 Y=4825.38
Time=877557 X=6758.02 Y=5219.28
Time=878568 X=6775.42 Y=5462.05
Time=879584 X=6782.16 Y=5488.39
Time=880705 X=6582.66 Y=5438.89
Time=881651 X=6360.36 Y=5281.37
Time=882749 X=6102.35 Y=5098.54
Time=883730 X=5833.13 Y=4952.38
Time=884719 X=5473.75 Y=4832.58
Time=885724 X=5108.55 Y=4710.85
Time=886758 X=4727.42 Y=4805.58
Time=887782 X=4349.88 Y=4911.93
Time=888826 X=3986.72 Y=5014.23
Time=889834 X=4305.74 Y=4909.18
Time=890904 X=4702.19 Y=4805.19
Time=891858 X=5013.73 Y=4723.48
Time=892923 X=5396.51 Y=4806.84
Time=893966 X=5775.52 Y=4933.17
Time=894981 X=6097.93 Y=5133.13
Time=896052 X=6297.29 Y=5486.25
Time=897058 X=6458.01 Y=5836.47
Time=898100 X=6624.49 Y=6199.22
Time=899115 X=6786.65 Y=6552.57
Time=900152 X=6942.06 Y=6891.21
Time=901122 X=7076.06 Y=7183.2
Time=902109 X=7233.75 Y=7526.81
Time=903178 X=7391.3 Y=7870.1
Time=904210 X=7520.98 Y=8120.79
Time=905248 X=7650.91 Y=8445.69
Time=906277 X=7867.44 Y=8775.04
Time=907298 X=8022.4 Y=9129.15
Time=908298 X=8122.4 Y=9498.9
Time=909332 X=8139.58 Y=9825.28
Time=910365 X=8103.75 Y=10199.6
Time=911383 X=8068.22 Y=10587.9
Time=912384 X=8034.82 Y=10969.9
Time=913378 X=8019.75 Y=11142.3
Time=914451 X=8019.75 Y=11142.3
Time=915506 X=8019.75 Y=11142.3
Time=916519 X=8137.6 Y=11255.7
Time=917548 X=8421.61 Y=11529
Time=918531 X=8597 Y=11697.8
Time=919534 X=8597 Y=11697.8
Time=920573 X=8597 Y=11697.8
Time=921579 X=8597 Y=11697.8
Time=922636 X=8597 Y=11697.8
Time=923615 X=8545.79 Y=11693.3
Time=924609 X=8459.44 Y=11656
Time=925640 X=8361.32 Y=11669.3
Time=926689 X=8014.76 Y=11733.7
Time=927692 X=7651.25 Y=11818
Time=928757 X=7249.26 Y=11887.4
Time=929754 X=6936.43 Y=11941.4
Time=930838 X=6628.79 Y=11994.5
Time=931791 X=6307.47 Y=12081.8
Time=932804 X=5952.86 Y=12192
Time=933840 X=5594.88 Y=12020.7
Time=934890 X=5537.74 Y=12173
Time=935837 X=5617.13 Y=12525.9
Time=936932 X=5752.97 Y=12921.7
Time=937904 X=5826.47 Y=13178.8
Time=938942 X=5838 Y=13193
Time=939992 X=5877.22 Y=13151.9
Time=940953 X=6011.43 Y=12922.6
Time=942039 X=6027.32 Y=12610.2
Time=943055 X=6030.72 Y=12543.5
Time=944087 X=6030.72 Y=12543.5
Time=945315 X=6030.72 Y=12543.5
Time=946287 X=6030.72 Y=12543.5
Time=947803 X=6273.68 Y=12373.4
Time=948834 X=6273.68 Y=12373.4
Time=949954 X=6273.68 Y=12373.4
Time=950920 X=6273.68 Y=12373.4
Time=951860 X=6273.68 Y=12373.4
Time=952946 X=6273.68 Y=12373.4
Time=953898 X=6273.68 Y=12373.4
Time=954986 X=6275.85 Y=12434.6
Time=956014 X=6333.39 Y=12824.1
Time=957014 X=6389.37 Y=13203.1
Time=958015 X=6439.43 Y=13541.9
Time=959022 X=6488.33 Y=13853.8
Time=960129 X=6549.49 Y=14273.4
Time=961131 X=6604.86 Y=14653.2
Time=962129 X=6660 Y=15031.4
Time=963261 X=6699.6 Y=15303.1
Time=964442 X=6641.55 Y=15068.9
Time=965408 X=6552.57 Y=14709.7
Time=966378 X=6470.63 Y=14379
Time=967444 X=6372.44 Y=13982.6
Time=968429 X=6281.72 Y=13616.4
Time=969522 X=6181.05 Y=13210
Time=970493 X=6091.61 Y=12849
Time=971420 X=6006.23 Y=12504.3
Time=972593 X=5985.94 Y=12422.5
Time=973592 X=6246.48 Y=12316.8
Time=974558 X=6541.58 Y=12197.1
Time=975614 X=6883.04 Y=12058.6
Time=976634 X=7245.08 Y=11911.7
Time=977586 X=7582.99 Y=11774.6
Time=978611 X=7926.94 Y=11635.1
Time=979799 X=7971.95 Y=11616.8
Time=980756 X=7988.34 Y=11393.7
Time=981821 X=8001.32 Y=11217
Time=982806 X=7997.44 Y=11360.2
Time=983909 X=8023.38 Y=11781.9
Time=984863 X=8045.82 Y=12146.6
Time=985912 X=8070.48 Y=12547.7
Time=986887 X=8093.41 Y=12920.5
Time=987921 X=8117.73 Y=13315.8
Time=988884 X=8134.26 Y=13684.3
Time=989939 X=8145.71 Y=14088.3
Time=990969 X=8155.68 Y=14439.7
Time=991977 X=8201.87 Y=14822.3
Time=993010 X=8272.65 Y=15211.6
Time=994035 X=8342.88 Y=15597.8
Time=995054 X=8459.32 Y=15970
Time=996032 X=8588.74 Y=16321.1
Time=996997 X=8743.49 Y=16656.7
Time=998128 X=8924.87 Y=17050.2
Time=999075 X=9034.88 Y=17367.8
Time=1000076 X=9074.76 Y=17671
Time=1001166 X=9137.57 Y=18083.7
Time=1002142 X=9205.69 Y=18451.3
Time=1003227 X=9301.69 Y=18855.6
Time=1004280 X=9321.16 Y=18936.8
Time=1005308 X=9321.16 Y=18936.8
Time=1006336 X=9321.16 Y=18936.8
Time=1007340 X=9321.16 Y=18936.8
Time=1008290 X=9321.16 Y=18936.8
Time=1009391 X=9321.16 Y=18936.8
Time=1010397 X=9321.16 Y=18936.8
Time=1011447 X=9328.46 Y=18906.9
Time=1012477 X=9347.15 Y=18807.8
Time=1013497 X=9348.44 Y=18764.6
Time=1014426 X=9341.56 Y=18854
Time=1015538 X=9343.26 Y=19165.1
Time=1016571 X=9343.69 Y=19244
Time=1017562 X=9286.84 Y=19457.1
Time=1018626 X=9334.06 Y=19861.9
Time=1019661 X=9362.84 Y=20256.4
Time=1020690 X=9346.5 Y=20558.4
Time=1021731 X=9324.01 Y=20956.5
Time=1022749 X=9316.66 Y=21086.6
Time=1023762 X=9316.66 Y=21086.6
Time=1024762 X=9318.5 Y=21049.6
Time=1025779 X=9323.45 Y=20950.1
Time=1026837 X=9328.6 Y=20846.7
Time=1027865 X=9344.65 Y=20524.3
Time=1028773 X=9360.97 Y=20196.3
Time=1030009 X=9380.6 Y=19801.9
Time=1030948 X=9398.48 Y=19442.7
Time=1032121 X=9422.97 Y=19664.9
Time=1033140 X=9442.48 Y=20054.7
Time=1034205 X=9452.44 Y=20462.5
Time=1035262 X=9461.04 Y=20867.3
Time=1036280 X=9463 Y=20985
Time=1037294 X=9463 Y=20985
Time=1038310 X=9463 Y=20985
Time=1039329 X=9458.53 Y=20703.3
Time=1040354 X=9458.73 Y=20310.7
Time=1041437 X=9458.94 Y=19895.9
Time=1042485 X=9459.15 Y=19494.5
Time=1043511 X=9459.35 Y=19101.5
Time=1044522 X=9459.54 Y=18714.2
Time=1045537 X=9459.74 Y=18325.4
Time=1046608 X=9452.63 Y=18284.1
Time=1047656 X=9418.74 Y=18636.4
Time=1048645 X=9382.46 Y=19013.4
Time=1049740 X=9357.23 Y=19275.8
Time=1050800 X=9357.23 Y=19275.8
Time=1051832 X=9339.54 Y=19572.8
Time=1052899 X=9332.35 Y=19923.2
Time=1053914 X=9324.51 Y=20305.2
Time=1054887 X=9316.87 Y=20677.8
Time=1055969 X=9308.36 Y=21092.2
Time=1056981 X=9300.41 Y=21479.8
Time=1057970 X=9292.64 Y=21858.5
Time=1059124 X=9285.3 Y=22216.2
Time=1060098 X=8961.83 Y=22349.1
Time=1061122 X=8600.53 Y=22426.2
Time=1062203 X=8347.35 Y=22492.4
Time=1063230 X=8569.82 Y=22816.8
Time=1064233 X=8543.86 Y=22919.7
Time=1065241 X=8770.54 Y=23232.2
Time=1066315 X=9012.07 Y=23565.2
Time=1067352 X=9245.28 Y=23886.8
Time=1068392 X=9479.16 Y=24209.3
Time=1069408 X=9707.64 Y=24524.3
Time=1070450 X=9898.27 Y=24787.2
Time=1071478 X=10129.5 Y=25105.9
Time=1072468 X=9806.23 Y=24660.2
Time=1073495 X=10037.2 Y=24978.7
Time=1074514 X=10266.3 Y=25294.7
Time=1075456 X=10039.2 Y=25213.3
Time=1076551 X=9682.28 Y=25102.3
Time=1077570 X=9309.55 Y=24986.5
Time=1078506 X=8967.19 Y=24880.1
Time=1079617 X=8560.8 Y=24753.8
Time=1080630 X=8190.27 Y=24638.6
Time=1081707 X=7796.33 Y=24516.2
Time=1082709 X=7455.34 Y=24345.2
Time=1083795 X=7116.31 Y=24108.3
Time=1084816 X=6904.31 Y=23883.7
Time=1085813 X=6814.3 Y=23782.8
Time=1086814 X=6814.3 Y=23782.8
Time=1087876 X=6837.75 Y=23823.5
Time=1088895 X=6837.75 Y=23823.5
Time=1089886 X=6820.72 Y=23815.9
Time=1090997 X=6704 Y=23811
Time=1092060 X=6579.46 Y=23664
Time=1093087 X=6569.91 Y=23563.9
Time=1094089 X=6564 Y=23502
Time=1095126 X=6559.29 Y=23527.7
Time=1096155 X=6559.29 Y=23527.7
Time=1097233 X=6559.29 Y=23527.7
Time=1098268 X=6559.29 Y=23527.7
Time=1099313 X=6557.77 Y=23522.2
Time=1100321 X=6610.68 Y=23451.5
Time=1101309 X=6673.34 Y=23377.8
Time=1102333 X=6903.72 Y=23109.4
Time=1103352 X=7157.93 Y=22813.2
Time=1104416 X=7368.21 Y=22568.2
Time=1105410 X=7431.6 Y=22494.3
Time=1106419 X=7483.51 Y=22433.9
Time=1107456 X=7483.51 Y=22433.9
Time=1108493 X=7483.51 Y=22433.9
Time=1109527 X=7483.51 Y=22433.9
Time=1110544 X=7483.51 Y=22433.9
Time=1111579 X=7483.51 Y=22433.9
Time=1112610 X=7483.51 Y=22433.9
Time=1113691 X=7483.51 Y=22433.9
Time=1114682 X=7483.51 Y=22433.9
Time=1115721 X=7483.51 Y=22433.9
Time=1116782 X=7483.51 Y=22433.9
Time=1117842 X=7483.51 Y=22433.9
Time=1118841 X=7483.51 Y=22433.9
Time=1119865 X=7215.41 Y=22631.4
Time=1120948 X=6870.57 Y=22862
Time=1122011 X=6680.34 Y=23020.4
Time=1123013 X=6659.5 Y=23116.2
Time=1123925 X=6640.53 Y=23203.5
Time=1125061 X=6616.91 Y=23312.2
Time=1126148 X=6611.71 Y=23336.1
Time=1127107 X=6611.71 Y=23336.1
Time=1128209 X=6611.71 Y=23336.1
Time=1129250 X=6611.71 Y=23336.1
Time=1130268 X=6611.71 Y=23336.1
Time=1131422 X=6611.71 Y=23336.1
Time=1132503 X=6611.71 Y=23336.1
Time=1133556 X=6611.71 Y=23336.1
Time=1134566 X=6611.71 Y=23336.1
Time=1135611 X=6611.71 Y=23336.1
Time=1136691 X=6611.71 Y=23336.1
Time=1137760 X=6611.71 Y=23336.1
Time=1138772 X=6611.71 Y=23336.1
Time=1139896 X=6611.71 Y=23336.1
Time=1141011 X=6611.71 Y=23336.1
Time=1142043 X=6611.71 Y=23336.1
Time=1143122 X=6596.66 Y=23337.3
Time=1144120 X=6544.49 Y=23357.9
Time=1145286 X=6438.32 Y=23399.9
Time=1146299 X=6203.73 Y=23492.8
Time=1147265 X=5859.68 Y=23628.9
Time=1148247 X=5526.5 Y=23760.8
Time=1149483 X=5563.59 Y=23755
Time=1150463 X=5934.47 Y=23697.1
Time=1151411 X=6295.72 Y=23640.7
Time=1152671 X=6611.35 Y=23591.4
Time=1153723 X=6589.33 Y=23467.3
Time=1154887 X=6581.62 Y=23400.8
Time=1155874 X=6673.16 Y=23300.2
Time=1156876 X=6867.36 Y=23086.7
Time=1157998 X=7084.81 Y=22847.7
Time=1159103 X=7288.13 Y=22624.2
Time=1160191 X=7288.13 Y=22624.2
Time=1161170 X=7162.17 Y=22526.3
Time=1162297 X=6864.58 Y=22295
Time=1163495 X=6502.31 Y=22013.3
Time=1164363 X=6239.83 Y=21809.2
Time=1165462 X=5940.41 Y=21527.2
Time=1166488 X=5814.42 Y=21155
Time=1167500 X=5690.16 Y=20787.8
Time=1168476 X=5570.31 Y=20433.7
Time=1169362 X=5767.05 Y=20179
Time=1170984 X=6204.03 Y=19737.4
Time=1172244 X=6545.07